Archive member included to satisfy reference by file (symbol)

.\CortexM3\ARM_GCC_541\Debug\Design01.a(Motor_1_IN_1.o)
                              .\CortexM3\ARM_GCC_541\Debug\main.o (Motor_1_IN_1_Write)
.\CortexM3\ARM_GCC_541\Debug\Design01.a(Motor_1_IN_2.o)
                              .\CortexM3\ARM_GCC_541\Debug\main.o (Motor_1_IN_2_Write)
.\CortexM3\ARM_GCC_541\Debug\Design01.a(CyLib.o)
                              .\CortexM3\ARM_GCC_541\Debug\Cm3Start.o (CyHalt)
.\CortexM3\ARM_GCC_541\Debug\Design01.a(cyPm.o)
                              .\CortexM3\ARM_GCC_541\Debug\Design01.a(CyLib.o) (CyPmReadStatus)
.\CortexM3\ARM_GCC_541\Debug\Design01.a(QuadDec_1.o)
                              .\CortexM3\ARM_GCC_541\Debug\main.o (QuadDec_1_GetCounter)
.\CortexM3\ARM_GCC_541\Debug\Design01.a(QuadDec_1_Cnt16.o)
                              .\CortexM3\ARM_GCC_541\Debug\Design01.a(QuadDec_1.o) (QuadDec_1_Cnt16_Stop)
.\CortexM3\ARM_GCC_541\Debug\Design01.a(UART_1.o)
                              .\CortexM3\ARM_GCC_541\Debug\main.o (UART_1_Start)
.\CortexM3\ARM_GCC_541\Debug\Design01.a(UART_1_IntClock.o)
                              .\CortexM3\ARM_GCC_541\Debug\Design01.a(UART_1.o) (UART_1_IntClock_Start)
.\CortexM3\ARM_GCC_541\Debug\Design01.a(QuadDec_2.o)
                              .\CortexM3\ARM_GCC_541\Debug\main.o (QuadDec_2_GetCounter)
.\CortexM3\ARM_GCC_541\Debug\Design01.a(QuadDec_2_Cnt16.o)
                              .\CortexM3\ARM_GCC_541\Debug\Design01.a(QuadDec_2.o) (QuadDec_2_Cnt16_Stop)
.\CortexM3\ARM_GCC_541\Debug\Design01.a(Motor_2_IN_3.o)
                              .\CortexM3\ARM_GCC_541\Debug\main.o (Motor_2_IN_3_Write)
.\CortexM3\ARM_GCC_541\Debug\Design01.a(Motor_2_IN_4.o)
                              .\CortexM3\ARM_GCC_541\Debug\main.o (Motor_2_IN_4_Write)
.\CortexM3\ARM_GCC_541\Debug\Design01.a(Timer_1.o)
                              .\CortexM3\ARM_GCC_541\Debug\main.o (Timer_1_Start)
.\CortexM3\ARM_GCC_541\Debug\Design01.a(isr_1.o)
                              .\CortexM3\ARM_GCC_541\Debug\main.o (isr_1_StartEx)
.\CortexM3\ARM_GCC_541\Debug\Design01.a(Timer_2.o)
                              .\CortexM3\ARM_GCC_541\Debug\main.o (Timer_2_ReadStatusRegister)
.\CortexM3\ARM_GCC_541\Debug\Design01.a(Trigger.o)
                              .\CortexM3\ARM_GCC_541\Debug\main.o (Trigger_Write)
.\CortexM3\ARM_GCC_541\Debug\Design01.a(isr_2.o)
                              .\CortexM3\ARM_GCC_541\Debug\main.o (isr_2_StartEx)
.\CortexM3\ARM_GCC_541\Debug\Design01.a(Timer_3.o)
                              .\CortexM3\ARM_GCC_541\Debug\main.o (Timer_3_ReadStatusRegister)
.\CortexM3\ARM_GCC_541\Debug\Design01.a(isr_3.o)
                              .\CortexM3\ARM_GCC_541\Debug\main.o (isr_3_StartEx)
.\CortexM3\ARM_GCC_541\Debug\Design01.a(Left_Echo.o)
                              .\CortexM3\ARM_GCC_541\Debug\main.o (Left_Echo_Read)
.\CortexM3\ARM_GCC_541\Debug\Design01.a(PWM_ColorSensor.o)
                              .\CortexM3\ARM_GCC_541\Debug\main.o (PWM_ColorSensor_ReadStatusRegister)
.\CortexM3\ARM_GCC_541\Debug\Design01.a(Counter_ColorSensor.o)
                              .\CortexM3\ARM_GCC_541\Debug\main.o (Counter_ColorSensor_Stop)
.\CortexM3\ARM_GCC_541\Debug\Design01.a(isr_6.o)
                              .\CortexM3\ARM_GCC_541\Debug\main.o (isr_6_StartEx)
.\CortexM3\ARM_GCC_541\Debug\Design01.a(Control_Reg_1.o)
                              .\CortexM3\ARM_GCC_541\Debug\main.o (Control_Reg_1_Write)
.\CortexM3\ARM_GCC_541\Debug\Design01.a(S1.o)
                              .\CortexM3\ARM_GCC_541\Debug\main.o (S1_Write)
.\CortexM3\ARM_GCC_541\Debug\Design01.a(S2.o)
                              .\CortexM3\ARM_GCC_541\Debug\main.o (S2_Write)
.\CortexM3\ARM_GCC_541\Debug\Design01.a(S0.o)
                              .\CortexM3\ARM_GCC_541\Debug\main.o (S0_Write)
.\CortexM3\ARM_GCC_541\Debug\Design01.a(S3.o)
                              .\CortexM3\ARM_GCC_541\Debug\main.o (S3_Write)
.\CortexM3\ARM_GCC_541\Debug\Design01.a(CS_LED.o)
                              .\CortexM3\ARM_GCC_541\Debug\main.o (CS_LED_Write)
.\CortexM3\ARM_GCC_541\Debug\Design01.a(IR_input.o)
                              .\CortexM3\ARM_GCC_541\Debug\main.o (IR_input_Read)
.\CortexM3\ARM_GCC_541\Debug\Design01.a(led_green.o)
                              .\CortexM3\ARM_GCC_541\Debug\main.o (led_green_Write)
.\CortexM3\ARM_GCC_541\Debug\Design01.a(led_red.o)
                              .\CortexM3\ARM_GCC_541\Debug\main.o (led_red_Write)
.\CortexM3\ARM_GCC_541\Debug\Design01.a(led_blue.o)
                              .\CortexM3\ARM_GCC_541\Debug\main.o (led_blue_Write)
.\CortexM3\ARM_GCC_541\Debug\Design01.a(Front_Echo_2.o)
                              .\CortexM3\ARM_GCC_541\Debug\main.o (Front_Echo_2_Read)
.\CortexM3\ARM_GCC_541\Debug\Design01.a(PWM_SmallServo.o)
                              .\CortexM3\ARM_GCC_541\Debug\main.o (PWM_SmallServo_WriteCompare)
[...]
Memory Configuration

Name             Origin             Length             Attributes
rom              0x00000000         0x00040000         xr
ram              0x1fff8000         0x00010000         xrw
*default*        0x00000000         0xffffffff

Linker script and memory map

LOAD c:/program files (x86)/cypress/psoc creator/4.4/psoc creator/import/gnu/arm/5.4.1/bin/../lib/gcc/arm-none-eabi/5.4.1/armv7-m/crti.o
LOAD c:/program files (x86)/cypress/psoc creator/4.4/psoc creator/import/gnu/arm/5.4.1/bin/../lib/gcc/arm-none-eabi/5.4.1/armv7-m/crtbegin.o
LOAD c:/program files (x86)/cypress/psoc creator/4.4/psoc creator/import/gnu/arm/5.4.1/bin/../lib/gcc/arm-none-eabi/5.4.1/../../../../arm-none-eabi/lib/armv7-m/crt0.o
START GROUP
LOAD .\CortexM3\ARM_GCC_541\Debug\main.o
LOAD .\CortexM3\ARM_GCC_541\Debug\cyfitter_cfg.o
LOAD .\CortexM3\ARM_GCC_541\Debug\cymetadata.o
LOAD .\CortexM3\ARM_GCC_541\Debug\Cm3Start.o
LOAD .\CortexM3\ARM_GCC_541\Debug\Design01.a
LOAD C:\Program Files (x86)\Cypress\PSoC Creator\4.4\PSoC Creator\psoc\content\cycomponentlibrary\CyComponentLibrary.cylib\CortexM3\ARM_GCC_541\Debug\CyComponentLibrary.a
END GROUP
START GROUP
LOAD c:/program files (x86)/cypress/psoc creator/4.4/psoc creator/import/gnu/arm/5.4.1/bin/../lib/gcc/arm-none-eabi/5.4.1/armv7-m\libgcc.a
LOAD c:/program files (x86)/cypress/psoc creator/4.4/psoc creator/import/gnu/arm/5.4.1/bin/../lib/gcc/arm-none-eabi/5.4.1/../../../../arm-none-eabi/lib/armv7-m\libg_nano.a
LOAD c:/program files (x86)/cypress/psoc creator/4.4/psoc creator/import/gnu/arm/5.4.1/bin/../lib/gcc/arm-none-eabi/5.4.1/../../../../arm-none-eabi/lib/armv7-m\libc_nano.a
END GROUP
START GROUP
LOAD c:/program files (x86)/cypress/psoc creator/4.4/psoc creator/import/gnu/arm/5.4.1/bin/../lib/gcc/arm-none-eabi/5.4.1/armv7-m\libgcc.a
LOAD c:/program files (x86)/cypress/psoc creator/4.4/psoc creator/import/gnu/arm/5.4.1/bin/../lib/gcc/arm-none-eabi/5.4.1/../../../../arm-none-eabi/lib/armv7-m\libc_nano.a
END GROUP
LOAD c:/program files (x86)/cypress/psoc creator/4.4/psoc creator/import/gnu/arm/5.4.1/bin/../lib/gcc/arm-none-eabi/5.4.1/armv7-m/crtend.o
LOAD c:/program files (x86)/cypress/psoc creator/4.4/psoc creator/import/gnu/arm/5.4.1/bin/../lib/gcc/arm-none-eabi/5.4.1/armv7-m/crtn.o
START GROUP
LOAD c:/program files (x86)/cypress/psoc creator/4.4/psoc creator/import/gnu/arm/5.4.1/bin/../lib/gcc/arm-none-eabi/5.4.1/armv7-m\libgcc.a
LOAD c:/program files (x86)/cypress/psoc creator/4.4/psoc creator/import/gnu/arm/5.4.1/bin/../lib/gcc/arm-none-eabi/5.4.1/../../../../arm-none-eabi/lib/armv7-m\libc.a
LOAD c:/program files (x86)/cypress/psoc creator/4.4/psoc creator/import/gnu/arm/5.4.1/bin/../lib/gcc/arm-none-eabi/5.4.1/../../../../arm-none-eabi/lib/armv7-m\libnosys.a
END GROUP
                0x00000000                CY_APPL_ORIGIN = 0x0
                0x00000100                CY_FLASH_ROW_SIZE = 0x100
                0x00000020                CY_ECC_ROW_SIZE = 0x20
                0x00000000                CY_EE_IN_BTLDR = 0x0
                0x00000000                CY_APPL_LOADABLE = 0x0
                0x00000800                CY_EE_SIZE = 0x800
                0x00000001                CY_APPL_NUM = 0x1
                0x00000001                CY_APPL_MAX = 0x1
                0x00000040                CY_METADATA_SIZE = 0x40
                0x00000000                CY_APPL_LOADABLE = 0x0
                0x00000000                CY_CHECKSUM_EXCLUDE_SIZE = ALIGN (0x0, CY_FLASH_ROW_SIZE)
                [!provide]                PROVIDE (__cy_heap_start, _end)
                0x00000001                PROVIDE (__cy_region_num, ((__cy_regions_end - __cy_regions) / 0x10))
                0x20008000                PROVIDE (__cy_stack, (ORIGIN (ram) + LENGTH (ram)))
                [!provide]                PROVIDE (__cy_heap_end, (__cy_stack - 0x800))

.cybootloader   0x00000000        0x0
 *(.cybootloader)
                0x00000000                appl1_start = CY_APPL_ORIGIN?CY_APPL_ORIGIN:ALIGN (CY_FLASH_ROW_SIZE)
                0x0001ff00                appl2_start = (appl1_start + ALIGN ((((LENGTH (rom) - appl1_start) - (0x2 * CY_FLASH_ROW_SIZE)) / 0x2), CY_FLASH_ROW_SIZE))
                0x00000000                appl_start = (CY_APPL_NUM == 0x1)?appl1_start:appl2_start
                0x00000000                ecc_offset = ((appl_start / CY_FLASH_ROW_SIZE) * CY_ECC_ROW_SIZE)
                0x00000000                ee_offset = (CY_APPL_LOADABLE && ! (CY_EE_IN_BTLDR))?((CY_EE_SIZE / CY_APPL_MAX) * (CY_APPL_NUM - 0x1)):0x0
                0x00000800                ee_size = (CY_APPL_LOADABLE && ! (CY_EE_IN_BTLDR))?(CY_EE_SIZE / CY_APPL_MAX):CY_EE_SIZE
                [!provide]                PROVIDE (CY_ECC_OFFSET, ecc_offset)

.text           0x00000000     0x5a4c
 CREATE_OBJECT_SYMBOLS
                0x00000000                PROVIDE (__cy_interrupt_vector, RomVectors)
 *(.romvectors)
 .romvectors    0x00000000       0x10 .\CortexM3\ARM_GCC_541\Debug\Cm3Start.o
                0x00000000                RomVectors
                0x00000001                ASSERT ((. != __cy_interrupt_vector), No interrupt vector)
                0x00000001                ASSERT (CY_APPL_ORIGIN?(SIZEOF (.cybootloader) <= CY_APPL_ORIGIN):0x1, Wrong image location)
                0x00000010                PROVIDE (__cy_reset, Reset)
 *(.text.Reset)
 .text.Reset    0x00000010       0x18 .\CortexM3\ARM_GCC_541\Debug\Cm3Start.o
                0x00000010                Reset
                0x00000001                ASSERT ((. != __cy_reset), No reset code)
 *(.dma_init)
                0x00000001                ASSERT ((((appl_start + .) <= 0x10000) || 0x1), DMA Init must be within the first 64k of flash)
 *(.text .text.* .gnu.linkonce.t.*)
 .text          0x00000028       0x5c c:/program files (x86)/cypress/psoc creator/4.4/psoc creator/import/gnu/arm/5.4.1/bin/../lib/gcc/arm-none-eabi/5.4.1/armv7-m/crtbegin.o
 *fill*         0x00000084        0x4 
 .text.Speed_Control
                0x00000088       0x78 .\CortexM3\ARM_GCC_541\Debug\main.o
                0x00000088                Speed_Control
 .text.ultrasonic_echo
                0x00000100       0xe4 .\CortexM3\ARM_GCC_541\Debug\main.o
                0x00000100                ultrasonic_echo
 .text.Color_sensing
                0x000001e4       0x14 .\CortexM3\ARM_GCC_541\Debug\main.o
                0x000001e4                Color_sensing
 .text.Bluetooth
                0x000001f8       0x38 .\CortexM3\ARM_GCC_541\Debug\main.o
                0x000001f8                Bluetooth
 .text.Gyroscope
                0x00000230      0x258 .\CortexM3\ARM_GCC_541\Debug\main.o
                0x00000230                Gyroscope
 .text.stop     0x00000488       0x28 .\CortexM3\ARM_GCC_541\Debug\main.o
                0x00000488                stop
 .text.forward  0x000004b0       0x28 .\CortexM3\ARM_GCC_541\Debug\main.o
                0x000004b0                forward
 .text.reverse  0x000004d8       0x28 .\CortexM3\ARM_GCC_541\Debug\main.o
                0x000004d8                reverse
 .text.turn_anticlockwise
                0x00000500       0x28 .\CortexM3\ARM_GCC_541\Debug\main.o
                0x00000500                turn_anticlockwise
 .text.turn_clockwise
                0x00000528       0x28 .\CortexM3\ARM_GCC_541\Debug\main.o
                0x00000528                turn_clockwise
 .text.reset_count
                0x00000550       0x1c .\CortexM3\ARM_GCC_541\Debug\main.o
                0x00000550                reset_count
 .text.gyro_cal_1
                0x0000056c       0xa8 .\CortexM3\ARM_GCC_541\Debug\main.o
                0x0000056c                gyro_cal_1
 *fill*         0x00000614        0x4 
 .text.move_fixed_dist
                0x00000618      0x11c .\CortexM3\ARM_GCC_541\Debug\main.o
                0x00000618                move_fixed_dist
 *fill*         0x00000734        0x4 
 .text.move2wall
                0x00000738      0x100 .\CortexM3\ARM_GCC_541\Debug\main.o
                0x00000738                move2wall
 .text.move2slit
                0x00000838      0x130 .\CortexM3\ARM_GCC_541\Debug\main.o
                0x00000838                move2slit
 .text.move2puck
                0x00000968       0xd8 .\CortexM3\ARM_GCC_541\Debug\main.o
                0x00000968                move2puck
 .text.CW       0x00000a40       0x94 .\CortexM3\ARM_GCC_541\Debug\main.o
                0x00000a40                CW
 .text.Color_Sensing_Function
                0x00000ad4      0x350 .\CortexM3\ARM_GCC_541\Debug\main.o
                0x00000ad4                Color_Sensing_Function
 .text.Gyroscope_Function
                0x00000e24       0x60 .\CortexM3\ARM_GCC_541\Debug\main.o
                0x00000e24                Gyroscope_Function
 .text.Flicker_Function
                0x00000e84       0x28 .\CortexM3\ARM_GCC_541\Debug\main.o
                0x00000e84                Flicker_Function
 .text.Find_Puck
                0x00000eac       0xa8 .\CortexM3\ARM_GCC_541\Debug\main.o
                0x00000eac                Find_Puck
 .text.Pick_Up_Puck
                0x00000f54       0x3c .\CortexM3\ARM_GCC_541\Debug\main.o
                0x00000f54                Pick_Up_Puck
 .text.Put_Down_Puck
                0x00000f90       0x3c .\CortexM3\ARM_GCC_541\Debug\main.o
                0x00000f90                Put_Down_Puck
 *fill*         0x00000fcc        0x4 
 .text.main     0x00000fd0      0x68c .\CortexM3\ARM_GCC_541\Debug\main.o
                0x00000fd0                main
 .text.CyClockStartupError
                0x0000165c        0x4 .\CortexM3\ARM_GCC_541\Debug\cyfitter_cfg.o
 .text.cfg_write_bytes32
                0x00001660       0x34 .\CortexM3\ARM_GCC_541\Debug\cyfitter_cfg.o
 .text.CYMEMZERO
                0x00001694        0xc .\CortexM3\ARM_GCC_541\Debug\cyfitter_cfg.o
 .text.AnalogSetDefault
                0x000016a0       0x78 .\CortexM3\ARM_GCC_541\Debug\cyfitter_cfg.o
 .text.CYCONFIGCPY
                0x00001718        0x8 .\CortexM3\ARM_GCC_541\Debug\cyfitter_cfg.o
 .text.ClockSetup
                0x00001720      0x130 .\CortexM3\ARM_GCC_541\Debug\cyfitter_cfg.o
 .text.cyfitter_cfg
                0x00001850      0x188 .\CortexM3\ARM_GCC_541\Debug\cyfitter_cfg.o
                0x00001850                cyfitter_cfg
 .text.IntDefaultHandler
                0x000019d8       0x10 .\CortexM3\ARM_GCC_541\Debug\Cm3Start.o
                0x000019d8                IntDefaultHandler
 .text._sbrk    0x000019e8       0x30 .\CortexM3\ARM_GCC_541\Debug\Cm3Start.o
                0x000019e8                _sbrk
 .text.Start_c  0x00001a18       0x4c .\CortexM3\ARM_GCC_541\Debug\Cm3Start.o
                0x00001a18                Start_c
 .text.initialize_psoc
                0x00001a64       0x68 .\CortexM3\ARM_GCC_541\Debug\Cm3Start.o
                0x00001a64                initialize_psoc
 .text.Motor_1_IN_1_Write
                0x00001acc       0x18 .\CortexM3\ARM_GCC_541\Debug\Design01.a(Motor_1_IN_1.o)
                0x00001acc                Motor_1_IN_1_Write
 .text.Motor_1_IN_2_Write
                0x00001ae4       0x18 .\CortexM3\ARM_GCC_541\Debug\Design01.a(Motor_1_IN_2.o)
                0x00001ae4                Motor_1_IN_2_Write
 .text.CyHalt   0x00001afc        0x4 .\CortexM3\ARM_GCC_541\Debug\Design01.a(CyLib.o)
                0x00001afc                CyHalt
 .text.CyDelay  0x00001b00       0x2c .\CortexM3\ARM_GCC_541\Debug\Design01.a(CyLib.o)
                0x00001b00                CyDelay
 .text.CyDelayUs
                0x00001b2c       0x14 .\CortexM3\ARM_GCC_541\Debug\Design01.a(CyLib.o)
                0x00001b2c                CyDelayUs
 .text.CyIntSetVector
                0x00001b40       0x28 .\CortexM3\ARM_GCC_541\Debug\Design01.a(CyLib.o)
                0x00001b40                CyIntSetVector
 .text.CyIntSetPriority
                0x00001b68       0x30 .\CortexM3\ARM_GCC_541\Debug\Design01.a(CyLib.o)
                0x00001b68                CyIntSetPriority
 .text.QuadDec_1_GetCounter
                0x00001b98       0x10 .\CortexM3\ARM_GCC_541\Debug\Design01.a(QuadDec_1.o)
                0x00001b98                QuadDec_1_GetCounter
 .text.QuadDec_1_SetCounter
                0x00001ba8       0x1c .\CortexM3\ARM_GCC_541\Debug\Design01.a(QuadDec_1.o)
                0x00001ba8                QuadDec_1_SetCounter
 .text.QuadDec_1_GetEvents
                0x00001bc4       0x10 .\CortexM3\ARM_GCC_541\Debug\Design01.a(QuadDec_1.o)
                0x00001bc4                QuadDec_1_GetEvents
 .text.QuadDec_1_SetInterruptMask
                0x00001bd4        0xc .\CortexM3\ARM_GCC_541\Debug\Design01.a(QuadDec_1.o)
                0x00001bd4                QuadDec_1_SetInterruptMask
 .text.QuadDec_1_Enable
                0x00001be0       0x24 .\CortexM3\ARM_GCC_541\Debug\Design01.a(QuadDec_1.o)
                0x00001be0                QuadDec_1_Enable
 .text.QuadDec_1_Start
                0x00001c04       0x24 .\CortexM3\ARM_GCC_541\Debug\Design01.a(QuadDec_1.o)
                0x00001c04                QuadDec_1_Start
 .text.QuadDec_1_Cnt16_Enable
                0x00001c28       0x10 .\CortexM3\ARM_GCC_541\Debug\Design01.a(QuadDec_1_Cnt16.o)
                0x00001c28                QuadDec_1_Cnt16_Enable
 .text.QuadDec_1_Cnt16_SetInterruptMode
                0x00001c38        0xc .\CortexM3\ARM_GCC_541\Debug\Design01.a(QuadDec_1_Cnt16.o)
                0x00001c38                QuadDec_1_Cnt16_SetInterruptMode
 .text.QuadDec_1_Cnt16_ReadStatusRegister
                0x00001c44        0xc .\CortexM3\ARM_GCC_541\Debug\Design01.a(QuadDec_1_Cnt16.o)
                0x00001c44                QuadDec_1_Cnt16_ReadStatusRegister
 .text.QuadDec_1_Cnt16_WriteCounter
                0x00001c50        0xc .\CortexM3\ARM_GCC_541\Debug\Design01.a(QuadDec_1_Cnt16.o)
                0x00001c50                QuadDec_1_Cnt16_WriteCounter
 .text.QuadDec_1_Cnt16_ReadCounter
                0x00001c5c       0x14 .\CortexM3\ARM_GCC_541\Debug\Design01.a(QuadDec_1_Cnt16.o)
                0x00001c5c                QuadDec_1_Cnt16_ReadCounter
 .text.QuadDec_1_Cnt16_ReadCapture
                0x00001c70        0xc .\CortexM3\ARM_GCC_541\Debug\Design01.a(QuadDec_1_Cnt16.o)
                0x00001c70                QuadDec_1_Cnt16_ReadCapture
 .text.QuadDec_1_Cnt16_WritePeriod
                0x00001c7c        0xc .\CortexM3\ARM_GCC_541\Debug\Design01.a(QuadDec_1_Cnt16.o)
                0x00001c7c                QuadDec_1_Cnt16_WritePeriod
 .text.QuadDec_1_Cnt16_WriteCompare
                0x00001c88        0xc .\CortexM3\ARM_GCC_541\Debug\Design01.a(QuadDec_1_Cnt16.o)
                0x00001c88                QuadDec_1_Cnt16_WriteCompare
 .text.QuadDec_1_Cnt16_ClearFIFO
                0x00001c94       0x14 .\CortexM3\ARM_GCC_541\Debug\Design01.a(QuadDec_1_Cnt16.o)
                0x00001c94                QuadDec_1_Cnt16_ClearFIFO
 .text.QuadDec_1_Cnt16_Init
                0x00001ca8       0x58 .\CortexM3\ARM_GCC_541\Debug\Design01.a(QuadDec_1_Cnt16.o)
                0x00001ca8                QuadDec_1_Cnt16_Init
 .text.QuadDec_1_Cnt16_Start
                0x00001d00       0x1c .\CortexM3\ARM_GCC_541\Debug\Design01.a(QuadDec_1_Cnt16.o)
                0x00001d00                QuadDec_1_Cnt16_Start
 .text.UART_1_Init
                0x00001d1c       0x28 .\CortexM3\ARM_GCC_541\Debug\Design01.a(UART_1.o)
                0x00001d1c                UART_1_Init
 .text.UART_1_Enable
                0x00001d44       0x38 .\CortexM3\ARM_GCC_541\Debug\Design01.a(UART_1.o)
                0x00001d44                UART_1_Enable
 .text.UART_1_Start
                0x00001d7c       0x1c .\CortexM3\ARM_GCC_541\Debug\Design01.a(UART_1.o)
                0x00001d7c                UART_1_Start
 .text.UART_1_GetChar
                0x00001d98       0x2c .\CortexM3\ARM_GCC_541\Debug\Design01.a(UART_1.o)
                0x00001d98                UART_1_GetChar
 .text.UART_1_PutChar
                0x00001dc4       0x18 .\CortexM3\ARM_GCC_541\Debug\Design01.a(UART_1.o)
                0x00001dc4                UART_1_PutChar
 .text.UART_1_PutString
                0x00001ddc       0x24 .\CortexM3\ARM_GCC_541\Debug\Design01.a(UART_1.o)
                0x00001ddc                UART_1_PutString
 .text.UART_1_IntClock_Start
                0x00001e00       0x1c .\CortexM3\ARM_GCC_541\Debug\Design01.a(UART_1_IntClock.o)
                0x00001e00                UART_1_IntClock_Start
 .text.QuadDec_2_GetCounter
                0x00001e1c       0x10 .\CortexM3\ARM_GCC_541\Debug\Design01.a(QuadDec_2.o)
                0x00001e1c                QuadDec_2_GetCounter
 .text.QuadDec_2_SetCounter
                0x00001e2c       0x1c .\CortexM3\ARM_GCC_541\Debug\Design01.a(QuadDec_2.o)
                0x00001e2c                QuadDec_2_SetCounter
 .text.QuadDec_2_GetEvents
                0x00001e48       0x10 .\CortexM3\ARM_GCC_541\Debug\Design01.a(QuadDec_2.o)
                0x00001e48                QuadDec_2_GetEvents
 .text.QuadDec_2_SetInterruptMask
                0x00001e58        0xc .\CortexM3\ARM_GCC_541\Debug\Design01.a(QuadDec_2.o)
                0x00001e58                QuadDec_2_SetInterruptMask
 .text.QuadDec_2_Enable
                0x00001e64       0x24 .\CortexM3\ARM_GCC_541\Debug\Design01.a(QuadDec_2.o)
                0x00001e64                QuadDec_2_Enable
 .text.QuadDec_2_Start
                0x00001e88       0x24 .\CortexM3\ARM_GCC_541\Debug\Design01.a(QuadDec_2.o)
                0x00001e88                QuadDec_2_Start
 .text.QuadDec_2_Cnt16_Enable
                0x00001eac       0x10 .\CortexM3\ARM_GCC_541\Debug\Design01.a(QuadDec_2_Cnt16.o)
                0x00001eac                QuadDec_2_Cnt16_Enable
 .text.QuadDec_2_Cnt16_SetInterruptMode
                0x00001ebc        0xc .\CortexM3\ARM_GCC_541\Debug\Design01.a(QuadDec_2_Cnt16.o)
                0x00001ebc                QuadDec_2_Cnt16_SetInterruptMode
 .text.QuadDec_2_Cnt16_ReadStatusRegister
                0x00001ec8        0xc .\CortexM3\ARM_GCC_541\Debug\Design01.a(QuadDec_2_Cnt16.o)
                0x00001ec8                QuadDec_2_Cnt16_ReadStatusRegister
 .text.QuadDec_2_Cnt16_WriteCounter
                0x00001ed4        0xc .\CortexM3\ARM_GCC_541\Debug\Design01.a(QuadDec_2_Cnt16.o)
                0x00001ed4                QuadDec_2_Cnt16_WriteCounter
 .text.QuadDec_2_Cnt16_ReadCounter
                0x00001ee0       0x14 .\CortexM3\ARM_GCC_541\Debug\Design01.a(QuadDec_2_Cnt16.o)
                0x00001ee0                QuadDec_2_Cnt16_ReadCounter
 .text.QuadDec_2_Cnt16_ReadCapture
                0x00001ef4        0xc .\CortexM3\ARM_GCC_541\Debug\Design01.a(QuadDec_2_Cnt16.o)
                0x00001ef4                QuadDec_2_Cnt16_ReadCapture
 .text.QuadDec_2_Cnt16_WritePeriod
                0x00001f00        0xc .\CortexM3\ARM_GCC_541\Debug\Design01.a(QuadDec_2_Cnt16.o)
                0x00001f00                QuadDec_2_Cnt16_WritePeriod
 .text.QuadDec_2_Cnt16_WriteCompare
                0x00001f0c        0xc .\CortexM3\ARM_GCC_541\Debug\Design01.a(QuadDec_2_Cnt16.o)
                0x00001f0c                QuadDec_2_Cnt16_WriteCompare
 .text.QuadDec_2_Cnt16_ClearFIFO
                0x00001f18       0x14 .\CortexM3\ARM_GCC_541\Debug\Design01.a(QuadDec_2_Cnt16.o)
                0x00001f18                QuadDec_2_Cnt16_ClearFIFO
 .text.QuadDec_2_Cnt16_Init
                0x00001f2c       0x58 .\CortexM3\ARM_GCC_541\Debug\Design01.a(QuadDec_2_Cnt16.o)
                0x00001f2c                QuadDec_2_Cnt16_Init
 .text.QuadDec_2_Cnt16_Start
                0x00001f84       0x1c .\CortexM3\ARM_GCC_541\Debug\Design01.a(QuadDec_2_Cnt16.o)
                0x00001f84                QuadDec_2_Cnt16_Start
 .text.Motor_2_IN_3_Write
                0x00001fa0       0x18 .\CortexM3\ARM_GCC_541\Debug\Design01.a(Motor_2_IN_3.o)
                0x00001fa0                Motor_2_IN_3_Write
 .text.Motor_2_IN_4_Write
                0x00001fb8       0x18 .\CortexM3\ARM_GCC_541\Debug\Design01.a(Motor_2_IN_4.o)
                0x00001fb8                Motor_2_IN_4_Write
 .text.Timer_1_Enable
                0x00001fd0       0x10 .\CortexM3\ARM_GCC_541\Debug\Design01.a(Timer_1.o)
                0x00001fd0                Timer_1_Enable
 .text.Timer_1_SetInterruptMode
                0x00001fe0        0xc .\CortexM3\ARM_GCC_541\Debug\Design01.a(Timer_1.o)
                0x00001fe0                Timer_1_SetInterruptMode
 .text.Timer_1_ReadStatusRegister
                0x00001fec        0xc .\CortexM3\ARM_GCC_541\Debug\Design01.a(Timer_1.o)
                0x00001fec                Timer_1_ReadStatusRegister
 .text.Timer_1_WritePeriod
                0x00001ff8       0x10 .\CortexM3\ARM_GCC_541\Debug\Design01.a(Timer_1.o)
                0x00001ff8                Timer_1_WritePeriod
 .text.Timer_1_ReadCapture
                0x00002008       0x10 .\CortexM3\ARM_GCC_541\Debug\Design01.a(Timer_1.o)
                0x00002008                Timer_1_ReadCapture
 .text.Timer_1_WriteCounter
                0x00002018       0x10 .\CortexM3\ARM_GCC_541\Debug\Design01.a(Timer_1.o)
                0x00002018                Timer_1_WriteCounter
 .text.Timer_1_ClearFIFO
                0x00002028       0x14 .\CortexM3\ARM_GCC_541\Debug\Design01.a(Timer_1.o)
                0x00002028                Timer_1_ClearFIFO
 .text.Timer_1_Init
                0x0000203c       0x34 .\CortexM3\ARM_GCC_541\Debug\Design01.a(Timer_1.o)
                0x0000203c                Timer_1_Init
 .text.Timer_1_Start
                0x00002070       0x1c .\CortexM3\ARM_GCC_541\Debug\Design01.a(Timer_1.o)
                0x00002070                Timer_1_Start
 .text.isr_1_SetVector
                0x0000208c        0xc .\CortexM3\ARM_GCC_541\Debug\Design01.a(isr_1.o)
                0x0000208c                isr_1_SetVector
 .text.isr_1_SetPriority
                0x00002098       0x10 .\CortexM3\ARM_GCC_541\Debug\Design01.a(isr_1.o)
                0x00002098                isr_1_SetPriority
 .text.isr_1_Enable
                0x000020a8        0xc .\CortexM3\ARM_GCC_541\Debug\Design01.a(isr_1.o)
                0x000020a8                isr_1_Enable
 .text.isr_1_Disable
                0x000020b4        0xc .\CortexM3\ARM_GCC_541\Debug\Design01.a(isr_1.o)
                0x000020b4                isr_1_Disable
 .text.isr_1_StartEx
                0x000020c0       0x1c .\CortexM3\ARM_GCC_541\Debug\Design01.a(isr_1.o)
                0x000020c0                isr_1_StartEx
 .text.Timer_2_Enable
                0x000020dc       0x28 .\CortexM3\ARM_GCC_541\Debug\Design01.a(Timer_2.o)
                0x000020dc                Timer_2_Enable
 .text.Timer_2_SetInterruptMode
                0x00002104        0xc .\CortexM3\ARM_GCC_541\Debug\Design01.a(Timer_2.o)
                0x00002104                Timer_2_SetInterruptMode
 .text.Timer_2_ReadStatusRegister
                0x00002110        0xc .\CortexM3\ARM_GCC_541\Debug\Design01.a(Timer_2.o)
                0x00002110                Timer_2_ReadStatusRegister
 .text.Timer_2_WritePeriod
                0x0000211c        0xc .\CortexM3\ARM_GCC_541\Debug\Design01.a(Timer_2.o)
                0x0000211c                Timer_2_WritePeriod
 .text.Timer_2_WriteCounter
                0x00002128        0xc .\CortexM3\ARM_GCC_541\Debug\Design01.a(Timer_2.o)
                0x00002128                Timer_2_WriteCounter
 .text.Timer_2_Init
                0x00002134       0x64 .\CortexM3\ARM_GCC_541\Debug\Design01.a(Timer_2.o)
                0x00002134                Timer_2_Init
 .text.Timer_2_Start
                0x00002198       0x1c .\CortexM3\ARM_GCC_541\Debug\Design01.a(Timer_2.o)
                0x00002198                Timer_2_Start
 .text.Trigger_Write
                0x000021b4       0x18 .\CortexM3\ARM_GCC_541\Debug\Design01.a(Trigger.o)
                0x000021b4                Trigger_Write
 .text.isr_2_SetVector
                0x000021cc       0x10 .\CortexM3\ARM_GCC_541\Debug\Design01.a(isr_2.o)
                0x000021cc                isr_2_SetVector
 .text.isr_2_SetPriority
                0x000021dc       0x10 .\CortexM3\ARM_GCC_541\Debug\Design01.a(isr_2.o)
                0x000021dc                isr_2_SetPriority
 .text.isr_2_Enable
                0x000021ec       0x10 .\CortexM3\ARM_GCC_541\Debug\Design01.a(isr_2.o)
                0x000021ec                isr_2_Enable
 .text.isr_2_Disable
                0x000021fc       0x10 .\CortexM3\ARM_GCC_541\Debug\Design01.a(isr_2.o)
                0x000021fc                isr_2_Disable
 .text.isr_2_StartEx
                0x0000220c       0x1c .\CortexM3\ARM_GCC_541\Debug\Design01.a(isr_2.o)
                0x0000220c                isr_2_StartEx
 .text.Timer_3_Enable
                0x00002228       0x10 .\CortexM3\ARM_GCC_541\Debug\Design01.a(Timer_3.o)
                0x00002228                Timer_3_Enable
 .text.Timer_3_SetInterruptMode
                0x00002238        0xc .\CortexM3\ARM_GCC_541\Debug\Design01.a(Timer_3.o)
                0x00002238                Timer_3_SetInterruptMode
 .text.Timer_3_ReadStatusRegister
                0x00002244        0xc .\CortexM3\ARM_GCC_541\Debug\Design01.a(Timer_3.o)
                0x00002244                Timer_3_ReadStatusRegister
 .text.Timer_3_WritePeriod
                0x00002250        0xc .\CortexM3\ARM_GCC_541\Debug\Design01.a(Timer_3.o)
                0x00002250                Timer_3_WritePeriod
 .text.Timer_3_ReadCapture
                0x0000225c        0xc .\CortexM3\ARM_GCC_541\Debug\Design01.a(Timer_3.o)
                0x0000225c                Timer_3_ReadCapture
 .text.Timer_3_WriteCounter
                0x00002268        0xc .\CortexM3\ARM_GCC_541\Debug\Design01.a(Timer_3.o)
                0x00002268                Timer_3_WriteCounter
 .text.Timer_3_ReadCounter
                0x00002274       0x14 .\CortexM3\ARM_GCC_541\Debug\Design01.a(Timer_3.o)
                0x00002274                Timer_3_ReadCounter
 .text.Timer_3_SetInterruptCount
                0x00002288       0x1c .\CortexM3\ARM_GCC_541\Debug\Design01.a(Timer_3.o)
                0x00002288                Timer_3_SetInterruptCount
 .text.Timer_3_ClearFIFO
                0x000022a4       0x14 .\CortexM3\ARM_GCC_541\Debug\Design01.a(Timer_3.o)
                0x000022a4                Timer_3_ClearFIFO
 .text.Timer_3_Init
                0x000022b8       0x3c .\CortexM3\ARM_GCC_541\Debug\Design01.a(Timer_3.o)
                0x000022b8                Timer_3_Init
 .text.Timer_3_Start
                0x000022f4       0x1c .\CortexM3\ARM_GCC_541\Debug\Design01.a(Timer_3.o)
                0x000022f4                Timer_3_Start
 .text.isr_3_SetVector
                0x00002310        0xc .\CortexM3\ARM_GCC_541\Debug\Design01.a(isr_3.o)
                0x00002310                isr_3_SetVector
 .text.isr_3_SetPriority
                0x0000231c       0x10 .\CortexM3\ARM_GCC_541\Debug\Design01.a(isr_3.o)
                0x0000231c                isr_3_SetPriority
 .text.isr_3_Enable
                0x0000232c        0xc .\CortexM3\ARM_GCC_541\Debug\Design01.a(isr_3.o)
                0x0000232c                isr_3_Enable
 .text.isr_3_Disable
                0x00002338        0xc .\CortexM3\ARM_GCC_541\Debug\Design01.a(isr_3.o)
                0x00002338                isr_3_Disable
 .text.isr_3_StartEx
                0x00002344       0x1c .\CortexM3\ARM_GCC_541\Debug\Design01.a(isr_3.o)
                0x00002344                isr_3_StartEx
 .text.Left_Echo_Read
                0x00002360        0xc .\CortexM3\ARM_GCC_541\Debug\Design01.a(Left_Echo.o)
                0x00002360                Left_Echo_Read
 .text.PWM_ColorSensor_Enable
                0x0000236c       0x10 .\CortexM3\ARM_GCC_541\Debug\Design01.a(PWM_ColorSensor.o)
                0x0000236c                PWM_ColorSensor_Enable
 .text.PWM_ColorSensor_WriteCounter
                0x0000237c        0xc .\CortexM3\ARM_GCC_541\Debug\Design01.a(PWM_ColorSensor.o)
                0x0000237c                PWM_ColorSensor_WriteCounter
 .text.PWM_ColorSensor_WritePeriod
                0x00002388        0xc .\CortexM3\ARM_GCC_541\Debug\Design01.a(PWM_ColorSensor.o)
                0x00002388                PWM_ColorSensor_WritePeriod
 .text.PWM_ColorSensor_WriteCompare
                0x00002394        0xc .\CortexM3\ARM_GCC_541\Debug\Design01.a(PWM_ColorSensor.o)
                0x00002394                PWM_ColorSensor_WriteCompare
 .text.PWM_ColorSensor_SetInterruptMode
                0x000023a0        0xc .\CortexM3\ARM_GCC_541\Debug\Design01.a(PWM_ColorSensor.o)
                0x000023a0                PWM_ColorSensor_SetInterruptMode
 .text.PWM_ColorSensor_ReadStatusRegister
                0x000023ac        0xc .\CortexM3\ARM_GCC_541\Debug\Design01.a(PWM_ColorSensor.o)
                0x000023ac                PWM_ColorSensor_ReadStatusRegister
 .text.PWM_ColorSensor_ReadCapture
                0x000023b8        0xc .\CortexM3\ARM_GCC_541\Debug\Design01.a(PWM_ColorSensor.o)
                0x000023b8                PWM_ColorSensor_ReadCapture
 .text.PWM_ColorSensor_ClearFIFO
                0x000023c4       0x14 .\CortexM3\ARM_GCC_541\Debug\Design01.a(PWM_ColorSensor.o)
                0x000023c4                PWM_ColorSensor_ClearFIFO
 .text.PWM_ColorSensor_Init
                0x000023d8       0x64 .\CortexM3\ARM_GCC_541\Debug\Design01.a(PWM_ColorSensor.o)
                0x000023d8                PWM_ColorSensor_Init
 .text.PWM_ColorSensor_Start
                0x0000243c       0x1c .\CortexM3\ARM_GCC_541\Debug\Design01.a(PWM_ColorSensor.o)
                0x0000243c                PWM_ColorSensor_Start
 .text.Counter_ColorSensor_Enable
                0x00002458       0x10 .\CortexM3\ARM_GCC_541\Debug\Design01.a(Counter_ColorSensor.o)
                0x00002458                Counter_ColorSensor_Enable
 .text.Counter_ColorSensor_Stop
                0x00002468       0x10 .\CortexM3\ARM_GCC_541\Debug\Design01.a(Counter_ColorSensor.o)
                0x00002468                Counter_ColorSensor_Stop
 .text.Counter_ColorSensor_SetInterruptMode
                0x00002478        0xc .\CortexM3\ARM_GCC_541\Debug\Design01.a(Counter_ColorSensor.o)
                0x00002478                Counter_ColorSensor_SetInterruptMode
 .text.Counter_ColorSensor_ReadStatusRegister
                0x00002484        0xc .\CortexM3\ARM_GCC_541\Debug\Design01.a(Counter_ColorSensor.o)
                0x00002484                Counter_ColorSensor_ReadStatusRegister
 .text.Counter_ColorSensor_WriteCounter
                0x00002490        0xc .\CortexM3\ARM_GCC_541\Debug\Design01.a(Counter_ColorSensor.o)
                0x00002490                Counter_ColorSensor_WriteCounter
 .text.Counter_ColorSensor_ReadCapture
                0x0000249c        0xc .\CortexM3\ARM_GCC_541\Debug\Design01.a(Counter_ColorSensor.o)
                0x0000249c                Counter_ColorSensor_ReadCapture
 .text.Counter_ColorSensor_WritePeriod
                0x000024a8        0xc .\CortexM3\ARM_GCC_541\Debug\Design01.a(Counter_ColorSensor.o)
                0x000024a8                Counter_ColorSensor_WritePeriod
 .text.Counter_ColorSensor_WriteCompare
                0x000024b4        0xc .\CortexM3\ARM_GCC_541\Debug\Design01.a(Counter_ColorSensor.o)
                0x000024b4                Counter_ColorSensor_WriteCompare
 .text.Counter_ColorSensor_ClearFIFO
                0x000024c0       0x14 .\CortexM3\ARM_GCC_541\Debug\Design01.a(Counter_ColorSensor.o)
                0x000024c0                Counter_ColorSensor_ClearFIFO
 .text.Counter_ColorSensor_Init
                0x000024d4       0x5c .\CortexM3\ARM_GCC_541\Debug\Design01.a(Counter_ColorSensor.o)
                0x000024d4                Counter_ColorSensor_Init
 .text.Counter_ColorSensor_Start
                0x00002530       0x1c .\CortexM3\ARM_GCC_541\Debug\Design01.a(Counter_ColorSensor.o)
                0x00002530                Counter_ColorSensor_Start
 .text.isr_6_SetVector
                0x0000254c        0xc .\CortexM3\ARM_GCC_541\Debug\Design01.a(isr_6.o)
                0x0000254c                isr_6_SetVector
 .text.isr_6_SetPriority
                0x00002558       0x10 .\CortexM3\ARM_GCC_541\Debug\Design01.a(isr_6.o)
                0x00002558                isr_6_SetPriority
 .text.isr_6_Enable
                0x00002568        0xc .\CortexM3\ARM_GCC_541\Debug\Design01.a(isr_6.o)
                0x00002568                isr_6_Enable
 .text.isr_6_Disable
                0x00002574        0xc .\CortexM3\ARM_GCC_541\Debug\Design01.a(isr_6.o)
                0x00002574                isr_6_Disable
 .text.isr_6_StartEx
                0x00002580       0x1c .\CortexM3\ARM_GCC_541\Debug\Design01.a(isr_6.o)
                0x00002580                isr_6_StartEx
 .text.Control_Reg_1_Write
                0x0000259c        0xc .\CortexM3\ARM_GCC_541\Debug\Design01.a(Control_Reg_1.o)
                0x0000259c                Control_Reg_1_Write
 .text.S1_Write
                0x000025a8       0x18 .\CortexM3\ARM_GCC_541\Debug\Design01.a(S1.o)
                0x000025a8                S1_Write
 .text.S2_Write
                0x000025c0       0x18 .\CortexM3\ARM_GCC_541\Debug\Design01.a(S2.o)
                0x000025c0                S2_Write
 .text.S0_Write
                0x000025d8       0x18 .\CortexM3\ARM_GCC_541\Debug\Design01.a(S0.o)
                0x000025d8                S0_Write
 .text.S3_Write
                0x000025f0       0x18 .\CortexM3\ARM_GCC_541\Debug\Design01.a(S3.o)
                0x000025f0                S3_Write
 .text.CS_LED_Write
                0x00002608       0x18 .\CortexM3\ARM_GCC_541\Debug\Design01.a(CS_LED.o)
                0x00002608                CS_LED_Write
 .text.IR_input_Read
                0x00002620       0x10 .\CortexM3\ARM_GCC_541\Debug\Design01.a(IR_input.o)
                0x00002620                IR_input_Read
 .text.led_green_Write
                0x00002630       0x18 .\CortexM3\ARM_GCC_541\Debug\Design01.a(led_green.o)
                0x00002630                led_green_Write
 .text.led_red_Write
                0x00002648       0x18 .\CortexM3\ARM_GCC_541\Debug\Design01.a(led_red.o)
                0x00002648                led_red_Write
 .text.led_blue_Write
                0x00002660       0x18 .\CortexM3\ARM_GCC_541\Debug\Design01.a(led_blue.o)
                0x00002660                led_blue_Write
 .text.Front_Echo_2_Read
                0x00002678       0x10 .\CortexM3\ARM_GCC_541\Debug\Design01.a(Front_Echo_2.o)
                0x00002678                Front_Echo_2_Read
 .text.PWM_SmallServo_Enable
                0x00002688       0x28 .\CortexM3\ARM_GCC_541\Debug\Design01.a(PWM_SmallServo.o)
                0x00002688                PWM_SmallServo_Enable
 .text.PWM_SmallServo_WritePeriod
                0x000026b0        0xc .\CortexM3\ARM_GCC_541\Debug\Design01.a(PWM_SmallServo.o)
                0x000026b0                PWM_SmallServo_WritePeriod
 .text.PWM_SmallServo_WriteCompare
                0x000026bc        0xc .\CortexM3\ARM_GCC_541\Debug\Design01.a(PWM_SmallServo.o)
                0x000026bc                PWM_SmallServo_WriteCompare
 .text.PWM_SmallServo_SetInterruptMode
                0x000026c8        0xc .\CortexM3\ARM_GCC_541\Debug\Design01.a(PWM_SmallServo.o)
                0x000026c8                PWM_SmallServo_SetInterruptMode
 .text.PWM_SmallServo_Init
                0x000026d4       0x78 .\CortexM3\ARM_GCC_541\Debug\Design01.a(PWM_SmallServo.o)
                0x000026d4                PWM_SmallServo_Init
 .text.PWM_SmallServo_Start
                0x0000274c       0x1c .\CortexM3\ARM_GCC_541\Debug\Design01.a(PWM_SmallServo.o)
                0x0000274c                PWM_SmallServo_Start
 .text.PWM_BigServo_Enable
                0x00002768       0x28 .\CortexM3\ARM_GCC_541\Debug\Design01.a(PWM_BigServo.o)
                0x00002768                PWM_BigServo_Enable
 .text.PWM_BigServo_WritePeriod
                0x00002790        0xc .\CortexM3\ARM_GCC_541\Debug\Design01.a(PWM_BigServo.o)
                0x00002790                PWM_BigServo_WritePeriod
 .text.PWM_BigServo_WriteCompare
                0x0000279c        0xc .\CortexM3\ARM_GCC_541\Debug\Design01.a(PWM_BigServo.o)
                0x0000279c                PWM_BigServo_WriteCompare
 .text.PWM_BigServo_SetInterruptMode
                0x000027a8        0xc .\CortexM3\ARM_GCC_541\Debug\Design01.a(PWM_BigServo.o)
                0x000027a8                PWM_BigServo_SetInterruptMode
 .text.PWM_BigServo_Init
                0x000027b4       0x78 .\CortexM3\ARM_GCC_541\Debug\Design01.a(PWM_BigServo.o)
                0x000027b4                PWM_BigServo_Init
 .text.PWM_BigServo_Start
                0x0000282c       0x1c .\CortexM3\ARM_GCC_541\Debug\Design01.a(PWM_BigServo.o)
                0x0000282c                PWM_BigServo_Start
 .text.PWM_Wheels_Enable
                0x00002848       0x10 .\CortexM3\ARM_GCC_541\Debug\Design01.a(PWM_Wheels.o)
                0x00002848                PWM_Wheels_Enable
 .text.PWM_Wheels_WriteCounter
                0x00002858        0xc .\CortexM3\ARM_GCC_541\Debug\Design01.a(PWM_Wheels.o)
                0x00002858                PWM_Wheels_WriteCounter
 .text.PWM_Wheels_WritePeriod
                0x00002864        0xc .\CortexM3\ARM_GCC_541\Debug\Design01.a(PWM_Wheels.o)
                0x00002864                PWM_Wheels_WritePeriod
 .text.PWM_Wheels_WriteCompare1
                0x00002870        0xc .\CortexM3\ARM_GCC_541\Debug\Design01.a(PWM_Wheels.o)
                0x00002870                PWM_Wheels_WriteCompare1
 .text.PWM_Wheels_WriteCompare2
                0x0000287c        0xc .\CortexM3\ARM_GCC_541\Debug\Design01.a(PWM_Wheels.o)
                0x0000287c                PWM_Wheels_WriteCompare2
 .text.PWM_Wheels_SetInterruptMode
                0x00002888        0xc .\CortexM3\ARM_GCC_541\Debug\Design01.a(PWM_Wheels.o)
                0x00002888                PWM_Wheels_SetInterruptMode
 .text.PWM_Wheels_ReadStatusRegister
                0x00002894        0xc .\CortexM3\ARM_GCC_541\Debug\Design01.a(PWM_Wheels.o)
                0x00002894                PWM_Wheels_ReadStatusRegister
 .text.PWM_Wheels_ReadCapture
                0x000028a0        0xc .\CortexM3\ARM_GCC_541\Debug\Design01.a(PWM_Wheels.o)
                0x000028a0                PWM_Wheels_ReadCapture
 .text.PWM_Wheels_ClearFIFO
                0x000028ac       0x14 .\CortexM3\ARM_GCC_541\Debug\Design01.a(PWM_Wheels.o)
                0x000028ac                PWM_Wheels_ClearFIFO
 .text.PWM_Wheels_Init
                0x000028c0       0x6c .\CortexM3\ARM_GCC_541\Debug\Design01.a(PWM_Wheels.o)
                0x000028c0                PWM_Wheels_Init
 .text.PWM_Wheels_Start
                0x0000292c       0x1c .\CortexM3\ARM_GCC_541\Debug\Design01.a(PWM_Wheels.o)
                0x0000292c                PWM_Wheels_Start
 .text.Control_Reg_2_Write
                0x00002948        0xc .\CortexM3\ARM_GCC_541\Debug\Design01.a(Control_Reg_2.o)
                0x00002948                Control_Reg_2_Write
 .text.isr_7_SetVector
                0x00002954        0xc .\CortexM3\ARM_GCC_541\Debug\Design01.a(isr_7.o)
                0x00002954                isr_7_SetVector
 .text.isr_7_SetPriority
                0x00002960       0x10 .\CortexM3\ARM_GCC_541\Debug\Design01.a(isr_7.o)
                0x00002960                isr_7_SetPriority
 .text.isr_7_Enable
                0x00002970        0xc .\CortexM3\ARM_GCC_541\Debug\Design01.a(isr_7.o)
                0x00002970                isr_7_Enable
 .text.isr_7_Disable
                0x0000297c        0xc .\CortexM3\ARM_GCC_541\Debug\Design01.a(isr_7.o)
                0x0000297c                isr_7_Disable
 .text.isr_7_StartEx
                0x00002988       0x1c .\CortexM3\ARM_GCC_541\Debug\Design01.a(isr_7.o)
                0x00002988                isr_7_StartEx
 .text.I2C_1_Init
                0x000029a4       0x68 .\CortexM3\ARM_GCC_541\Debug\Design01.a(I2C_1.o)
                0x000029a4                I2C_1_Init
 .text.I2C_1_Enable
                0x00002a0c       0x24 .\CortexM3\ARM_GCC_541\Debug\Design01.a(I2C_1.o)
                0x00002a0c                I2C_1_Enable
 .text.I2C_1_Start
                0x00002a30       0x28 .\CortexM3\ARM_GCC_541\Debug\Design01.a(I2C_1.o)
                0x00002a30                I2C_1_Start
 .text.I2C_1_ISR
                0x00002a58      0x2d0 .\CortexM3\ARM_GCC_541\Debug\Design01.a(I2C_1_INT.o)
                0x00002a58                I2C_1_ISR
 .text.I2C_1_MasterSendStart
                0x00002d28       0x80 .\CortexM3\ARM_GCC_541\Debug\Design01.a(I2C_1_MASTER.o)
                0x00002d28                I2C_1_MasterSendStart
 .text.I2C_1_MasterSendStop
                0x00002da8       0x38 .\CortexM3\ARM_GCC_541\Debug\Design01.a(I2C_1_MASTER.o)
                0x00002da8                I2C_1_MasterSendStop
 .text.I2C_1_MasterWriteByte
                0x00002de0       0x58 .\CortexM3\ARM_GCC_541\Debug\Design01.a(I2C_1_MASTER.o)
                0x00002de0                I2C_1_MasterWriteByte
 .text.I2C_1_MasterReadByte
                0x00002e38       0x58 .\CortexM3\ARM_GCC_541\Debug\Design01.a(I2C_1_MASTER.o)
                0x00002e38                I2C_1_MasterReadByte
 .text          0x00002e90       0x20 .\CortexM3\ARM_GCC_541\Debug\Design01.a(CyBootAsmGnu.o)
                0x00002e90                CyDelayCycles
                0x00002ea0                CyEnterCriticalSection
                0x00002ea8                CyExitCriticalSection
 .text.CySetReg24
                0x00002eb0       0x14 .\CortexM3\ARM_GCC_541\Debug\Design01.a(cyutils.o)
                0x00002eb0                CySetReg24
 .text          0x00002ec4      0x370 c:/program files (x86)/cypress/psoc creator/4.4/psoc creator/import/gnu/arm/5.4.1/bin/../lib/gcc/arm-none-eabi/5.4.1/armv7-m\libgcc.a(_arm_addsubdf3.o)
                0x00002ec4                __aeabi_drsub
                0x00002ecc                __aeabi_dsub
                0x00002ecc                __subdf3
                0x00002ed0                __aeabi_dadd
                0x00002ed0                __adddf3
                0x00003148                __floatunsidf
                0x00003148                __aeabi_ui2d
                0x00003168                __floatsidf
                0x00003168                __aeabi_i2d
                0x0000318c                __aeabi_f2d
                0x0000318c                __extendsfdf2
                0x000031c8                __floatundidf
                0x000031c8                __aeabi_ul2d
                0x000031d8                __floatdidf
                0x000031d8                __aeabi_l2d
 .text          0x00003234      0x424 c:/program files (x86)/cypress/psoc creator/4.4/psoc creator/import/gnu/arm/5.4.1/bin/../lib/gcc/arm-none-eabi/5.4.1/armv7-m\libgcc.a(_arm_muldivdf3.o)
                0x00003234                __aeabi_dmul
                0x00003234                __muldf3
                0x00003488                __divdf3
                0x00003488                __aeabi_ddiv
 .text          0x00003658      0x110 c:/program files (x86)/cypress/psoc creator/4.4/psoc creator/import/gnu/arm/5.4.1/bin/../lib/gcc/arm-none-eabi/5.4.1/armv7-m\libgcc.a(_arm_cmpdf2.o)
                0x00003658                __gtdf2
                0x00003658                __gedf2
                0x00003660                __ltdf2
                0x00003660                __ledf2
                0x00003668                __nedf2
                0x00003668                __eqdf2
                0x00003668                __cmpdf2
                0x000036e4                __aeabi_cdrcmple
                0x000036f4                __aeabi_cdcmpeq
                0x000036f4                __aeabi_cdcmple
                0x00003704                __aeabi_dcmpeq
                0x00003718                __aeabi_dcmplt
                0x0000372c                __aeabi_dcmple
                0x00003740                __aeabi_dcmpge
                0x00003754                __aeabi_dcmpgt
 .text          0x00003768       0x50 c:/program files (x86)/cypress/psoc creator/4.4/psoc creator/import/gnu/arm/5.4.1/bin/../lib/gcc/arm-none-eabi/5.4.1/armv7-m\libgcc.a(_arm_fixdfsi.o)
                0x00003768                __aeabi_d2iz
                0x00003768                __fixdfsi
 .text          0x000037b8       0xa0 c:/program files (x86)/cypress/psoc creator/4.4/psoc creator/import/gnu/arm/5.4.1/bin/../lib/gcc/arm-none-eabi/5.4.1/armv7-m\libgcc.a(_arm_truncdfsf2.o)
                0x000037b8                __truncdfsf2
                0x000037b8                __aeabi_d2f
 .text          0x00003858       0x40 c:/program files (x86)/cypress/psoc creator/4.4/psoc creator/import/gnu/arm/5.4.1/bin/../lib/gcc/arm-none-eabi/5.4.1/armv7-m\libgcc.a(_arm_fixunssfsi.o)
                0x00003858                __fixunssfsi
                0x00003858                __aeabi_f2uiz
 .text.__errno  0x00003898        0xc c:/program files (x86)/cypress/psoc creator/4.4/psoc creator/import/gnu/arm/5.4.1/bin/../lib/gcc/arm-none-eabi/5.4.1/../../../../arm-none-eabi/lib/armv7-m\libg_nano.a(lib_a-errno.o)
                0x00003898                __errno
 .text.__libc_init_array
                0x000038a4       0x4c c:/program files (x86)/cypress/psoc creator/4.4/psoc creator/import/gnu/arm/5.4.1/bin/../lib/gcc/arm-none-eabi/5.4.1/../../../../arm-none-eabi/lib/armv7-m\libg_nano.a(lib_a-init.o)
                0x000038a4                __libc_init_array
 .text.memcpy   0x000038f0       0x16 c:/program files (x86)/cypress/psoc creator/4.4/psoc creator/import/gnu/arm/5.4.1/bin/../lib/gcc/arm-none-eabi/5.4.1/../../../../arm-none-eabi/lib/armv7-m\libg_nano.a(lib_a-memcpy-stub.o)
                0x000038f0                memcpy
 .text.memset   0x00003906       0x10 c:/program files (x86)/cypress/psoc creator/4.4/psoc creator/import/gnu/arm/5.4.1/bin/../lib/gcc/arm-none-eabi/5.4.1/../../../../arm-none-eabi/lib/armv7-m\libg_nano.a(lib_a-memset.o)
                0x00003906                memset
 .text.__cvt    0x00003916       0xc0 c:/program files (x86)/cypress/psoc creator/4.4/psoc creator/import/gnu/arm/5.4.1/bin/../lib/gcc/arm-none-eabi/5.4.1/../../../../arm-none-eabi/lib/armv7-m\libg_nano.a(lib_a-nano-vfprintf_float.o)
                0x00003916                __cvt
 .text.__exponent
                0x000039d6       0x62 c:/program files (x86)/cypress/psoc creator/4.4/psoc creator/import/gnu/arm/5.4.1/bin/../lib/gcc/arm-none-eabi/5.4.1/../../../../arm-none-eabi/lib/armv7-m\libg_nano.a(lib_a-nano-vfprintf_float.o)
                0x000039d6                __exponent
 .text._printf_float
                0x00003a38      0x488 c:/program files (x86)/cypress/psoc creator/4.4/psoc creator/import/gnu/arm/5.4.1/bin/../lib/gcc/arm-none-eabi/5.4.1/../../../../arm-none-eabi/lib/armv7-m\libg_nano.a(lib_a-nano-vfprintf_float.o)
                0x00003a38                _printf_float
 .text._printf_common
                0x00003ec0       0xec c:/program files (x86)/cypress/psoc creator/4.4/psoc creator/import/gnu/arm/5.4.1/bin/../lib/gcc/arm-none-eabi/5.4.1/../../../../arm-none-eabi/lib/armv7-m\libg_nano.a(lib_a-nano-vfprintf_i.o)
                0x00003ec0                _printf_common
 .text._printf_i
                0x00003fac      0x24c c:/program files (x86)/cypress/psoc creator/4.4/psoc creator/import/gnu/arm/5.4.1/bin/../lib/gcc/arm-none-eabi/5.4.1/../../../../arm-none-eabi/lib/armv7-m\libg_nano.a(lib_a-nano-vfprintf_i.o)
                0x00003fac                _printf_i
 .text.sprintf  0x000041f8       0x48 c:/program files (x86)/cypress/psoc creator/4.4/psoc creator/import/gnu/arm/5.4.1/bin/../lib/gcc/arm-none-eabi/5.4.1/../../../../arm-none-eabi/lib/armv7-m\libg_nano.a(lib_a-sprintf.o)
                0x000041f8                siprintf
                0x000041f8                sprintf
 .text          0x00004240       0x14 c:/program files (x86)/cypress/psoc creator/4.4/psoc creator/import/gnu/arm/5.4.1/bin/../lib/gcc/arm-none-eabi/5.4.1/../../../../arm-none-eabi/lib/armv7-m\libg_nano.a(lib_a-strcmp.o)
                0x00004240                strcmp
 .text.strcpy   0x00004254       0x10 c:/program files (x86)/cypress/psoc creator/4.4/psoc creator/import/gnu/arm/5.4.1/bin/../lib/gcc/arm-none-eabi/5.4.1/../../../../arm-none-eabi/lib/armv7-m\libg_nano.a(lib_a-strcpy.o)
                0x00004254                strcpy
 .text          0x00004264       0x10 c:/program files (x86)/cypress/psoc creator/4.4/psoc creator/import/gnu/arm/5.4.1/bin/../lib/gcc/arm-none-eabi/5.4.1/../../../../arm-none-eabi/lib/armv7-m\libg_nano.a(lib_a-strlen.o)
                0x00004264                strlen
 .text.strtok   0x00004274       0x64 c:/program files (x86)/cypress/psoc creator/4.4/psoc creator/import/gnu/arm/5.4.1/bin/../lib/gcc/arm-none-eabi/5.4.1/../../../../arm-none-eabi/lib/armv7-m\libg_nano.a(lib_a-strtok.o)
                0x00004274                strtok
 .text.__strtok_r
                0x000042d8       0x56 c:/program files (x86)/cypress/psoc creator/4.4/psoc creator/import/gnu/arm/5.4.1/bin/../lib/gcc/arm-none-eabi/5.4.1/../../../../arm-none-eabi/lib/armv7-m\libg_nano.a(lib_a-strtok_r.o)
                0x000042d8                __strtok_r
 .text.quorem   0x0000432e      0x116 c:/program files (x86)/cypress/psoc creator/4.4/psoc creator/import/gnu/arm/5.4.1/bin/../lib/gcc/arm-none-eabi/5.4.1/../../../../arm-none-eabi/lib/armv7-m\libg_nano.a(lib_a-dtoa.o)
 *fill*         0x00004444        0x4 
 .text._dtoa_r  0x00004448      0xb30 c:/program files (x86)/cypress/psoc creator/4.4/psoc creator/import/gnu/arm/5.4.1/bin/../lib/gcc/arm-none-eabi/5.4.1/../../../../arm-none-eabi/lib/armv7-m\libg_nano.a(lib_a-dtoa.o)
                0x00004448                _dtoa_r
 .text._localeconv_r
                0x00004f78        0x8 c:/program files (x86)/cypress/psoc creator/4.4/psoc creator/import/gnu/arm/5.4.1/bin/../lib/gcc/arm-none-eabi/5.4.1/../../../../arm-none-eabi/lib/armv7-m\libg_nano.a(lib_a-locale.o)
                0x00004f78                _localeconv_r
 .text.malloc   0x00004f80       0x10 c:/program files (x86)/cypress/psoc creator/4.4/psoc creator/import/gnu/arm/5.4.1/bin/../lib/gcc/arm-none-eabi/5.4.1/../../../../arm-none-eabi/lib/armv7-m\libg_nano.a(lib_a-malloc.o)
                0x00004f80                malloc
 .text.memchr   0x00004f90       0x1c c:/program files (x86)/cypress/psoc creator/4.4/psoc creator/import/gnu/arm/5.4.1/bin/../lib/gcc/arm-none-eabi/5.4.1/../../../../arm-none-eabi/lib/armv7-m\libg_nano.a(lib_a-memchr-stub.o)
                0x00004f90                memchr
 .text._Balloc  0x00004fac       0x6a c:/program files (x86)/cypress/psoc creator/4.4/psoc creator/import/gnu/arm/5.4.1/bin/../lib/gcc/arm-none-eabi/5.4.1/../../../../arm-none-eabi/lib/armv7-m\libg_nano.a(lib_a-mprec.o)
                0x00004fac                _Balloc
 .text._Bfree   0x00005016       0x2e c:/program files (x86)/cypress/psoc creator/4.4/psoc creator/import/gnu/arm/5.4.1/bin/../lib/gcc/arm-none-eabi/5.4.1/../../../../arm-none-eabi/lib/armv7-m\libg_nano.a(lib_a-mprec.o)
                0x00005016                _Bfree
 .text.__multadd
                0x00005044       0x76 c:/program files (x86)/cypress/psoc creator/4.4/psoc creator/import/gnu/arm/5.4.1/bin/../lib/gcc/arm-none-eabi/5.4.1/../../../../arm-none-eabi/lib/armv7-m\libg_nano.a(lib_a-mprec.o)
                0x00005044                __multadd
 .text.__hi0bits
                0x000050ba       0x40 c:/program files (x86)/cypress/psoc creator/4.4/psoc creator/import/gnu/arm/5.4.1/bin/../lib/gcc/arm-none-eabi/5.4.1/../../../../arm-none-eabi/lib/armv7-m\libg_nano.a(lib_a-mprec.o)
                0x000050ba                __hi0bits
 .text.__lo0bits
                0x000050fa       0x5a c:/program files (x86)/cypress/psoc creator/4.4/psoc creator/import/gnu/arm/5.4.1/bin/../lib/gcc/arm-none-eabi/5.4.1/../../../../arm-none-eabi/lib/armv7-m\libg_nano.a(lib_a-mprec.o)
                0x000050fa                __lo0bits
 .text.__i2b    0x00005154       0x12 c:/program files (x86)/cypress/psoc creator/4.4/psoc creator/import/gnu/arm/5.4.1/bin/../lib/gcc/arm-none-eabi/5.4.1/../../../../arm-none-eabi/lib/armv7-m\libg_nano.a(lib_a-mprec.o)
                0x00005154                __i2b
 .text.__multiply
                0x00005166      0x120 c:/program files (x86)/cypress/psoc creator/4.4/psoc creator/import/gnu/arm/5.4.1/bin/../lib/gcc/arm-none-eabi/5.4.1/../../../../arm-none-eabi/lib/armv7-m\libg_nano.a(lib_a-mprec.o)
                0x00005166                __multiply
 *fill*         0x00005286        0x2 
 .text.__pow5mult
                0x00005288       0x9c c:/program files (x86)/cypress/psoc creator/4.4/psoc creator/import/gnu/arm/5.4.1/bin/../lib/gcc/arm-none-eabi/5.4.1/../../../../arm-none-eabi/lib/armv7-m\libg_nano.a(lib_a-mprec.o)
                0x00005288                __pow5mult
 .text.__lshift
                0x00005324       0xa2 c:/program files (x86)/cypress/psoc creator/4.4/psoc creator/import/gnu/arm/5.4.1/bin/../lib/gcc/arm-none-eabi/5.4.1/../../../../arm-none-eabi/lib/armv7-m\libg_nano.a(lib_a-mprec.o)
                0x00005324                __lshift
 .text.__mcmp   0x000053c6       0x38 c:/program files (x86)/cypress/psoc creator/4.4/psoc creator/import/gnu/arm/5.4.1/bin/../lib/gcc/arm-none-eabi/5.4.1/../../../../arm-none-eabi/lib/armv7-m\libg_nano.a(lib_a-mprec.o)
                0x000053c6                __mcmp
 .text.__mdiff  0x000053fe       0xbe c:/program files (x86)/cypress/psoc creator/4.4/psoc creator/import/gnu/arm/5.4.1/bin/../lib/gcc/arm-none-eabi/5.4.1/../../../../arm-none-eabi/lib/armv7-m\libg_nano.a(lib_a-mprec.o)
                0x000053fe                __mdiff
 .text.__d2b    0x000054bc       0x9c c:/program files (x86)/cypress/psoc creator/4.4/psoc creator/import/gnu/arm/5.4.1/bin/../lib/gcc/arm-none-eabi/5.4.1/../../../../arm-none-eabi/lib/armv7-m\libg_nano.a(lib_a-mprec.o)
                0x000054bc                __d2b
 .text._calloc_r
                0x00005558       0x1c c:/program files (x86)/cypress/psoc creator/4.4/psoc creator/import/gnu/arm/5.4.1/bin/../lib/gcc/arm-none-eabi/5.4.1/../../../../arm-none-eabi/lib/armv7-m\libg_nano.a(lib_a-nano-callocr.o)
                0x00005558                _calloc_r
 .text._free_r  0x00005574       0x98 c:/program files (x86)/cypress/psoc creator/4.4/psoc creator/import/gnu/arm/5.4.1/bin/../lib/gcc/arm-none-eabi/5.4.1/../../../../arm-none-eabi/lib/armv7-m\libg_nano.a(lib_a-nano-freer.o)
                0x00005574                _free_r
 .text._malloc_r
                0x0000560c       0xbc c:/program files (x86)/cypress/psoc creator/4.4/psoc creator/import/gnu/arm/5.4.1/bin/../lib/gcc/arm-none-eabi/5.4.1/../../../../arm-none-eabi/lib/armv7-m\libg_nano.a(lib_a-nano-mallocr.o)
                0x0000560c                _malloc_r
 .text.__ssputs_r
                0x000056c8       0xb2 c:/program files (x86)/cypress/psoc creator/4.4/psoc creator/import/gnu/arm/5.4.1/bin/../lib/gcc/arm-none-eabi/5.4.1/../../../../arm-none-eabi/lib/armv7-m\libg_nano.a(lib_a-nano-svfprintf.o)
                0x000056c8                __ssputs_r
 *fill*         0x0000577a        0x2 
 .text._svfprintf_r
                0x0000577c      0x1e8 c:/program files (x86)/cypress/psoc creator/4.4/psoc creator/import/gnu/arm/5.4.1/bin/../lib/gcc/arm-none-eabi/5.4.1/../../../../arm-none-eabi/lib/armv7-m\libg_nano.a(lib_a-nano-svfprintf.o)
                0x0000577c                _svfiprintf_r
                0x0000577c                _svfprintf_r
 .text._sbrk_r  0x00005964       0x20 c:/program files (x86)/cypress/psoc creator/4.4/psoc creator/import/gnu/arm/5.4.1/bin/../lib/gcc/arm-none-eabi/5.4.1/../../../../arm-none-eabi/lib/armv7-m\libg_nano.a(lib_a-sbrkr.o)
                0x00005964                _sbrk_r
 .text.memmove  0x00005984       0x36 c:/program files (x86)/cypress/psoc creator/4.4/psoc creator/import/gnu/arm/5.4.1/bin/../lib/gcc/arm-none-eabi/5.4.1/../../../../arm-none-eabi/lib/armv7-m\libg_nano.a(lib_a-memmove.o)
                0x00005984                memmove
 .text.__malloc_lock
                0x000059ba        0x2 c:/program files (x86)/cypress/psoc creator/4.4/psoc creator/import/gnu/arm/5.4.1/bin/../lib/gcc/arm-none-eabi/5.4.1/../../../../arm-none-eabi/lib/armv7-m\libg_nano.a(lib_a-mlock.o)
                0x000059ba                __malloc_lock
 .text.__malloc_unlock
                0x000059bc        0x2 c:/program files (x86)/cypress/psoc creator/4.4/psoc creator/import/gnu/arm/5.4.1/bin/../lib/gcc/arm-none-eabi/5.4.1/../../../../arm-none-eabi/lib/armv7-m\libg_nano.a(lib_a-mlock.o)
                0x000059bc                __malloc_unlock
 .text._realloc_r
                0x000059be       0x4c c:/program files (x86)/cypress/psoc creator/4.4/psoc creator/import/gnu/arm/5.4.1/bin/../lib/gcc/arm-none-eabi/5.4.1/../../../../arm-none-eabi/lib/armv7-m\libg_nano.a(lib_a-nano-reallocr.o)
                0x000059be                _realloc_r
 .text._malloc_usable_size_r
                0x00005a0a       0x14 c:/program files (x86)/cypress/psoc creator/4.4/psoc creator/import/gnu/arm/5.4.1/bin/../lib/gcc/arm-none-eabi/5.4.1/../../../../arm-none-eabi/lib/armv7-m\libg_nano.a(lib_a-nano-msizer.o)
                0x00005a0a                _malloc_usable_size_r
 *fill*         0x00005a1e        0x2 
 .text          0x00005a20       0x2c c:/program files (x86)/cypress/psoc creator/4.4/psoc creator/import/gnu/arm/5.4.1/bin/../lib/gcc/arm-none-eabi/5.4.1/armv7-m\libgcc.a(_arm_unorddf2.o)
                0x00005a20                __unorddf2
                0x00005a20                __aeabi_dcmpun
 *(.plt)
 *(.gnu.warning)
 *(.glue_7t)
 .glue_7t       0x00005a4c        0x0 linker stubs
 *(.glue_7)
 .glue_7        0x00005a4c        0x0 linker stubs
 *(.vfp11_veneer)
 .vfp11_veneer  0x00005a4c        0x0 linker stubs
 *(.bootloader)
 *(.ARM.extab* .gnu.linkonce.armextab.*)
 *(.gcc_except_table)

.v4_bx          0x00005a4c        0x0
 .v4_bx         0x00005a4c        0x0 linker stubs

.iplt           0x00005a4c        0x0
 .iplt          0x00005a4c        0x0 c:/program files (x86)/cypress/psoc creator/4.4/psoc creator/import/gnu/arm/5.4.1/bin/../lib/gcc/arm-none-eabi/5.4.1/armv7-m/crtbegin.o

.eh_frame_hdr
 *(.eh_frame_hdr)

.eh_frame       0x00005a4c        0x4
 *(.eh_frame)
 .eh_frame      0x00005a4c        0x0 c:/program files (x86)/cypress/psoc creator/4.4/psoc creator/import/gnu/arm/5.4.1/bin/../lib/gcc/arm-none-eabi/5.4.1/armv7-m/crtbegin.o
 .eh_frame      0x00005a4c        0x4 c:/program files (x86)/cypress/psoc creator/4.4/psoc creator/import/gnu/arm/5.4.1/bin/../lib/gcc/arm-none-eabi/5.4.1/armv7-m/crtend.o
                [!provide]                PROVIDE (__exidx_start, .)

.ARM.exidx
 *(.ARM.exidx* .gnu.linkonce.armexidx.*)
                0x00005a50                __exidx_end = .

.rodata         0x00005a50      0x2d8
 *(.rodata .rodata.* .gnu.linkonce.r.*)
 .rodata.str1.4
                0x00005a50       0xf4 .\CortexM3\ARM_GCC_541\Debug\main.o
 .rodata        0x00005b44       0x4c .\CortexM3\ARM_GCC_541\Debug\cyfitter_cfg.o
 .rodata.str1.1
                0x00005b90        0x2 c:/program files (x86)/cypress/psoc creator/4.4/psoc creator/import/gnu/arm/5.4.1/bin/../lib/gcc/arm-none-eabi/5.4.1/../../../../arm-none-eabi/lib/armv7-m\libg_nano.a(lib_a-impure.o)
 .rodata.str1.1
                0x00005b92       0x12 c:/program files (x86)/cypress/psoc creator/4.4/psoc creator/import/gnu/arm/5.4.1/bin/../lib/gcc/arm-none-eabi/5.4.1/../../../../arm-none-eabi/lib/armv7-m\libg_nano.a(lib_a-nano-vfprintf_float.o)
 .rodata.str1.1
                0x00005ba4       0x22 c:/program files (x86)/cypress/psoc creator/4.4/psoc creator/import/gnu/arm/5.4.1/bin/../lib/gcc/arm-none-eabi/5.4.1/../../../../arm-none-eabi/lib/armv7-m\libg_nano.a(lib_a-nano-vfprintf_i.o)
 .rodata.str1.1
                0x00005bc6        0xd c:/program files (x86)/cypress/psoc creator/4.4/psoc creator/import/gnu/arm/5.4.1/bin/../lib/gcc/arm-none-eabi/5.4.1/../../../../arm-none-eabi/lib/armv7-m\libg_nano.a(lib_a-dtoa.o)
                                  0xf (size before relaxing)
 .rodata.str1.1
                0x00005bd3        0x8 c:/program files (x86)/cypress/psoc creator/4.4/psoc creator/import/gnu/arm/5.4.1/bin/../lib/gcc/arm-none-eabi/5.4.1/../../../../arm-none-eabi/lib/armv7-m\libg_nano.a(lib_a-locale.o)
                                  0xb (size before relaxing)
 *fill*         0x00005bdb        0x5 
 .rodata.__mprec_tens
                0x00005be0       0xc8 c:/program files (x86)/cypress/psoc creator/4.4/psoc creator/import/gnu/arm/5.4.1/bin/../lib/gcc/arm-none-eabi/5.4.1/../../../../arm-none-eabi/lib/armv7-m\libg_nano.a(lib_a-mprec.o)
                0x00005be0                __mprec_tens
 .rodata.p05.5408
                0x00005ca8        0xc c:/program files (x86)/cypress/psoc creator/4.4/psoc creator/import/gnu/arm/5.4.1/bin/../lib/gcc/arm-none-eabi/5.4.1/../../../../arm-none-eabi/lib/armv7-m\libg_nano.a(lib_a-mprec.o)
 *fill*         0x00005cb4        0x4 
 .rodata.__mprec_bigtens
                0x00005cb8       0x28 c:/program files (x86)/cypress/psoc creator/4.4/psoc creator/import/gnu/arm/5.4.1/bin/../lib/gcc/arm-none-eabi/5.4.1/../../../../arm-none-eabi/lib/armv7-m\libg_nano.a(lib_a-mprec.o)
                0x00005cb8                __mprec_bigtens
 .rodata.str1.1
                0x00005ce0       0x11 c:/program files (x86)/cypress/psoc creator/4.4/psoc creator/import/gnu/arm/5.4.1/bin/../lib/gcc/arm-none-eabi/5.4.1/../../../../arm-none-eabi/lib/armv7-m\libg_nano.a(lib_a-nano-svfprintf.o)
                0x00005cf4                . = ALIGN (0x4)
 *fill*         0x00005cf1        0x3 
 *(.init)
 .init          0x00005cf4        0x4 c:/program files (x86)/cypress/psoc creator/4.4/psoc creator/import/gnu/arm/5.4.1/bin/../lib/gcc/arm-none-eabi/5.4.1/armv7-m/crti.o
                0x00005cf4                _init
 .init          0x00005cf8        0x8 c:/program files (x86)/cypress/psoc creator/4.4/psoc creator/import/gnu/arm/5.4.1/bin/../lib/gcc/arm-none-eabi/5.4.1/armv7-m/crtn.o
                0x00005d00                . = ALIGN (0x4)
                0x00005d00                __preinit_array_start = .
 *(.preinit_array)
                0x00005d00                __preinit_array_end = .
                0x00005d00                . = ALIGN (0x4)
                0x00005d00                __init_array_start = .
 *(SORT(.init_array.*))
 *(.init_array)
 .init_array    0x00005d00        0x4 c:/program files (x86)/cypress/psoc creator/4.4/psoc creator/import/gnu/arm/5.4.1/bin/../lib/gcc/arm-none-eabi/5.4.1/armv7-m/crtbegin.o
 .init_array    0x00005d04        0x4 .\CortexM3\ARM_GCC_541\Debug\Cm3Start.o
                0x00005d08                __init_array_end = .
                0x00005d08                . = ALIGN (0x4)
 *(.fini)
 .fini          0x00005d08        0x4 c:/program files (x86)/cypress/psoc creator/4.4/psoc creator/import/gnu/arm/5.4.1/bin/../lib/gcc/arm-none-eabi/5.4.1/armv7-m/crti.o
                0x00005d08                _fini
 .fini          0x00005d0c        0x8 c:/program files (x86)/cypress/psoc creator/4.4/psoc creator/import/gnu/arm/5.4.1/bin/../lib/gcc/arm-none-eabi/5.4.1/armv7-m/crtn.o
                0x00005d14                . = ALIGN (0x4)
                0x00005d14                __fini_array_start = .
 *(.fini_array)
 .fini_array    0x00005d14        0x4 c:/program files (x86)/cypress/psoc creator/4.4/psoc creator/import/gnu/arm/5.4.1/bin/../lib/gcc/arm-none-eabi/5.4.1/armv7-m/crtbegin.o
 *(SORT(.fini_array.*))
                0x00005d18                __fini_array_end = .
                0x00005d18                . = ALIGN (0x4)
 *crtbegin.o(.ctors)
 *(EXCLUDE_FILE(*crtend.o) .ctors)
 *(SORT(.ctors.*))
 *crtend.o(.ctors)
                0x00005d18                . = ALIGN (0x4)
 *crtbegin.o(.dtors)
 *(EXCLUDE_FILE(*crtend.o) .dtors)
 *(SORT(.dtors.*))
 *crtend.o(.dtors)
                0x00005d18                . = ALIGN (0x4)
                0x00005d18                __cy_regions = .
                0x00005d18        0x4 LONG 0x5d28 __cy_region_init_ram
                0x00005d1c        0x4 LONG 0x1fff80c8 __cy_region_start_data
                0x00005d20        0x4 LONG 0x120 __cy_region_init_size_ram
                0x00005d24        0x4 LONG 0x5a8 __cy_region_zero_size_ram
                0x00005d28                __cy_regions_end = .
                0x00005d28                . = ALIGN (0x8)
                0x00005d28                _etext = .

.cy_checksum_exclude
                0x00005d28        0x0
 *(.cy_checksum_exclude)

.ramvectors     0x1fff8000       0xc0
                0x1fff8000                __cy_region_start_ram = .
 *(.ramvectors)
 .ramvectors    0x1fff8000       0xc0 .\CortexM3\ARM_GCC_541\Debug\Cm3Start.o
                0x1fff8000                CyRamVectors

.noinit         0x1fff80c0        0x1
 *(.noinit)
 .noinit        0x1fff80c0        0x1 .\CortexM3\ARM_GCC_541\Debug\Design01.a(CyLib.o)
                0x1fff80c0                CyResetStatus

.data           0x1fff80c8      0x120 load address 0x00005d28
                0x1fff80c8                __cy_region_start_data = .
 *(.jcr)
 .jcr           0x1fff80c8        0x0 c:/program files (x86)/cypress/psoc creator/4.4/psoc creator/import/gnu/arm/5.4.1/bin/../lib/gcc/arm-none-eabi/5.4.1/armv7-m/crtbegin.o
 .jcr           0x1fff80c8        0x4 c:/program files (x86)/cypress/psoc creator/4.4/psoc creator/import/gnu/arm/5.4.1/bin/../lib/gcc/arm-none-eabi/5.4.1/armv7-m/crtend.o
 *(.got.plt)
 *(.got)
 *(.shdata)
 *(.data .data.* .gnu.linkonce.d.*)
 *fill*         0x1fff80cc        0x4 
 .data          0x1fff80d0       0x68 .\CortexM3\ARM_GCC_541\Debug\main.o
                0x1fff80d0                K_p
                0x1fff80d8                PWM_Master
                0x1fff80dc                PWM_Slave
                0x1fff80e0                cal
                0x1fff80e8                threshold
                0x1fff80f0                PWM_Cal
                0x1fff80f8                WHEEL_DIAMETER
                0x1fff8100                down_big
                0x1fff8104                close_small
                0x1fff8108                up_big
                0x1fff810c                open_small
                0x1fff8110                DISTANCE_BETW_WHEEL
                0x1fff8118                COUNT_WHEEL
                0x1fff8120                step
                0x1fff8124                PWM_Slave_puck
                0x1fff8128                PWM_Master_puck
                0x1fff8130                timer_period
 .data          0x1fff8138        0x4 .\CortexM3\ARM_GCC_541\Debug\Cm3Start.o
 .data          0x1fff813c       0x10 .\CortexM3\ARM_GCC_541\Debug\Design01.a(CyLib.o)
                0x1fff813c                cydelay_32k_ms
                0x1fff8140                cydelay_freq_khz
                0x1fff8144                cydelay_freq_mhz
                0x1fff8148                cydelay_freq_hz
 .data.impure_data
                0x1fff814c       0x60 c:/program files (x86)/cypress/psoc creator/4.4/psoc creator/import/gnu/arm/5.4.1/bin/../lib/gcc/arm-none-eabi/5.4.1/../../../../arm-none-eabi/lib/armv7-m\libg_nano.a(lib_a-impure.o)
 .data._impure_ptr
                0x1fff81ac        0x4 c:/program files (x86)/cypress/psoc creator/4.4/psoc creator/import/gnu/arm/5.4.1/bin/../lib/gcc/arm-none-eabi/5.4.1/../../../../arm-none-eabi/lib/armv7-m\libg_nano.a(lib_a-impure.o)
                0x1fff81ac                _impure_ptr
 .data.lconv    0x1fff81b0       0x38 c:/program files (x86)/cypress/psoc creator/4.4/psoc creator/import/gnu/arm/5.4.1/bin/../lib/gcc/arm-none-eabi/5.4.1/../../../../arm-none-eabi/lib/armv7-m\libg_nano.a(lib_a-locale.o)
                0x1fff81e8                . = ALIGN (0x8)
 *(.ram)
                0x1fff81e8                _edata = .

.igot.plt       0x1fff81e8        0x0 load address 0x00005e48
 .igot.plt      0x1fff81e8        0x0 c:/program files (x86)/cypress/psoc creator/4.4/psoc creator/import/gnu/arm/5.4.1/bin/../lib/gcc/arm-none-eabi/5.4.1/armv7-m/crtbegin.o

.bss            0x1fff81e8      0x5a8 load address 0x00005e48
                0x1fff81e8                PROVIDE (__bss_start__, .)
 *(.shbss)
 *(.bss .bss.* .gnu.linkonce.b.*)
 .bss           0x1fff81e8       0x1c c:/program files (x86)/cypress/psoc creator/4.4/psoc creator/import/gnu/arm/5.4.1/bin/../lib/gcc/arm-none-eabi/5.4.1/armv7-m/crtbegin.o
 *fill*         0x1fff8204        0x4 
 .bss           0x1fff8208      0x1d0 .\CortexM3\ARM_GCC_541\Debug\main.o
                0x1fff8208                is_moving
                0x1fff820c                Count_Master
                0x1fff8210                Count_Slave
                0x1fff8218                error
                0x1fff8220                last_error
                0x1fff8228                ultrasonic_count
                0x1fff8230                ultrasonic_measure
                0x1fff8238                echo_select
                0x1fff8240                left_measured
                0x1fff8248                wall_detected_10
                0x1fff824c                slit_detected
                0x1fff8250                compare_ready
                0x1fff8254                i
                0x1fff8258                stop_bt
                0x1fff825c                array_1
                0x1fff8262                temp
                0x1fff8264                count
                0x1fff8268                error_gyro
                0x1fff826a                error_gyro_avg
                0x1fff8270                yaw_rate
                0x1fff8278                current_reading
                0x1fff8280                previous_reading
                0x1fff8288                yaw_angle
                0x1fff8290                cycles
                0x1fff8298                heading
                0x1fff82a0                string_gyro
                0x1fff8368                direction
                0x1fff8370                CM_COUNT_CONV
                0x1fff8378                y_coord
                0x1fff8380                x_coord
                0x1fff8388                CS_count_Red
                0x1fff838c                CS_count_Green
                0x1fff8390                CS_count_Blue
                0x1fff8394                color_detected
                0x1fff8398                PT_TURN_COUNT
                0x1fff83a0                WHEEL_CIRCUMFERENCE
                0x1fff83a8                DISTANCE_PT_TURN
                0x1fff83b0                initial
                0x1fff83b4                j
                0x1fff83b8                K_d
                0x1fff83c0                K_i
                0x1fff83c8                derivative_error
                0x1fff83d0                accumulated_error
 .bss           0x1fff83d8        0x1 .\CortexM3\ARM_GCC_541\Debug\Design01.a(QuadDec_1.o)
                0x1fff83d8                QuadDec_1_initVar
 .bss           0x1fff83d9        0x1 .\CortexM3\ARM_GCC_541\Debug\Design01.a(QuadDec_1_Cnt16.o)
                0x1fff83d9                QuadDec_1_Cnt16_initVar
 .bss           0x1fff83da        0x2 .\CortexM3\ARM_GCC_541\Debug\Design01.a(UART_1.o)
                0x1fff83da                UART_1_initVar
 .bss           0x1fff83dc        0x1 .\CortexM3\ARM_GCC_541\Debug\Design01.a(QuadDec_2.o)
                0x1fff83dc                QuadDec_2_initVar
 .bss           0x1fff83dd        0x1 .\CortexM3\ARM_GCC_541\Debug\Design01.a(QuadDec_2_Cnt16.o)
                0x1fff83dd                QuadDec_2_Cnt16_initVar
 .bss           0x1fff83de        0x1 .\CortexM3\ARM_GCC_541\Debug\Design01.a(Timer_1.o)
                0x1fff83de                Timer_1_initVar
 .bss           0x1fff83df        0x1 .\CortexM3\ARM_GCC_541\Debug\Design01.a(Timer_2.o)
                0x1fff83df                Timer_2_initVar
 .bss           0x1fff83e0        0x1 .\CortexM3\ARM_GCC_541\Debug\Design01.a(Timer_3.o)
                0x1fff83e0                Timer_3_initVar
 .bss           0x1fff83e1        0x1 .\CortexM3\ARM_GCC_541\Debug\Design01.a(PWM_ColorSensor.o)
                0x1fff83e1                PWM_ColorSensor_initVar
 .bss           0x1fff83e2        0x1 .\CortexM3\ARM_GCC_541\Debug\Design01.a(Counter_ColorSensor.o)
                0x1fff83e2                Counter_ColorSensor_initVar
 .bss           0x1fff83e3        0x1 .\CortexM3\ARM_GCC_541\Debug\Design01.a(PWM_SmallServo.o)
                0x1fff83e3                PWM_SmallServo_initVar
 .bss           0x1fff83e4        0x1 .\CortexM3\ARM_GCC_541\Debug\Design01.a(PWM_BigServo.o)
                0x1fff83e4                PWM_BigServo_initVar
 .bss           0x1fff83e5        0x1 .\CortexM3\ARM_GCC_541\Debug\Design01.a(PWM_Wheels.o)
                0x1fff83e5                PWM_Wheels_initVar
 .bss           0x1fff83e6        0x1 .\CortexM3\ARM_GCC_541\Debug\Design01.a(I2C_1.o)
                0x1fff83e6                I2C_1_initVar
 *fill*         0x1fff83e7        0x1 
 .bss.__malloc_sbrk_start
                0x1fff83e8        0x4 c:/program files (x86)/cypress/psoc creator/4.4/psoc creator/import/gnu/arm/5.4.1/bin/../lib/gcc/arm-none-eabi/5.4.1/../../../../arm-none-eabi/lib/armv7-m\libg_nano.a(lib_a-nano-mallocr.o)
                0x1fff83e8                __malloc_sbrk_start
 .bss.__malloc_free_list
                0x1fff83ec        0x4 c:/program files (x86)/cypress/psoc creator/4.4/psoc creator/import/gnu/arm/5.4.1/bin/../lib/gcc/arm-none-eabi/5.4.1/../../../../arm-none-eabi/lib/armv7-m\libg_nano.a(lib_a-nano-mallocr.o)
                0x1fff83ec                __malloc_free_list
 *(COMMON)
 COMMON         0x1fff83f0      0x380 .\CortexM3\ARM_GCC_541\Debug\main.o
                0x1fff83f0                front_measured_2
                0x1fff83f8                string_bt
                0x1fff84c0                Rx
                0x1fff84c4                string_3
                0x1fff858c                string_1
                0x1fff8658                right_measured
                0x1fff8660                front_measured_1
                0x1fff8668                string_2
                0x1fff8730                tokenPtr
                0x1fff8734                task_info
 COMMON         0x1fff8770        0x1 .\CortexM3\ARM_GCC_541\Debug\Design01.a(I2C_1.o)
                0x1fff8770                I2C_1_state
 *fill*         0x1fff8771        0x3 
 COMMON         0x1fff8774       0x11 .\CortexM3\ARM_GCC_541\Debug\Design01.a(I2C_1_MASTER.o)
                0x1fff8774                I2C_1_mstrWrBufIndex
                0x1fff8775                I2C_1_mstrControl
                0x1fff8776                I2C_1_mstrStatus
                0x1fff8777                I2C_1_mstrWrBufSize
                0x1fff8778                I2C_1_mstrRdBufIndex
                0x1fff877c                I2C_1_mstrWrBufPtr
                0x1fff8780                I2C_1_mstrRdBufPtr
                0x1fff8784                I2C_1_mstrRdBufSize
 *fill*         0x1fff8785        0x3 
 COMMON         0x1fff8788        0x4 c:/program files (x86)/cypress/psoc creator/4.4/psoc creator/import/gnu/arm/5.4.1/bin/../lib/gcc/arm-none-eabi/5.4.1/../../../../arm-none-eabi/lib/armv7-m\libg_nano.a(lib_a-reent.o)
                0x1fff8788                errno
                0x1fff8790                . = ALIGN (0x8)
 *fill*         0x1fff878c        0x4 
 *(.ram.b)
                0x1fff8790                _end = .
                0x1fff8790                __end = .
                0x1fff8790                PROVIDE (end, .)
                0x1fff8790                PROVIDE (__bss_end__, .)
                0x00005d28                __cy_region_init_ram = LOADADDR (.data)
                0x00000120                __cy_region_init_size_ram = (_edata - ADDR (.data))
                0x000005a8                __cy_region_zero_size_ram = (_end - _edata)

.heap           0x1fff8790      0x200 load address 0x00005e48
                0x1fff8790                . = _end
                0x1fff8990                . = (. + 0x200)
 *fill*         0x1fff8790      0x200 
                0x1fff8990                __cy_heap_limit = .

.stack          0x20007800      0x800
                0x20007800                __cy_stack_limit = .
                0x20008000                . = (. + 0x800)
 *fill*         0x20007800      0x800 
                0x00000001                ASSERT ((__cy_stack_limit >= __cy_heap_limit), region RAM overflowed with stack)
                0x00000000                cy_checksum_exclude_size = (CY_APPL_LOADABLE == 0x1)?SIZEOF (.cy_checksum_exclude):0x0
                0x00000001                ASSERT ((cy_checksum_exclude_size <= CY_CHECKSUM_EXCLUDE_SIZE), CY_BOOT: Section .cy_checksum_exclude size exceedes specified limit.)

.cyloadermeta
 *(.cyloadermeta)

.cyloadablemeta
 *(.cyloadablemeta)

.cyconfigecc    0x80000000     0x1288
 *(.cyconfigecc)
 .cyconfigecc   0x80000000     0x1288 .\CortexM3\ARM_GCC_541\Debug\cymetadata.o
                0x80000000                cy_meta_configecc

.cycustnvl      0x90000000        0x4
 *(.cycustnvl)
 .cycustnvl     0x90000000        0x4 .\CortexM3\ARM_GCC_541\Debug\cymetadata.o
                0x90000000                cy_meta_custnvl

.cywolatch      0x90100000        0x4
 *(.cywolatch)
 .cywolatch     0x90100000        0x4 .\CortexM3\ARM_GCC_541\Debug\cymetadata.o
                0x90100000                cy_meta_wonvl

.cyeeprom       0x90200000        0x0
 *(.cyeeprom)
                0x00000001                ASSERT ((. <= ((0x90200000 + ee_offset) + ee_size)), .cyeeprom data will not fit in EEPROM)

.cyflashprotect
                0x90400000      0x100
 *(.cyflashprotect)
 .cyflashprotect
                0x90400000      0x100 .\CortexM3\ARM_GCC_541\Debug\cymetadata.o
                0x90400000                cy_meta_flashprotect

.cymeta         0x90500000        0xc
 *(.cymeta)
 .cymeta        0x90500000        0xc .\CortexM3\ARM_GCC_541\Debug\cymetadata.o
                0x90500000                cy_metadata

.rel.dyn        0x00005e48        0x0 load address 0x9050000c
 .rel.iplt      0x00005e48        0x0 c:/program files (x86)/cypress/psoc creator/4.4/psoc creator/import/gnu/arm/5.4.1/bin/../lib/gcc/arm-none-eabi/5.4.1/armv7-m/crtbegin.o

.stab
 *(.stab)

.stabstr
 *(.stabstr)

.debug
 *(.debug)

.line
 *(.line)

.debug_srcinfo
 *(.debug_srcinfo)

.debug_sfnames
 *(.debug_sfnames)

.debug_aranges  0x00000000     0x1690
 *(.debug_aranges)
 .debug_aranges
                0x00000000       0xe8 .\CortexM3\ARM_GCC_541\Debug\main.o
 .debug_aranges
                0x000000e8       0x58 .\CortexM3\ARM_GCC_541\Debug\cyfitter_cfg.o
 .debug_aranges
                0x00000140       0x18 .\CortexM3\ARM_GCC_541\Debug\cymetadata.o
 .debug_aranges
                0x00000158       0x48 .\CortexM3\ARM_GCC_541\Debug\Cm3Start.o
 .debug_aranges
                0x000001a0       0x38 .\CortexM3\ARM_GCC_541\Debug\Design01.a(Motor_1_IN_1.o)
 .debug_aranges
                0x000001d8       0x38 .\CortexM3\ARM_GCC_541\Debug\Design01.a(Motor_1_IN_2.o)
 .debug_aranges
                0x00000210      0x2a0 .\CortexM3\ARM_GCC_541\Debug\Design01.a(CyLib.o)
 .debug_aranges
                0x000004b0       0x98 .\CortexM3\ARM_GCC_541\Debug\Design01.a(cyPm.o)
 .debug_aranges
                0x00000548       0x60 .\CortexM3\ARM_GCC_541\Debug\Design01.a(QuadDec_1.o)
 .debug_aranges
                0x000005a8       0x98 .\CortexM3\ARM_GCC_541\Debug\Design01.a(QuadDec_1_Cnt16.o)
 .debug_aranges
                0x00000640       0xf0 .\CortexM3\ARM_GCC_541\Debug\Design01.a(UART_1.o)
 .debug_aranges
                0x00000730       0x70 .\CortexM3\ARM_GCC_541\Debug\Design01.a(UART_1_IntClock.o)
 .debug_aranges
                0x000007a0       0x60 .\CortexM3\ARM_GCC_541\Debug\Design01.a(QuadDec_2.o)
 .debug_aranges
                0x00000800       0x98 .\CortexM3\ARM_GCC_541\Debug\Design01.a(QuadDec_2_Cnt16.o)
 .debug_aranges
                0x00000898       0x38 .\CortexM3\ARM_GCC_541\Debug\Design01.a(Motor_2_IN_3.o)
 .debug_aranges
                0x000008d0       0x38 .\CortexM3\ARM_GCC_541\Debug\Design01.a(Motor_2_IN_4.o)
 .debug_aranges
                0x00000908       0x90 .\CortexM3\ARM_GCC_541\Debug\Design01.a(Timer_1.o)
 .debug_aranges
                0x00000998       0x80 .\CortexM3\ARM_GCC_541\Debug\Design01.a(isr_1.o)
 .debug_aranges
                0x00000a18       0x88 .\CortexM3\ARM_GCC_541\Debug\Design01.a(Timer_2.o)
 .debug_aranges
                0x00000aa0       0x38 .\CortexM3\ARM_GCC_541\Debug\Design01.a(Trigger.o)
 .debug_aranges
                0x00000ad8       0x80 .\CortexM3\ARM_GCC_541\Debug\Design01.a(isr_2.o)
 .debug_aranges
                0x00000b58       0x98 .\CortexM3\ARM_GCC_541\Debug\Design01.a(Timer_3.o)
 .debug_aranges
                0x00000bf0       0x80 .\CortexM3\ARM_GCC_541\Debug\Design01.a(isr_3.o)
 .debug_aranges
                0x00000c70       0x38 .\CortexM3\ARM_GCC_541\Debug\Design01.a(Left_Echo.o)
 .debug_aranges
                0x00000ca8       0x98 .\CortexM3\ARM_GCC_541\Debug\Design01.a(PWM_ColorSensor.o)
 .debug_aranges
                0x00000d40       0x98 .\CortexM3\ARM_GCC_541\Debug\Design01.a(Counter_ColorSensor.o)
 .debug_aranges
                0x00000dd8       0x80 .\CortexM3\ARM_GCC_541\Debug\Design01.a(isr_6.o)
 .debug_aranges
                0x00000e58       0x28 .\CortexM3\ARM_GCC_541\Debug\Design01.a(Control_Reg_1.o)
 .debug_aranges
                0x00000e80       0x38 .\CortexM3\ARM_GCC_541\Debug\Design01.a(S1.o)
 .debug_aranges
                0x00000eb8       0x38 .\CortexM3\ARM_GCC_541\Debug\Design01.a(S2.o)
 .debug_aranges
                0x00000ef0       0x38 .\CortexM3\ARM_GCC_541\Debug\Design01.a(S0.o)
 .debug_aranges
                0x00000f28       0x38 .\CortexM3\ARM_GCC_541\Debug\Design01.a(S3.o)
 .debug_aranges
                0x00000f60       0x38 .\CortexM3\ARM_GCC_541\Debug\Design01.a(CS_LED.o)
 .debug_aranges
                0x00000f98       0x38 .\CortexM3\ARM_GCC_541\Debug\Design01.a(IR_input.o)
 .debug_aranges
                0x00000fd0       0x38 .\CortexM3\ARM_GCC_541\Debug\Design01.a(led_green.o)
 .debug_aranges
                0x00001008       0x38 .\CortexM3\ARM_GCC_541\Debug\Design01.a(led_red.o)
 .debug_aranges
                0x00001040       0x38 .\CortexM3\ARM_GCC_541\Debug\Design01.a(led_blue.o)
 .debug_aranges
                0x00001078       0x38 .\CortexM3\ARM_GCC_541\Debug\Design01.a(Front_Echo_2.o)
 .debug_aranges
                0x000010b0       0x78 .\CortexM3\ARM_GCC_541\Debug\Design01.a(PWM_SmallServo.o)
 .debug_aranges
                0x00001128       0x78 .\CortexM3\ARM_GCC_541\Debug\Design01.a(PWM_BigServo.o)
 .debug_aranges
                0x000011a0       0xa8 .\CortexM3\ARM_GCC_541\Debug\Design01.a(PWM_Wheels.o)
 .debug_aranges
                0x00001248       0x28 .\CortexM3\ARM_GCC_541\Debug\Design01.a(Control_Reg_2.o)
 .debug_aranges
                0x00001270       0x80 .\CortexM3\ARM_GCC_541\Debug\Design01.a(isr_7.o)
 .debug_aranges
                0x000012f0       0x38 .\CortexM3\ARM_GCC_541\Debug\Design01.a(I2C_1.o)
 .debug_aranges
                0x00001328       0x20 .\CortexM3\ARM_GCC_541\Debug\Design01.a(I2C_1_INT.o)
 .debug_aranges
                0x00001348       0x38 .\CortexM3\ARM_GCC_541\Debug\Design01.a(I2C_1_PM.o)
 .debug_aranges
                0x00001380       0x80 .\CortexM3\ARM_GCC_541\Debug\Design01.a(I2C_1_MASTER.o)
 .debug_aranges
                0x00001400       0xa8 .\CortexM3\ARM_GCC_541\Debug\Design01.a(ADC_SAR_1.o)
 .debug_aranges
                0x000014a8       0x20 .\CortexM3\ARM_GCC_541\Debug\Design01.a(ADC_SAR_1_INT.o)
 .debug_aranges
                0x000014c8       0x80 .\CortexM3\ARM_GCC_541\Debug\Design01.a(ADC_SAR_1_theACLK.o)
 .debug_aranges
                0x00001548       0x20 .\CortexM3\ARM_GCC_541\Debug\Design01.a(CyBootAsmGnu.o)
 .debug_aranges
                0x00001568       0x88 .\CortexM3\ARM_GCC_541\Debug\Design01.a(CyFlash.o)
 .debug_aranges
                0x000015f0       0x80 .\CortexM3\ARM_GCC_541\Debug\Design01.a(CySpc.o)
 .debug_aranges
                0x00001670       0x20 .\CortexM3\ARM_GCC_541\Debug\Design01.a(cyutils.o)

.debug_pubnames
 *(.debug_pubnames)

.debug_info     0x00000000     0xbfa2
 *(.debug_info .gnu.linkonce.wi.*)
 .debug_info    0x00000000     0x2766 .\CortexM3\ARM_GCC_541\Debug\main.o
 .debug_info    0x00002766      0x687 .\CortexM3\ARM_GCC_541\Debug\cyfitter_cfg.o
 .debug_info    0x00002ded      0x139 .\CortexM3\ARM_GCC_541\Debug\cymetadata.o
 .debug_info    0x00002f26      0x3bb .\CortexM3\ARM_GCC_541\Debug\Cm3Start.o
 .debug_info    0x000032e1      0x11f .\CortexM3\ARM_GCC_541\Debug\Design01.a(Motor_1_IN_1.o)
 .debug_info    0x00003400      0x11f .\CortexM3\ARM_GCC_541\Debug\Design01.a(Motor_1_IN_2.o)
 .debug_info    0x0000351f     0x1374 .\CortexM3\ARM_GCC_541\Debug\Design01.a(CyLib.o)
 .debug_info    0x00004893      0xa2a .\CortexM3\ARM_GCC_541\Debug\Design01.a(cyPm.o)
 .debug_info    0x000052bd      0x2d4 .\CortexM3\ARM_GCC_541\Debug\Design01.a(QuadDec_1.o)
 .debug_info    0x00005591      0x348 .\CortexM3\ARM_GCC_541\Debug\Design01.a(QuadDec_1_Cnt16.o)
 .debug_info    0x000058d9      0x60c .\CortexM3\ARM_GCC_541\Debug\Design01.a(UART_1.o)
 .debug_info    0x00005ee5      0x283 .\CortexM3\ARM_GCC_541\Debug\Design01.a(UART_1_IntClock.o)
 .debug_info    0x00006168      0x2d4 .\CortexM3\ARM_GCC_541\Debug\Design01.a(QuadDec_2.o)
 .debug_info    0x0000643c      0x348 .\CortexM3\ARM_GCC_541\Debug\Design01.a(QuadDec_2_Cnt16.o)
 .debug_info    0x00006784      0x11f .\CortexM3\ARM_GCC_541\Debug\Design01.a(Motor_2_IN_3.o)
 .debug_info    0x000068a3      0x11f .\CortexM3\ARM_GCC_541\Debug\Design01.a(Motor_2_IN_4.o)
 .debug_info    0x000069c2      0x334 .\CortexM3\ARM_GCC_541\Debug\Design01.a(Timer_1.o)
 .debug_info    0x00006cf6      0x2d2 .\CortexM3\ARM_GCC_541\Debug\Design01.a(isr_1.o)
 .debug_info    0x00006fc8      0x291 .\CortexM3\ARM_GCC_541\Debug\Design01.a(Timer_2.o)
 .debug_info    0x00007259      0x11f .\CortexM3\ARM_GCC_541\Debug\Design01.a(Trigger.o)
 .debug_info    0x00007378      0x2d2 .\CortexM3\ARM_GCC_541\Debug\Design01.a(isr_2.o)
 .debug_info    0x0000764a      0x328 .\CortexM3\ARM_GCC_541\Debug\Design01.a(Timer_3.o)
 .debug_info    0x00007972      0x2d2 .\CortexM3\ARM_GCC_541\Debug\Design01.a(isr_3.o)
 .debug_info    0x00007c44      0x11f .\CortexM3\ARM_GCC_541\Debug\Design01.a(Left_Echo.o)
 .debug_info    0x00007d63      0x354 .\CortexM3\ARM_GCC_541\Debug\Design01.a(PWM_ColorSensor.o)
 .debug_info    0x000080b7      0x344 .\CortexM3\ARM_GCC_541\Debug\Design01.a(Counter_ColorSensor.o)
 .debug_info    0x000083fb      0x2d2 .\CortexM3\ARM_GCC_541\Debug\Design01.a(isr_6.o)
 .debug_info    0x000086cd       0xd6 .\CortexM3\ARM_GCC_541\Debug\Design01.a(Control_Reg_1.o)
 .debug_info    0x000087a3      0x11f .\CortexM3\ARM_GCC_541\Debug\Design01.a(S1.o)
 .debug_info    0x000088c2      0x11f .\CortexM3\ARM_GCC_541\Debug\Design01.a(S2.o)
 .debug_info    0x000089e1      0x11f .\CortexM3\ARM_GCC_541\Debug\Design01.a(S0.o)
 .debug_info    0x00008b00      0x11f .\CortexM3\ARM_GCC_541\Debug\Design01.a(S3.o)
 .debug_info    0x00008c1f      0x11f .\CortexM3\ARM_GCC_541\Debug\Design01.a(CS_LED.o)
 .debug_info    0x00008d3e      0x11f .\CortexM3\ARM_GCC_541\Debug\Design01.a(IR_input.o)
 .debug_info    0x00008e5d      0x11f .\CortexM3\ARM_GCC_541\Debug\Design01.a(led_green.o)
 .debug_info    0x00008f7c      0x11f .\CortexM3\ARM_GCC_541\Debug\Design01.a(led_red.o)
 .debug_info    0x0000909b      0x11f .\CortexM3\ARM_GCC_541\Debug\Design01.a(led_blue.o)
 .debug_info    0x000091ba      0x11f .\CortexM3\ARM_GCC_541\Debug\Design01.a(Front_Echo_2.o)
 .debug_info    0x000092d9      0x281 .\CortexM3\ARM_GCC_541\Debug\Design01.a(PWM_SmallServo.o)
 .debug_info    0x0000955a      0x281 .\CortexM3\ARM_GCC_541\Debug\Design01.a(PWM_BigServo.o)
 .debug_info    0x000097db      0x3a4 .\CortexM3\ARM_GCC_541\Debug\Design01.a(PWM_Wheels.o)
 .debug_info    0x00009b7f       0xd6 .\CortexM3\ARM_GCC_541\Debug\Design01.a(Control_Reg_2.o)
 .debug_info    0x00009c55      0x2d2 .\CortexM3\ARM_GCC_541\Debug\Design01.a(isr_7.o)
 .debug_info    0x00009f27      0x2ad .\CortexM3\ARM_GCC_541\Debug\Design01.a(I2C_1.o)
 .debug_info    0x0000a1d4      0x184 .\CortexM3\ARM_GCC_541\Debug\Design01.a(I2C_1_INT.o)
 .debug_info    0x0000a358      0x207 .\CortexM3\ARM_GCC_541\Debug\Design01.a(I2C_1_PM.o)
 .debug_info    0x0000a55f      0x407 .\CortexM3\ARM_GCC_541\Debug\Design01.a(I2C_1_MASTER.o)
 .debug_info    0x0000a966      0x5c0 .\CortexM3\ARM_GCC_541\Debug\Design01.a(ADC_SAR_1.o)
 .debug_info    0x0000af26       0x92 .\CortexM3\ARM_GCC_541\Debug\Design01.a(ADC_SAR_1_INT.o)
 .debug_info    0x0000afb8      0x2c4 .\CortexM3\ARM_GCC_541\Debug\Design01.a(ADC_SAR_1_theACLK.o)
 .debug_info    0x0000b27c       0x9b .\CortexM3\ARM_GCC_541\Debug\Design01.a(CyBootAsmGnu.o)
 .debug_info    0x0000b317      0x64d .\CortexM3\ARM_GCC_541\Debug\Design01.a(CyFlash.o)
 .debug_info    0x0000b964      0x550 .\CortexM3\ARM_GCC_541\Debug\Design01.a(CySpc.o)
 .debug_info    0x0000beb4       0xee .\CortexM3\ARM_GCC_541\Debug\Design01.a(cyutils.o)

.debug_abbrev   0x00000000     0x37ff
 *(.debug_abbrev)
 .debug_abbrev  0x00000000      0x279 .\CortexM3\ARM_GCC_541\Debug\main.o
 .debug_abbrev  0x00000279      0x20d .\CortexM3\ARM_GCC_541\Debug\cyfitter_cfg.o
 .debug_abbrev  0x00000486       0x77 .\CortexM3\ARM_GCC_541\Debug\cymetadata.o
 .debug_abbrev  0x000004fd      0x1e8 .\CortexM3\ARM_GCC_541\Debug\Cm3Start.o
 .debug_abbrev  0x000006e5       0x90 .\CortexM3\ARM_GCC_541\Debug\Design01.a(Motor_1_IN_1.o)
 .debug_abbrev  0x00000775       0x90 .\CortexM3\ARM_GCC_541\Debug\Design01.a(Motor_1_IN_2.o)
 .debug_abbrev  0x00000805      0x254 .\CortexM3\ARM_GCC_541\Debug\Design01.a(CyLib.o)
 .debug_abbrev  0x00000a59      0x1ab .\CortexM3\ARM_GCC_541\Debug\Design01.a(cyPm.o)
 .debug_abbrev  0x00000c04      0x151 .\CortexM3\ARM_GCC_541\Debug\Design01.a(QuadDec_1.o)
 .debug_abbrev  0x00000d55      0x117 .\CortexM3\ARM_GCC_541\Debug\Design01.a(QuadDec_1_Cnt16.o)
 .debug_abbrev  0x00000e6c      0x175 .\CortexM3\ARM_GCC_541\Debug\Design01.a(UART_1.o)
 .debug_abbrev  0x00000fe1      0x139 .\CortexM3\ARM_GCC_541\Debug\Design01.a(UART_1_IntClock.o)
 .debug_abbrev  0x0000111a      0x151 .\CortexM3\ARM_GCC_541\Debug\Design01.a(QuadDec_2.o)
 .debug_abbrev  0x0000126b      0x117 .\CortexM3\ARM_GCC_541\Debug\Design01.a(QuadDec_2_Cnt16.o)
 .debug_abbrev  0x00001382       0x90 .\CortexM3\ARM_GCC_541\Debug\Design01.a(Motor_2_IN_3.o)
 .debug_abbrev  0x00001412       0x90 .\CortexM3\ARM_GCC_541\Debug\Design01.a(Motor_2_IN_4.o)
 .debug_abbrev  0x000014a2      0x14b .\CortexM3\ARM_GCC_541\Debug\Design01.a(Timer_1.o)
 .debug_abbrev  0x000015ed      0x173 .\CortexM3\ARM_GCC_541\Debug\Design01.a(isr_1.o)
 .debug_abbrev  0x00001760      0x11a .\CortexM3\ARM_GCC_541\Debug\Design01.a(Timer_2.o)
 .debug_abbrev  0x0000187a       0x90 .\CortexM3\ARM_GCC_541\Debug\Design01.a(Trigger.o)
 .debug_abbrev  0x0000190a      0x173 .\CortexM3\ARM_GCC_541\Debug\Design01.a(isr_2.o)
 .debug_abbrev  0x00001a7d      0x13a .\CortexM3\ARM_GCC_541\Debug\Design01.a(Timer_3.o)
 .debug_abbrev  0x00001bb7      0x173 .\CortexM3\ARM_GCC_541\Debug\Design01.a(isr_3.o)
 .debug_abbrev  0x00001d2a       0x90 .\CortexM3\ARM_GCC_541\Debug\Design01.a(Left_Echo.o)
 .debug_abbrev  0x00001dba      0x133 .\CortexM3\ARM_GCC_541\Debug\Design01.a(PWM_ColorSensor.o)
 .debug_abbrev  0x00001eed      0x117 .\CortexM3\ARM_GCC_541\Debug\Design01.a(Counter_ColorSensor.o)
 .debug_abbrev  0x00002004      0x173 .\CortexM3\ARM_GCC_541\Debug\Design01.a(isr_6.o)
 .debug_abbrev  0x00002177       0x81 .\CortexM3\ARM_GCC_541\Debug\Design01.a(Control_Reg_1.o)
 .debug_abbrev  0x000021f8       0x90 .\CortexM3\ARM_GCC_541\Debug\Design01.a(S1.o)
 .debug_abbrev  0x00002288       0x90 .\CortexM3\ARM_GCC_541\Debug\Design01.a(S2.o)
 .debug_abbrev  0x00002318       0x90 .\CortexM3\ARM_GCC_541\Debug\Design01.a(S0.o)
 .debug_abbrev  0x000023a8       0x90 .\CortexM3\ARM_GCC_541\Debug\Design01.a(S3.o)
 .debug_abbrev  0x00002438       0x90 .\CortexM3\ARM_GCC_541\Debug\Design01.a(CS_LED.o)
 .debug_abbrev  0x000024c8       0x90 .\CortexM3\ARM_GCC_541\Debug\Design01.a(IR_input.o)
 .debug_abbrev  0x00002558       0x90 .\CortexM3\ARM_GCC_541\Debug\Design01.a(led_green.o)
 .debug_abbrev  0x000025e8       0x90 .\CortexM3\ARM_GCC_541\Debug\Design01.a(led_red.o)
 .debug_abbrev  0x00002678       0x90 .\CortexM3\ARM_GCC_541\Debug\Design01.a(led_blue.o)
 .debug_abbrev  0x00002708       0x90 .\CortexM3\ARM_GCC_541\Debug\Design01.a(Front_Echo_2.o)
 .debug_abbrev  0x00002798      0x12d .\CortexM3\ARM_GCC_541\Debug\Design01.a(PWM_SmallServo.o)
 .debug_abbrev  0x000028c5      0x12d .\CortexM3\ARM_GCC_541\Debug\Design01.a(PWM_BigServo.o)
 .debug_abbrev  0x000029f2      0x133 .\CortexM3\ARM_GCC_541\Debug\Design01.a(PWM_Wheels.o)
 .debug_abbrev  0x00002b25       0x81 .\CortexM3\ARM_GCC_541\Debug\Design01.a(Control_Reg_2.o)
 .debug_abbrev  0x00002ba6      0x173 .\CortexM3\ARM_GCC_541\Debug\Design01.a(isr_7.o)
 .debug_abbrev  0x00002d19      0x10a .\CortexM3\ARM_GCC_541\Debug\Design01.a(I2C_1.o)
 .debug_abbrev  0x00002e23       0xb6 .\CortexM3\ARM_GCC_541\Debug\Design01.a(I2C_1_INT.o)
 .debug_abbrev  0x00002ed9       0xfe .\CortexM3\ARM_GCC_541\Debug\Design01.a(I2C_1_PM.o)
 .debug_abbrev  0x00002fd7      0x13c .\CortexM3\ARM_GCC_541\Debug\Design01.a(I2C_1_MASTER.o)
 .debug_abbrev  0x00003113      0x1ac .\CortexM3\ARM_GCC_541\Debug\Design01.a(ADC_SAR_1.o)
 .debug_abbrev  0x000032bf       0x42 .\CortexM3\ARM_GCC_541\Debug\Design01.a(ADC_SAR_1_INT.o)
 .debug_abbrev  0x00003301      0x121 .\CortexM3\ARM_GCC_541\Debug\Design01.a(ADC_SAR_1_theACLK.o)
 .debug_abbrev  0x00003422       0x14 .\CortexM3\ARM_GCC_541\Debug\Design01.a(CyBootAsmGnu.o)
 .debug_abbrev  0x00003436      0x1a7 .\CortexM3\ARM_GCC_541\Debug\Design01.a(CyFlash.o)
 .debug_abbrev  0x000035dd      0x194 .\CortexM3\ARM_GCC_541\Debug\Design01.a(CySpc.o)
 .debug_abbrev  0x00003771       0x8e .\CortexM3\ARM_GCC_541\Debug\Design01.a(cyutils.o)

.debug_line     0x00000000     0x4d5a
 *(.debug_line)
 .debug_line    0x00000000      0x8df .\CortexM3\ARM_GCC_541\Debug\main.o
 .debug_line    0x000008df      0x218 .\CortexM3\ARM_GCC_541\Debug\cyfitter_cfg.o
 .debug_line    0x00000af7      0x141 .\CortexM3\ARM_GCC_541\Debug\cymetadata.o
 .debug_line    0x00000c38      0x234 .\CortexM3\ARM_GCC_541\Debug\Cm3Start.o