Archive member included to satisfy reference by file (symbol)

.\CortexM3\ARM_GCC_541\Debug\Design01.a(Motor_1_IN_1.o)
                              .\CortexM3\ARM_GCC_541\Debug\main.o (Motor_1_IN_1_Write)
.\CortexM3\ARM_GCC_541\Debug\Design01.a(Motor_1_IN_2.o)
                              .\CortexM3\ARM_GCC_541\Debug\main.o (Motor_1_IN_2_Write)
.\CortexM3\ARM_GCC_541\Debug\Design01.a(CyLib.o)
                              .\CortexM3\ARM_GCC_541\Debug\Cm3Start.o (CyHalt)
.\CortexM3\ARM_GCC_541\Debug\Design01.a(cyPm.o)
                              .\CortexM3\ARM_GCC_541\Debug\Design01.a(CyLib.o) (CyPmReadStatus)
.\CortexM3\ARM_GCC_541\Debug\Design01.a(QuadDec_1.o)
                              .\CortexM3\ARM_GCC_541\Debug\main.o (QuadDec_1_GetCounter)
.\CortexM3\ARM_GCC_541\Debug\Design01.a(QuadDec_1_Cnt16.o)
                              .\CortexM3\ARM_GCC_541\Debug\Design01.a(QuadDec_1.o) (QuadDec_1_Cnt16_Stop)
.\CortexM3\ARM_GCC_541\Debug\Design01.a(UART_1.o)
                              .\CortexM3\ARM_GCC_541\Debug\main.o (UART_1_Start)
.\CortexM3\ARM_GCC_541\Debug\Design01.a(UART_1_IntClock.o)
                              .\CortexM3\ARM_GCC_541\Debug\Design01.a(UART_1.o) (UART_1_IntClock_Start)
.\CortexM3\ARM_GCC_541\Debug\Design01.a(QuadDec_2.o)
                              .\CortexM3\ARM_GCC_541\Debug\main.o (QuadDec_2_GetCounter)
.\CortexM3\ARM_GCC_541\Debug\Design01.a(QuadDec_2_Cnt16.o)
                              .\CortexM3\ARM_GCC_541\Debug\Design01.a(QuadDec_2.o) (QuadDec_2_Cnt16_Stop)
.\CortexM3\ARM_GCC_541\Debug\Design01.a(Motor_2_IN_3.o)
                              .\CortexM3\ARM_GCC_541\Debug\main.o (Motor_2_IN_3_Write)
.\CortexM3\ARM_GCC_541\Debug\Design01.a(Motor_2_IN_4.o)
                              .\CortexM3\ARM_GCC_541\Debug\main.o (Motor_2_IN_4_Write)
.\CortexM3\ARM_GCC_541\Debug\Design01.a(PWM_Master.o)
                              .\CortexM3\ARM_GCC_541\Debug\main.o (PWM_Master_WriteCompare)
.\CortexM3\ARM_GCC_541\Debug\Design01.a(PWM_Slave.o)
                              .\CortexM3\ARM_GCC_541\Debug\main.o (PWM_Slave_WriteCompare)
.\CortexM3\ARM_GCC_541\Debug\Design01.a(Timer_1.o)
                              .\CortexM3\ARM_GCC_541\Debug\main.o (Timer_1_Start)
.\CortexM3\ARM_GCC_541\Debug\Design01.a(isr_1.o)
                              .\CortexM3\ARM_GCC_541\Debug\main.o (isr_1_StartEx)
.\CortexM3\ARM_GCC_541\Debug\Design01.a(Timer_2.o)
                              .\CortexM3\ARM_GCC_541\Debug\main.o (Timer_2_ReadStatusRegister)
.\CortexM3\ARM_GCC_541\Debug\Design01.a(isr_2.o)
                              .\CortexM3\ARM_GCC_541\Debug\main.o (isr_2_StartEx)
.\CortexM3\ARM_GCC_541\Debug\Design01.a(Timer_3.o)
                              .\CortexM3\ARM_GCC_541\Debug\main.o (Timer_3_Start)
.\CortexM3\ARM_GCC_541\Debug\Design01.a(Right_Echo.o)
                              .\CortexM3\ARM_GCC_541\Debug\main.o (Right_Echo_Read)
.\CortexM3\ARM_GCC_541\Debug\Design01.a(Timer_4.o)
                              .\CortexM3\ARM_GCC_541\Debug\main.o (Timer_4_Start)
.\CortexM3\ARM_GCC_541\Debug\Design01.a(Timer_5.o)
                              .\CortexM3\ARM_GCC_541\Debug\main.o (Timer_5_Start)
.\CortexM3\ARM_GCC_541\Debug\Design01.a(Front_Echo_1.o)
                              .\CortexM3\ARM_GCC_541\Debug\main.o (Front_Echo_1_Read)
.\CortexM3\ARM_GCC_541\Debug\Design01.a(Right_Trigger.o)
                              .\CortexM3\ARM_GCC_541\Debug\main.o (Right_Trigger_Write)
.\CortexM3\ARM_GCC_541\Debug\Design01.a(PWM_ColorSensor.o)
                              .\CortexM3\ARM_GCC_541\Debug\main.o (PWM_ColorSensor_ReadStatusRegister)
.\CortexM3\ARM_GCC_541\Debug\Design01.a(Counter_ColorSensor.o)
                              .\CortexM3\ARM_GCC_541\Debug\main.o (Counter_ColorSensor_ReadCapture)
.\CortexM3\ARM_GCC_541\Debug\Design01.a(isr_6.o)
                              .\CortexM3\ARM_GCC_541\Debug\main.o (isr_6_StartEx)
.\CortexM3\ARM_GCC_541\Debug\Design01.a(Control_Reg_1.o)
                              .\CortexM3\ARM_GCC_541\Debug\main.o (Control_Reg_1_Write)
.\CortexM3\ARM_GCC_541\Debug\Design01.a(S1.o)
                              .\CortexM3\ARM_GCC_541\Debug\main.o (S1_Write)
.\CortexM3\ARM_GCC_541\Debug\Design01.a(S2.o)
                              .\CortexM3\ARM_GCC_541\Debug\main.o (S2_Write)
.\CortexM3\ARM_GCC_541\Debug\Design01.a(S0.o)
                              .\CortexM3\ARM_GCC_541\Debug\main.o (S0_Write)
.\CortexM3\ARM_GCC_541\Debug\Design01.a(S3.o)
                              .\CortexM3\ARM_GCC_541\Debug\main.o (S3_Write)
.\CortexM3\ARM_GCC_541\Debug\Design01.a(CS_LED.o)
                              .\CortexM3\ARM_GCC_541\Debug\main.o (CS_LED_Write)
.\CortexM3\ARM_GCC_541\Debug\Design01.a(IR_input.o)
                              .\CortexM3\ARM_GCC_541\Debug\main.o (IR_input_Read)
.\CortexM3\ARM_GCC_541\Debug\Design01.a(led_green.o)
                              .\CortexM3\ARM_GCC_541\Debug\main.o (led_green_Write)
[...]
Memory Configuration

Name             Origin             Length             Attributes
rom              0x00000000         0x00040000         xr
ram              0x1fff8000         0x00010000         xrw
*default*        0x00000000         0xffffffff

Linker script and memory map

LOAD c:/program files (x86)/cypress/psoc creator/4.4/psoc creator/import/gnu/arm/5.4.1/bin/../lib/gcc/arm-none-eabi/5.4.1/armv7-m/crti.o
LOAD c:/program files (x86)/cypress/psoc creator/4.4/psoc creator/import/gnu/arm/5.4.1/bin/../lib/gcc/arm-none-eabi/5.4.1/armv7-m/crtbegin.o
LOAD c:/program files (x86)/cypress/psoc creator/4.4/psoc creator/import/gnu/arm/5.4.1/bin/../lib/gcc/arm-none-eabi/5.4.1/../../../../arm-none-eabi/lib/armv7-m/crt0.o
START GROUP
LOAD .\CortexM3\ARM_GCC_541\Debug\main.o
LOAD .\CortexM3\ARM_GCC_541\Debug\cyfitter_cfg.o
LOAD .\CortexM3\ARM_GCC_541\Debug\cymetadata.o
LOAD .\CortexM3\ARM_GCC_541\Debug\Cm3Start.o
LOAD .\CortexM3\ARM_GCC_541\Debug\Design01.a
LOAD C:\Program Files (x86)\Cypress\PSoC Creator\4.4\PSoC Creator\psoc\content\cycomponentlibrary\CyComponentLibrary.cylib\CortexM3\ARM_GCC_541\Debug\CyComponentLibrary.a
END GROUP
START GROUP
LOAD c:/program files (x86)/cypress/psoc creator/4.4/psoc creator/import/gnu/arm/5.4.1/bin/../lib/gcc/arm-none-eabi/5.4.1/armv7-m\libgcc.a
LOAD c:/program files (x86)/cypress/psoc creator/4.4/psoc creator/import/gnu/arm/5.4.1/bin/../lib/gcc/arm-none-eabi/5.4.1/../../../../arm-none-eabi/lib/armv7-m\libg_nano.a
LOAD c:/program files (x86)/cypress/psoc creator/4.4/psoc creator/import/gnu/arm/5.4.1/bin/../lib/gcc/arm-none-eabi/5.4.1/../../../../arm-none-eabi/lib/armv7-m\libc_nano.a
END GROUP
START GROUP
LOAD c:/program files (x86)/cypress/psoc creator/4.4/psoc creator/import/gnu/arm/5.4.1/bin/../lib/gcc/arm-none-eabi/5.4.1/armv7-m\libgcc.a
LOAD c:/program files (x86)/cypress/psoc creator/4.4/psoc creator/import/gnu/arm/5.4.1/bin/../lib/gcc/arm-none-eabi/5.4.1/../../../../arm-none-eabi/lib/armv7-m\libc_nano.a
END GROUP
LOAD c:/program files (x86)/cypress/psoc creator/4.4/psoc creator/import/gnu/arm/5.4.1/bin/../lib/gcc/arm-none-eabi/5.4.1/armv7-m/crtend.o
LOAD c:/program files (x86)/cypress/psoc creator/4.4/psoc creator/import/gnu/arm/5.4.1/bin/../lib/gcc/arm-none-eabi/5.4.1/armv7-m/crtn.o
START GROUP
LOAD c:/program files (x86)/cypress/psoc creator/4.4/psoc creator/import/gnu/arm/5.4.1/bin/../lib/gcc/arm-none-eabi/5.4.1/armv7-m\libgcc.a
LOAD c:/program files (x86)/cypress/psoc creator/4.4/psoc creator/import/gnu/arm/5.4.1/bin/../lib/gcc/arm-none-eabi/5.4.1/../../../../arm-none-eabi/lib/armv7-m\libc.a
LOAD c:/program files (x86)/cypress/psoc creator/4.4/psoc creator/import/gnu/arm/5.4.1/bin/../lib/gcc/arm-none-eabi/5.4.1/../../../../arm-none-eabi/lib/armv7-m\libnosys.a
END GROUP
                0x00000000                CY_APPL_ORIGIN = 0x0
                0x00000100                CY_FLASH_ROW_SIZE = 0x100
                0x00000020                CY_ECC_ROW_SIZE = 0x20
                0x00000000                CY_EE_IN_BTLDR = 0x0
                0x00000000                CY_APPL_LOADABLE = 0x0
                0x00000800                CY_EE_SIZE = 0x800
                0x00000001                CY_APPL_NUM = 0x1
                0x00000001                CY_APPL_MAX = 0x1
                0x00000040                CY_METADATA_SIZE = 0x40
                0x00000000                CY_APPL_LOADABLE = 0x0
                0x00000000                CY_CHECKSUM_EXCLUDE_SIZE = ALIGN (0x0, CY_FLASH_ROW_SIZE)
                [!provide]                PROVIDE (__cy_heap_start, _end)
                0x00000001                PROVIDE (__cy_region_num, ((__cy_regions_end - __cy_regions) / 0x10))
                0x20008000                PROVIDE (__cy_stack, (ORIGIN (ram) + LENGTH (ram)))
                [!provide]                PROVIDE (__cy_heap_end, (__cy_stack - 0x800))

.cybootloader   0x00000000        0x0
 *(.cybootloader)
                0x00000000                appl1_start = CY_APPL_ORIGIN?CY_APPL_ORIGIN:ALIGN (CY_FLASH_ROW_SIZE)
                0x0001ff00                appl2_start = (appl1_start + ALIGN ((((LENGTH (rom) - appl1_start) - (0x2 * CY_FLASH_ROW_SIZE)) / 0x2), CY_FLASH_ROW_SIZE))
                0x00000000                appl_start = (CY_APPL_NUM == 0x1)?appl1_start:appl2_start
                0x00000000                ecc_offset = ((appl_start / CY_FLASH_ROW_SIZE) * CY_ECC_ROW_SIZE)
                0x00000000                ee_offset = (CY_APPL_LOADABLE && ! (CY_EE_IN_BTLDR))?((CY_EE_SIZE / CY_APPL_MAX) * (CY_APPL_NUM - 0x1)):0x0
                0x00000800                ee_size = (CY_APPL_LOADABLE && ! (CY_EE_IN_BTLDR))?(CY_EE_SIZE / CY_APPL_MAX):CY_EE_SIZE
                [!provide]                PROVIDE (CY_ECC_OFFSET, ecc_offset)

.text           0x00000000     0x4954
 CREATE_OBJECT_SYMBOLS
                0x00000000                PROVIDE (__cy_interrupt_vector, RomVectors)
 *(.romvectors)
 .romvectors    0x00000000       0x10 .\CortexM3\ARM_GCC_541\Debug\Cm3Start.o
                0x00000000                RomVectors
                0x00000001                ASSERT ((. != __cy_interrupt_vector), No interrupt vector)
                0x00000001                ASSERT (CY_APPL_ORIGIN?(SIZEOF (.cybootloader) <= CY_APPL_ORIGIN):0x1, Wrong image location)
                0x00000010                PROVIDE (__cy_reset, Reset)
 *(.text.Reset)
 .text.Reset    0x00000010       0x18 .\CortexM3\ARM_GCC_541\Debug\Cm3Start.o
                0x00000010                Reset
                0x00000001                ASSERT ((. != __cy_reset), No reset code)
 *(.dma_init)
                0x00000001                ASSERT ((((appl_start + .) <= 0x10000) || 0x1), DMA Init must be within the first 64k of flash)
 *(.text .text.* .gnu.linkonce.t.*)
 .text          0x00000028       0x5c c:/program files (x86)/cypress/psoc creator/4.4/psoc creator/import/gnu/arm/5.4.1/bin/../lib/gcc/arm-none-eabi/5.4.1/armv7-m/crtbegin.o
 .text.Color_sensing
                0x00000084       0x14 .\CortexM3\ARM_GCC_541\Debug\main.o
                0x00000084                Color_sensing
 .text.Speed_Control
                0x00000098       0x64 .\CortexM3\ARM_GCC_541\Debug\main.o
                0x00000098                Speed_Control
 .text.dist_front_detection_1
                0x000000fc       0x70 .\CortexM3\ARM_GCC_541\Debug\main.o
                0x000000fc                dist_front_detection_1
 .text.stop     0x0000016c       0x28 .\CortexM3\ARM_GCC_541\Debug\main.o
                0x0000016c                stop
 .text.forward  0x00000194       0x28 .\CortexM3\ARM_GCC_541\Debug\main.o
                0x00000194                forward
 .text.reverse  0x000001bc       0x28 .\CortexM3\ARM_GCC_541\Debug\main.o
                0x000001bc                reverse
 .text.turn_anticlockwise
                0x000001e4       0x28 .\CortexM3\ARM_GCC_541\Debug\main.o
                0x000001e4                turn_anticlockwise
 .text.turn_clockwise
                0x0000020c       0x28 .\CortexM3\ARM_GCC_541\Debug\main.o
                0x0000020c                turn_clockwise
 *fill*         0x00000234        0x4 
 .text.F_or_R_1
                0x00000238      0x134 .\CortexM3\ARM_GCC_541\Debug\main.o
                0x00000238                F_or_R_1
 *fill*         0x0000036c        0x4 
 .text.F_or_R_2
                0x00000370      0x10c .\CortexM3\ARM_GCC_541\Debug\main.o
                0x00000370                F_or_R_2
 *fill*         0x0000047c        0x4 
 .text.F_or_R_3
                0x00000480       0xdc .\CortexM3\ARM_GCC_541\Debug\main.o
                0x00000480                F_or_R_3
 .text.CW       0x0000055c       0x84 .\CortexM3\ARM_GCC_541\Debug\main.o
                0x0000055c                CW
 .text.Color_Sensing_Function
                0x000005e0      0x140 .\CortexM3\ARM_GCC_541\Debug\main.o
                0x000005e0                Color_Sensing_Function
 .text.main     0x00000720      0x24c .\CortexM3\ARM_GCC_541\Debug\main.o
                0x00000720                main
 .text.CyClockStartupError
                0x0000096c        0x4 .\CortexM3\ARM_GCC_541\Debug\cyfitter_cfg.o
 .text.cfg_write_bytes32
                0x00000970       0x34 .\CortexM3\ARM_GCC_541\Debug\cyfitter_cfg.o
 .text.AnalogSetDefault
                0x000009a4       0x28 .\CortexM3\ARM_GCC_541\Debug\cyfitter_cfg.o
 .text.CYMEMZERO
                0x000009cc        0xc .\CortexM3\ARM_GCC_541\Debug\cyfitter_cfg.o
 .text.ClockSetup
                0x000009d8       0xe4 .\CortexM3\ARM_GCC_541\Debug\cyfitter_cfg.o
 .text.CYCONFIGCPY
                0x00000abc        0x8 .\CortexM3\ARM_GCC_541\Debug\cyfitter_cfg.o
 .text.cyfitter_cfg
                0x00000ac4      0x178 .\CortexM3\ARM_GCC_541\Debug\cyfitter_cfg.o
                0x00000ac4                cyfitter_cfg
 .text.IntDefaultHandler
                0x00000c3c       0x10 .\CortexM3\ARM_GCC_541\Debug\Cm3Start.o
                0x00000c3c                IntDefaultHandler
 .text._sbrk    0x00000c4c       0x30 .\CortexM3\ARM_GCC_541\Debug\Cm3Start.o
                0x00000c4c                _sbrk
 .text.Start_c  0x00000c7c       0x4c .\CortexM3\ARM_GCC_541\Debug\Cm3Start.o
                0x00000c7c                Start_c
 .text.initialize_psoc
                0x00000cc8       0x68 .\CortexM3\ARM_GCC_541\Debug\Cm3Start.o
                0x00000cc8                initialize_psoc
 .text.Motor_1_IN_1_Write
                0x00000d30       0x18 .\CortexM3\ARM_GCC_541\Debug\Design01.a(Motor_1_IN_1.o)
                0x00000d30                Motor_1_IN_1_Write
 .text.Motor_1_IN_2_Write
                0x00000d48       0x18 .\CortexM3\ARM_GCC_541\Debug\Design01.a(Motor_1_IN_2.o)
                0x00000d48                Motor_1_IN_2_Write
 .text.CyDelay  0x00000d60       0x2c .\CortexM3\ARM_GCC_541\Debug\Design01.a(CyLib.o)
                0x00000d60                CyDelay
 .text.CyDelayUs
                0x00000d8c       0x14 .\CortexM3\ARM_GCC_541\Debug\Design01.a(CyLib.o)
                0x00000d8c                CyDelayUs
 .text.QuadDec_1_GetCounter
                0x00000da0       0x10 .\CortexM3\ARM_GCC_541\Debug\Design01.a(QuadDec_1.o)
                0x00000da0                QuadDec_1_GetCounter
 .text.QuadDec_1_SetCounter
                0x00000db0       0x1c .\CortexM3\ARM_GCC_541\Debug\Design01.a(QuadDec_1.o)
                0x00000db0                QuadDec_1_SetCounter
 .text.QuadDec_1_GetEvents
                0x00000dcc       0x10 .\CortexM3\ARM_GCC_541\Debug\Design01.a(QuadDec_1.o)
                0x00000dcc                QuadDec_1_GetEvents
 .text.QuadDec_1_SetInterruptMask
                0x00000ddc        0xc .\CortexM3\ARM_GCC_541\Debug\Design01.a(QuadDec_1.o)
                0x00000ddc                QuadDec_1_SetInterruptMask
 .text.QuadDec_1_Enable
                0x00000de8       0x24 .\CortexM3\ARM_GCC_541\Debug\Design01.a(QuadDec_1.o)
                0x00000de8                QuadDec_1_Enable
 .text.QuadDec_1_Start
                0x00000e0c       0x24 .\CortexM3\ARM_GCC_541\Debug\Design01.a(QuadDec_1.o)
                0x00000e0c                QuadDec_1_Start
 .text.QuadDec_1_Cnt16_Enable
                0x00000e30       0x10 .\CortexM3\ARM_GCC_541\Debug\Design01.a(QuadDec_1_Cnt16.o)
                0x00000e30                QuadDec_1_Cnt16_Enable
 .text.QuadDec_1_Cnt16_SetInterruptMode
                0x00000e40        0xc .\CortexM3\ARM_GCC_541\Debug\Design01.a(QuadDec_1_Cnt16.o)
                0x00000e40                QuadDec_1_Cnt16_SetInterruptMode
 .text.QuadDec_1_Cnt16_ReadStatusRegister
                0x00000e4c        0xc .\CortexM3\ARM_GCC_541\Debug\Design01.a(QuadDec_1_Cnt16.o)
                0x00000e4c                QuadDec_1_Cnt16_ReadStatusRegister
 .text.QuadDec_1_Cnt16_WriteCounter
                0x00000e58        0xc .\CortexM3\ARM_GCC_541\Debug\Design01.a(QuadDec_1_Cnt16.o)
                0x00000e58                QuadDec_1_Cnt16_WriteCounter
 .text.QuadDec_1_Cnt16_ReadCounter
                0x00000e64       0x14 .\CortexM3\ARM_GCC_541\Debug\Design01.a(QuadDec_1_Cnt16.o)
                0x00000e64                QuadDec_1_Cnt16_ReadCounter
 .text.QuadDec_1_Cnt16_ReadCapture
                0x00000e78        0xc .\CortexM3\ARM_GCC_541\Debug\Design01.a(QuadDec_1_Cnt16.o)
                0x00000e78                QuadDec_1_Cnt16_ReadCapture
 .text.QuadDec_1_Cnt16_WritePeriod
                0x00000e84        0xc .\CortexM3\ARM_GCC_541\Debug\Design01.a(QuadDec_1_Cnt16.o)
                0x00000e84                QuadDec_1_Cnt16_WritePeriod
 .text.QuadDec_1_Cnt16_WriteCompare
                0x00000e90        0xc .\CortexM3\ARM_GCC_541\Debug\Design01.a(QuadDec_1_Cnt16.o)
                0x00000e90                QuadDec_1_Cnt16_WriteCompare
 .text.QuadDec_1_Cnt16_ClearFIFO
                0x00000e9c       0x14 .\CortexM3\ARM_GCC_541\Debug\Design01.a(QuadDec_1_Cnt16.o)
                0x00000e9c                QuadDec_1_Cnt16_ClearFIFO
 .text.QuadDec_1_Cnt16_Init
                0x00000eb0       0x58 .\CortexM3\ARM_GCC_541\Debug\Design01.a(QuadDec_1_Cnt16.o)
                0x00000eb0                QuadDec_1_Cnt16_Init
 .text.QuadDec_1_Cnt16_Start
                0x00000f08       0x1c .\CortexM3\ARM_GCC_541\Debug\Design01.a(QuadDec_1_Cnt16.o)
                0x00000f08                QuadDec_1_Cnt16_Start
 .text.UART_1_Init
                0x00000f24       0x2c .\CortexM3\ARM_GCC_541\Debug\Design01.a(UART_1.o)
                0x00000f24                UART_1_Init
 .text.UART_1_Enable
                0x00000f50       0x38 .\CortexM3\ARM_GCC_541\Debug\Design01.a(UART_1.o)
                0x00000f50                UART_1_Enable
 .text.UART_1_Start
                0x00000f88       0x1c .\CortexM3\ARM_GCC_541\Debug\Design01.a(UART_1.o)
                0x00000f88                UART_1_Start
 .text.UART_1_PutChar
                0x00000fa4       0x18 .\CortexM3\ARM_GCC_541\Debug\Design01.a(UART_1.o)
                0x00000fa4                UART_1_PutChar
 .text.UART_1_PutString
                0x00000fbc       0x24 .\CortexM3\ARM_GCC_541\Debug\Design01.a(UART_1.o)
                0x00000fbc                UART_1_PutString
 .text.UART_1_IntClock_Start
                0x00000fe0       0x1c .\CortexM3\ARM_GCC_541\Debug\Design01.a(UART_1_IntClock.o)
                0x00000fe0                UART_1_IntClock_Start
 .text.QuadDec_2_GetCounter
                0x00000ffc       0x10 .\CortexM3\ARM_GCC_541\Debug\Design01.a(QuadDec_2.o)
                0x00000ffc                QuadDec_2_GetCounter
 .text.QuadDec_2_SetCounter
                0x0000100c       0x1c .\CortexM3\ARM_GCC_541\Debug\Design01.a(QuadDec_2.o)
                0x0000100c                QuadDec_2_SetCounter
 .text.QuadDec_2_GetEvents
                0x00001028       0x10 .\CortexM3\ARM_GCC_541\Debug\Design01.a(QuadDec_2.o)
                0x00001028                QuadDec_2_GetEvents
 .text.QuadDec_2_SetInterruptMask
                0x00001038        0xc .\CortexM3\ARM_GCC_541\Debug\Design01.a(QuadDec_2.o)
                0x00001038                QuadDec_2_SetInterruptMask
 .text.QuadDec_2_Enable
                0x00001044       0x24 .\CortexM3\ARM_GCC_541\Debug\Design01.a(QuadDec_2.o)
                0x00001044                QuadDec_2_Enable
 .text.QuadDec_2_Start
                0x00001068       0x24 .\CortexM3\ARM_GCC_541\Debug\Design01.a(QuadDec_2.o)
                0x00001068                QuadDec_2_Start
 .text.QuadDec_2_Cnt16_Enable
                0x0000108c       0x10 .\CortexM3\ARM_GCC_541\Debug\Design01.a(QuadDec_2_Cnt16.o)
                0x0000108c                QuadDec_2_Cnt16_Enable
 .text.QuadDec_2_Cnt16_SetInterruptMode
                0x0000109c        0xc .\CortexM3\ARM_GCC_541\Debug\Design01.a(QuadDec_2_Cnt16.o)
                0x0000109c                QuadDec_2_Cnt16_SetInterruptMode
 .text.QuadDec_2_Cnt16_ReadStatusRegister
                0x000010a8        0xc .\CortexM3\ARM_GCC_541\Debug\Design01.a(QuadDec_2_Cnt16.o)
                0x000010a8                QuadDec_2_Cnt16_ReadStatusRegister
 .text.QuadDec_2_Cnt16_WriteCounter
                0x000010b4        0xc .\CortexM3\ARM_GCC_541\Debug\Design01.a(QuadDec_2_Cnt16.o)
                0x000010b4                QuadDec_2_Cnt16_WriteCounter
 .text.QuadDec_2_Cnt16_ReadCounter
                0x000010c0       0x14 .\CortexM3\ARM_GCC_541\Debug\Design01.a(QuadDec_2_Cnt16.o)
                0x000010c0                QuadDec_2_Cnt16_ReadCounter
 .text.QuadDec_2_Cnt16_ReadCapture
                0x000010d4        0xc .\CortexM3\ARM_GCC_541\Debug\Design01.a(QuadDec_2_Cnt16.o)
                0x000010d4                QuadDec_2_Cnt16_ReadCapture
 .text.QuadDec_2_Cnt16_WritePeriod
                0x000010e0        0xc .\CortexM3\ARM_GCC_541\Debug\Design01.a(QuadDec_2_Cnt16.o)
                0x000010e0                QuadDec_2_Cnt16_WritePeriod
 .text.QuadDec_2_Cnt16_WriteCompare
                0x000010ec        0xc .\CortexM3\ARM_GCC_541\Debug\Design01.a(QuadDec_2_Cnt16.o)
                0x000010ec                QuadDec_2_Cnt16_WriteCompare
 .text.QuadDec_2_Cnt16_ClearFIFO
                0x000010f8       0x14 .\CortexM3\ARM_GCC_541\Debug\Design01.a(QuadDec_2_Cnt16.o)
                0x000010f8                QuadDec_2_Cnt16_ClearFIFO
 .text.QuadDec_2_Cnt16_Init
                0x0000110c       0x58 .\CortexM3\ARM_GCC_541\Debug\Design01.a(QuadDec_2_Cnt16.o)
                0x0000110c                QuadDec_2_Cnt16_Init
 .text.QuadDec_2_Cnt16_Start
                0x00001164       0x1c .\CortexM3\ARM_GCC_541\Debug\Design01.a(QuadDec_2_Cnt16.o)
                0x00001164                QuadDec_2_Cnt16_Start
 .text.Motor_2_IN_3_Write
                0x00001180       0x18 .\CortexM3\ARM_GCC_541\Debug\Design01.a(Motor_2_IN_3.o)
                0x00001180                Motor_2_IN_3_Write
 .text.Motor_2_IN_4_Write
                0x00001198       0x18 .\CortexM3\ARM_GCC_541\Debug\Design01.a(Motor_2_IN_4.o)
                0x00001198                Motor_2_IN_4_Write
 .text.PWM_Master_Enable
                0x000011b0       0x28 .\CortexM3\ARM_GCC_541\Debug\Design01.a(PWM_Master.o)
                0x000011b0                PWM_Master_Enable
 .text.PWM_Master_WritePeriod
                0x000011d8        0xc .\CortexM3\ARM_GCC_541\Debug\Design01.a(PWM_Master.o)
                0x000011d8                PWM_Master_WritePeriod
 .text.PWM_Master_WriteCompare
                0x000011e4        0xc .\CortexM3\ARM_GCC_541\Debug\Design01.a(PWM_Master.o)
                0x000011e4                PWM_Master_WriteCompare
 .text.PWM_Master_SetInterruptMode
                0x000011f0        0xc .\CortexM3\ARM_GCC_541\Debug\Design01.a(PWM_Master.o)
                0x000011f0                PWM_Master_SetInterruptMode
 .text.PWM_Master_Init
                0x000011fc       0x78 .\CortexM3\ARM_GCC_541\Debug\Design01.a(PWM_Master.o)
                0x000011fc                PWM_Master_Init
 .text.PWM_Master_Start
                0x00001274       0x1c .\CortexM3\ARM_GCC_541\Debug\Design01.a(PWM_Master.o)
                0x00001274                PWM_Master_Start
 .text.PWM_Slave_Enable
                0x00001290       0x28 .\CortexM3\ARM_GCC_541\Debug\Design01.a(PWM_Slave.o)
                0x00001290                PWM_Slave_Enable
 .text.PWM_Slave_WritePeriod
                0x000012b8        0xc .\CortexM3\ARM_GCC_541\Debug\Design01.a(PWM_Slave.o)
                0x000012b8                PWM_Slave_WritePeriod
 .text.PWM_Slave_WriteCompare
                0x000012c4        0xc .\CortexM3\ARM_GCC_541\Debug\Design01.a(PWM_Slave.o)
                0x000012c4                PWM_Slave_WriteCompare
 .text.PWM_Slave_SetInterruptMode
                0x000012d0        0xc .\CortexM3\ARM_GCC_541\Debug\Design01.a(PWM_Slave.o)
                0x000012d0                PWM_Slave_SetInterruptMode
 .text.PWM_Slave_Init
                0x000012dc       0x78 .\CortexM3\ARM_GCC_541\Debug\Design01.a(PWM_Slave.o)
                0x000012dc                PWM_Slave_Init
 .text.PWM_Slave_Start
                0x00001354       0x1c .\CortexM3\ARM_GCC_541\Debug\Design01.a(PWM_Slave.o)
                0x00001354                PWM_Slave_Start
 .text.Timer_1_Enable
                0x00001370       0x10 .\CortexM3\ARM_GCC_541\Debug\Design01.a(Timer_1.o)
                0x00001370                Timer_1_Enable
 .text.Timer_1_SetInterruptMode
                0x00001380        0xc .\CortexM3\ARM_GCC_541\Debug\Design01.a(Timer_1.o)
                0x00001380                Timer_1_SetInterruptMode
 .text.Timer_1_ReadStatusRegister
                0x0000138c        0xc .\CortexM3\ARM_GCC_541\Debug\Design01.a(Timer_1.o)
                0x0000138c                Timer_1_ReadStatusRegister
 .text.Timer_1_WritePeriod
                0x00001398       0x10 .\CortexM3\ARM_GCC_541\Debug\Design01.a(Timer_1.o)
                0x00001398                Timer_1_WritePeriod
 .text.Timer_1_ReadCapture
                0x000013a8       0x10 .\CortexM3\ARM_GCC_541\Debug\Design01.a(Timer_1.o)
                0x000013a8                Timer_1_ReadCapture
 .text.Timer_1_WriteCounter
                0x000013b8       0x10 .\CortexM3\ARM_GCC_541\Debug\Design01.a(Timer_1.o)
                0x000013b8                Timer_1_WriteCounter
 .text.Timer_1_ClearFIFO
                0x000013c8       0x14 .\CortexM3\ARM_GCC_541\Debug\Design01.a(Timer_1.o)
                0x000013c8                Timer_1_ClearFIFO
 .text.Timer_1_Init
                0x000013dc       0x34 .\CortexM3\ARM_GCC_541\Debug\Design01.a(Timer_1.o)
                0x000013dc                Timer_1_Init
 .text.Timer_1_Start
                0x00001410       0x1c .\CortexM3\ARM_GCC_541\Debug\Design01.a(Timer_1.o)
                0x00001410                Timer_1_Start
 .text.isr_1_SetVector
                0x0000142c        0xc .\CortexM3\ARM_GCC_541\Debug\Design01.a(isr_1.o)
                0x0000142c                isr_1_SetVector
 .text.isr_1_SetPriority
                0x00001438       0x10 .\CortexM3\ARM_GCC_541\Debug\Design01.a(isr_1.o)
                0x00001438                isr_1_SetPriority
 .text.isr_1_Enable
                0x00001448        0xc .\CortexM3\ARM_GCC_541\Debug\Design01.a(isr_1.o)
                0x00001448                isr_1_Enable
 .text.isr_1_Disable
                0x00001454        0xc .\CortexM3\ARM_GCC_541\Debug\Design01.a(isr_1.o)
                0x00001454                isr_1_Disable
 .text.isr_1_StartEx
                0x00001460       0x1c .\CortexM3\ARM_GCC_541\Debug\Design01.a(isr_1.o)
                0x00001460                isr_1_StartEx
 .text.Timer_2_Enable
                0x0000147c       0x10 .\CortexM3\ARM_GCC_541\Debug\Design01.a(Timer_2.o)
                0x0000147c                Timer_2_Enable
 .text.Timer_2_SetInterruptMode
                0x0000148c        0xc .\CortexM3\ARM_GCC_541\Debug\Design01.a(Timer_2.o)
                0x0000148c                Timer_2_SetInterruptMode
 .text.Timer_2_ReadStatusRegister
                0x00001498        0xc .\CortexM3\ARM_GCC_541\Debug\Design01.a(Timer_2.o)
                0x00001498                Timer_2_ReadStatusRegister
 .text.Timer_2_WritePeriod
                0x000014a4        0xc .\CortexM3\ARM_GCC_541\Debug\Design01.a(Timer_2.o)
                0x000014a4                Timer_2_WritePeriod
 .text.Timer_2_ReadCapture
                0x000014b0        0xc .\CortexM3\ARM_GCC_541\Debug\Design01.a(Timer_2.o)
                0x000014b0                Timer_2_ReadCapture
 .text.Timer_2_WriteCounter
                0x000014bc        0xc .\CortexM3\ARM_GCC_541\Debug\Design01.a(Timer_2.o)
                0x000014bc                Timer_2_WriteCounter
 .text.Timer_2_ReadCounter
                0x000014c8       0x14 .\CortexM3\ARM_GCC_541\Debug\Design01.a(Timer_2.o)
                0x000014c8                Timer_2_ReadCounter
 .text.Timer_2_SetInterruptCount
                0x000014dc       0x1c .\CortexM3\ARM_GCC_541\Debug\Design01.a(Timer_2.o)
                0x000014dc                Timer_2_SetInterruptCount
 .text.Timer_2_ClearFIFO
                0x000014f8       0x14 .\CortexM3\ARM_GCC_541\Debug\Design01.a(Timer_2.o)
                0x000014f8                Timer_2_ClearFIFO
 .text.Timer_2_Init
                0x0000150c       0x3c .\CortexM3\ARM_GCC_541\Debug\Design01.a(Timer_2.o)
                0x0000150c                Timer_2_Init
 .text.Timer_2_Start
                0x00001548       0x1c .\CortexM3\ARM_GCC_541\Debug\Design01.a(Timer_2.o)
                0x00001548                Timer_2_Start
 .text.isr_2_SetVector
                0x00001564        0xc .\CortexM3\ARM_GCC_541\Debug\Design01.a(isr_2.o)
                0x00001564                isr_2_SetVector
 .text.isr_2_SetPriority
                0x00001570       0x10 .\CortexM3\ARM_GCC_541\Debug\Design01.a(isr_2.o)
                0x00001570                isr_2_SetPriority
 .text.isr_2_Enable
                0x00001580        0xc .\CortexM3\ARM_GCC_541\Debug\Design01.a(isr_2.o)
                0x00001580                isr_2_Enable
 .text.isr_2_Disable
                0x0000158c        0xc .\CortexM3\ARM_GCC_541\Debug\Design01.a(isr_2.o)
                0x0000158c                isr_2_Disable
 .text.isr_2_StartEx
                0x00001598       0x1c .\CortexM3\ARM_GCC_541\Debug\Design01.a(isr_2.o)
                0x00001598                isr_2_StartEx
 .text.Timer_3_Enable
                0x000015b4       0x10 .\CortexM3\ARM_GCC_541\Debug\Design01.a(Timer_3.o)
                0x000015b4                Timer_3_Enable
 .text.Timer_3_SetInterruptMode
                0x000015c4        0xc .\CortexM3\ARM_GCC_541\Debug\Design01.a(Timer_3.o)
                0x000015c4                Timer_3_SetInterruptMode
 .text.Timer_3_ReadStatusRegister
                0x000015d0        0xc .\CortexM3\ARM_GCC_541\Debug\Design01.a(Timer_3.o)
                0x000015d0                Timer_3_ReadStatusRegister
 .text.Timer_3_WritePeriod
                0x000015dc        0xc .\CortexM3\ARM_GCC_541\Debug\Design01.a(Timer_3.o)
                0x000015dc                Timer_3_WritePeriod
 .text.Timer_3_ReadCapture
                0x000015e8        0xc .\CortexM3\ARM_GCC_541\Debug\Design01.a(Timer_3.o)
                0x000015e8                Timer_3_ReadCapture
 .text.Timer_3_WriteCounter
                0x000015f4        0xc .\CortexM3\ARM_GCC_541\Debug\Design01.a(Timer_3.o)
                0x000015f4                Timer_3_WriteCounter
 .text.Timer_3_SetInterruptCount
                0x00001600       0x1c .\CortexM3\ARM_GCC_541\Debug\Design01.a(Timer_3.o)
                0x00001600                Timer_3_SetInterruptCount
 .text.Timer_3_ClearFIFO
                0x0000161c       0x14 .\CortexM3\ARM_GCC_541\Debug\Design01.a(Timer_3.o)
                0x0000161c                Timer_3_ClearFIFO
 .text.Timer_3_Init
                0x00001630       0x3c .\CortexM3\ARM_GCC_541\Debug\Design01.a(Timer_3.o)
                0x00001630                Timer_3_Init
 .text.Timer_3_Start
                0x0000166c       0x1c .\CortexM3\ARM_GCC_541\Debug\Design01.a(Timer_3.o)
                0x0000166c                Timer_3_Start
 .text.Right_Echo_Read
                0x00001688        0xc .\CortexM3\ARM_GCC_541\Debug\Design01.a(Right_Echo.o)
                0x00001688                Right_Echo_Read
 .text.Timer_4_Enable
                0x00001694       0x10 .\CortexM3\ARM_GCC_541\Debug\Design01.a(Timer_4.o)
                0x00001694                Timer_4_Enable
 .text.Timer_4_SetInterruptMode
                0x000016a4        0xc .\CortexM3\ARM_GCC_541\Debug\Design01.a(Timer_4.o)
                0x000016a4                Timer_4_SetInterruptMode
 .text.Timer_4_ReadStatusRegister
                0x000016b0        0xc .\CortexM3\ARM_GCC_541\Debug\Design01.a(Timer_4.o)
                0x000016b0                Timer_4_ReadStatusRegister
 .text.Timer_4_WritePeriod
                0x000016bc        0xc .\CortexM3\ARM_GCC_541\Debug\Design01.a(Timer_4.o)
                0x000016bc                Timer_4_WritePeriod
 .text.Timer_4_ReadCapture
                0x000016c8        0xc .\CortexM3\ARM_GCC_541\Debug\Design01.a(Timer_4.o)
                0x000016c8                Timer_4_ReadCapture
 .text.Timer_4_WriteCounter
                0x000016d4        0xc .\CortexM3\ARM_GCC_541\Debug\Design01.a(Timer_4.o)
                0x000016d4                Timer_4_WriteCounter
 .text.Timer_4_SetInterruptCount
                0x000016e0       0x1c .\CortexM3\ARM_GCC_541\Debug\Design01.a(Timer_4.o)
                0x000016e0                Timer_4_SetInterruptCount
 .text.Timer_4_ClearFIFO
                0x000016fc       0x14 .\CortexM3\ARM_GCC_541\Debug\Design01.a(Timer_4.o)
                0x000016fc                Timer_4_ClearFIFO
 .text.Timer_4_Init
                0x00001710       0x3c .\CortexM3\ARM_GCC_541\Debug\Design01.a(Timer_4.o)
                0x00001710                Timer_4_Init
 .text.Timer_4_Start
                0x0000174c       0x1c .\CortexM3\ARM_GCC_541\Debug\Design01.a(Timer_4.o)
                0x0000174c                Timer_4_Start
 .text.Timer_5_Enable
                0x00001768       0x10 .\CortexM3\ARM_GCC_541\Debug\Design01.a(Timer_5.o)
                0x00001768                Timer_5_Enable
 .text.Timer_5_SetInterruptMode
                0x00001778        0xc .\CortexM3\ARM_GCC_541\Debug\Design01.a(Timer_5.o)
                0x00001778                Timer_5_SetInterruptMode
 .text.Timer_5_ReadStatusRegister
                0x00001784        0xc .\CortexM3\ARM_GCC_541\Debug\Design01.a(Timer_5.o)
                0x00001784                Timer_5_ReadStatusRegister
 .text.Timer_5_WritePeriod
                0x00001790        0xc .\CortexM3\ARM_GCC_541\Debug\Design01.a(Timer_5.o)
                0x00001790                Timer_5_WritePeriod
 .text.Timer_5_ReadCapture
                0x0000179c        0xc .\CortexM3\ARM_GCC_541\Debug\Design01.a(Timer_5.o)
                0x0000179c                Timer_5_ReadCapture
 .text.Timer_5_WriteCounter
                0x000017a8        0xc .\CortexM3\ARM_GCC_541\Debug\Design01.a(Timer_5.o)
                0x000017a8                Timer_5_WriteCounter
 .text.Timer_5_SetInterruptCount
                0x000017b4       0x1c .\CortexM3\ARM_GCC_541\Debug\Design01.a(Timer_5.o)
                0x000017b4                Timer_5_SetInterruptCount
 .text.Timer_5_ClearFIFO
                0x000017d0       0x14 .\CortexM3\ARM_GCC_541\Debug\Design01.a(Timer_5.o)
                0x000017d0                Timer_5_ClearFIFO
 .text.Timer_5_Init
                0x000017e4       0x3c .\CortexM3\ARM_GCC_541\Debug\Design01.a(Timer_5.o)
                0x000017e4                Timer_5_Init
 .text.Timer_5_Start
                0x00001820       0x1c .\CortexM3\ARM_GCC_541\Debug\Design01.a(Timer_5.o)
                0x00001820                Timer_5_Start
 .text.Front_Echo_1_Read
                0x0000183c       0x10 .\CortexM3\ARM_GCC_541\Debug\Design01.a(Front_Echo_1.o)
                0x0000183c                Front_Echo_1_Read
 .text.Right_Trigger_Write
                0x0000184c       0x18 .\CortexM3\ARM_GCC_541\Debug\Design01.a(Right_Trigger.o)
                0x0000184c                Right_Trigger_Write
 .text.PWM_ColorSensor_Enable
                0x00001864       0x10 .\CortexM3\ARM_GCC_541\Debug\Design01.a(PWM_ColorSensor.o)
                0x00001864                PWM_ColorSensor_Enable
 .text.PWM_ColorSensor_WriteCounter
                0x00001874        0xc .\CortexM3\ARM_GCC_541\Debug\Design01.a(PWM_ColorSensor.o)
                0x00001874                PWM_ColorSensor_WriteCounter
 .text.PWM_ColorSensor_WritePeriod
                0x00001880        0xc .\CortexM3\ARM_GCC_541\Debug\Design01.a(PWM_ColorSensor.o)
                0x00001880                PWM_ColorSensor_WritePeriod
 .text.PWM_ColorSensor_WriteCompare
                0x0000188c        0xc .\CortexM3\ARM_GCC_541\Debug\Design01.a(PWM_ColorSensor.o)
                0x0000188c                PWM_ColorSensor_WriteCompare
 .text.PWM_ColorSensor_SetInterruptMode
                0x00001898        0xc .\CortexM3\ARM_GCC_541\Debug\Design01.a(PWM_ColorSensor.o)
                0x00001898                PWM_ColorSensor_SetInterruptMode
 .text.PWM_ColorSensor_ReadStatusRegister
                0x000018a4        0xc .\CortexM3\ARM_GCC_541\Debug\Design01.a(PWM_ColorSensor.o)
                0x000018a4                PWM_ColorSensor_ReadStatusRegister
 .text.PWM_ColorSensor_ReadCapture
                0x000018b0        0xc .\CortexM3\ARM_GCC_541\Debug\Design01.a(PWM_ColorSensor.o)
                0x000018b0                PWM_ColorSensor_ReadCapture
 .text.PWM_ColorSensor_ClearFIFO
                0x000018bc       0x14 .\CortexM3\ARM_GCC_541\Debug\Design01.a(PWM_ColorSensor.o)
                0x000018bc                PWM_ColorSensor_ClearFIFO
 .text.PWM_ColorSensor_Init
                0x000018d0       0x60 .\CortexM3\ARM_GCC_541\Debug\Design01.a(PWM_ColorSensor.o)
                0x000018d0                PWM_ColorSensor_Init
 .text.PWM_ColorSensor_Start
                0x00001930       0x1c .\CortexM3\ARM_GCC_541\Debug\Design01.a(PWM_ColorSensor.o)
                0x00001930                PWM_ColorSensor_Start
 .text.Counter_ColorSensor_Enable
                0x0000194c       0x10 .\CortexM3\ARM_GCC_541\Debug\Design01.a(Counter_ColorSensor.o)
                0x0000194c                Counter_ColorSensor_Enable
 .text.Counter_ColorSensor_SetInterruptMode
                0x0000195c        0xc .\CortexM3\ARM_GCC_541\Debug\Design01.a(Counter_ColorSensor.o)
                0x0000195c                Counter_ColorSensor_SetInterruptMode
 .text.Counter_ColorSensor_ReadStatusRegister
                0x00001968        0xc .\CortexM3\ARM_GCC_541\Debug\Design01.a(Counter_ColorSensor.o)
                0x00001968                Counter_ColorSensor_ReadStatusRegister
 .text.Counter_ColorSensor_WriteCounter
                0x00001974        0xc .\CortexM3\ARM_GCC_541\Debug\Design01.a(Counter_ColorSensor.o)
                0x00001974                Counter_ColorSensor_WriteCounter
 .text.Counter_ColorSensor_ReadCapture
                0x00001980        0xc .\CortexM3\ARM_GCC_541\Debug\Design01.a(Counter_ColorSensor.o)
                0x00001980                Counter_ColorSensor_ReadCapture
 .text.Counter_ColorSensor_WritePeriod
                0x0000198c        0xc .\CortexM3\ARM_GCC_541\Debug\Design01.a(Counter_ColorSensor.o)
                0x0000198c                Counter_ColorSensor_WritePeriod
 .text.Counter_ColorSensor_WriteCompare
                0x00001998        0xc .\CortexM3\ARM_GCC_541\Debug\Design01.a(Counter_ColorSensor.o)
                0x00001998                Counter_ColorSensor_WriteCompare
 .text.Counter_ColorSensor_ClearFIFO
                0x000019a4       0x14 .\CortexM3\ARM_GCC_541\Debug\Design01.a(Counter_ColorSensor.o)
                0x000019a4                Counter_ColorSensor_ClearFIFO
 .text.Counter_ColorSensor_Init
                0x000019b8       0x5c .\CortexM3\ARM_GCC_541\Debug\Design01.a(Counter_ColorSensor.o)
                0x000019b8                Counter_ColorSensor_Init
 .text.Counter_ColorSensor_Start
                0x00001a14       0x1c .\CortexM3\ARM_GCC_541\Debug\Design01.a(Counter_ColorSensor.o)
                0x00001a14                Counter_ColorSensor_Start
 .text.isr_6_SetVector
                0x00001a30        0xc .\CortexM3\ARM_GCC_541\Debug\Design01.a(isr_6.o)
                0x00001a30                isr_6_SetVector
 .text.isr_6_SetPriority
                0x00001a3c       0x10 .\CortexM3\ARM_GCC_541\Debug\Design01.a(isr_6.o)
                0x00001a3c                isr_6_SetPriority
 .text.isr_6_Enable
                0x00001a4c        0xc .\CortexM3\ARM_GCC_541\Debug\Design01.a(isr_6.o)
                0x00001a4c                isr_6_Enable
 .text.isr_6_Disable
                0x00001a58        0xc .\CortexM3\ARM_GCC_541\Debug\Design01.a(isr_6.o)
                0x00001a58                isr_6_Disable
 .text.isr_6_StartEx
                0x00001a64       0x1c .\CortexM3\ARM_GCC_541\Debug\Design01.a(isr_6.o)
                0x00001a64                isr_6_StartEx
 .text.Control_Reg_1_Write
                0x00001a80        0xc .\CortexM3\ARM_GCC_541\Debug\Design01.a(Control_Reg_1.o)
                0x00001a80                Control_Reg_1_Write
 .text.S1_Write
                0x00001a8c       0x18 .\CortexM3\ARM_GCC_541\Debug\Design01.a(S1.o)
                0x00001a8c                S1_Write
 .text.S2_Write
                0x00001aa4       0x18 .\CortexM3\ARM_GCC_541\Debug\Design01.a(S2.o)
                0x00001aa4                S2_Write
 .text.S0_Write
                0x00001abc       0x18 .\CortexM3\ARM_GCC_541\Debug\Design01.a(S0.o)
                0x00001abc                S0_Write
 .text.S3_Write
                0x00001ad4       0x18 .\CortexM3\ARM_GCC_541\Debug\Design01.a(S3.o)
                0x00001ad4                S3_Write
 .text.CS_LED_Write
                0x00001aec       0x18 .\CortexM3\ARM_GCC_541\Debug\Design01.a(CS_LED.o)
                0x00001aec                CS_LED_Write
 .text.IR_input_Read
                0x00001b04        0xc .\CortexM3\ARM_GCC_541\Debug\Design01.a(IR_input.o)
                0x00001b04                IR_input_Read
 .text.led_green_Write
                0x00001b10       0x18 .\CortexM3\ARM_GCC_541\Debug\Design01.a(led_green.o)
                0x00001b10                led_green_Write
 .text.led_red_Write
                0x00001b28       0x18 .\CortexM3\ARM_GCC_541\Debug\Design01.a(led_red.o)
                0x00001b28                led_red_Write
 .text.led_blue_Write
                0x00001b40       0x18 .\CortexM3\ARM_GCC_541\Debug\Design01.a(led_blue.o)
                0x00001b40                led_blue_Write
 .text.Front_Trigger_1_Write
                0x00001b58       0x18 .\CortexM3\ARM_GCC_541\Debug\Design01.a(Front_Trigger_1.o)
                0x00001b58                Front_Trigger_1_Write
 .text          0x00001b70       0x20 .\CortexM3\ARM_GCC_541\Debug\Design01.a(CyBootAsmGnu.o)
                0x00001b70                CyDelayCycles
                0x00001b80                CyEnterCriticalSection
                0x00001b88                CyExitCriticalSection
 .text.CySetReg24
                0x00001b90       0x14 .\CortexM3\ARM_GCC_541\Debug\Design01.a(cyutils.o)
                0x00001b90                CySetReg24
 .text          0x00001ba4      0x370 c:/program files (x86)/cypress/psoc creator/4.4/psoc creator/import/gnu/arm/5.4.1/bin/../lib/gcc/arm-none-eabi/5.4.1/armv7-m\libgcc.a(_arm_addsubdf3.o)
                0x00001ba4                __aeabi_drsub
                0x00001bac                __aeabi_dsub
                0x00001bac                __subdf3
                0x00001bb0                __aeabi_dadd
                0x00001bb0                __adddf3
                0x00001e28                __floatunsidf
                0x00001e28                __aeabi_ui2d
                0x00001e48                __floatsidf
                0x00001e48                __aeabi_i2d
                0x00001e6c                __aeabi_f2d
                0x00001e6c                __extendsfdf2
                0x00001ea8                __floatundidf
                0x00001ea8                __aeabi_ul2d
                0x00001eb8                __floatdidf
                0x00001eb8                __aeabi_l2d
 .text          0x00001f14      0x424 c:/program files (x86)/cypress/psoc creator/4.4/psoc creator/import/gnu/arm/5.4.1/bin/../lib/gcc/arm-none-eabi/5.4.1/armv7-m\libgcc.a(_arm_muldivdf3.o)
                0x00001f14                __aeabi_dmul
                0x00001f14                __muldf3
                0x00002168                __divdf3
                0x00002168                __aeabi_ddiv
 .text          0x00002338       0xa0 c:/program files (x86)/cypress/psoc creator/4.4/psoc creator/import/gnu/arm/5.4.1/bin/../lib/gcc/arm-none-eabi/5.4.1/armv7-m\libgcc.a(_arm_truncdfsf2.o)
                0x00002338                __truncdfsf2
                0x00002338                __aeabi_d2f
 .text          0x000023d8      0x21c c:/program files (x86)/cypress/psoc creator/4.4/psoc creator/import/gnu/arm/5.4.1/bin/../lib/gcc/arm-none-eabi/5.4.1/armv7-m\libgcc.a(_arm_addsubsf3.o)
                0x000023d8                __aeabi_frsub
                0x000023e0                __subsf3
                0x000023e0                __aeabi_fsub
                0x000023e4                __aeabi_fadd
                0x000023e4                __addsf3
                0x00002544                __aeabi_ui2f
                0x00002544                __floatunsisf
                0x0000254c                __aeabi_i2f
                0x0000254c                __floatsisf
                0x00002568                __aeabi_ul2f
                0x00002568                __floatundisf
                0x00002578                __aeabi_l2f
                0x00002578                __floatdisf
 .text          0x000025f4       0xec c:/program files (x86)/cypress/psoc creator/4.4/psoc creator/import/gnu/arm/5.4.1/bin/../lib/gcc/arm-none-eabi/5.4.1/armv7-m\libgcc.a(_arm_cmpsf2.o)
                0x000025f4                __gesf2
                0x000025f4                __gtsf2
                0x000025fc                __lesf2
                0x000025fc                __ltsf2
                0x00002604                __nesf2
                0x00002604                __eqsf2
                0x00002604                __cmpsf2
                0x00002664                __aeabi_cfrcmple
                0x0000266c                __aeabi_cfcmpeq
                0x0000266c                __aeabi_cfcmple
                0x0000267c                __aeabi_fcmpeq
                0x00002690                __aeabi_fcmplt
                0x000026a4                __aeabi_fcmple
                0x000026b8                __aeabi_fcmpge
                0x000026cc                __aeabi_fcmpgt
 .text          0x000026e0       0x40 c:/program files (x86)/cypress/psoc creator/4.4/psoc creator/import/gnu/arm/5.4.1/bin/../lib/gcc/arm-none-eabi/5.4.1/armv7-m\libgcc.a(_arm_fixunssfsi.o)
                0x000026e0                __fixunssfsi
                0x000026e0                __aeabi_f2uiz
 .text.__errno  0x00002720        0xc c:/program files (x86)/cypress/psoc creator/4.4/psoc creator/import/gnu/arm/5.4.1/bin/../lib/gcc/arm-none-eabi/5.4.1/../../../../arm-none-eabi/lib/armv7-m\libg_nano.a(lib_a-errno.o)
                0x00002720                __errno
 .text.__libc_init_array
                0x0000272c       0x4c c:/program files (x86)/cypress/psoc creator/4.4/psoc creator/import/gnu/arm/5.4.1/bin/../lib/gcc/arm-none-eabi/5.4.1/../../../../arm-none-eabi/lib/armv7-m\libg_nano.a(lib_a-init.o)
                0x0000272c                __libc_init_array
 .text.memcpy   0x00002778       0x16 c:/program files (x86)/cypress/psoc creator/4.4/psoc creator/import/gnu/arm/5.4.1/bin/../lib/gcc/arm-none-eabi/5.4.1/../../../../arm-none-eabi/lib/armv7-m\libg_nano.a(lib_a-memcpy-stub.o)
                0x00002778                memcpy
 .text.memset   0x0000278e       0x10 c:/program files (x86)/cypress/psoc creator/4.4/psoc creator/import/gnu/arm/5.4.1/bin/../lib/gcc/arm-none-eabi/5.4.1/../../../../arm-none-eabi/lib/armv7-m\libg_nano.a(lib_a-memset.o)
                0x0000278e                memset
 .text.__cvt    0x0000279e       0xc0 c:/program files (x86)/cypress/psoc creator/4.4/psoc creator/import/gnu/arm/5.4.1/bin/../lib/gcc/arm-none-eabi/5.4.1/../../../../arm-none-eabi/lib/armv7-m\libg_nano.a(lib_a-nano-vfprintf_float.o)
                0x0000279e                __cvt
 .text.__exponent
                0x0000285e       0x62 c:/program files (x86)/cypress/psoc creator/4.4/psoc creator/import/gnu/arm/5.4.1/bin/../lib/gcc/arm-none-eabi/5.4.1/../../../../arm-none-eabi/lib/armv7-m\libg_nano.a(lib_a-nano-vfprintf_float.o)
                0x0000285e                __exponent
 .text._printf_float
                0x000028c0      0x488 c:/program files (x86)/cypress/psoc creator/4.4/psoc creator/import/gnu/arm/5.4.1/bin/../lib/gcc/arm-none-eabi/5.4.1/../../../../arm-none-eabi/lib/armv7-m\libg_nano.a(lib_a-nano-vfprintf_float.o)
                0x000028c0                _printf_float
 .text._printf_common
                0x00002d48       0xec c:/program files (x86)/cypress/psoc creator/4.4/psoc creator/import/gnu/arm/5.4.1/bin/../lib/gcc/arm-none-eabi/5.4.1/../../../../arm-none-eabi/lib/armv7-m\libg_nano.a(lib_a-nano-vfprintf_i.o)
                0x00002d48                _printf_common
 .text._printf_i
                0x00002e34      0x24c c:/program files (x86)/cypress/psoc creator/4.4/psoc creator/import/gnu/arm/5.4.1/bin/../lib/gcc/arm-none-eabi/5.4.1/../../../../arm-none-eabi/lib/armv7-m\libg_nano.a(lib_a-nano-vfprintf_i.o)
                0x00002e34                _printf_i
 .text.sprintf  0x00003080       0x48 c:/program files (x86)/cypress/psoc creator/4.4/psoc creator/import/gnu/arm/5.4.1/bin/../lib/gcc/arm-none-eabi/5.4.1/../../../../arm-none-eabi/lib/armv7-m\libg_nano.a(lib_a-sprintf.o)
                0x00003080                siprintf
                0x00003080                sprintf
 .text          0x000030c8       0x10 c:/program files (x86)/cypress/psoc creator/4.4/psoc creator/import/gnu/arm/5.4.1/bin/../lib/gcc/arm-none-eabi/5.4.1/../../../../arm-none-eabi/lib/armv7-m\libg_nano.a(lib_a-strlen.o)
                0x000030c8                strlen
 .text.quorem   0x000030d8      0x116 c:/program files (x86)/cypress/psoc creator/4.4/psoc creator/import/gnu/arm/5.4.1/bin/../lib/gcc/arm-none-eabi/5.4.1/../../../../arm-none-eabi/lib/armv7-m\libg_nano.a(lib_a-dtoa.o)
 *fill*         0x000031ee        0x2 
 .text._dtoa_r  0x000031f0      0xb30 c:/program files (x86)/cypress/psoc creator/4.4/psoc creator/import/gnu/arm/5.4.1/bin/../lib/gcc/arm-none-eabi/5.4.1/../../../../arm-none-eabi/lib/armv7-m\libg_nano.a(lib_a-dtoa.o)
                0x000031f0                _dtoa_r
 .text._localeconv_r
                0x00003d20        0x8 c:/program files (x86)/cypress/psoc creator/4.4/psoc creator/import/gnu/arm/5.4.1/bin/../lib/gcc/arm-none-eabi/5.4.1/../../../../arm-none-eabi/lib/armv7-m\libg_nano.a(lib_a-locale.o)
                0x00003d20                _localeconv_r
 .text.malloc   0x00003d28       0x10 c:/program files (x86)/cypress/psoc creator/4.4/psoc creator/import/gnu/arm/5.4.1/bin/../lib/gcc/arm-none-eabi/5.4.1/../../../../arm-none-eabi/lib/armv7-m\libg_nano.a(lib_a-malloc.o)
                0x00003d28                malloc
 .text.memchr   0x00003d38       0x1c c:/program files (x86)/cypress/psoc creator/4.4/psoc creator/import/gnu/arm/5.4.1/bin/../lib/gcc/arm-none-eabi/5.4.1/../../../../arm-none-eabi/lib/armv7-m\libg_nano.a(lib_a-memchr-stub.o)
                0x00003d38                memchr
 .text._Balloc  0x00003d54       0x6a c:/program files (x86)/cypress/psoc creator/4.4/psoc creator/import/gnu/arm/5.4.1/bin/../lib/gcc/arm-none-eabi/5.4.1/../../../../arm-none-eabi/lib/armv7-m\libg_nano.a(lib_a-mprec.o)
                0x00003d54                _Balloc
 .text._Bfree   0x00003dbe       0x2e c:/program files (x86)/cypress/psoc creator/4.4/psoc creator/import/gnu/arm/5.4.1/bin/../lib/gcc/arm-none-eabi/5.4.1/../../../../arm-none-eabi/lib/armv7-m\libg_nano.a(lib_a-mprec.o)
                0x00003dbe                _Bfree
 .text.__multadd
                0x00003dec       0x76 c:/program files (x86)/cypress/psoc creator/4.4/psoc creator/import/gnu/arm/5.4.1/bin/../lib/gcc/arm-none-eabi/5.4.1/../../../../arm-none-eabi/lib/armv7-m\libg_nano.a(lib_a-mprec.o)
                0x00003dec                __multadd
 .text.__hi0bits
                0x00003e62       0x40 c:/program files (x86)/cypress/psoc creator/4.4/psoc creator/import/gnu/arm/5.4.1/bin/../lib/gcc/arm-none-eabi/5.4.1/../../../../arm-none-eabi/lib/armv7-m\libg_nano.a(lib_a-mprec.o)
                0x00003e62                __hi0bits
 .text.__lo0bits
                0x00003ea2       0x5a c:/program files (x86)/cypress/psoc creator/4.4/psoc creator/import/gnu/arm/5.4.1/bin/../lib/gcc/arm-none-eabi/5.4.1/../../../../arm-none-eabi/lib/armv7-m\libg_nano.a(lib_a-mprec.o)
                0x00003ea2                __lo0bits
 .text.__i2b    0x00003efc       0x12 c:/program files (x86)/cypress/psoc creator/4.4/psoc creator/import/gnu/arm/5.4.1/bin/../lib/gcc/arm-none-eabi/5.4.1/../../../../arm-none-eabi/lib/armv7-m\libg_nano.a(lib_a-mprec.o)
                0x00003efc                __i2b
 .text.__multiply
                0x00003f0e      0x120 c:/program files (x86)/cypress/psoc creator/4.4/psoc creator/import/gnu/arm/5.4.1/bin/../lib/gcc/arm-none-eabi/5.4.1/../../../../arm-none-eabi/lib/armv7-m\libg_nano.a(lib_a-mprec.o)
                0x00003f0e                __multiply
 *fill*         0x0000402e        0x2 
 .text.__pow5mult
                0x00004030       0x9c c:/program files (x86)/cypress/psoc creator/4.4/psoc creator/import/gnu/arm/5.4.1/bin/../lib/gcc/arm-none-eabi/5.4.1/../../../../arm-none-eabi/lib/armv7-m\libg_nano.a(lib_a-mprec.o)
                0x00004030                __pow5mult
 .text.__lshift
                0x000040cc       0xa2 c:/program files (x86)/cypress/psoc creator/4.4/psoc creator/import/gnu/arm/5.4.1/bin/../lib/gcc/arm-none-eabi/5.4.1/../../../../arm-none-eabi/lib/armv7-m\libg_nano.a(lib_a-mprec.o)
                0x000040cc                __lshift
 .text.__mcmp   0x0000416e       0x38 c:/program files (x86)/cypress/psoc creator/4.4/psoc creator/import/gnu/arm/5.4.1/bin/../lib/gcc/arm-none-eabi/5.4.1/../../../../arm-none-eabi/lib/armv7-m\libg_nano.a(lib_a-mprec.o)
                0x0000416e                __mcmp
 .text.__mdiff  0x000041a6       0xbe c:/program files (x86)/cypress/psoc creator/4.4/psoc creator/import/gnu/arm/5.4.1/bin/../lib/gcc/arm-none-eabi/5.4.1/../../../../arm-none-eabi/lib/armv7-m\libg_nano.a(lib_a-mprec.o)
                0x000041a6                __mdiff
 .text.__d2b    0x00004264       0x9c c:/program files (x86)/cypress/psoc creator/4.4/psoc creator/import/gnu/arm/5.4.1/bin/../lib/gcc/arm-none-eabi/5.4.1/../../../../arm-none-eabi/lib/armv7-m\libg_nano.a(lib_a-mprec.o)
                0x00004264                __d2b
 .text._calloc_r
                0x00004300       0x1c c:/program files (x86)/cypress/psoc creator/4.4/psoc creator/import/gnu/arm/5.4.1/bin/../lib/gcc/arm-none-eabi/5.4.1/../../../../arm-none-eabi/lib/armv7-m\libg_nano.a(lib_a-nano-callocr.o)
                0x00004300                _calloc_r
 .text._free_r  0x0000431c       0x98 c:/program files (x86)/cypress/psoc creator/4.4/psoc creator/import/gnu/arm/5.4.1/bin/../lib/gcc/arm-none-eabi/5.4.1/../../../../arm-none-eabi/lib/armv7-m\libg_nano.a(lib_a-nano-freer.o)
                0x0000431c                _free_r
 .text._malloc_r
                0x000043b4       0xbc c:/program files (x86)/cypress/psoc creator/4.4/psoc creator/import/gnu/arm/5.4.1/bin/../lib/gcc/arm-none-eabi/5.4.1/../../../../arm-none-eabi/lib/armv7-m\libg_nano.a(lib_a-nano-mallocr.o)
                0x000043b4                _malloc_r
 .text.__ssputs_r
                0x00004470       0xb2 c:/program files (x86)/cypress/psoc creator/4.4/psoc creator/import/gnu/arm/5.4.1/bin/../lib/gcc/arm-none-eabi/5.4.1/../../../../arm-none-eabi/lib/armv7-m\libg_nano.a(lib_a-nano-svfprintf.o)
                0x00004470                __ssputs_r
 *fill*         0x00004522        0x2 
 .text._svfprintf_r
                0x00004524      0x1e8 c:/program files (x86)/cypress/psoc creator/4.4/psoc creator/import/gnu/arm/5.4.1/bin/../lib/gcc/arm-none-eabi/5.4.1/../../../../arm-none-eabi/lib/armv7-m\libg_nano.a(lib_a-nano-svfprintf.o)
                0x00004524                _svfiprintf_r
                0x00004524                _svfprintf_r
 .text._sbrk_r  0x0000470c       0x20 c:/program files (x86)/cypress/psoc creator/4.4/psoc creator/import/gnu/arm/5.4.1/bin/../lib/gcc/arm-none-eabi/5.4.1/../../../../arm-none-eabi/lib/armv7-m\libg_nano.a(lib_a-sbrkr.o)
                0x0000470c                _sbrk_r
 .text.memmove  0x0000472c       0x36 c:/program files (x86)/cypress/psoc creator/4.4/psoc creator/import/gnu/arm/5.4.1/bin/../lib/gcc/arm-none-eabi/5.4.1/../../../../arm-none-eabi/lib/armv7-m\libg_nano.a(lib_a-memmove.o)
                0x0000472c                memmove
 .text.__malloc_lock
                0x00004762        0x2 c:/program files (x86)/cypress/psoc creator/4.4/psoc creator/import/gnu/arm/5.4.1/bin/../lib/gcc/arm-none-eabi/5.4.1/../../../../arm-none-eabi/lib/armv7-m\libg_nano.a(lib_a-mlock.o)
                0x00004762                __malloc_lock
 .text.__malloc_unlock
                0x00004764        0x2 c:/program files (x86)/cypress/psoc creator/4.4/psoc creator/import/gnu/arm/5.4.1/bin/../lib/gcc/arm-none-eabi/5.4.1/../../../../arm-none-eabi/lib/armv7-m\libg_nano.a(lib_a-mlock.o)
                0x00004764                __malloc_unlock
 .text._realloc_r
                0x00004766       0x4c c:/program files (x86)/cypress/psoc creator/4.4/psoc creator/import/gnu/arm/5.4.1/bin/../lib/gcc/arm-none-eabi/5.4.1/../../../../arm-none-eabi/lib/armv7-m\libg_nano.a(lib_a-nano-reallocr.o)
                0x00004766                _realloc_r
 .text._malloc_usable_size_r
                0x000047b2       0x14 c:/program files (x86)/cypress/psoc creator/4.4/psoc creator/import/gnu/arm/5.4.1/bin/../lib/gcc/arm-none-eabi/5.4.1/../../../../arm-none-eabi/lib/armv7-m\libg_nano.a(lib_a-nano-msizer.o)
                0x000047b2                _malloc_usable_size_r
 *fill*         0x000047c6        0x2 
 .text          0x000047c8      0x110 c:/program files (x86)/cypress/psoc creator/4.4/psoc creator/import/gnu/arm/5.4.1/bin/../lib/gcc/arm-none-eabi/5.4.1/armv7-m\libgcc.a(_arm_cmpdf2.o)
                0x000047c8                __gtdf2
                0x000047c8                __gedf2
                0x000047d0                __ltdf2
                0x000047d0                __ledf2
                0x000047d8                __nedf2
                0x000047d8                __eqdf2
                0x000047d8                __cmpdf2
                0x00004854                __aeabi_cdrcmple
                0x00004864                __aeabi_cdcmpeq
                0x00004864                __aeabi_cdcmple
                0x00004874                __aeabi_dcmpeq
                0x00004888                __aeabi_dcmplt
                0x0000489c                __aeabi_dcmple
                0x000048b0                __aeabi_dcmpge
                0x000048c4                __aeabi_dcmpgt
 .text          0x000048d8       0x2c c:/program files (x86)/cypress/psoc creator/4.4/psoc creator/import/gnu/arm/5.4.1/bin/../lib/gcc/arm-none-eabi/5.4.1/armv7-m\libgcc.a(_arm_unorddf2.o)
                0x000048d8                __unorddf2
                0x000048d8                __aeabi_dcmpun
 .text          0x00004904       0x50 c:/program files (x86)/cypress/psoc creator/4.4/psoc creator/import/gnu/arm/5.4.1/bin/../lib/gcc/arm-none-eabi/5.4.1/armv7-m\libgcc.a(_arm_fixdfsi.o)
                0x00004904                __aeabi_d2iz
                0x00004904                __fixdfsi
 *(.plt)
 *(.gnu.warning)
 *(.glue_7t)
 .glue_7t       0x00004954        0x0 linker stubs
 *(.glue_7)
 .glue_7        0x00004954        0x0 linker stubs
 *(.vfp11_veneer)
 .vfp11_veneer  0x00004954        0x0 linker stubs
 *(.bootloader)
 *(.ARM.extab* .gnu.linkonce.armextab.*)
 *(.gcc_except_table)

.v4_bx          0x00004954        0x0
 .v4_bx         0x00004954        0x0 linker stubs

.iplt           0x00004954        0x0
 .iplt          0x00004954        0x0 c:/program files (x86)/cypress/psoc creator/4.4/psoc creator/import/gnu/arm/5.4.1/bin/../lib/gcc/arm-none-eabi/5.4.1/armv7-m/crtbegin.o

.eh_frame_hdr
 *(.eh_frame_hdr)

.eh_frame       0x00004954        0x4
 *(.eh_frame)
 .eh_frame      0x00004954        0x0 c:/program files (x86)/cypress/psoc creator/4.4/psoc creator/import/gnu/arm/5.4.1/bin/../lib/gcc/arm-none-eabi/5.4.1/armv7-m/crtbegin.o
 .eh_frame      0x00004954        0x4 c:/program files (x86)/cypress/psoc creator/4.4/psoc creator/import/gnu/arm/5.4.1/bin/../lib/gcc/arm-none-eabi/5.4.1/armv7-m/crtend.o
                [!provide]                PROVIDE (__exidx_start, .)

.ARM.exidx
 *(.ARM.exidx* .gnu.linkonce.armexidx.*)
                0x00004958                __exidx_end = .

.rodata         0x00004958      0x280
 *(.rodata .rodata.* .gnu.linkonce.r.*)
 .rodata.str1.4
                0x00004958       0x94 .\CortexM3\ARM_GCC_541\Debug\main.o
 .rodata        0x000049ec       0x56 .\CortexM3\ARM_GCC_541\Debug\cyfitter_cfg.o
 .rodata.str1.1
                0x00004a42        0x2 c:/program files (x86)/cypress/psoc creator/4.4/psoc creator/import/gnu/arm/5.4.1/bin/../lib/gcc/arm-none-eabi/5.4.1/../../../../arm-none-eabi/lib/armv7-m\libg_nano.a(lib_a-impure.o)
 .rodata.str1.1
                0x00004a44       0x12 c:/program files (x86)/cypress/psoc creator/4.4/psoc creator/import/gnu/arm/5.4.1/bin/../lib/gcc/arm-none-eabi/5.4.1/../../../../arm-none-eabi/lib/armv7-m\libg_nano.a(lib_a-nano-vfprintf_float.o)
 .rodata.str1.1
                0x00004a56       0x22 c:/program files (x86)/cypress/psoc creator/4.4/psoc creator/import/gnu/arm/5.4.1/bin/../lib/gcc/arm-none-eabi/5.4.1/../../../../arm-none-eabi/lib/armv7-m\libg_nano.a(lib_a-nano-vfprintf_i.o)
 .rodata.str1.1
                0x00004a78        0xd c:/program files (x86)/cypress/psoc creator/4.4/psoc creator/import/gnu/arm/5.4.1/bin/../lib/gcc/arm-none-eabi/5.4.1/../../../../arm-none-eabi/lib/armv7-m\libg_nano.a(lib_a-dtoa.o)
                                  0xf (size before relaxing)
 .rodata.str1.1
                0x00004a85        0x8 c:/program files (x86)/cypress/psoc creator/4.4/psoc creator/import/gnu/arm/5.4.1/bin/../lib/gcc/arm-none-eabi/5.4.1/../../../../arm-none-eabi/lib/armv7-m\libg_nano.a(lib_a-locale.o)
                                  0xb (size before relaxing)
 *fill*         0x00004a8d        0x3 
 .rodata.__mprec_tens
                0x00004a90       0xc8 c:/program files (x86)/cypress/psoc creator/4.4/psoc creator/import/gnu/arm/5.4.1/bin/../lib/gcc/arm-none-eabi/5.4.1/../../../../arm-none-eabi/lib/armv7-m\libg_nano.a(lib_a-mprec.o)
                0x00004a90                __mprec_tens
 .rodata.p05.5408
                0x00004b58        0xc c:/program files (x86)/cypress/psoc creator/4.4/psoc creator/import/gnu/arm/5.4.1/bin/../lib/gcc/arm-none-eabi/5.4.1/../../../../arm-none-eabi/lib/armv7-m\libg_nano.a(lib_a-mprec.o)
 *fill*         0x00004b64        0x4 
 .rodata.__mprec_bigtens
                0x00004b68       0x28 c:/program files (x86)/cypress/psoc creator/4.4/psoc creator/import/gnu/arm/5.4.1/bin/../lib/gcc/arm-none-eabi/5.4.1/../../../../arm-none-eabi/lib/armv7-m\libg_nano.a(lib_a-mprec.o)
                0x00004b68                __mprec_bigtens
 .rodata.str1.1
                0x00004b90       0x11 c:/program files (x86)/cypress/psoc creator/4.4/psoc creator/import/gnu/arm/5.4.1/bin/../lib/gcc/arm-none-eabi/5.4.1/../../../../arm-none-eabi/lib/armv7-m\libg_nano.a(lib_a-nano-svfprintf.o)
                0x00004ba4                . = ALIGN (0x4)
 *fill*         0x00004ba1        0x3 
 *(.init)
 .init          0x00004ba4        0x4 c:/program files (x86)/cypress/psoc creator/4.4/psoc creator/import/gnu/arm/5.4.1/bin/../lib/gcc/arm-none-eabi/5.4.1/armv7-m/crti.o
                0x00004ba4                _init
 .init          0x00004ba8        0x8 c:/program files (x86)/cypress/psoc creator/4.4/psoc creator/import/gnu/arm/5.4.1/bin/../lib/gcc/arm-none-eabi/5.4.1/armv7-m/crtn.o
                0x00004bb0                . = ALIGN (0x4)
                0x00004bb0                __preinit_array_start = .
 *(.preinit_array)
                0x00004bb0                __preinit_array_end = .
                0x00004bb0                . = ALIGN (0x4)
                0x00004bb0                __init_array_start = .
 *(SORT(.init_array.*))
 *(.init_array)
 .init_array    0x00004bb0        0x4 c:/program files (x86)/cypress/psoc creator/4.4/psoc creator/import/gnu/arm/5.4.1/bin/../lib/gcc/arm-none-eabi/5.4.1/armv7-m/crtbegin.o
 .init_array    0x00004bb4        0x4 .\CortexM3\ARM_GCC_541\Debug\Cm3Start.o
                0x00004bb8                __init_array_end = .
                0x00004bb8                . = ALIGN (0x4)
 *(.fini)
 .fini          0x00004bb8        0x4 c:/program files (x86)/cypress/psoc creator/4.4/psoc creator/import/gnu/arm/5.4.1/bin/../lib/gcc/arm-none-eabi/5.4.1/armv7-m/crti.o
                0x00004bb8                _fini
 .fini          0x00004bbc        0x8 c:/program files (x86)/cypress/psoc creator/4.4/psoc creator/import/gnu/arm/5.4.1/bin/../lib/gcc/arm-none-eabi/5.4.1/armv7-m/crtn.o
                0x00004bc4                . = ALIGN (0x4)
                0x00004bc4                __fini_array_start = .
 *(.fini_array)
 .fini_array    0x00004bc4        0x4 c:/program files (x86)/cypress/psoc creator/4.4/psoc creator/import/gnu/arm/5.4.1/bin/../lib/gcc/arm-none-eabi/5.4.1/armv7-m/crtbegin.o
 *(SORT(.fini_array.*))
                0x00004bc8                __fini_array_end = .
                0x00004bc8                . = ALIGN (0x4)
 *crtbegin.o(.ctors)
 *(EXCLUDE_FILE(*crtend.o) .ctors)
 *(SORT(.ctors.*))
 *crtend.o(.ctors)
                0x00004bc8                . = ALIGN (0x4)
 *crtbegin.o(.dtors)
 *(EXCLUDE_FILE(*crtend.o) .dtors)
 *(SORT(.dtors.*))
 *crtend.o(.dtors)
                0x00004bc8                . = ALIGN (0x4)
                0x00004bc8                __cy_regions = .
                0x00004bc8        0x4 LONG 0x4bd8 __cy_region_init_ram
                0x00004bcc        0x4 LONG 0x1fff80c8 __cy_region_start_data
                0x00004bd0        0x4 LONG 0xd0 __cy_region_init_size_ram
                0x00004bd4        0x4 LONG 0xf8 __cy_region_zero_size_ram
                0x00004bd8                __cy_regions_end = .
                0x00004bd8                . = ALIGN (0x8)
                0x00004bd8                _etext = .

.cy_checksum_exclude
                0x00004bd8        0x0
 *(.cy_checksum_exclude)

.ramvectors     0x1fff8000       0xc0
                0x1fff8000                __cy_region_start_ram = .
 *(.ramvectors)
 .ramvectors    0x1fff8000       0xc0 .\CortexM3\ARM_GCC_541\Debug\Cm3Start.o
                0x1fff8000                CyRamVectors

.noinit         0x1fff80c0        0x1
 *(.noinit)
 .noinit        0x1fff80c0        0x1 .\CortexM3\ARM_GCC_541\Debug\Design01.a(CyLib.o)
                0x1fff80c0                CyResetStatus

.data           0x1fff80c8       0xd0 load address 0x00004bd8
                0x1fff80c8                __cy_region_start_data = .
 *(.jcr)
 .jcr           0x1fff80c8        0x0 c:/program files (x86)/cypress/psoc creator/4.4/psoc creator/import/gnu/arm/5.4.1/bin/../lib/gcc/arm-none-eabi/5.4.1/armv7-m/crtbegin.o
 .jcr           0x1fff80c8        0x4 c:/program files (x86)/cypress/psoc creator/4.4/psoc creator/import/gnu/arm/5.4.1/bin/../lib/gcc/arm-none-eabi/5.4.1/armv7-m/crtend.o
 *(.got.plt)
 *(.got)
 *(.shdata)
 *(.data .data.* .gnu.linkonce.d.*)
 *fill*         0x1fff80cc        0x4 
 .data          0x1fff80d0       0x18 .\CortexM3\ARM_GCC_541\Debug\main.o
                0x1fff80d0                K_p
                0x1fff80d8                PWM_Master
                0x1fff80dc                PWM_Slave
                0x1fff80e0                timer_period
 .data          0x1fff80e8        0x4 .\CortexM3\ARM_GCC_541\Debug\Cm3Start.o
 .data          0x1fff80ec       0x10 .\CortexM3\ARM_GCC_541\Debug\Design01.a(CyLib.o)
                0x1fff80ec                cydelay_32k_ms
                0x1fff80f0                cydelay_freq_khz
                0x1fff80f4                cydelay_freq_mhz
                0x1fff80f8                cydelay_freq_hz
 .data.impure_data
                0x1fff80fc       0x60 c:/program files (x86)/cypress/psoc creator/4.4/psoc creator/import/gnu/arm/5.4.1/bin/../lib/gcc/arm-none-eabi/5.4.1/../../../../arm-none-eabi/lib/armv7-m\libg_nano.a(lib_a-impure.o)
 .data._impure_ptr
                0x1fff815c        0x4 c:/program files (x86)/cypress/psoc creator/4.4/psoc creator/import/gnu/arm/5.4.1/bin/../lib/gcc/arm-none-eabi/5.4.1/../../../../arm-none-eabi/lib/armv7-m\libg_nano.a(lib_a-impure.o)
                0x1fff815c                _impure_ptr
 .data.lconv    0x1fff8160       0x38 c:/program files (x86)/cypress/psoc creator/4.4/psoc creator/import/gnu/arm/5.4.1/bin/../lib/gcc/arm-none-eabi/5.4.1/../../../../arm-none-eabi/lib/armv7-m\libg_nano.a(lib_a-locale.o)
                0x1fff8198                . = ALIGN (0x8)
 *(.ram)
                0x1fff8198                _edata = .

.igot.plt       0x1fff8198        0x0 load address 0x00004ca8
 .igot.plt      0x1fff8198        0x0 c:/program files (x86)/cypress/psoc creator/4.4/psoc creator/import/gnu/arm/5.4.1/bin/../lib/gcc/arm-none-eabi/5.4.1/armv7-m/crtbegin.o

.bss            0x1fff8198       0xf8 load address 0x00004ca8
                0x1fff8198                PROVIDE (__bss_start__, .)
 *(.shbss)
 *(.bss .bss.* .gnu.linkonce.b.*)
 .bss           0x1fff8198       0x1c c:/program files (x86)/cypress/psoc creator/4.4/psoc creator/import/gnu/arm/5.4.1/bin/../lib/gcc/arm-none-eabi/5.4.1/armv7-m/crtbegin.o
 *fill*         0x1fff81b4        0x4 
 .bss           0x1fff81b8       0x68 .\CortexM3\ARM_GCC_541\Debug\main.o
                0x1fff81b8                compare_ready
                0x1fff81bc                is_moving
                0x1fff81c0                Count_Master
                0x1fff81c4                Count_Slave
                0x1fff81c8                error
                0x1fff81d0                last_error
                0x1fff81d8                F_or_R_1_flag_stop
                0x1fff81dc                direction
                0x1fff81e0                y_coord
                0x1fff81e8                x_coord
                0x1fff81f0                step
                0x1fff81f4                color_detected
                0x1fff81f8                left_measured
                0x1fff81fc                left_det_count
                0x1fff8200                K_d
                0x1fff8208                K_i
                0x1fff8210                derivative_error
                0x1fff8218                accumulated_error
 .bss           0x1fff8220        0x1 .\CortexM3\ARM_GCC_541\Debug\Design01.a(QuadDec_1.o)
                0x1fff8220                QuadDec_1_initVar
 .bss           0x1fff8221        0x1 .\CortexM3\ARM_GCC_541\Debug\Design01.a(QuadDec_1_Cnt16.o)
                0x1fff8221                QuadDec_1_Cnt16_initVar
 .bss           0x1fff8222        0x2 .\CortexM3\ARM_GCC_541\Debug\Design01.a(UART_1.o)
                0x1fff8222                UART_1_initVar
 .bss           0x1fff8224        0x1 .\CortexM3\ARM_GCC_541\Debug\Design01.a(QuadDec_2.o)
                0x1fff8224                QuadDec_2_initVar
 .bss           0x1fff8225        0x1 .\CortexM3\ARM_GCC_541\Debug\Design01.a(QuadDec_2_Cnt16.o)
                0x1fff8225                QuadDec_2_Cnt16_initVar
 .bss           0x1fff8226        0x1 .\CortexM3\ARM_GCC_541\Debug\Design01.a(PWM_Master.o)
                0x1fff8226                PWM_Master_initVar
 .bss           0x1fff8227        0x1 .\CortexM3\ARM_GCC_541\Debug\Design01.a(PWM_Slave.o)
                0x1fff8227                PWM_Slave_initVar
 .bss           0x1fff8228        0x1 .\CortexM3\ARM_GCC_541\Debug\Design01.a(Timer_1.o)
                0x1fff8228                Timer_1_initVar
 .bss           0x1fff8229        0x1 .\CortexM3\ARM_GCC_541\Debug\Design01.a(Timer_2.o)
                0x1fff8229                Timer_2_initVar
 .bss           0x1fff822a        0x1 .\CortexM3\ARM_GCC_541\Debug\Design01.a(Timer_3.o)
                0x1fff822a                Timer_3_initVar
 .bss           0x1fff822b        0x1 .\CortexM3\ARM_GCC_541\Debug\Design01.a(Timer_4.o)
                0x1fff822b                Timer_4_initVar
 .bss           0x1fff822c        0x1 .\CortexM3\ARM_GCC_541\Debug\Design01.a(Timer_5.o)
                0x1fff822c                Timer_5_initVar
 .bss           0x1fff822d        0x1 .\CortexM3\ARM_GCC_541\Debug\Design01.a(PWM_ColorSensor.o)
                0x1fff822d                PWM_ColorSensor_initVar
 .bss           0x1fff822e        0x1 .\CortexM3\ARM_GCC_541\Debug\Design01.a(Counter_ColorSensor.o)
                0x1fff822e                Counter_ColorSensor_initVar
 *fill*         0x1fff822f        0x1 
 .bss.__malloc_sbrk_start
                0x1fff8230        0x4 c:/program files (x86)/cypress/psoc creator/4.4/psoc creator/import/gnu/arm/5.4.1/bin/../lib/gcc/arm-none-eabi/5.4.1/../../../../arm-none-eabi/lib/armv7-m\libg_nano.a(lib_a-nano-mallocr.o)
                0x1fff8230                __malloc_sbrk_start
 .bss.__malloc_free_list
                0x1fff8234        0x4 c:/program files (x86)/cypress/psoc creator/4.4/psoc creator/import/gnu/arm/5.4.1/bin/../lib/gcc/arm-none-eabi/5.4.1/../../../../arm-none-eabi/lib/armv7-m\libg_nano.a(lib_a-nano-mallocr.o)
                0x1fff8234                __malloc_free_list
 *(COMMON)
 COMMON         0x1fff8238       0x54 .\CortexM3\ARM_GCC_541\Debug\main.o
                0x1fff8238                front_measured_2
                0x1fff823c                right_det_count
                0x1fff8240                string_3
                0x1fff8254                string_1
                0x1fff8268                front_det_count_1
                0x1fff826c                right_measured
                0x1fff8270                front_det_count_2
                0x1fff8274                front_measured_1
                0x1fff8278                string_2
 COMMON         0x1fff828c        0x4 c:/program files (x86)/cypress/psoc creator/4.4/psoc creator/import/gnu/arm/5.4.1/bin/../lib/gcc/arm-none-eabi/5.4.1/../../../../arm-none-eabi/lib/armv7-m\libg_nano.a(lib_a-reent.o)
                0x1fff828c                errno
                0x1fff8290                . = ALIGN (0x8)
 *(.ram.b)
                0x1fff8290                _end = .
                0x1fff8290                __end = .
                0x1fff8290                PROVIDE (end, .)
                0x1fff8290                PROVIDE (__bss_end__, .)
                0x00004bd8                __cy_region_init_ram = LOADADDR (.data)
                0x000000d0                __cy_region_init_size_ram = (_edata - ADDR (.data))
                0x000000f8                __cy_region_zero_size_ram = (_end - _edata)

.heap           0x1fff8290      0x200 load address 0x00004ca8
                0x1fff8290                . = _end
                0x1fff8490                . = (. + 0x200)
 *fill*         0x1fff8290      0x200 
                0x1fff8490                __cy_heap_limit = .

.stack          0x20007800      0x800
                0x20007800                __cy_stack_limit = .
                0x20008000                . = (. + 0x800)
 *fill*         0x20007800      0x800 
                0x00000001                ASSERT ((__cy_stack_limit >= __cy_heap_limit), region RAM overflowed with stack)
                0x00000000                cy_checksum_exclude_size = (CY_APPL_LOADABLE == 0x1)?SIZEOF (.cy_checksum_exclude):0x0
                0x00000001                ASSERT ((cy_checksum_exclude_size <= CY_CHECKSUM_EXCLUDE_SIZE), CY_BOOT: Section .cy_checksum_exclude size exceedes specified limit.)

.cyloadermeta
 *(.cyloadermeta)

.cyloadablemeta
 *(.cyloadablemeta)

.cyconfigecc    0x80000000     0x13d0
 *(.cyconfigecc)
 .cyconfigecc   0x80000000     0x13d0 .\CortexM3\ARM_GCC_541\Debug\cymetadata.o
                0x80000000                cy_meta_configecc

.cycustnvl      0x90000000        0x4
 *(.cycustnvl)
 .cycustnvl     0x90000000        0x4 .\CortexM3\ARM_GCC_541\Debug\cymetadata.o
                0x90000000                cy_meta_custnvl

.cywolatch      0x90100000        0x4
 *(.cywolatch)
 .cywolatch     0x90100000        0x4 .\CortexM3\ARM_GCC_541\Debug\cymetadata.o
                0x90100000                cy_meta_wonvl

.cyeeprom       0x90200000        0x0
 *(.cyeeprom)
                0x00000001                ASSERT ((. <= ((0x90200000 + ee_offset) + ee_size)), .cyeeprom data will not fit in EEPROM)

.cyflashprotect
                0x90400000      0x100
 *(.cyflashprotect)
 .cyflashprotect
                0x90400000      0x100 .\CortexM3\ARM_GCC_541\Debug\cymetadata.o
                0x90400000                cy_meta_flashprotect

.cymeta         0x90500000        0xc
 *(.cymeta)
 .cymeta        0x90500000        0xc .\CortexM3\ARM_GCC_541\Debug\cymetadata.o
                0x90500000                cy_metadata

.rel.dyn        0x00004ca8        0x0 load address 0x9050000c
 .rel.iplt      0x00004ca8        0x0 c:/program files (x86)/cypress/psoc creator/4.4/psoc creator/import/gnu/arm/5.4.1/bin/../lib/gcc/arm-none-eabi/5.4.1/armv7-m/crtbegin.o

.stab
 *(.stab)

.stabstr
 *(.stabstr)

.debug
 *(.debug)

.line
 *(.line)

.debug_srcinfo
 *(.debug_srcinfo)

.debug_sfnames
 *(.debug_sfnames)

.debug_aranges  0x00000000     0x1380
 *(.debug_aranges)
 .debug_aranges
                0x00000000       0x88 .\CortexM3\ARM_GCC_541\Debug\main.o
 .debug_aranges
                0x00000088       0x58 .\CortexM3\ARM_GCC_541\Debug\cyfitter_cfg.o
 .debug_aranges
                0x000000e0       0x18 .\CortexM3\ARM_GCC_541\Debug\cymetadata.o
 .debug_aranges
                0x000000f8       0x48 .\CortexM3\ARM_GCC_541\Debug\Cm3Start.o
 .debug_aranges
                0x00000140       0x38 .\CortexM3\ARM_GCC_541\Debug\Design01.a(Motor_1_IN_1.o)
 .debug_aranges
                0x00000178       0x38 .\CortexM3\ARM_GCC_541\Debug\Design01.a(Motor_1_IN_2.o)
 .debug_aranges
                0x000001b0      0x2a0 .\CortexM3\ARM_GCC_541\Debug\Design01.a(CyLib.o)
 .debug_aranges
                0x00000450       0x98 .\CortexM3\ARM_GCC_541\Debug\Design01.a(cyPm.o)
 .debug_aranges
                0x000004e8       0x60 .\CortexM3\ARM_GCC_541\Debug\Design01.a(QuadDec_1.o)
 .debug_aranges
                0x00000548       0x98 .\CortexM3\ARM_GCC_541\Debug\Design01.a(QuadDec_1_Cnt16.o)
 .debug_aranges
                0x000005e0       0xf0 .\CortexM3\ARM_GCC_541\Debug\Design01.a(UART_1.o)
 .debug_aranges
                0x000006d0       0x70 .\CortexM3\ARM_GCC_541\Debug\Design01.a(UART_1_IntClock.o)
 .debug_aranges
                0x00000740       0x60 .\CortexM3\ARM_GCC_541\Debug\Design01.a(QuadDec_2.o)
 .debug_aranges
                0x000007a0       0x98 .\CortexM3\ARM_GCC_541\Debug\Design01.a(QuadDec_2_Cnt16.o)
 .debug_aranges
                0x00000838       0x38 .\CortexM3\ARM_GCC_541\Debug\Design01.a(Motor_2_IN_3.o)
 .debug_aranges
                0x00000870       0x38 .\CortexM3\ARM_GCC_541\Debug\Design01.a(Motor_2_IN_4.o)
 .debug_aranges
                0x000008a8       0x78 .\CortexM3\ARM_GCC_541\Debug\Design01.a(PWM_Master.o)
 .debug_aranges
                0x00000920       0x78 .\CortexM3\ARM_GCC_541\Debug\Design01.a(PWM_Slave.o)
 .debug_aranges
                0x00000998       0x90 .\CortexM3\ARM_GCC_541\Debug\Design01.a(Timer_1.o)
 .debug_aranges
                0x00000a28       0x80 .\CortexM3\ARM_GCC_541\Debug\Design01.a(isr_1.o)
 .debug_aranges
                0x00000aa8       0x98 .\CortexM3\ARM_GCC_541\Debug\Design01.a(Timer_2.o)
 .debug_aranges
                0x00000b40       0x80 .\CortexM3\ARM_GCC_541\Debug\Design01.a(isr_2.o)
 .debug_aranges
                0x00000bc0       0x98 .\CortexM3\ARM_GCC_541\Debug\Design01.a(Timer_3.o)
 .debug_aranges
                0x00000c58       0x38 .\CortexM3\ARM_GCC_541\Debug\Design01.a(Right_Echo.o)
 .debug_aranges
                0x00000c90       0x98 .\CortexM3\ARM_GCC_541\Debug\Design01.a(Timer_4.o)
 .debug_aranges
                0x00000d28       0x98 .\CortexM3\ARM_GCC_541\Debug\Design01.a(Timer_5.o)
 .debug_aranges
                0x00000dc0       0x38 .\CortexM3\ARM_GCC_541\Debug\Design01.a(Front_Echo_1.o)
 .debug_aranges
                0x00000df8       0x38 .\CortexM3\ARM_GCC_541\Debug\Design01.a(Right_Trigger.o)
 .debug_aranges
                0x00000e30       0x98 .\CortexM3\ARM_GCC_541\Debug\Design01.a(PWM_ColorSensor.o)
 .debug_aranges
                0x00000ec8       0x98 .\CortexM3\ARM_GCC_541\Debug\Design01.a(Counter_ColorSensor.o)
 .debug_aranges
                0x00000f60       0x80 .\CortexM3\ARM_GCC_541\Debug\Design01.a(isr_6.o)
 .debug_aranges
                0x00000fe0       0x28 .\CortexM3\ARM_GCC_541\Debug\Design01.a(Control_Reg_1.o)
 .debug_aranges
                0x00001008       0x38 .\CortexM3\ARM_GCC_541\Debug\Design01.a(S1.o)
 .debug_aranges
                0x00001040       0x38 .\CortexM3\ARM_GCC_541\Debug\Design01.a(S2.o)
 .debug_aranges
                0x00001078       0x38 .\CortexM3\ARM_GCC_541\Debug\Design01.a(S0.o)
 .debug_aranges
                0x000010b0       0x38 .\CortexM3\ARM_GCC_541\Debug\Design01.a(S3.o)
 .debug_aranges
                0x000010e8       0x38 .\CortexM3\ARM_GCC_541\Debug\Design01.a(CS_LED.o)
 .debug_aranges
                0x00001120       0x38 .\CortexM3\ARM_GCC_541\Debug\Design01.a(IR_input.o)
 .debug_aranges
                0x00001158       0x38 .\CortexM3\ARM_GCC_541\Debug\Design01.a(led_green.o)
 .debug_aranges
                0x00001190       0x38 .\CortexM3\ARM_GCC_541\Debug\Design01.a(led_red.o)
 .debug_aranges
                0x000011c8       0x38 .\CortexM3\ARM_GCC_541\Debug\Design01.a(led_blue.o)
 .debug_aranges
                0x00001200       0x38 .\CortexM3\ARM_GCC_541\Debug\Design01.a(Front_Trigger_1.o)
 .debug_aranges
                0x00001238       0x20 .\CortexM3\ARM_GCC_541\Debug\Design01.a(CyBootAsmGnu.o)
 .debug_aranges
                0x00001258       0x88 .\CortexM3\ARM_GCC_541\Debug\Design01.a(CyFlash.o)
 .debug_aranges
                0x000012e0       0x80 .\CortexM3\ARM_GCC_541\Debug\Design01.a(CySpc.o)
 .debug_aranges
                0x00001360       0x20 .\CortexM3\ARM_GCC_541\Debug\Design01.a(cyutils.o)

.debug_pubnames
 *(.debug_pubnames)

.debug_info     0x00000000     0x9443
 *(.debug_info .gnu.linkonce.wi.*)
 .debug_info    0x00000000     0x11da .\CortexM3\ARM_GCC_541\Debug\main.o
 .debug_info    0x000011da      0x603 .\CortexM3\ARM_GCC_541\Debug\cyfitter_cfg.o
 .debug_info    0x000017dd      0x139 .\CortexM3\ARM_GCC_541\Debug\cymetadata.o
 .debug_info    0x00001916      0x3bb .\CortexM3\ARM_GCC_541\Debug\Cm3Start.o
 .debug_info    0x00001cd1      0x11f .\CortexM3\ARM_GCC_541\Debug\Design01.a(Motor_1_IN_1.o)
 .debug_info    0x00001df0      0x11f .\CortexM3\ARM_GCC_541\Debug\Design01.a(Motor_1_IN_2.o)
 .debug_info    0x00001f0f     0x1374 .\CortexM3\ARM_GCC_541\Debug\Design01.a(CyLib.o)
 .debug_info    0x00003283      0xa2a .\CortexM3\ARM_GCC_541\Debug\Design01.a(cyPm.o)
 .debug_info    0x00003cad      0x2d4 .\CortexM3\ARM_GCC_541\Debug\Design01.a(QuadDec_1.o)
 .debug_info    0x00003f81      0x348 .\CortexM3\ARM_GCC_541\Debug\Design01.a(QuadDec_1_Cnt16.o)
 .debug_info    0x000042c9      0x60c .\CortexM3\ARM_GCC_541\Debug\Design01.a(UART_1.o)
 .debug_info    0x000048d5      0x283 .\CortexM3\ARM_GCC_541\Debug\Design01.a(UART_1_IntClock.o)
 .debug_info    0x00004b58      0x2d4 .\CortexM3\ARM_GCC_541\Debug\Design01.a(QuadDec_2.o)
 .debug_info    0x00004e2c      0x348 .\CortexM3\ARM_GCC_541\Debug\Design01.a(QuadDec_2_Cnt16.o)
 .debug_info    0x00005174      0x11f .\CortexM3\ARM_GCC_541\Debug\Design01.a(Motor_2_IN_3.o)
 .debug_info    0x00005293      0x11f .\CortexM3\ARM_GCC_541\Debug\Design01.a(Motor_2_IN_4.o)
 .debug_info    0x000053b2      0x281 .\CortexM3\ARM_GCC_541\Debug\Design01.a(PWM_Master.o)
 .debug_info    0x00005633      0x281 .\CortexM3\ARM_GCC_541\Debug\Design01.a(PWM_Slave.o)
 .debug_info    0x000058b4      0x334 .\CortexM3\ARM_GCC_541\Debug\Design01.a(Timer_1.o)
 .debug_info    0x00005be8      0x2d2 .\CortexM3\ARM_GCC_541\Debug\Design01.a(isr_1.o)
 .debug_info    0x00005eba      0x328 .\CortexM3\ARM_GCC_541\Debug\Design01.a(Timer_2.o)
 .debug_info    0x000061e2      0x2d2 .\CortexM3\ARM_GCC_541\Debug\Design01.a(isr_2.o)
 .debug_info    0x000064b4      0x328 .\CortexM3\ARM_GCC_541\Debug\Design01.a(Timer_3.o)
 .debug_info    0x000067dc      0x11f .\CortexM3\ARM_GCC_541\Debug\Design01.a(Right_Echo.o)
 .debug_info    0x000068fb      0x328 .\CortexM3\ARM_GCC_541\Debug\Design01.a(Timer_4.o)
 .debug_info    0x00006c23      0x328 .\CortexM3\ARM_GCC_541\Debug\Design01.a(Timer_5.o)
 .debug_info    0x00006f4b      0x11f .\CortexM3\ARM_GCC_541\Debug\Design01.a(Front_Echo_1.o)
 .debug_info    0x0000706a      0x11f .\CortexM3\ARM_GCC_541\Debug\Design01.a(Right_Trigger.o)
 .debug_info    0x00007189      0x354 .\CortexM3\ARM_GCC_541\Debug\Design01.a(PWM_ColorSensor.o)
 .debug_info    0x000074dd      0x344 .\CortexM3\ARM_GCC_541\Debug\Design01.a(Counter_ColorSensor.o)
 .debug_info    0x00007821      0x2d2 .\CortexM3\ARM_GCC_541\Debug\Design01.a(isr_6.o)
 .debug_info    0x00007af3       0xd6 .\CortexM3\ARM_GCC_541\Debug\Design01.a(Control_Reg_1.o)
 .debug_info    0x00007bc9      0x11f .\CortexM3\ARM_GCC_541\Debug\Design01.a(S1.o)
 .debug_info    0x00007ce8      0x11f .\CortexM3\ARM_GCC_541\Debug\Design01.a(S2.o)
 .debug_info    0x00007e07      0x11f .\CortexM3\ARM_GCC_541\Debug\Design01.a(S0.o)
 .debug_info    0x00007f26      0x11f .\CortexM3\ARM_GCC_541\Debug\Design01.a(S3.o)
 .debug_info    0x00008045      0x11f .\CortexM3\ARM_GCC_541\Debug\Design01.a(CS_LED.o)
 .debug_info    0x00008164      0x11f .\CortexM3\ARM_GCC_541\Debug\Design01.a(IR_input.o)
 .debug_info    0x00008283      0x11f .\CortexM3\ARM_GCC_541\Debug\Design01.a(led_green.o)
 .debug_info    0x000083a2      0x11f .\CortexM3\ARM_GCC_541\Debug\Design01.a(led_red.o)
 .debug_info    0x000084c1      0x11f .\CortexM3\ARM_GCC_541\Debug\Design01.a(led_blue.o)
 .debug_info    0x000085e0      0x11f .\CortexM3\ARM_GCC_541\Debug\Design01.a(Front_Trigger_1.o)
 .debug_info    0x000086ff       0xb9 .\CortexM3\ARM_GCC_541\Debug\Design01.a(CyBootAsmGnu.o)
 .debug_info    0x000087b8      0x64d .\CortexM3\ARM_GCC_541\Debug\Design01.a(CyFlash.o)
 .debug_info    0x00008e05      0x550 .\CortexM3\ARM_GCC_541\Debug\Design01.a(CySpc.o)
 .debug_info    0x00009355       0xee .\CortexM3\ARM_GCC_541\Debug\Design01.a(cyutils.o)

.debug_abbrev   0x00000000     0x2eec
 *(.debug_abbrev)
 .debug_abbrev  0x00000000      0x1e5 .\CortexM3\ARM_GCC_541\Debug\main.o
 .debug_abbrev  0x000001e5      0x20d .\CortexM3\ARM_GCC_541\Debug\cyfitter_cfg.o
 .debug_abbrev  0x000003f2       0x77 .\CortexM3\ARM_GCC_541\Debug\cymetadata.o
 .debug_abbrev  0x00000469      0x1e8 .\CortexM3\ARM_GCC_541\Debug\Cm3Start.o
 .debug_abbrev  0x00000651       0x90 .\CortexM3\ARM_GCC_541\Debug\Design01.a(Motor_1_IN_1.o)
 .debug_abbrev  0x000006e1       0x90 .\CortexM3\ARM_GCC_541\Debug\Design01.a(Motor_1_IN_2.o)
 .debug_abbrev  0x00000771      0x254 .\CortexM3\ARM_GCC_541\Debug\Design01.a(CyLib.o)
 .debug_abbrev  0x000009c5      0x1ab .\CortexM3\ARM_GCC_541\Debug\Design01.a(cyPm.o)
 .debug_abbrev  0x00000b70      0x151 .\CortexM3\ARM_GCC_541\Debug\Design01.a(QuadDec_1.o)
 .debug_abbrev  0x00000cc1      0x117 .\CortexM3\ARM_GCC_541\Debug\Design01.a(QuadDec_1_Cnt16.o)
 .debug_abbrev  0x00000dd8      0x175 .\CortexM3\ARM_GCC_541\Debug\Design01.a(UART_1.o)
 .debug_abbrev  0x00000f4d      0x139 .\CortexM3\ARM_GCC_541\Debug\Design01.a(UART_1_IntClock.o)
 .debug_abbrev  0x00001086      0x151 .\CortexM3\ARM_GCC_541\Debug\Design01.a(QuadDec_2.o)
 .debug_abbrev  0x000011d7      0x117 .\CortexM3\ARM_GCC_541\Debug\Design01.a(QuadDec_2_Cnt16.o)
 .debug_abbrev  0x000012ee       0x90 .\CortexM3\ARM_GCC_541\Debug\Design01.a(Motor_2_IN_3.o)
 .debug_abbrev  0x0000137e       0x90 .\CortexM3\ARM_GCC_541\Debug\Design01.a(Motor_2_IN_4.o)
 .debug_abbrev  0x0000140e      0x12d .\CortexM3\ARM_GCC_541\Debug\Design01.a(PWM_Master.o)
 .debug_abbrev  0x0000153b      0x12d .\CortexM3\ARM_GCC_541\Debug\Design01.a(PWM_Slave.o)
 .debug_abbrev  0x00001668      0x14b .\CortexM3\ARM_GCC_541\Debug\Design01.a(Timer_1.o)
 .debug_abbrev  0x000017b3      0x173 .\CortexM3\ARM_GCC_541\Debug\Design01.a(isr_1.o)
 .debug_abbrev  0x00001926      0x13a .\CortexM3\ARM_GCC_541\Debug\Design01.a(Timer_2.o)
 .debug_abbrev  0x00001a60      0x173 .\CortexM3\ARM_GCC_541\Debug\Design01.a(isr_2.o)
 .debug_abbrev  0x00001bd3      0x13a .\CortexM3\ARM_GCC_541\Debug\Design01.a(Timer_3.o)
 .debug_abbrev  0x00001d0d       0x90 .\CortexM3\ARM_GCC_541\Debug\Design01.a(Right_Echo.o)
 .debug_abbrev  0x00001d9d      0x13a .\CortexM3\ARM_GCC_541\Debug\Design01.a(Timer_4.o)
 .debug_abbrev  0x00001ed7      0x13a .\CortexM3\ARM_GCC_541\Debug\Design01.a(Timer_5.o)
 .debug_abbrev  0x00002011       0x90 .\CortexM3\ARM_GCC_541\Debug\Design01.a(Front_Echo_1.o)
 .debug_abbrev  0x000020a1       0x90 .\CortexM3\ARM_GCC_541\Debug\Design01.a(Right_Trigger.o)
 .debug_abbrev  0x00002131      0x133 .\CortexM3\ARM_GCC_541\Debug\Design01.a(PWM_ColorSensor.o)
 .debug_abbrev  0x00002264      0x117 .\CortexM3\ARM_GCC_541\Debug\Design01.a(Counter_ColorSensor.o)
 .debug_abbrev  0x0000237b      0x173 .\CortexM3\ARM_GCC_541\Debug\Design01.a(isr_6.o)
 .debug_abbrev  0x000024ee       0x81 .\CortexM3\ARM_GCC_541\Debug\Design01.a(Control_Reg_1.o)
 .debug_abbrev  0x0000256f       0x90 .\CortexM3\ARM_GCC_541\Debug\Design01.a(S1.o)
 .debug_abbrev  0x000025ff       0x90 .\CortexM3\ARM_GCC_541\Debug\Design01.a(S2.o)
 .debug_abbrev  0x0000268f       0x90 .\CortexM3\ARM_GCC_541\Debug\Design01.a(S0.o)
 .debug_abbrev  0x0000271f       0x90 .\CortexM3\ARM_GCC_541\Debug\Design01.a(S3.o)
 .debug_abbrev  0x000027af       0x90 .\CortexM3\ARM_GCC_541\Debug\Design01.a(CS_LED.o)
 .debug_abbrev  0x0000283f       0x90 .\CortexM3\ARM_GCC_541\Debug\Design01.a(IR_input.o)
 .debug_abbrev  0x000028cf       0x90 .\CortexM3\ARM_GCC_541\Debug\Design01.a(led_green.o)
 .debug_abbrev  0x0000295f       0x90 .\CortexM3\ARM_GCC_541\Debug\Design01.a(led_red.o)
 .debug_abbrev  0x000029ef       0x90 .\CortexM3\ARM_GCC_541\Debug\Design01.a(led_blue.o)
 .debug_abbrev  0x00002a7f       0x90 .\CortexM3\ARM_GCC_541\Debug\Design01.a(Front_Trigger_1.o)
 .debug_abbrev  0x00002b0f       0x14 .\CortexM3\ARM_GCC_541\Debug\Design01.a(CyBootAsmGnu.o)
 .debug_abbrev  0x00002b23      0x1a7 .\CortexM3\ARM_GCC_541\Debug\Design01.a(CyFlash.o)
 .debug_abbrev  0x00002cca      0x194 .\CortexM3\ARM_GCC_541\Debug\Design01.a(CySpc.o)
 .debug_abbrev  0x00002e5e       0x8e .\CortexM3\ARM_GCC_541\Debug\Design01.a(cyutils.o)

.debug_line     0x00000000     0x40d8
 *(.debug_line)
 .debug_line    0x00000000      0x5fa .\CortexM3\ARM_GCC_541\Debug\main.o
 .debug_line    0x000005fa      0x204 .\CortexM3\ARM_GCC_541\Debug\cyfitter_cfg.o
 .debug_line    0x000007fe      0x141 .\CortexM3\ARM_GCC_541\Debug\cymetadata.o
 .debug_line    0x0000093f      0x234 .\CortexM3\ARM_GCC_541\Debug\Cm3Start.o
 .debug_line    0x00000b73       0x99 .\CortexM3\ARM_GCC_541\Debug\Design01.a(Motor_1_IN_1.o)
 .debug_line    0x00000c0c       0x99 .\CortexM3\ARM_GCC_541\Debug\Design01.a(Motor_1_IN_2.o)
 .debug_line    0x00000ca5      0x816 .\CortexM3\ARM_GCC_541\Debug\Design01.a(CyLib.o)
 .debug_line    0x000014bb      0x367 .\CortexM3\ARM_GCC_541\Debug\Design01.a(cyPm.o)
 .debug_line    0x00001822      0x11e .\CortexM3\ARM_GCC_541\Debug\Design01.a(QuadDec_1.o)
 .debug_line    0x00001940      0x18f .\CortexM3\ARM_GCC_541\Debug\Design01.a(QuadDec_1_Cnt16.o)
 .debug_line    0x00001acf      0x2c0 .\CortexM3\ARM_GCC_541\Debug\Design01.a(UART_1.o)
 .debug_line    0x00001d8f      0x17e .\CortexM3\ARM_GCC_541\Debug\Design01.a(UART_1_IntClock.o)
 .debug_line    0x00001f0d      0x11e .\CortexM3\ARM_GCC_541\Debug\Design01.a(QuadDec_2.o)
 .debug_line    0x0000202b      0x18f .\CortexM3\ARM_GCC_541\Debug\Design01.a(QuadDec_2_Cnt16.o)
 .debug_line    0x000021ba       0x99 .\CortexM3\ARM_GCC_541\Debug\Design01.a(Motor_2_IN_3.o)
 .debug_line    0x00002253       0x99 .\CortexM3\ARM_GCC_541\Debug\Design01.a(Motor_2_IN_4.o)
 .debug_line    0x000022ec      0x138 .\CortexM3\ARM_GCC_541\Debug\Design01.a(PWM_Master.o)
 .debug_line    0x00002424      0x137 .\CortexM3\ARM_GCC_541\Debug\Design01.a(PWM_Slave.o)
 .debug_line    0x0000255b      0x172 .\CortexM3\ARM_GCC_541\Debug\Design01.a(Timer_1.o)
 .debug_line    0x000026cd      0x132 .\CortexM3\ARM_GCC_541\Debug\Design01.a(isr_1.o)
 .debug_line    0x000027ff      0x184 .\CortexM3\ARM_GCC_541\Debug\Design01.a(Timer_2.o)
 .debug_line    0x00002983      0x132 .\CortexM3\ARM_GCC_541\Debug\Design01.a(isr_2.o)
 .debug_line    0x00002ab5      0x184 .\CortexM3\ARM_GCC_541\Debug\Design01.a(Timer_3.o)
 .debug_line    0x00002c39       0x97 .\CortexM3\ARM_GCC_541\Debug\Design01.a(Right_Echo.o)
 .debug_line    0x00002cd0      0x184 .\CortexM3\ARM_GCC_541\Debug\Design01.a(Timer_4.o)
 .debug_line    0x00002e54      0x184 .\CortexM3\ARM_GCC_541\Debug\Design01.a(Timer_5.o)
 .debug_line    0x00002fd8       0x99 .\CortexM3\ARM_GCC_541\Debug\Design01.a(Front_Echo_1.o)
 .debug_line    0x00003071       0x9a .\CortexM3\ARM_GCC_541\Debug\Design01.a(Right_Trigger.o)
 .debug_line    0x0000310b      0x192 .\CortexM3\ARM_GCC_541\Debug\Design01.a(PWM_ColorSensor.o)
 .debug_line    0x0000329d      0x195 .\CortexM3\ARM_GCC_541\Debug\Design01.a(Counter_ColorSensor.o)
 .debug_line    0x00003432      0x132 .\CortexM3\ARM_GCC_541\Debug\Design01.a(isr_6.o)
 .debug_line    0x00003564       0x75 .\CortexM3\ARM_GCC_541\Debug\Design01.a(Control_Reg_1.o)
 .debug_line    0x000035d9       0x8f .\CortexM3\ARM_GCC_541\Debug\Design01.a(S1.o)
 .debug_line    0x00003668       0x8f .\CortexM3\ARM_GCC_541\Debug\Design01.a(S2.o)
 .debug_line    0x000036f7       0x8f .\CortexM3\ARM_GCC_541\Debug\Design01.a(S0.o)
 .debug_line    0x00003786       0x8f .\CortexM3\ARM_GCC_541\Debug\Design01.a(S3.o)
 .debug_line    0x00003815       0x93 .\CortexM3\ARM_GCC_541\Debug\Design01.a(CS_LED.o)
 .debug_line    0x000038a8       0x95 .\CortexM3\ARM_GCC_541\Debug\Design01.a(IR_input.o)
 .debug_line    0x0000393d       0x96 .\CortexM3\ARM_GCC_541\Debug\Design01.a(led_green.o)
 .debug_line    0x000039d3       0x94 .\CortexM3\ARM_GCC_541\Debug\Design01.a(led_red.o)
 .debug_line    0x00003a67       0x95 .\CortexM3\ARM_GCC_541\Debug\Design01.a(led_blue.o)
 .debug_line    0x00003afc       0x9c .\CortexM3\ARM_GCC_541\Debug\Design01.a(Front_Trigger_1.o)
 .debug_line    0x00003b98       0x66 .\CortexM3\ARM_GCC_541\Debug\Design01.a(CyBootAsmGnu.o)
 .debug_line    0x00003bfe      0x21a .\CortexM3\ARM_GCC_541\Debug\Design01.a(CyFlash.o)
 .debug_line    0x00003e18      0x260 .\CortexM3\ARM_GCC_541\Debug\Design01.a(CySpc.o)
 .debug_line    0x00004078       0x60 .\CortexM3\ARM_GCC_541\Debug\Design01.a(cyutils.o)

.debug_frame    0x00000000     0x3214
 *(.debug_frame)
 .debug_frame   0x00000000      0x1d0 .\CortexM3\ARM_GCC_541\Debug\main.o
 .debug_frame   0x000001d0       0xe4 .\CortexM3\ARM_GCC_541\Debug\cyfitter_cfg.o
 .debug_frame   0x000002b4       0xb8 .\CortexM3\ARM_GCC_541\Debug\Cm3Start.o
 .debug_frame   0x0000036c       0x50 .\CortexM3\ARM_GCC_541\Debug\Design01.a(Motor_1_IN_1.o)
 .debug_frame   0x000003bc       0x50 .\CortexM3\ARM_GCC_541\Debug\Design01.a(Motor_1_IN_2.o)
 .debug_frame   0x0000040c      0x738 .\CortexM3\ARM_GCC_541\Debug\Design01.a(CyLib.o)
 .debug_frame   0x00000b44      0x1f8 .\CortexM3\ARM_GCC_541\Debug\Design01.a(cyPm.o)
 .debug_frame   0x00000d3c       0xdc .\CortexM3\ARM_GCC_541\Debug\Design01.a(QuadDec_1.o)
 .debug_frame   0x00000e18      0x134 .\CortexM3\ARM_GCC_541\Debug\Design01.a(QuadDec_1_Cnt16.o)
 .debug_frame   0x00000f4c      0x250 .\CortexM3\ARM_GCC_541\Debug\Design01.a(UART_1.o)
 .debug_frame   0x0000119c       0xe0 .\CortexM3\ARM_GCC_541\Debug\Design01.a(UART_1_IntClock.o)
 .debug_frame   0x0000127c       0xdc .\CortexM3\ARM_GCC_541\Debug\Design01.a(QuadDec_2.o)
 .debug_frame   0x00001358      0x134 .\CortexM3\ARM_GCC_541\Debug\Design01.a(QuadDec_2_Cnt16.o)
 .debug_frame   0x0000148c       0x50 .\CortexM3\ARM_GCC_541\Debug\Design01.a(Motor_2_IN_3.o)
 .debug_frame   0x000014dc       0x50 .\CortexM3\ARM_GCC_541\Debug\Design01.a(Motor_2_IN_4.o)
 .debug_frame   0x0000152c       0xe8 .\CortexM3\ARM_GCC_541\Debug\Design01.a(PWM_Master.o)
 .debug_frame   0x00001614       0xe8 .\CortexM3\ARM_GCC_541\Debug\Design01.a(PWM_Slave.o)
 .debug_frame   0x000016fc      0x13c .\CortexM3\ARM_GCC_541\Debug\Design01.a(Timer_1.o)
 .debug_frame   0x00001838      0x104 .\CortexM3\ARM_GCC_541\Debug\Design01.a(isr_1.o)
 .debug_frame   0x0000193c      0x134 .\CortexM3\ARM_GCC_541\Debug\Design01.a(Timer_2.o)
 .debug_frame   0x00001a70      0x104 .\CortexM3\ARM_GCC_541\Debug\Design01.a(isr_2.o)
 .debug_frame   0x00001b74      0x134 .\CortexM3\ARM_GCC_541\Debug\Design01.a(Timer_3.o)
 .debug_frame   0x00001ca8       0x50 .\CortexM3\ARM_GCC_541\Debug\Design01.a(Right_Echo.o)
 .debug_frame   0x00001cf8      0x134 .\CortexM3\ARM_GCC_541\Debug\Design01.a(Timer_4.o)
 .debug_frame   0x00001e2c      0x134 .\CortexM3\ARM_GCC_541\Debug\Design01.a(Timer_5.o)
 .debug_frame   0x00001f60       0x50 .\CortexM3\ARM_GCC_541\Debug\Design01.a(Front_Echo_1.o)
 .debug_frame   0x00001fb0       0x50 .\CortexM3\ARM_GCC_541\Debug\Design01.a(Right_Trigger.o)
 .debug_frame   0x00002000      0x134 .\CortexM3\ARM_GCC_541\Debug\Design01.a(PWM_ColorSensor.o)
 .debug_frame   0x00002134      0x134 .\CortexM3\ARM_GCC_541\Debug\Design01.a(Counter_ColorSensor.o)
 .debug_frame   0x00002268      0x104 .\CortexM3\ARM_GCC_541\Debug\Design01.a(isr_6.o)
 .debug_frame   0x0000236c       0x30 .\CortexM3\ARM_GCC_541\Debug\Design01.a(Control_Reg_1.o)
 .debug_frame   0x0000239c       0x50 .\CortexM3\ARM_GCC_541\Debug\Design01.a(S1.o)
 .debug_frame   0x000023ec       0x50 .\CortexM3\ARM_GCC_541\Debug\Design01.a(S2.o)
 .debug_frame   0x0000243c       0x50 .\CortexM3\ARM_GCC_541\Debug\Design01.a(S0.o)
 .debug_frame   0x0000248c       0x50 .\CortexM3\ARM_GCC_541\Debug\Design01.a(S3.o)
 .debug_frame   0x000024dc       0x50 .\CortexM3\ARM_GCC_541\Debug\Design01.a(CS_LED.o)
 .debug_frame   0x0000252c       0x50 .\CortexM3\ARM_GCC_541\Debug\Design01.a(IR_input.o)
 .debug_frame   0x0000257c       0x50 .\CortexM3\ARM_GCC_541\Debug\Design01.a(led_green.o)
 .debug_frame   0x000025cc       0x50 .\CortexM3\ARM_GCC_541\Debug\Design01.a(led_red.o)
 .debug_frame   0x0000261c       0x50 .\CortexM3\ARM_GCC_541\Debug\Design01.a(led_blue.o)
 .debug_frame   0x0000266c       0x50 .\CortexM3\ARM_GCC_541\Debug\Design01.a(Front_Trigger_1.o)
 .debug_frame   0x000026bc      0x194 .\CortexM3\ARM_GCC_541\Debug\Design01.a(CyFlash.o)
 .debug_frame   0x00002850      0x180 .\CortexM3\ARM_GCC_541\Debug\Design01.a(CySpc.o)
 .debug_frame   0x000029d0       0x20 .\CortexM3\ARM_GCC_541\Debug\Design01.a(cyutils.o)