Archive member included to satisfy reference by file (symbol)

.\CortexM3\ARM_GCC_541\Debug\Design01.a(Motor_1_IN_1.o)
                              .\CortexM3\ARM_GCC_541\Debug\main.o (Motor_1_IN_1_Write)
.\CortexM3\ARM_GCC_541\Debug\Design01.a(Motor_1_IN_2.o)
                              .\CortexM3\ARM_GCC_541\Debug\main.o (Motor_1_IN_2_Write)
.\CortexM3\ARM_GCC_541\Debug\Design01.a(CyLib.o)
                              .\CortexM3\ARM_GCC_541\Debug\Cm3Start.o (CyHalt)
.\CortexM3\ARM_GCC_541\Debug\Design01.a(cyPm.o)
                              .\CortexM3\ARM_GCC_541\Debug\Design01.a(CyLib.o) (CyPmReadStatus)
.\CortexM3\ARM_GCC_541\Debug\Design01.a(QuadDec_1.o)
                              .\CortexM3\ARM_GCC_541\Debug\main.o (QuadDec_1_GetCounter)
.\CortexM3\ARM_GCC_541\Debug\Design01.a(QuadDec_1_Cnt16.o)
                              .\CortexM3\ARM_GCC_541\Debug\Design01.a(QuadDec_1.o) (QuadDec_1_Cnt16_Stop)
.\CortexM3\ARM_GCC_541\Debug\Design01.a(UART_1.o)
                              .\CortexM3\ARM_GCC_541\Debug\main.o (UART_1_Start)
.\CortexM3\ARM_GCC_541\Debug\Design01.a(UART_1_IntClock.o)
                              .\CortexM3\ARM_GCC_541\Debug\Design01.a(UART_1.o) (UART_1_IntClock_Start)
.\CortexM3\ARM_GCC_541\Debug\Design01.a(QuadDec_2.o)
                              .\CortexM3\ARM_GCC_541\Debug\main.o (QuadDec_2_GetCounter)
.\CortexM3\ARM_GCC_541\Debug\Design01.a(QuadDec_2_Cnt16.o)
                              .\CortexM3\ARM_GCC_541\Debug\Design01.a(QuadDec_2.o) (QuadDec_2_Cnt16_Stop)
.\CortexM3\ARM_GCC_541\Debug\Design01.a(Motor_2_IN_3.o)
                              .\CortexM3\ARM_GCC_541\Debug\main.o (Motor_2_IN_3_Write)
.\CortexM3\ARM_GCC_541\Debug\Design01.a(Motor_2_IN_4.o)
                              .\CortexM3\ARM_GCC_541\Debug\main.o (Motor_2_IN_4_Write)
.\CortexM3\ARM_GCC_541\Debug\Design01.a(Timer_1.o)
                              .\CortexM3\ARM_GCC_541\Debug\main.o (Timer_1_Start)
.\CortexM3\ARM_GCC_541\Debug\Design01.a(isr_1.o)
                              .\CortexM3\ARM_GCC_541\Debug\main.o (isr_1_StartEx)
.\CortexM3\ARM_GCC_541\Debug\Design01.a(Timer_2.o)
                              .\CortexM3\ARM_GCC_541\Debug\main.o (Timer_2_ReadStatusRegister)
.\CortexM3\ARM_GCC_541\Debug\Design01.a(Trigger.o)
                              .\CortexM3\ARM_GCC_541\Debug\main.o (Trigger_Write)
.\CortexM3\ARM_GCC_541\Debug\Design01.a(isr_2.o)
                              .\CortexM3\ARM_GCC_541\Debug\main.o (isr_2_StartEx)
.\CortexM3\ARM_GCC_541\Debug\Design01.a(Timer_3.o)
                              .\CortexM3\ARM_GCC_541\Debug\main.o (Timer_3_ReadStatusRegister)
.\CortexM3\ARM_GCC_541\Debug\Design01.a(isr_3.o)
                              .\CortexM3\ARM_GCC_541\Debug\main.o (isr_3_StartEx)
.\CortexM3\ARM_GCC_541\Debug\Design01.a(Left_Echo.o)
                              .\CortexM3\ARM_GCC_541\Debug\main.o (Left_Echo_Read)
.\CortexM3\ARM_GCC_541\Debug\Design01.a(Front_Echo_1.o)
                              .\CortexM3\ARM_GCC_541\Debug\main.o (Front_Echo_1_Read)
.\CortexM3\ARM_GCC_541\Debug\Design01.a(PWM_ColorSensor.o)
                              .\CortexM3\ARM_GCC_541\Debug\main.o (PWM_ColorSensor_ReadStatusRegister)
.\CortexM3\ARM_GCC_541\Debug\Design01.a(Counter_ColorSensor.o)
                              .\CortexM3\ARM_GCC_541\Debug\main.o (Counter_ColorSensor_Stop)
.\CortexM3\ARM_GCC_541\Debug\Design01.a(isr_6.o)
                              .\CortexM3\ARM_GCC_541\Debug\main.o (isr_6_StartEx)
.\CortexM3\ARM_GCC_541\Debug\Design01.a(Control_Reg_1.o)
                              .\CortexM3\ARM_GCC_541\Debug\main.o (Control_Reg_1_Write)
.\CortexM3\ARM_GCC_541\Debug\Design01.a(S1.o)
                              .\CortexM3\ARM_GCC_541\Debug\main.o (S1_Write)
.\CortexM3\ARM_GCC_541\Debug\Design01.a(S2.o)
                              .\CortexM3\ARM_GCC_541\Debug\main.o (S2_Write)
.\CortexM3\ARM_GCC_541\Debug\Design01.a(S0.o)
                              .\CortexM3\ARM_GCC_541\Debug\main.o (S0_Write)
.\CortexM3\ARM_GCC_541\Debug\Design01.a(S3.o)
                              .\CortexM3\ARM_GCC_541\Debug\main.o (S3_Write)
.\CortexM3\ARM_GCC_541\Debug\Design01.a(CS_LED.o)
                              .\CortexM3\ARM_GCC_541\Debug\main.o (CS_LED_Write)
.\CortexM3\ARM_GCC_541\Debug\Design01.a(IR_input.o)
                              .\CortexM3\ARM_GCC_541\Debug\main.o (IR_input_Read)
.\CortexM3\ARM_GCC_541\Debug\Design01.a(led_green.o)
                              .\CortexM3\ARM_GCC_541\Debug\main.o (led_green_Write)
.\CortexM3\ARM_GCC_541\Debug\Design01.a(led_red.o)
                              .\CortexM3\ARM_GCC_541\Debug\main.o (led_red_Write)
.\CortexM3\ARM_GCC_541\Debug\Design01.a(led_blue.o)
                              .\CortexM3\ARM_GCC_541\Debug\main.o (led_blue_Write)
.\CortexM3\ARM_GCC_541\Debug\Design01.a(PWM_SmallServo.o)
                              .\CortexM3\ARM_GCC_541\Debug\main.o (PWM_SmallServo_WriteCompare)
[...]
Memory Configuration

Name             Origin             Length             Attributes
rom              0x00000000         0x00040000         xr
ram              0x1fff8000         0x00010000         xrw
*default*        0x00000000         0xffffffff

Linker script and memory map

LOAD c:/program files (x86)/cypress/psoc creator/4.4/psoc creator/import/gnu/arm/5.4.1/bin/../lib/gcc/arm-none-eabi/5.4.1/armv7-m/crti.o
LOAD c:/program files (x86)/cypress/psoc creator/4.4/psoc creator/import/gnu/arm/5.4.1/bin/../lib/gcc/arm-none-eabi/5.4.1/armv7-m/crtbegin.o
LOAD c:/program files (x86)/cypress/psoc creator/4.4/psoc creator/import/gnu/arm/5.4.1/bin/../lib/gcc/arm-none-eabi/5.4.1/../../../../arm-none-eabi/lib/armv7-m/crt0.o
START GROUP
LOAD .\CortexM3\ARM_GCC_541\Debug\main.o
LOAD .\CortexM3\ARM_GCC_541\Debug\cyfitter_cfg.o
LOAD .\CortexM3\ARM_GCC_541\Debug\cymetadata.o
LOAD .\CortexM3\ARM_GCC_541\Debug\Cm3Start.o
LOAD .\CortexM3\ARM_GCC_541\Debug\Design01.a
LOAD C:\Program Files (x86)\Cypress\PSoC Creator\4.4\PSoC Creator\psoc\content\cycomponentlibrary\CyComponentLibrary.cylib\CortexM3\ARM_GCC_541\Debug\CyComponentLibrary.a
END GROUP
START GROUP
LOAD c:/program files (x86)/cypress/psoc creator/4.4/psoc creator/import/gnu/arm/5.4.1/bin/../lib/gcc/arm-none-eabi/5.4.1/armv7-m\libgcc.a
LOAD c:/program files (x86)/cypress/psoc creator/4.4/psoc creator/import/gnu/arm/5.4.1/bin/../lib/gcc/arm-none-eabi/5.4.1/../../../../arm-none-eabi/lib/armv7-m\libg_nano.a
LOAD c:/program files (x86)/cypress/psoc creator/4.4/psoc creator/import/gnu/arm/5.4.1/bin/../lib/gcc/arm-none-eabi/5.4.1/../../../../arm-none-eabi/lib/armv7-m\libc_nano.a
END GROUP
START GROUP
LOAD c:/program files (x86)/cypress/psoc creator/4.4/psoc creator/import/gnu/arm/5.4.1/bin/../lib/gcc/arm-none-eabi/5.4.1/armv7-m\libgcc.a
LOAD c:/program files (x86)/cypress/psoc creator/4.4/psoc creator/import/gnu/arm/5.4.1/bin/../lib/gcc/arm-none-eabi/5.4.1/../../../../arm-none-eabi/lib/armv7-m\libc_nano.a
END GROUP
LOAD c:/program files (x86)/cypress/psoc creator/4.4/psoc creator/import/gnu/arm/5.4.1/bin/../lib/gcc/arm-none-eabi/5.4.1/armv7-m/crtend.o
LOAD c:/program files (x86)/cypress/psoc creator/4.4/psoc creator/import/gnu/arm/5.4.1/bin/../lib/gcc/arm-none-eabi/5.4.1/armv7-m/crtn.o
START GROUP
LOAD c:/program files (x86)/cypress/psoc creator/4.4/psoc creator/import/gnu/arm/5.4.1/bin/../lib/gcc/arm-none-eabi/5.4.1/armv7-m\libgcc.a
LOAD c:/program files (x86)/cypress/psoc creator/4.4/psoc creator/import/gnu/arm/5.4.1/bin/../lib/gcc/arm-none-eabi/5.4.1/../../../../arm-none-eabi/lib/armv7-m\libc.a
LOAD c:/program files (x86)/cypress/psoc creator/4.4/psoc creator/import/gnu/arm/5.4.1/bin/../lib/gcc/arm-none-eabi/5.4.1/../../../../arm-none-eabi/lib/armv7-m\libnosys.a
END GROUP
                0x00000000                CY_APPL_ORIGIN = 0x0
                0x00000100                CY_FLASH_ROW_SIZE = 0x100
                0x00000020                CY_ECC_ROW_SIZE = 0x20
                0x00000000                CY_EE_IN_BTLDR = 0x0
                0x00000000                CY_APPL_LOADABLE = 0x0
                0x00000800                CY_EE_SIZE = 0x800
                0x00000001                CY_APPL_NUM = 0x1
                0x00000001                CY_APPL_MAX = 0x1
                0x00000040                CY_METADATA_SIZE = 0x40
                0x00000000                CY_APPL_LOADABLE = 0x0
                0x00000000                CY_CHECKSUM_EXCLUDE_SIZE = ALIGN (0x0, CY_FLASH_ROW_SIZE)
                [!provide]                PROVIDE (__cy_heap_start, _end)
                0x00000001                PROVIDE (__cy_region_num, ((__cy_regions_end - __cy_regions) / 0x10))
                0x20008000                PROVIDE (__cy_stack, (ORIGIN (ram) + LENGTH (ram)))
                [!provide]                PROVIDE (__cy_heap_end, (__cy_stack - 0x800))

.cybootloader   0x00000000        0x0
 *(.cybootloader)
                0x00000000                appl1_start = CY_APPL_ORIGIN?CY_APPL_ORIGIN:ALIGN (CY_FLASH_ROW_SIZE)
                0x0001ff00                appl2_start = (appl1_start + ALIGN ((((LENGTH (rom) - appl1_start) - (0x2 * CY_FLASH_ROW_SIZE)) / 0x2), CY_FLASH_ROW_SIZE))
                0x00000000                appl_start = (CY_APPL_NUM == 0x1)?appl1_start:appl2_start
                0x00000000                ecc_offset = ((appl_start / CY_FLASH_ROW_SIZE) * CY_ECC_ROW_SIZE)
                0x00000000                ee_offset = (CY_APPL_LOADABLE && ! (CY_EE_IN_BTLDR))?((CY_EE_SIZE / CY_APPL_MAX) * (CY_APPL_NUM - 0x1)):0x0
                0x00000800                ee_size = (CY_APPL_LOADABLE && ! (CY_EE_IN_BTLDR))?(CY_EE_SIZE / CY_APPL_MAX):CY_EE_SIZE
                [!provide]                PROVIDE (CY_ECC_OFFSET, ecc_offset)

.text           0x00000000     0x56fc
 CREATE_OBJECT_SYMBOLS
                0x00000000                PROVIDE (__cy_interrupt_vector, RomVectors)
 *(.romvectors)
 .romvectors    0x00000000       0x10 .\CortexM3\ARM_GCC_541\Debug\Cm3Start.o
                0x00000000                RomVectors
                0x00000001                ASSERT ((. != __cy_interrupt_vector), No interrupt vector)
                0x00000001                ASSERT (CY_APPL_ORIGIN?(SIZEOF (.cybootloader) <= CY_APPL_ORIGIN):0x1, Wrong image location)
                0x00000010                PROVIDE (__cy_reset, Reset)
 *(.text.Reset)
 .text.Reset    0x00000010       0x18 .\CortexM3\ARM_GCC_541\Debug\Cm3Start.o
                0x00000010                Reset
                0x00000001                ASSERT ((. != __cy_reset), No reset code)
 *(.dma_init)
                0x00000001                ASSERT ((((appl_start + .) <= 0x10000) || 0x1), DMA Init must be within the first 64k of flash)
 *(.text .text.* .gnu.linkonce.t.*)
 .text          0x00000028       0x5c c:/program files (x86)/cypress/psoc creator/4.4/psoc creator/import/gnu/arm/5.4.1/bin/../lib/gcc/arm-none-eabi/5.4.1/armv7-m/crtbegin.o
 *fill*         0x00000084        0x4 
 .text.Speed_Control
                0x00000088       0x78 .\CortexM3\ARM_GCC_541\Debug\main.o
                0x00000088                Speed_Control
 .text.ultrasonic_echo
                0x00000100       0xb8 .\CortexM3\ARM_GCC_541\Debug\main.o
                0x00000100                ultrasonic_echo
 .text.Color_sensing
                0x000001b8       0x14 .\CortexM3\ARM_GCC_541\Debug\main.o
                0x000001b8                Color_sensing
 .text.Bluetooth
                0x000001cc       0x38 .\CortexM3\ARM_GCC_541\Debug\main.o
                0x000001cc                Bluetooth
 *fill*         0x00000204        0x4 
 .text.Gyroscope
                0x00000208      0x258 .\CortexM3\ARM_GCC_541\Debug\main.o
                0x00000208                Gyroscope
 .text.stop     0x00000460       0x28 .\CortexM3\ARM_GCC_541\Debug\main.o
                0x00000460                stop
 .text.forward  0x00000488       0x28 .\CortexM3\ARM_GCC_541\Debug\main.o
                0x00000488                forward
 .text.reverse  0x000004b0       0x28 .\CortexM3\ARM_GCC_541\Debug\main.o
                0x000004b0                reverse
 .text.turn_anticlockwise
                0x000004d8       0x28 .\CortexM3\ARM_GCC_541\Debug\main.o
                0x000004d8                turn_anticlockwise
 .text.turn_clockwise
                0x00000500       0x28 .\CortexM3\ARM_GCC_541\Debug\main.o
                0x00000500                turn_clockwise
 .text.reset_count
                0x00000528       0x1c .\CortexM3\ARM_GCC_541\Debug\main.o
                0x00000528                reset_count
 *fill*         0x00000544        0x4 
 .text.move_fixed_dist
                0x00000548      0x114 .\CortexM3\ARM_GCC_541\Debug\main.o
                0x00000548                move_fixed_dist
 *fill*         0x0000065c        0x4 
 .text.forward2wall
                0x00000660      0x100 .\CortexM3\ARM_GCC_541\Debug\main.o
                0x00000660                forward2wall
 .text.move2slit
                0x00000760      0x130 .\CortexM3\ARM_GCC_541\Debug\main.o
                0x00000760                move2slit
 .text.move2puck
                0x00000890       0xd8 .\CortexM3\ARM_GCC_541\Debug\main.o
                0x00000890                move2puck
 .text.gyro_cal_1
                0x00000968       0xa8 .\CortexM3\ARM_GCC_541\Debug\main.o
                0x00000968                gyro_cal_1
 .text.gyro_cal_2
                0x00000a10       0xa8 .\CortexM3\ARM_GCC_541\Debug\main.o
                0x00000a10                gyro_cal_2
 .text.CW       0x00000ab8       0xa0 .\CortexM3\ARM_GCC_541\Debug\main.o
                0x00000ab8                CW
 .text.Color_Sensing_Function
                0x00000b58      0x1d0 .\CortexM3\ARM_GCC_541\Debug\main.o
                0x00000b58                Color_Sensing_Function
 .text.Gyroscope_Function
                0x00000d28       0x60 .\CortexM3\ARM_GCC_541\Debug\main.o
                0x00000d28                Gyroscope_Function
 .text.main     0x00000d88      0x658 .\CortexM3\ARM_GCC_541\Debug\main.o
                0x00000d88                main
 .text.CyClockStartupError
                0x000013e0        0x4 .\CortexM3\ARM_GCC_541\Debug\cyfitter_cfg.o
 .text.cfg_write_bytes32
                0x000013e4       0x34 .\CortexM3\ARM_GCC_541\Debug\cyfitter_cfg.o
 .text.CYMEMZERO
                0x00001418        0xc .\CortexM3\ARM_GCC_541\Debug\cyfitter_cfg.o
 .text.AnalogSetDefault
                0x00001424       0x78 .\CortexM3\ARM_GCC_541\Debug\cyfitter_cfg.o
 .text.CYCONFIGCPY
                0x0000149c        0x8 .\CortexM3\ARM_GCC_541\Debug\cyfitter_cfg.o
 .text.ClockSetup
                0x000014a4      0x128 .\CortexM3\ARM_GCC_541\Debug\cyfitter_cfg.o
 .text.cyfitter_cfg
                0x000015cc      0x168 .\CortexM3\ARM_GCC_541\Debug\cyfitter_cfg.o
                0x000015cc                cyfitter_cfg
 .text.IntDefaultHandler
                0x00001734       0x10 .\CortexM3\ARM_GCC_541\Debug\Cm3Start.o
                0x00001734                IntDefaultHandler
 .text._sbrk    0x00001744       0x30 .\CortexM3\ARM_GCC_541\Debug\Cm3Start.o
                0x00001744                _sbrk
 .text.Start_c  0x00001774       0x4c .\CortexM3\ARM_GCC_541\Debug\Cm3Start.o
                0x00001774                Start_c
 .text.initialize_psoc
                0x000017c0       0x68 .\CortexM3\ARM_GCC_541\Debug\Cm3Start.o
                0x000017c0                initialize_psoc
 .text.Motor_1_IN_1_Write
                0x00001828       0x18 .\CortexM3\ARM_GCC_541\Debug\Design01.a(Motor_1_IN_1.o)
                0x00001828                Motor_1_IN_1_Write
 .text.Motor_1_IN_2_Write
                0x00001840       0x18 .\CortexM3\ARM_GCC_541\Debug\Design01.a(Motor_1_IN_2.o)
                0x00001840                Motor_1_IN_2_Write
 .text.CyHalt   0x00001858        0x4 .\CortexM3\ARM_GCC_541\Debug\Design01.a(CyLib.o)
                0x00001858                CyHalt
 .text.CyDelay  0x0000185c       0x2c .\CortexM3\ARM_GCC_541\Debug\Design01.a(CyLib.o)
                0x0000185c                CyDelay
 .text.CyDelayUs
                0x00001888       0x14 .\CortexM3\ARM_GCC_541\Debug\Design01.a(CyLib.o)
                0x00001888                CyDelayUs
 .text.CyIntSetVector
                0x0000189c       0x28 .\CortexM3\ARM_GCC_541\Debug\Design01.a(CyLib.o)
                0x0000189c                CyIntSetVector
 .text.CyIntSetPriority
                0x000018c4       0x30 .\CortexM3\ARM_GCC_541\Debug\Design01.a(CyLib.o)
                0x000018c4                CyIntSetPriority
 .text.QuadDec_1_GetCounter
                0x000018f4       0x10 .\CortexM3\ARM_GCC_541\Debug\Design01.a(QuadDec_1.o)
                0x000018f4                QuadDec_1_GetCounter
 .text.QuadDec_1_SetCounter
                0x00001904       0x1c .\CortexM3\ARM_GCC_541\Debug\Design01.a(QuadDec_1.o)
                0x00001904                QuadDec_1_SetCounter
 .text.QuadDec_1_GetEvents
                0x00001920       0x10 .\CortexM3\ARM_GCC_541\Debug\Design01.a(QuadDec_1.o)
                0x00001920                QuadDec_1_GetEvents
 .text.QuadDec_1_SetInterruptMask
                0x00001930        0xc .\CortexM3\ARM_GCC_541\Debug\Design01.a(QuadDec_1.o)
                0x00001930                QuadDec_1_SetInterruptMask
 .text.QuadDec_1_Enable
                0x0000193c       0x24 .\CortexM3\ARM_GCC_541\Debug\Design01.a(QuadDec_1.o)
                0x0000193c                QuadDec_1_Enable
 .text.QuadDec_1_Start
                0x00001960       0x24 .\CortexM3\ARM_GCC_541\Debug\Design01.a(QuadDec_1.o)
                0x00001960                QuadDec_1_Start
 .text.QuadDec_1_Cnt16_Enable
                0x00001984       0x10 .\CortexM3\ARM_GCC_541\Debug\Design01.a(QuadDec_1_Cnt16.o)
                0x00001984                QuadDec_1_Cnt16_Enable
 .text.QuadDec_1_Cnt16_SetInterruptMode
                0x00001994        0xc .\CortexM3\ARM_GCC_541\Debug\Design01.a(QuadDec_1_Cnt16.o)
                0x00001994                QuadDec_1_Cnt16_SetInterruptMode
 .text.QuadDec_1_Cnt16_ReadStatusRegister
                0x000019a0        0xc .\CortexM3\ARM_GCC_541\Debug\Design01.a(QuadDec_1_Cnt16.o)
                0x000019a0                QuadDec_1_Cnt16_ReadStatusRegister
 .text.QuadDec_1_Cnt16_WriteCounter
                0x000019ac        0xc .\CortexM3\ARM_GCC_541\Debug\Design01.a(QuadDec_1_Cnt16.o)
                0x000019ac                QuadDec_1_Cnt16_WriteCounter
 .text.QuadDec_1_Cnt16_ReadCounter
                0x000019b8       0x14 .\CortexM3\ARM_GCC_541\Debug\Design01.a(QuadDec_1_Cnt16.o)
                0x000019b8                QuadDec_1_Cnt16_ReadCounter
 .text.QuadDec_1_Cnt16_ReadCapture
                0x000019cc        0xc .\CortexM3\ARM_GCC_541\Debug\Design01.a(QuadDec_1_Cnt16.o)
                0x000019cc                QuadDec_1_Cnt16_ReadCapture
 .text.QuadDec_1_Cnt16_WritePeriod
                0x000019d8        0xc .\CortexM3\ARM_GCC_541\Debug\Design01.a(QuadDec_1_Cnt16.o)
                0x000019d8                QuadDec_1_Cnt16_WritePeriod
 .text.QuadDec_1_Cnt16_WriteCompare
                0x000019e4        0xc .\CortexM3\ARM_GCC_541\Debug\Design01.a(QuadDec_1_Cnt16.o)
                0x000019e4                QuadDec_1_Cnt16_WriteCompare
 .text.QuadDec_1_Cnt16_ClearFIFO
                0x000019f0       0x14 .\CortexM3\ARM_GCC_541\Debug\Design01.a(QuadDec_1_Cnt16.o)
                0x000019f0                QuadDec_1_Cnt16_ClearFIFO
 .text.QuadDec_1_Cnt16_Init
                0x00001a04       0x58 .\CortexM3\ARM_GCC_541\Debug\Design01.a(QuadDec_1_Cnt16.o)
                0x00001a04                QuadDec_1_Cnt16_Init
 .text.QuadDec_1_Cnt16_Start
                0x00001a5c       0x1c .\CortexM3\ARM_GCC_541\Debug\Design01.a(QuadDec_1_Cnt16.o)
                0x00001a5c                QuadDec_1_Cnt16_Start
 .text.UART_1_Init
                0x00001a78       0x28 .\CortexM3\ARM_GCC_541\Debug\Design01.a(UART_1.o)
                0x00001a78                UART_1_Init
 .text.UART_1_Enable
                0x00001aa0       0x38 .\CortexM3\ARM_GCC_541\Debug\Design01.a(UART_1.o)
                0x00001aa0                UART_1_Enable
 .text.UART_1_Start
                0x00001ad8       0x1c .\CortexM3\ARM_GCC_541\Debug\Design01.a(UART_1.o)
                0x00001ad8                UART_1_Start
 .text.UART_1_GetChar
                0x00001af4       0x2c .\CortexM3\ARM_GCC_541\Debug\Design01.a(UART_1.o)
                0x00001af4                UART_1_GetChar
 .text.UART_1_PutChar
                0x00001b20       0x18 .\CortexM3\ARM_GCC_541\Debug\Design01.a(UART_1.o)
                0x00001b20                UART_1_PutChar
 .text.UART_1_PutString
                0x00001b38       0x24 .\CortexM3\ARM_GCC_541\Debug\Design01.a(UART_1.o)
                0x00001b38                UART_1_PutString
 .text.UART_1_IntClock_Start
                0x00001b5c       0x1c .\CortexM3\ARM_GCC_541\Debug\Design01.a(UART_1_IntClock.o)
                0x00001b5c                UART_1_IntClock_Start
 .text.QuadDec_2_GetCounter
                0x00001b78       0x10 .\CortexM3\ARM_GCC_541\Debug\Design01.a(QuadDec_2.o)
                0x00001b78                QuadDec_2_GetCounter
 .text.QuadDec_2_SetCounter
                0x00001b88       0x1c .\CortexM3\ARM_GCC_541\Debug\Design01.a(QuadDec_2.o)
                0x00001b88                QuadDec_2_SetCounter
 .text.QuadDec_2_GetEvents
                0x00001ba4       0x10 .\CortexM3\ARM_GCC_541\Debug\Design01.a(QuadDec_2.o)
                0x00001ba4                QuadDec_2_GetEvents
 .text.QuadDec_2_SetInterruptMask
                0x00001bb4        0xc .\CortexM3\ARM_GCC_541\Debug\Design01.a(QuadDec_2.o)
                0x00001bb4                QuadDec_2_SetInterruptMask
 .text.QuadDec_2_Enable
                0x00001bc0       0x24 .\CortexM3\ARM_GCC_541\Debug\Design01.a(QuadDec_2.o)
                0x00001bc0                QuadDec_2_Enable
 .text.QuadDec_2_Start
                0x00001be4       0x24 .\CortexM3\ARM_GCC_541\Debug\Design01.a(QuadDec_2.o)
                0x00001be4                QuadDec_2_Start
 .text.QuadDec_2_Cnt16_Enable
                0x00001c08       0x10 .\CortexM3\ARM_GCC_541\Debug\Design01.a(QuadDec_2_Cnt16.o)
                0x00001c08                QuadDec_2_Cnt16_Enable
 .text.QuadDec_2_Cnt16_SetInterruptMode
                0x00001c18        0xc .\CortexM3\ARM_GCC_541\Debug\Design01.a(QuadDec_2_Cnt16.o)
                0x00001c18                QuadDec_2_Cnt16_SetInterruptMode
 .text.QuadDec_2_Cnt16_ReadStatusRegister
                0x00001c24        0xc .\CortexM3\ARM_GCC_541\Debug\Design01.a(QuadDec_2_Cnt16.o)
                0x00001c24                QuadDec_2_Cnt16_ReadStatusRegister
 .text.QuadDec_2_Cnt16_WriteCounter
                0x00001c30        0xc .\CortexM3\ARM_GCC_541\Debug\Design01.a(QuadDec_2_Cnt16.o)
                0x00001c30                QuadDec_2_Cnt16_WriteCounter
 .text.QuadDec_2_Cnt16_ReadCounter
                0x00001c3c       0x14 .\CortexM3\ARM_GCC_541\Debug\Design01.a(QuadDec_2_Cnt16.o)
                0x00001c3c                QuadDec_2_Cnt16_ReadCounter
 .text.QuadDec_2_Cnt16_ReadCapture
                0x00001c50        0xc .\CortexM3\ARM_GCC_541\Debug\Design01.a(QuadDec_2_Cnt16.o)
                0x00001c50                QuadDec_2_Cnt16_ReadCapture
 .text.QuadDec_2_Cnt16_WritePeriod
                0x00001c5c        0xc .\CortexM3\ARM_GCC_541\Debug\Design01.a(QuadDec_2_Cnt16.o)
                0x00001c5c                QuadDec_2_Cnt16_WritePeriod
 .text.QuadDec_2_Cnt16_WriteCompare
                0x00001c68        0xc .\CortexM3\ARM_GCC_541\Debug\Design01.a(QuadDec_2_Cnt16.o)
                0x00001c68                QuadDec_2_Cnt16_WriteCompare
 .text.QuadDec_2_Cnt16_ClearFIFO
                0x00001c74       0x14 .\CortexM3\ARM_GCC_541\Debug\Design01.a(QuadDec_2_Cnt16.o)
                0x00001c74                QuadDec_2_Cnt16_ClearFIFO
 .text.QuadDec_2_Cnt16_Init
                0x00001c88       0x58 .\CortexM3\ARM_GCC_541\Debug\Design01.a(QuadDec_2_Cnt16.o)
                0x00001c88                QuadDec_2_Cnt16_Init
 .text.QuadDec_2_Cnt16_Start
                0x00001ce0       0x1c .\CortexM3\ARM_GCC_541\Debug\Design01.a(QuadDec_2_Cnt16.o)
                0x00001ce0                QuadDec_2_Cnt16_Start
 .text.Motor_2_IN_3_Write
                0x00001cfc       0x18 .\CortexM3\ARM_GCC_541\Debug\Design01.a(Motor_2_IN_3.o)
                0x00001cfc                Motor_2_IN_3_Write
 .text.Motor_2_IN_4_Write
                0x00001d14       0x18 .\CortexM3\ARM_GCC_541\Debug\Design01.a(Motor_2_IN_4.o)
                0x00001d14                Motor_2_IN_4_Write
 .text.Timer_1_Enable
                0x00001d2c       0x10 .\CortexM3\ARM_GCC_541\Debug\Design01.a(Timer_1.o)
                0x00001d2c                Timer_1_Enable
 .text.Timer_1_SetInterruptMode
                0x00001d3c        0xc .\CortexM3\ARM_GCC_541\Debug\Design01.a(Timer_1.o)
                0x00001d3c                Timer_1_SetInterruptMode
 .text.Timer_1_ReadStatusRegister
                0x00001d48        0xc .\CortexM3\ARM_GCC_541\Debug\Design01.a(Timer_1.o)
                0x00001d48                Timer_1_ReadStatusRegister
 .text.Timer_1_WritePeriod
                0x00001d54       0x10 .\CortexM3\ARM_GCC_541\Debug\Design01.a(Timer_1.o)
                0x00001d54                Timer_1_WritePeriod
 .text.Timer_1_ReadCapture
                0x00001d64       0x10 .\CortexM3\ARM_GCC_541\Debug\Design01.a(Timer_1.o)
                0x00001d64                Timer_1_ReadCapture
 .text.Timer_1_WriteCounter
                0x00001d74       0x10 .\CortexM3\ARM_GCC_541\Debug\Design01.a(Timer_1.o)
                0x00001d74                Timer_1_WriteCounter
 .text.Timer_1_ClearFIFO
                0x00001d84       0x14 .\CortexM3\ARM_GCC_541\Debug\Design01.a(Timer_1.o)
                0x00001d84                Timer_1_ClearFIFO
 .text.Timer_1_Init
                0x00001d98       0x34 .\CortexM3\ARM_GCC_541\Debug\Design01.a(Timer_1.o)
                0x00001d98                Timer_1_Init
 .text.Timer_1_Start
                0x00001dcc       0x1c .\CortexM3\ARM_GCC_541\Debug\Design01.a(Timer_1.o)
                0x00001dcc                Timer_1_Start
 .text.isr_1_SetVector
                0x00001de8        0xc .\CortexM3\ARM_GCC_541\Debug\Design01.a(isr_1.o)
                0x00001de8                isr_1_SetVector
 .text.isr_1_SetPriority
                0x00001df4       0x10 .\CortexM3\ARM_GCC_541\Debug\Design01.a(isr_1.o)
                0x00001df4                isr_1_SetPriority
 .text.isr_1_Enable
                0x00001e04        0xc .\CortexM3\ARM_GCC_541\Debug\Design01.a(isr_1.o)
                0x00001e04                isr_1_Enable
 .text.isr_1_Disable
                0x00001e10        0xc .\CortexM3\ARM_GCC_541\Debug\Design01.a(isr_1.o)
                0x00001e10                isr_1_Disable
 .text.isr_1_StartEx
                0x00001e1c       0x1c .\CortexM3\ARM_GCC_541\Debug\Design01.a(isr_1.o)
                0x00001e1c                isr_1_StartEx
 .text.Timer_2_Enable
                0x00001e38       0x28 .\CortexM3\ARM_GCC_541\Debug\Design01.a(Timer_2.o)
                0x00001e38                Timer_2_Enable
 .text.Timer_2_SetInterruptMode
                0x00001e60        0xc .\CortexM3\ARM_GCC_541\Debug\Design01.a(Timer_2.o)
                0x00001e60                Timer_2_SetInterruptMode
 .text.Timer_2_ReadStatusRegister
                0x00001e6c        0xc .\CortexM3\ARM_GCC_541\Debug\Design01.a(Timer_2.o)
                0x00001e6c                Timer_2_ReadStatusRegister
 .text.Timer_2_WritePeriod
                0x00001e78        0xc .\CortexM3\ARM_GCC_541\Debug\Design01.a(Timer_2.o)
                0x00001e78                Timer_2_WritePeriod
 .text.Timer_2_WriteCounter
                0x00001e84        0xc .\CortexM3\ARM_GCC_541\Debug\Design01.a(Timer_2.o)
                0x00001e84                Timer_2_WriteCounter
 .text.Timer_2_Init
                0x00001e90       0x64 .\CortexM3\ARM_GCC_541\Debug\Design01.a(Timer_2.o)
                0x00001e90                Timer_2_Init
 .text.Timer_2_Start
                0x00001ef4       0x1c .\CortexM3\ARM_GCC_541\Debug\Design01.a(Timer_2.o)
                0x00001ef4                Timer_2_Start
 .text.Trigger_Write
                0x00001f10       0x18 .\CortexM3\ARM_GCC_541\Debug\Design01.a(Trigger.o)
                0x00001f10                Trigger_Write
 .text.isr_2_SetVector
                0x00001f28       0x10 .\CortexM3\ARM_GCC_541\Debug\Design01.a(isr_2.o)
                0x00001f28                isr_2_SetVector
 .text.isr_2_SetPriority
                0x00001f38       0x10 .\CortexM3\ARM_GCC_541\Debug\Design01.a(isr_2.o)
                0x00001f38                isr_2_SetPriority
 .text.isr_2_Enable
                0x00001f48       0x10 .\CortexM3\ARM_GCC_541\Debug\Design01.a(isr_2.o)
                0x00001f48                isr_2_Enable
 .text.isr_2_Disable
                0x00001f58       0x10 .\CortexM3\ARM_GCC_541\Debug\Design01.a(isr_2.o)
                0x00001f58                isr_2_Disable
 .text.isr_2_StartEx
                0x00001f68       0x1c .\CortexM3\ARM_GCC_541\Debug\Design01.a(isr_2.o)
                0x00001f68                isr_2_StartEx
 .text.Timer_3_ReadStatusRegister
                0x00001f84        0xc .\CortexM3\ARM_GCC_541\Debug\Design01.a(Timer_3.o)
                0x00001f84                Timer_3_ReadStatusRegister
 .text.Timer_3_ReadCounter
                0x00001f90       0x14 .\CortexM3\ARM_GCC_541\Debug\Design01.a(Timer_3.o)
                0x00001f90                Timer_3_ReadCounter
 .text.isr_3_SetVector
                0x00001fa4        0xc .\CortexM3\ARM_GCC_541\Debug\Design01.a(isr_3.o)
                0x00001fa4                isr_3_SetVector
 .text.isr_3_SetPriority
                0x00001fb0       0x10 .\CortexM3\ARM_GCC_541\Debug\Design01.a(isr_3.o)
                0x00001fb0                isr_3_SetPriority
 .text.isr_3_Enable
                0x00001fc0        0xc .\CortexM3\ARM_GCC_541\Debug\Design01.a(isr_3.o)
                0x00001fc0                isr_3_Enable
 .text.isr_3_Disable
                0x00001fcc        0xc .\CortexM3\ARM_GCC_541\Debug\Design01.a(isr_3.o)
                0x00001fcc                isr_3_Disable
 .text.isr_3_StartEx
                0x00001fd8       0x1c .\CortexM3\ARM_GCC_541\Debug\Design01.a(isr_3.o)
                0x00001fd8                isr_3_StartEx
 .text.Left_Echo_Read
                0x00001ff4       0x10 .\CortexM3\ARM_GCC_541\Debug\Design01.a(Left_Echo.o)
                0x00001ff4                Left_Echo_Read
 .text.Front_Echo_1_Read
                0x00002004       0x10 .\CortexM3\ARM_GCC_541\Debug\Design01.a(Front_Echo_1.o)
                0x00002004                Front_Echo_1_Read
 .text.PWM_ColorSensor_Enable
                0x00002014       0x10 .\CortexM3\ARM_GCC_541\Debug\Design01.a(PWM_ColorSensor.o)
                0x00002014                PWM_ColorSensor_Enable
 .text.PWM_ColorSensor_WriteCounter
                0x00002024        0xc .\CortexM3\ARM_GCC_541\Debug\Design01.a(PWM_ColorSensor.o)
                0x00002024                PWM_ColorSensor_WriteCounter
 .text.PWM_ColorSensor_WritePeriod
                0x00002030        0xc .\CortexM3\ARM_GCC_541\Debug\Design01.a(PWM_ColorSensor.o)
                0x00002030                PWM_ColorSensor_WritePeriod
 .text.PWM_ColorSensor_WriteCompare
                0x0000203c        0xc .\CortexM3\ARM_GCC_541\Debug\Design01.a(PWM_ColorSensor.o)
                0x0000203c                PWM_ColorSensor_WriteCompare
 .text.PWM_ColorSensor_SetInterruptMode
                0x00002048        0xc .\CortexM3\ARM_GCC_541\Debug\Design01.a(PWM_ColorSensor.o)
                0x00002048                PWM_ColorSensor_SetInterruptMode
 .text.PWM_ColorSensor_ReadStatusRegister
                0x00002054        0xc .\CortexM3\ARM_GCC_541\Debug\Design01.a(PWM_ColorSensor.o)
                0x00002054                PWM_ColorSensor_ReadStatusRegister
 .text.PWM_ColorSensor_ReadCapture
                0x00002060        0xc .\CortexM3\ARM_GCC_541\Debug\Design01.a(PWM_ColorSensor.o)
                0x00002060                PWM_ColorSensor_ReadCapture
 .text.PWM_ColorSensor_ClearFIFO
                0x0000206c       0x14 .\CortexM3\ARM_GCC_541\Debug\Design01.a(PWM_ColorSensor.o)
                0x0000206c                PWM_ColorSensor_ClearFIFO
 .text.PWM_ColorSensor_Init
                0x00002080       0x64 .\CortexM3\ARM_GCC_541\Debug\Design01.a(PWM_ColorSensor.o)
                0x00002080                PWM_ColorSensor_Init
 .text.PWM_ColorSensor_Start
                0x000020e4       0x1c .\CortexM3\ARM_GCC_541\Debug\Design01.a(PWM_ColorSensor.o)
                0x000020e4                PWM_ColorSensor_Start
 .text.Counter_ColorSensor_Enable
                0x00002100       0x10 .\CortexM3\ARM_GCC_541\Debug\Design01.a(Counter_ColorSensor.o)
                0x00002100                Counter_ColorSensor_Enable
 .text.Counter_ColorSensor_Stop
                0x00002110       0x10 .\CortexM3\ARM_GCC_541\Debug\Design01.a(Counter_ColorSensor.o)
                0x00002110                Counter_ColorSensor_Stop
 .text.Counter_ColorSensor_SetInterruptMode
                0x00002120        0xc .\CortexM3\ARM_GCC_541\Debug\Design01.a(Counter_ColorSensor.o)
                0x00002120                Counter_ColorSensor_SetInterruptMode
 .text.Counter_ColorSensor_ReadStatusRegister
                0x0000212c        0xc .\CortexM3\ARM_GCC_541\Debug\Design01.a(Counter_ColorSensor.o)
                0x0000212c                Counter_ColorSensor_ReadStatusRegister
 .text.Counter_ColorSensor_WriteCounter
                0x00002138        0xc .\CortexM3\ARM_GCC_541\Debug\Design01.a(Counter_ColorSensor.o)
                0x00002138                Counter_ColorSensor_WriteCounter
 .text.Counter_ColorSensor_ReadCapture
                0x00002144        0xc .\CortexM3\ARM_GCC_541\Debug\Design01.a(Counter_ColorSensor.o)
                0x00002144                Counter_ColorSensor_ReadCapture
 .text.Counter_ColorSensor_WritePeriod
                0x00002150        0xc .\CortexM3\ARM_GCC_541\Debug\Design01.a(Counter_ColorSensor.o)
                0x00002150                Counter_ColorSensor_WritePeriod
 .text.Counter_ColorSensor_WriteCompare
                0x0000215c        0xc .\CortexM3\ARM_GCC_541\Debug\Design01.a(Counter_ColorSensor.o)
                0x0000215c                Counter_ColorSensor_WriteCompare
 .text.Counter_ColorSensor_ClearFIFO
                0x00002168       0x14 .\CortexM3\ARM_GCC_541\Debug\Design01.a(Counter_ColorSensor.o)
                0x00002168                Counter_ColorSensor_ClearFIFO
 .text.Counter_ColorSensor_Init
                0x0000217c       0x5c .\CortexM3\ARM_GCC_541\Debug\Design01.a(Counter_ColorSensor.o)
                0x0000217c                Counter_ColorSensor_Init
 .text.Counter_ColorSensor_Start
                0x000021d8       0x1c .\CortexM3\ARM_GCC_541\Debug\Design01.a(Counter_ColorSensor.o)
                0x000021d8                Counter_ColorSensor_Start
 .text.isr_6_SetVector
                0x000021f4        0xc .\CortexM3\ARM_GCC_541\Debug\Design01.a(isr_6.o)
                0x000021f4                isr_6_SetVector
 .text.isr_6_SetPriority
                0x00002200       0x10 .\CortexM3\ARM_GCC_541\Debug\Design01.a(isr_6.o)
                0x00002200                isr_6_SetPriority
 .text.isr_6_Enable
                0x00002210        0xc .\CortexM3\ARM_GCC_541\Debug\Design01.a(isr_6.o)
                0x00002210                isr_6_Enable
 .text.isr_6_Disable
                0x0000221c        0xc .\CortexM3\ARM_GCC_541\Debug\Design01.a(isr_6.o)
                0x0000221c                isr_6_Disable
 .text.isr_6_StartEx
                0x00002228       0x1c .\CortexM3\ARM_GCC_541\Debug\Design01.a(isr_6.o)
                0x00002228                isr_6_StartEx
 .text.Control_Reg_1_Write
                0x00002244        0xc .\CortexM3\ARM_GCC_541\Debug\Design01.a(Control_Reg_1.o)
                0x00002244                Control_Reg_1_Write
 .text.S1_Write
                0x00002250       0x18 .\CortexM3\ARM_GCC_541\Debug\Design01.a(S1.o)
                0x00002250                S1_Write
 .text.S2_Write
                0x00002268       0x18 .\CortexM3\ARM_GCC_541\Debug\Design01.a(S2.o)
                0x00002268                S2_Write
 .text.S0_Write
                0x00002280       0x18 .\CortexM3\ARM_GCC_541\Debug\Design01.a(S0.o)
                0x00002280                S0_Write
 .text.S3_Write
                0x00002298       0x18 .\CortexM3\ARM_GCC_541\Debug\Design01.a(S3.o)
                0x00002298                S3_Write
 .text.CS_LED_Write
                0x000022b0       0x18 .\CortexM3\ARM_GCC_541\Debug\Design01.a(CS_LED.o)
                0x000022b0                CS_LED_Write
 .text.IR_input_Read
                0x000022c8        0xc .\CortexM3\ARM_GCC_541\Debug\Design01.a(IR_input.o)
                0x000022c8                IR_input_Read
 .text.led_green_Write
                0x000022d4       0x18 .\CortexM3\ARM_GCC_541\Debug\Design01.a(led_green.o)
                0x000022d4                led_green_Write
 .text.led_red_Write
                0x000022ec       0x18 .\CortexM3\ARM_GCC_541\Debug\Design01.a(led_red.o)
                0x000022ec                led_red_Write
 .text.led_blue_Write
                0x00002304       0x18 .\CortexM3\ARM_GCC_541\Debug\Design01.a(led_blue.o)
                0x00002304                led_blue_Write
 .text.PWM_SmallServo_Enable
                0x0000231c       0x28 .\CortexM3\ARM_GCC_541\Debug\Design01.a(PWM_SmallServo.o)
                0x0000231c                PWM_SmallServo_Enable
 .text.PWM_SmallServo_WritePeriod
                0x00002344        0xc .\CortexM3\ARM_GCC_541\Debug\Design01.a(PWM_SmallServo.o)
                0x00002344                PWM_SmallServo_WritePeriod
 .text.PWM_SmallServo_WriteCompare
                0x00002350        0xc .\CortexM3\ARM_GCC_541\Debug\Design01.a(PWM_SmallServo.o)
                0x00002350                PWM_SmallServo_WriteCompare
 .text.PWM_SmallServo_SetInterruptMode
                0x0000235c        0xc .\CortexM3\ARM_GCC_541\Debug\Design01.a(PWM_SmallServo.o)
                0x0000235c                PWM_SmallServo_SetInterruptMode
 .text.PWM_SmallServo_Init
                0x00002368       0x78 .\CortexM3\ARM_GCC_541\Debug\Design01.a(PWM_SmallServo.o)
                0x00002368                PWM_SmallServo_Init
 .text.PWM_SmallServo_Start
                0x000023e0       0x1c .\CortexM3\ARM_GCC_541\Debug\Design01.a(PWM_SmallServo.o)
                0x000023e0                PWM_SmallServo_Start
 .text.PWM_BigServo_Enable
                0x000023fc       0x28 .\CortexM3\ARM_GCC_541\Debug\Design01.a(PWM_BigServo.o)
                0x000023fc                PWM_BigServo_Enable
 .text.PWM_BigServo_WritePeriod
                0x00002424        0xc .\CortexM3\ARM_GCC_541\Debug\Design01.a(PWM_BigServo.o)
                0x00002424                PWM_BigServo_WritePeriod
 .text.PWM_BigServo_WriteCompare
                0x00002430        0xc .\CortexM3\ARM_GCC_541\Debug\Design01.a(PWM_BigServo.o)
                0x00002430                PWM_BigServo_WriteCompare
 .text.PWM_BigServo_SetInterruptMode
                0x0000243c        0xc .\CortexM3\ARM_GCC_541\Debug\Design01.a(PWM_BigServo.o)
                0x0000243c                PWM_BigServo_SetInterruptMode
 .text.PWM_BigServo_Init
                0x00002448       0x78 .\CortexM3\ARM_GCC_541\Debug\Design01.a(PWM_BigServo.o)
                0x00002448                PWM_BigServo_Init
 .text.PWM_BigServo_Start
                0x000024c0       0x1c .\CortexM3\ARM_GCC_541\Debug\Design01.a(PWM_BigServo.o)
                0x000024c0                PWM_BigServo_Start
 .text.PWM_Wheels_Enable
                0x000024dc       0x10 .\CortexM3\ARM_GCC_541\Debug\Design01.a(PWM_Wheels.o)
                0x000024dc                PWM_Wheels_Enable
 .text.PWM_Wheels_WriteCounter
                0x000024ec        0xc .\CortexM3\ARM_GCC_541\Debug\Design01.a(PWM_Wheels.o)
                0x000024ec                PWM_Wheels_WriteCounter
 .text.PWM_Wheels_WritePeriod
                0x000024f8        0xc .\CortexM3\ARM_GCC_541\Debug\Design01.a(PWM_Wheels.o)
                0x000024f8                PWM_Wheels_WritePeriod
 .text.PWM_Wheels_WriteCompare1
                0x00002504        0xc .\CortexM3\ARM_GCC_541\Debug\Design01.a(PWM_Wheels.o)
                0x00002504                PWM_Wheels_WriteCompare1
 .text.PWM_Wheels_WriteCompare2
                0x00002510        0xc .\CortexM3\ARM_GCC_541\Debug\Design01.a(PWM_Wheels.o)
                0x00002510                PWM_Wheels_WriteCompare2
 .text.PWM_Wheels_SetInterruptMode
                0x0000251c        0xc .\CortexM3\ARM_GCC_541\Debug\Design01.a(PWM_Wheels.o)
                0x0000251c                PWM_Wheels_SetInterruptMode
 .text.PWM_Wheels_ReadStatusRegister
                0x00002528        0xc .\CortexM3\ARM_GCC_541\Debug\Design01.a(PWM_Wheels.o)
                0x00002528                PWM_Wheels_ReadStatusRegister
 .text.PWM_Wheels_ReadCapture
                0x00002534        0xc .\CortexM3\ARM_GCC_541\Debug\Design01.a(PWM_Wheels.o)
                0x00002534                PWM_Wheels_ReadCapture
 .text.PWM_Wheels_ClearFIFO
                0x00002540       0x14 .\CortexM3\ARM_GCC_541\Debug\Design01.a(PWM_Wheels.o)
                0x00002540                PWM_Wheels_ClearFIFO
 .text.PWM_Wheels_Init
                0x00002554       0x6c .\CortexM3\ARM_GCC_541\Debug\Design01.a(PWM_Wheels.o)
                0x00002554                PWM_Wheels_Init
 .text.PWM_Wheels_Start
                0x000025c0       0x1c .\CortexM3\ARM_GCC_541\Debug\Design01.a(PWM_Wheels.o)
                0x000025c0                PWM_Wheels_Start
 .text.Control_Reg_2_Write
                0x000025dc        0xc .\CortexM3\ARM_GCC_541\Debug\Design01.a(Control_Reg_2.o)
                0x000025dc                Control_Reg_2_Write
 .text.isr_7_SetVector
                0x000025e8        0xc .\CortexM3\ARM_GCC_541\Debug\Design01.a(isr_7.o)
                0x000025e8                isr_7_SetVector
 .text.isr_7_SetPriority
                0x000025f4       0x10 .\CortexM3\ARM_GCC_541\Debug\Design01.a(isr_7.o)
                0x000025f4                isr_7_SetPriority
 .text.isr_7_Enable
                0x00002604        0xc .\CortexM3\ARM_GCC_541\Debug\Design01.a(isr_7.o)
                0x00002604                isr_7_Enable
 .text.isr_7_Disable
                0x00002610        0xc .\CortexM3\ARM_GCC_541\Debug\Design01.a(isr_7.o)
                0x00002610                isr_7_Disable
 .text.isr_7_StartEx
                0x0000261c       0x1c .\CortexM3\ARM_GCC_541\Debug\Design01.a(isr_7.o)
                0x0000261c                isr_7_StartEx
 .text.I2C_1_Init
                0x00002638       0x68 .\CortexM3\ARM_GCC_541\Debug\Design01.a(I2C_1.o)
                0x00002638                I2C_1_Init
 .text.I2C_1_Enable
                0x000026a0       0x24 .\CortexM3\ARM_GCC_541\Debug\Design01.a(I2C_1.o)
                0x000026a0                I2C_1_Enable
 .text.I2C_1_Start
                0x000026c4       0x28 .\CortexM3\ARM_GCC_541\Debug\Design01.a(I2C_1.o)
                0x000026c4                I2C_1_Start
 .text.I2C_1_ISR
                0x000026ec      0x2d0 .\CortexM3\ARM_GCC_541\Debug\Design01.a(I2C_1_INT.o)
                0x000026ec                I2C_1_ISR
 .text.I2C_1_MasterSendStart
                0x000029bc       0x80 .\CortexM3\ARM_GCC_541\Debug\Design01.a(I2C_1_MASTER.o)
                0x000029bc                I2C_1_MasterSendStart
 .text.I2C_1_MasterSendStop
                0x00002a3c       0x38 .\CortexM3\ARM_GCC_541\Debug\Design01.a(I2C_1_MASTER.o)
                0x00002a3c                I2C_1_MasterSendStop
 .text.I2C_1_MasterWriteByte
                0x00002a74       0x58 .\CortexM3\ARM_GCC_541\Debug\Design01.a(I2C_1_MASTER.o)
                0x00002a74                I2C_1_MasterWriteByte
 .text.I2C_1_MasterReadByte
                0x00002acc       0x58 .\CortexM3\ARM_GCC_541\Debug\Design01.a(I2C_1_MASTER.o)
                0x00002acc                I2C_1_MasterReadByte
 .text.Flicker_Write
                0x00002b24       0x18 .\CortexM3\ARM_GCC_541\Debug\Design01.a(Flicker.o)
                0x00002b24                Flicker_Write
 *fill*         0x00002b3c        0x4 
 .text          0x00002b40       0x20 .\CortexM3\ARM_GCC_541\Debug\Design01.a(CyBootAsmGnu.o)
                0x00002b40                CyDelayCycles
                0x00002b50                CyEnterCriticalSection
                0x00002b58                CyExitCriticalSection
 .text.CySetReg24
                0x00002b60       0x14 .\CortexM3\ARM_GCC_541\Debug\Design01.a(cyutils.o)
                0x00002b60                CySetReg24
 .text          0x00002b74      0x370 c:/program files (x86)/cypress/psoc creator/4.4/psoc creator/import/gnu/arm/5.4.1/bin/../lib/gcc/arm-none-eabi/5.4.1/armv7-m\libgcc.a(_arm_addsubdf3.o)
                0x00002b74                __aeabi_drsub
                0x00002b7c                __aeabi_dsub
                0x00002b7c                __subdf3
                0x00002b80                __aeabi_dadd
                0x00002b80                __adddf3
                0x00002df8                __floatunsidf
                0x00002df8                __aeabi_ui2d
                0x00002e18                __floatsidf
                0x00002e18                __aeabi_i2d
                0x00002e3c                __aeabi_f2d
                0x00002e3c                __extendsfdf2
                0x00002e78                __floatundidf
                0x00002e78                __aeabi_ul2d
                0x00002e88                __floatdidf
                0x00002e88                __aeabi_l2d
 .text          0x00002ee4      0x424 c:/program files (x86)/cypress/psoc creator/4.4/psoc creator/import/gnu/arm/5.4.1/bin/../lib/gcc/arm-none-eabi/5.4.1/armv7-m\libgcc.a(_arm_muldivdf3.o)
                0x00002ee4                __aeabi_dmul
                0x00002ee4                __muldf3
                0x00003138                __divdf3
                0x00003138                __aeabi_ddiv
 .text          0x00003308      0x110 c:/program files (x86)/cypress/psoc creator/4.4/psoc creator/import/gnu/arm/5.4.1/bin/../lib/gcc/arm-none-eabi/5.4.1/armv7-m\libgcc.a(_arm_cmpdf2.o)
                0x00003308                __gtdf2
                0x00003308                __gedf2
                0x00003310                __ltdf2
                0x00003310                __ledf2
                0x00003318                __nedf2
                0x00003318                __eqdf2
                0x00003318                __cmpdf2
                0x00003394                __aeabi_cdrcmple
                0x000033a4                __aeabi_cdcmpeq
                0x000033a4                __aeabi_cdcmple
                0x000033b4                __aeabi_dcmpeq
                0x000033c8                __aeabi_dcmplt
                0x000033dc                __aeabi_dcmple
                0x000033f0                __aeabi_dcmpge
                0x00003404                __aeabi_dcmpgt
 .text          0x00003418       0x50 c:/program files (x86)/cypress/psoc creator/4.4/psoc creator/import/gnu/arm/5.4.1/bin/../lib/gcc/arm-none-eabi/5.4.1/armv7-m\libgcc.a(_arm_fixdfsi.o)
                0x00003418                __aeabi_d2iz
                0x00003418                __fixdfsi
 .text          0x00003468       0xa0 c:/program files (x86)/cypress/psoc creator/4.4/psoc creator/import/gnu/arm/5.4.1/bin/../lib/gcc/arm-none-eabi/5.4.1/armv7-m\libgcc.a(_arm_truncdfsf2.o)
                0x00003468                __truncdfsf2
                0x00003468                __aeabi_d2f
 .text          0x00003508       0x40 c:/program files (x86)/cypress/psoc creator/4.4/psoc creator/import/gnu/arm/5.4.1/bin/../lib/gcc/arm-none-eabi/5.4.1/armv7-m\libgcc.a(_arm_fixunssfsi.o)
                0x00003508                __fixunssfsi
                0x00003508                __aeabi_f2uiz
 .text.__errno  0x00003548        0xc c:/program files (x86)/cypress/psoc creator/4.4/psoc creator/import/gnu/arm/5.4.1/bin/../lib/gcc/arm-none-eabi/5.4.1/../../../../arm-none-eabi/lib/armv7-m\libg_nano.a(lib_a-errno.o)
                0x00003548                __errno
 .text.__libc_init_array
                0x00003554       0x4c c:/program files (x86)/cypress/psoc creator/4.4/psoc creator/import/gnu/arm/5.4.1/bin/../lib/gcc/arm-none-eabi/5.4.1/../../../../arm-none-eabi/lib/armv7-m\libg_nano.a(lib_a-init.o)
                0x00003554                __libc_init_array
 .text.memcpy   0x000035a0       0x16 c:/program files (x86)/cypress/psoc creator/4.4/psoc creator/import/gnu/arm/5.4.1/bin/../lib/gcc/arm-none-eabi/5.4.1/../../../../arm-none-eabi/lib/armv7-m\libg_nano.a(lib_a-memcpy-stub.o)
                0x000035a0                memcpy
 .text.memset   0x000035b6       0x10 c:/program files (x86)/cypress/psoc creator/4.4/psoc creator/import/gnu/arm/5.4.1/bin/../lib/gcc/arm-none-eabi/5.4.1/../../../../arm-none-eabi/lib/armv7-m\libg_nano.a(lib_a-memset.o)
                0x000035b6                memset
 .text.__cvt    0x000035c6       0xc0 c:/program files (x86)/cypress/psoc creator/4.4/psoc creator/import/gnu/arm/5.4.1/bin/../lib/gcc/arm-none-eabi/5.4.1/../../../../arm-none-eabi/lib/armv7-m\libg_nano.a(lib_a-nano-vfprintf_float.o)
                0x000035c6                __cvt
 .text.__exponent
                0x00003686       0x62 c:/program files (x86)/cypress/psoc creator/4.4/psoc creator/import/gnu/arm/5.4.1/bin/../lib/gcc/arm-none-eabi/5.4.1/../../../../arm-none-eabi/lib/armv7-m\libg_nano.a(lib_a-nano-vfprintf_float.o)
                0x00003686                __exponent
 .text._printf_float
                0x000036e8      0x488 c:/program files (x86)/cypress/psoc creator/4.4/psoc creator/import/gnu/arm/5.4.1/bin/../lib/gcc/arm-none-eabi/5.4.1/../../../../arm-none-eabi/lib/armv7-m\libg_nano.a(lib_a-nano-vfprintf_float.o)
                0x000036e8                _printf_float
 .text._printf_common
                0x00003b70       0xec c:/program files (x86)/cypress/psoc creator/4.4/psoc creator/import/gnu/arm/5.4.1/bin/../lib/gcc/arm-none-eabi/5.4.1/../../../../arm-none-eabi/lib/armv7-m\libg_nano.a(lib_a-nano-vfprintf_i.o)
                0x00003b70                _printf_common
 .text._printf_i
                0x00003c5c      0x24c c:/program files (x86)/cypress/psoc creator/4.4/psoc creator/import/gnu/arm/5.4.1/bin/../lib/gcc/arm-none-eabi/5.4.1/../../../../arm-none-eabi/lib/armv7-m\libg_nano.a(lib_a-nano-vfprintf_i.o)
                0x00003c5c                _printf_i
 .text.sprintf  0x00003ea8       0x48 c:/program files (x86)/cypress/psoc creator/4.4/psoc creator/import/gnu/arm/5.4.1/bin/../lib/gcc/arm-none-eabi/5.4.1/../../../../arm-none-eabi/lib/armv7-m\libg_nano.a(lib_a-sprintf.o)
                0x00003ea8                siprintf
                0x00003ea8                sprintf
 .text          0x00003ef0       0x14 c:/program files (x86)/cypress/psoc creator/4.4/psoc creator/import/gnu/arm/5.4.1/bin/../lib/gcc/arm-none-eabi/5.4.1/../../../../arm-none-eabi/lib/armv7-m\libg_nano.a(lib_a-strcmp.o)
                0x00003ef0                strcmp
 .text.strcpy   0x00003f04       0x10 c:/program files (x86)/cypress/psoc creator/4.4/psoc creator/import/gnu/arm/5.4.1/bin/../lib/gcc/arm-none-eabi/5.4.1/../../../../arm-none-eabi/lib/armv7-m\libg_nano.a(lib_a-strcpy.o)
                0x00003f04                strcpy
 .text          0x00003f14       0x10 c:/program files (x86)/cypress/psoc creator/4.4/psoc creator/import/gnu/arm/5.4.1/bin/../lib/gcc/arm-none-eabi/5.4.1/../../../../arm-none-eabi/lib/armv7-m\libg_nano.a(lib_a-strlen.o)
                0x00003f14                strlen
 .text.strtok   0x00003f24       0x64 c:/program files (x86)/cypress/psoc creator/4.4/psoc creator/import/gnu/arm/5.4.1/bin/../lib/gcc/arm-none-eabi/5.4.1/../../../../arm-none-eabi/lib/armv7-m\libg_nano.a(lib_a-strtok.o)
                0x00003f24                strtok
 .text.__strtok_r
                0x00003f88       0x56 c:/program files (x86)/cypress/psoc creator/4.4/psoc creator/import/gnu/arm/5.4.1/bin/../lib/gcc/arm-none-eabi/5.4.1/../../../../arm-none-eabi/lib/armv7-m\libg_nano.a(lib_a-strtok_r.o)
                0x00003f88                __strtok_r
 .text.quorem   0x00003fde      0x116 c:/program files (x86)/cypress/psoc creator/4.4/psoc creator/import/gnu/arm/5.4.1/bin/../lib/gcc/arm-none-eabi/5.4.1/../../../../arm-none-eabi/lib/armv7-m\libg_nano.a(lib_a-dtoa.o)
 *fill*         0x000040f4        0x4 
 .text._dtoa_r  0x000040f8      0xb30 c:/program files (x86)/cypress/psoc creator/4.4/psoc creator/import/gnu/arm/5.4.1/bin/../lib/gcc/arm-none-eabi/5.4.1/../../../../arm-none-eabi/lib/armv7-m\libg_nano.a(lib_a-dtoa.o)
                0x000040f8                _dtoa_r
 .text._localeconv_r
                0x00004c28        0x8 c:/program files (x86)/cypress/psoc creator/4.4/psoc creator/import/gnu/arm/5.4.1/bin/../lib/gcc/arm-none-eabi/5.4.1/../../../../arm-none-eabi/lib/armv7-m\libg_nano.a(lib_a-locale.o)
                0x00004c28                _localeconv_r
 .text.malloc   0x00004c30       0x10 c:/program files (x86)/cypress/psoc creator/4.4/psoc creator/import/gnu/arm/5.4.1/bin/../lib/gcc/arm-none-eabi/5.4.1/../../../../arm-none-eabi/lib/armv7-m\libg_nano.a(lib_a-malloc.o)
                0x00004c30                malloc
 .text.memchr   0x00004c40       0x1c c:/program files (x86)/cypress/psoc creator/4.4/psoc creator/import/gnu/arm/5.4.1/bin/../lib/gcc/arm-none-eabi/5.4.1/../../../../arm-none-eabi/lib/armv7-m\libg_nano.a(lib_a-memchr-stub.o)
                0x00004c40                memchr
 .text._Balloc  0x00004c5c       0x6a c:/program files (x86)/cypress/psoc creator/4.4/psoc creator/import/gnu/arm/5.4.1/bin/../lib/gcc/arm-none-eabi/5.4.1/../../../../arm-none-eabi/lib/armv7-m\libg_nano.a(lib_a-mprec.o)
                0x00004c5c                _Balloc
 .text._Bfree   0x00004cc6       0x2e c:/program files (x86)/cypress/psoc creator/4.4/psoc creator/import/gnu/arm/5.4.1/bin/../lib/gcc/arm-none-eabi/5.4.1/../../../../arm-none-eabi/lib/armv7-m\libg_nano.a(lib_a-mprec.o)
                0x00004cc6                _Bfree
 .text.__multadd
                0x00004cf4       0x76 c:/program files (x86)/cypress/psoc creator/4.4/psoc creator/import/gnu/arm/5.4.1/bin/../lib/gcc/arm-none-eabi/5.4.1/../../../../arm-none-eabi/lib/armv7-m\libg_nano.a(lib_a-mprec.o)
                0x00004cf4                __multadd
 .text.__hi0bits
                0x00004d6a       0x40 c:/program files (x86)/cypress/psoc creator/4.4/psoc creator/import/gnu/arm/5.4.1/bin/../lib/gcc/arm-none-eabi/5.4.1/../../../../arm-none-eabi/lib/armv7-m\libg_nano.a(lib_a-mprec.o)
                0x00004d6a                __hi0bits
 .text.__lo0bits
                0x00004daa       0x5a c:/program files (x86)/cypress/psoc creator/4.4/psoc creator/import/gnu/arm/5.4.1/bin/../lib/gcc/arm-none-eabi/5.4.1/../../../../arm-none-eabi/lib/armv7-m\libg_nano.a(lib_a-mprec.o)
                0x00004daa                __lo0bits
 .text.__i2b    0x00004e04       0x12 c:/program files (x86)/cypress/psoc creator/4.4/psoc creator/import/gnu/arm/5.4.1/bin/../lib/gcc/arm-none-eabi/5.4.1/../../../../arm-none-eabi/lib/armv7-m\libg_nano.a(lib_a-mprec.o)
                0x00004e04                __i2b
 .text.__multiply
                0x00004e16      0x120 c:/program files (x86)/cypress/psoc creator/4.4/psoc creator/import/gnu/arm/5.4.1/bin/../lib/gcc/arm-none-eabi/5.4.1/../../../../arm-none-eabi/lib/armv7-m\libg_nano.a(lib_a-mprec.o)
                0x00004e16                __multiply
 *fill*         0x00004f36        0x2 
 .text.__pow5mult
                0x00004f38       0x9c c:/program files (x86)/cypress/psoc creator/4.4/psoc creator/import/gnu/arm/5.4.1/bin/../lib/gcc/arm-none-eabi/5.4.1/../../../../arm-none-eabi/lib/armv7-m\libg_nano.a(lib_a-mprec.o)
                0x00004f38                __pow5mult
 .text.__lshift
                0x00004fd4       0xa2 c:/program files (x86)/cypress/psoc creator/4.4/psoc creator/import/gnu/arm/5.4.1/bin/../lib/gcc/arm-none-eabi/5.4.1/../../../../arm-none-eabi/lib/armv7-m\libg_nano.a(lib_a-mprec.o)
                0x00004fd4                __lshift
 .text.__mcmp   0x00005076       0x38 c:/program files (x86)/cypress/psoc creator/4.4/psoc creator/import/gnu/arm/5.4.1/bin/../lib/gcc/arm-none-eabi/5.4.1/../../../../arm-none-eabi/lib/armv7-m\libg_nano.a(lib_a-mprec.o)
                0x00005076                __mcmp
 .text.__mdiff  0x000050ae       0xbe c:/program files (x86)/cypress/psoc creator/4.4/psoc creator/import/gnu/arm/5.4.1/bin/../lib/gcc/arm-none-eabi/5.4.1/../../../../arm-none-eabi/lib/armv7-m\libg_nano.a(lib_a-mprec.o)
                0x000050ae                __mdiff
 .text.__d2b    0x0000516c       0x9c c:/program files (x86)/cypress/psoc creator/4.4/psoc creator/import/gnu/arm/5.4.1/bin/../lib/gcc/arm-none-eabi/5.4.1/../../../../arm-none-eabi/lib/armv7-m\libg_nano.a(lib_a-mprec.o)
                0x0000516c                __d2b
 .text._calloc_r
                0x00005208       0x1c c:/program files (x86)/cypress/psoc creator/4.4/psoc creator/import/gnu/arm/5.4.1/bin/../lib/gcc/arm-none-eabi/5.4.1/../../../../arm-none-eabi/lib/armv7-m\libg_nano.a(lib_a-nano-callocr.o)
                0x00005208                _calloc_r
 .text._free_r  0x00005224       0x98 c:/program files (x86)/cypress/psoc creator/4.4/psoc creator/import/gnu/arm/5.4.1/bin/../lib/gcc/arm-none-eabi/5.4.1/../../../../arm-none-eabi/lib/armv7-m\libg_nano.a(lib_a-nano-freer.o)
                0x00005224                _free_r
 .text._malloc_r
                0x000052bc       0xbc c:/program files (x86)/cypress/psoc creator/4.4/psoc creator/import/gnu/arm/5.4.1/bin/../lib/gcc/arm-none-eabi/5.4.1/../../../../arm-none-eabi/lib/armv7-m\libg_nano.a(lib_a-nano-mallocr.o)
                0x000052bc                _malloc_r
 .text.__ssputs_r
                0x00005378       0xb2 c:/program files (x86)/cypress/psoc creator/4.4/psoc creator/import/gnu/arm/5.4.1/bin/../lib/gcc/arm-none-eabi/5.4.1/../../../../arm-none-eabi/lib/armv7-m\libg_nano.a(lib_a-nano-svfprintf.o)
                0x00005378                __ssputs_r
 *fill*         0x0000542a        0x2 
 .text._svfprintf_r
                0x0000542c      0x1e8 c:/program files (x86)/cypress/psoc creator/4.4/psoc creator/import/gnu/arm/5.4.1/bin/../lib/gcc/arm-none-eabi/5.4.1/../../../../arm-none-eabi/lib/armv7-m\libg_nano.a(lib_a-nano-svfprintf.o)
                0x0000542c                _svfiprintf_r
                0x0000542c                _svfprintf_r
 .text._sbrk_r  0x00005614       0x20 c:/program files (x86)/cypress/psoc creator/4.4/psoc creator/import/gnu/arm/5.4.1/bin/../lib/gcc/arm-none-eabi/5.4.1/../../../../arm-none-eabi/lib/armv7-m\libg_nano.a(lib_a-sbrkr.o)
                0x00005614                _sbrk_r
 .text.memmove  0x00005634       0x36 c:/program files (x86)/cypress/psoc creator/4.4/psoc creator/import/gnu/arm/5.4.1/bin/../lib/gcc/arm-none-eabi/5.4.1/../../../../arm-none-eabi/lib/armv7-m\libg_nano.a(lib_a-memmove.o)
                0x00005634                memmove
 .text.__malloc_lock
                0x0000566a        0x2 c:/program files (x86)/cypress/psoc creator/4.4/psoc creator/import/gnu/arm/5.4.1/bin/../lib/gcc/arm-none-eabi/5.4.1/../../../../arm-none-eabi/lib/armv7-m\libg_nano.a(lib_a-mlock.o)
                0x0000566a                __malloc_lock
 .text.__malloc_unlock
                0x0000566c        0x2 c:/program files (x86)/cypress/psoc creator/4.4/psoc creator/import/gnu/arm/5.4.1/bin/../lib/gcc/arm-none-eabi/5.4.1/../../../../arm-none-eabi/lib/armv7-m\libg_nano.a(lib_a-mlock.o)
                0x0000566c                __malloc_unlock
 .text._realloc_r
                0x0000566e       0x4c c:/program files (x86)/cypress/psoc creator/4.4/psoc creator/import/gnu/arm/5.4.1/bin/../lib/gcc/arm-none-eabi/5.4.1/../../../../arm-none-eabi/lib/armv7-m\libg_nano.a(lib_a-nano-reallocr.o)
                0x0000566e                _realloc_r
 .text._malloc_usable_size_r
                0x000056ba       0x14 c:/program files (x86)/cypress/psoc creator/4.4/psoc creator/import/gnu/arm/5.4.1/bin/../lib/gcc/arm-none-eabi/5.4.1/../../../../arm-none-eabi/lib/armv7-m\libg_nano.a(lib_a-nano-msizer.o)
                0x000056ba                _malloc_usable_size_r
 *fill*         0x000056ce        0x2 
 .text          0x000056d0       0x2c c:/program files (x86)/cypress/psoc creator/4.4/psoc creator/import/gnu/arm/5.4.1/bin/../lib/gcc/arm-none-eabi/5.4.1/armv7-m\libgcc.a(_arm_unorddf2.o)
                0x000056d0                __unorddf2
                0x000056d0                __aeabi_dcmpun
 *(.plt)
 *(.gnu.warning)
 *(.glue_7t)
 .glue_7t       0x000056fc        0x0 linker stubs
 *(.glue_7)
 .glue_7        0x000056fc        0x0 linker stubs
 *(.vfp11_veneer)
 .vfp11_veneer  0x000056fc        0x0 linker stubs
 *(.bootloader)
 *(.ARM.extab* .gnu.linkonce.armextab.*)
 *(.gcc_except_table)

.v4_bx          0x000056fc        0x0
 .v4_bx         0x000056fc        0x0 linker stubs

.iplt           0x000056fc        0x0
 .iplt          0x000056fc        0x0 c:/program files (x86)/cypress/psoc creator/4.4/psoc creator/import/gnu/arm/5.4.1/bin/../lib/gcc/arm-none-eabi/5.4.1/armv7-m/crtbegin.o

.eh_frame_hdr
 *(.eh_frame_hdr)

.eh_frame       0x000056fc        0x4
 *(.eh_frame)
 .eh_frame      0x000056fc        0x0 c:/program files (x86)/cypress/psoc creator/4.4/psoc creator/import/gnu/arm/5.4.1/bin/../lib/gcc/arm-none-eabi/5.4.1/armv7-m/crtbegin.o
 .eh_frame      0x000056fc        0x4 c:/program files (x86)/cypress/psoc creator/4.4/psoc creator/import/gnu/arm/5.4.1/bin/../lib/gcc/arm-none-eabi/5.4.1/armv7-m/crtend.o
                [!provide]                PROVIDE (__exidx_start, .)

.ARM.exidx
 *(.ARM.exidx* .gnu.linkonce.armexidx.*)
                0x00005700                __exidx_end = .

.rodata         0x00005700      0x2a8
 *(.rodata .rodata.* .gnu.linkonce.r.*)
 .rodata.str1.4
                0x00005700       0xc4 .\CortexM3\ARM_GCC_541\Debug\main.o
 .rodata        0x000057c4       0x4c .\CortexM3\ARM_GCC_541\Debug\cyfitter_cfg.o
 .rodata.str1.1
                0x00005810        0x2 c:/program files (x86)/cypress/psoc creator/4.4/psoc creator/import/gnu/arm/5.4.1/bin/../lib/gcc/arm-none-eabi/5.4.1/../../../../arm-none-eabi/lib/armv7-m\libg_nano.a(lib_a-impure.o)
 .rodata.str1.1
                0x00005812       0x12 c:/program files (x86)/cypress/psoc creator/4.4/psoc creator/import/gnu/arm/5.4.1/bin/../lib/gcc/arm-none-eabi/5.4.1/../../../../arm-none-eabi/lib/armv7-m\libg_nano.a(lib_a-nano-vfprintf_float.o)
 .rodata.str1.1
                0x00005824       0x22 c:/program files (x86)/cypress/psoc creator/4.4/psoc creator/import/gnu/arm/5.4.1/bin/../lib/gcc/arm-none-eabi/5.4.1/../../../../arm-none-eabi/lib/armv7-m\libg_nano.a(lib_a-nano-vfprintf_i.o)
 .rodata.str1.1
                0x00005846        0xd c:/program files (x86)/cypress/psoc creator/4.4/psoc creator/import/gnu/arm/5.4.1/bin/../lib/gcc/arm-none-eabi/5.4.1/../../../../arm-none-eabi/lib/armv7-m\libg_nano.a(lib_a-dtoa.o)
                                  0xf (size before relaxing)
 .rodata.str1.1
                0x00005853        0x8 c:/program files (x86)/cypress/psoc creator/4.4/psoc creator/import/gnu/arm/5.4.1/bin/../lib/gcc/arm-none-eabi/5.4.1/../../../../arm-none-eabi/lib/armv7-m\libg_nano.a(lib_a-locale.o)
                                  0xb (size before relaxing)
 *fill*         0x0000585b        0x5 
 .rodata.__mprec_tens
                0x00005860       0xc8 c:/program files (x86)/cypress/psoc creator/4.4/psoc creator/import/gnu/arm/5.4.1/bin/../lib/gcc/arm-none-eabi/5.4.1/../../../../arm-none-eabi/lib/armv7-m\libg_nano.a(lib_a-mprec.o)
                0x00005860                __mprec_tens
 .rodata.p05.5408
                0x00005928        0xc c:/program files (x86)/cypress/psoc creator/4.4/psoc creator/import/gnu/arm/5.4.1/bin/../lib/gcc/arm-none-eabi/5.4.1/../../../../arm-none-eabi/lib/armv7-m\libg_nano.a(lib_a-mprec.o)
 *fill*         0x00005934        0x4 
 .rodata.__mprec_bigtens
                0x00005938       0x28 c:/program files (x86)/cypress/psoc creator/4.4/psoc creator/import/gnu/arm/5.4.1/bin/../lib/gcc/arm-none-eabi/5.4.1/../../../../arm-none-eabi/lib/armv7-m\libg_nano.a(lib_a-mprec.o)
                0x00005938                __mprec_bigtens
 .rodata.str1.1
                0x00005960       0x11 c:/program files (x86)/cypress/psoc creator/4.4/psoc creator/import/gnu/arm/5.4.1/bin/../lib/gcc/arm-none-eabi/5.4.1/../../../../arm-none-eabi/lib/armv7-m\libg_nano.a(lib_a-nano-svfprintf.o)
                0x00005974                . = ALIGN (0x4)
 *fill*         0x00005971        0x3 
 *(.init)
 .init          0x00005974        0x4 c:/program files (x86)/cypress/psoc creator/4.4/psoc creator/import/gnu/arm/5.4.1/bin/../lib/gcc/arm-none-eabi/5.4.1/armv7-m/crti.o
                0x00005974                _init
 .init          0x00005978        0x8 c:/program files (x86)/cypress/psoc creator/4.4/psoc creator/import/gnu/arm/5.4.1/bin/../lib/gcc/arm-none-eabi/5.4.1/armv7-m/crtn.o
                0x00005980                . = ALIGN (0x4)
                0x00005980                __preinit_array_start = .
 *(.preinit_array)
                0x00005980                __preinit_array_end = .
                0x00005980                . = ALIGN (0x4)
                0x00005980                __init_array_start = .
 *(SORT(.init_array.*))
 *(.init_array)
 .init_array    0x00005980        0x4 c:/program files (x86)/cypress/psoc creator/4.4/psoc creator/import/gnu/arm/5.4.1/bin/../lib/gcc/arm-none-eabi/5.4.1/armv7-m/crtbegin.o
 .init_array    0x00005984        0x4 .\CortexM3\ARM_GCC_541\Debug\Cm3Start.o
                0x00005988                __init_array_end = .
                0x00005988                . = ALIGN (0x4)
 *(.fini)
 .fini          0x00005988        0x4 c:/program files (x86)/cypress/psoc creator/4.4/psoc creator/import/gnu/arm/5.4.1/bin/../lib/gcc/arm-none-eabi/5.4.1/armv7-m/crti.o
                0x00005988                _fini
 .fini          0x0000598c        0x8 c:/program files (x86)/cypress/psoc creator/4.4/psoc creator/import/gnu/arm/5.4.1/bin/../lib/gcc/arm-none-eabi/5.4.1/armv7-m/crtn.o
                0x00005994                . = ALIGN (0x4)
                0x00005994                __fini_array_start = .
 *(.fini_array)
 .fini_array    0x00005994        0x4 c:/program files (x86)/cypress/psoc creator/4.4/psoc creator/import/gnu/arm/5.4.1/bin/../lib/gcc/arm-none-eabi/5.4.1/armv7-m/crtbegin.o
 *(SORT(.fini_array.*))
                0x00005998                __fini_array_end = .
                0x00005998                . = ALIGN (0x4)
 *crtbegin.o(.ctors)
 *(EXCLUDE_FILE(*crtend.o) .ctors)
 *(SORT(.ctors.*))
 *crtend.o(.ctors)
                0x00005998                . = ALIGN (0x4)
 *crtbegin.o(.dtors)
 *(EXCLUDE_FILE(*crtend.o) .dtors)
 *(SORT(.dtors.*))
 *crtend.o(.dtors)
                0x00005998                . = ALIGN (0x4)
                0x00005998                __cy_regions = .
                0x00005998        0x4 LONG 0x59a8 __cy_region_init_ram
                0x0000599c        0x4 LONG 0x1fff80c8 __cy_region_start_data
                0x000059a0        0x4 LONG 0x120 __cy_region_init_size_ram
                0x000059a4        0x4 LONG 0x5a8 __cy_region_zero_size_ram
                0x000059a8                __cy_regions_end = .
                0x000059a8                . = ALIGN (0x8)
                0x000059a8                _etext = .

.cy_checksum_exclude
                0x000059a8        0x0
 *(.cy_checksum_exclude)

.ramvectors     0x1fff8000       0xc0
                0x1fff8000                __cy_region_start_ram = .
 *(.ramvectors)
 .ramvectors    0x1fff8000       0xc0 .\CortexM3\ARM_GCC_541\Debug\Cm3Start.o
                0x1fff8000                CyRamVectors

.noinit         0x1fff80c0        0x1
 *(.noinit)
 .noinit        0x1fff80c0        0x1 .\CortexM3\ARM_GCC_541\Debug\Design01.a(CyLib.o)
                0x1fff80c0                CyResetStatus

.data           0x1fff80c8      0x120 load address 0x000059a8
                0x1fff80c8                __cy_region_start_data = .
 *(.jcr)
 .jcr           0x1fff80c8        0x0 c:/program files (x86)/cypress/psoc creator/4.4/psoc creator/import/gnu/arm/5.4.1/bin/../lib/gcc/arm-none-eabi/5.4.1/armv7-m/crtbegin.o
 .jcr           0x1fff80c8        0x4 c:/program files (x86)/cypress/psoc creator/4.4/psoc creator/import/gnu/arm/5.4.1/bin/../lib/gcc/arm-none-eabi/5.4.1/armv7-m/crtend.o
 *(.got.plt)
 *(.got)
 *(.shdata)
 *(.data .data.* .gnu.linkonce.d.*)
 *fill*         0x1fff80cc        0x4 
 .data          0x1fff80d0       0x68 .\CortexM3\ARM_GCC_541\Debug\main.o
                0x1fff80d0                K_p
                0x1fff80d8                PWM_Master
                0x1fff80dc                PWM_Slave
                0x1fff80e0                cal
                0x1fff80e8                threshold
                0x1fff80f0                WHEEL_DIAMETER
                0x1fff80f8                PWM_Cal
                0x1fff8100                DISTANCE_BETW_WHEEL
                0x1fff8108                COUNT_WHEEL
                0x1fff8110                step
                0x1fff8114                down_big
                0x1fff8118                close_small
                0x1fff811c                up_big
                0x1fff8120                open_small
                0x1fff8124                PWM_Slave_puck
                0x1fff8128                PWM_Master_puck
                0x1fff8130                timer_period
 .data          0x1fff8138        0x4 .\CortexM3\ARM_GCC_541\Debug\Cm3Start.o
 .data          0x1fff813c       0x10 .\CortexM3\ARM_GCC_541\Debug\Design01.a(CyLib.o)
                0x1fff813c                cydelay_32k_ms
                0x1fff8140                cydelay_freq_khz
                0x1fff8144                cydelay_freq_mhz
                0x1fff8148                cydelay_freq_hz
 .data.impure_data
                0x1fff814c       0x60 c:/program files (x86)/cypress/psoc creator/4.4/psoc creator/import/gnu/arm/5.4.1/bin/../lib/gcc/arm-none-eabi/5.4.1/../../../../arm-none-eabi/lib/armv7-m\libg_nano.a(lib_a-impure.o)
 .data._impure_ptr
                0x1fff81ac        0x4 c:/program files (x86)/cypress/psoc creator/4.4/psoc creator/import/gnu/arm/5.4.1/bin/../lib/gcc/arm-none-eabi/5.4.1/../../../../arm-none-eabi/lib/armv7-m\libg_nano.a(lib_a-impure.o)
                0x1fff81ac                _impure_ptr
 .data.lconv    0x1fff81b0       0x38 c:/program files (x86)/cypress/psoc creator/4.4/psoc creator/import/gnu/arm/5.4.1/bin/../lib/gcc/arm-none-eabi/5.4.1/../../../../arm-none-eabi/lib/armv7-m\libg_nano.a(lib_a-locale.o)
                0x1fff81e8                . = ALIGN (0x8)
 *(.ram)
                0x1fff81e8                _edata = .

.igot.plt       0x1fff81e8        0x0 load address 0x00005ac8
 .igot.plt      0x1fff81e8        0x0 c:/program files (x86)/cypress/psoc creator/4.4/psoc creator/import/gnu/arm/5.4.1/bin/../lib/gcc/arm-none-eabi/5.4.1/armv7-m/crtbegin.o

.bss            0x1fff81e8      0x5a8 load address 0x00005ac8
                0x1fff81e8                PROVIDE (__bss_start__, .)
 *(.shbss)
 *(.bss .bss.* .gnu.linkonce.b.*)
 .bss           0x1fff81e8       0x1c c:/program files (x86)/cypress/psoc creator/4.4/psoc creator/import/gnu/arm/5.4.1/bin/../lib/gcc/arm-none-eabi/5.4.1/armv7-m/crtbegin.o
 *fill*         0x1fff8204        0x4 
 .bss           0x1fff8208      0x1d0 .\CortexM3\ARM_GCC_541\Debug\main.o
                0x1fff8208                is_moving
                0x1fff820c                Count_Master
                0x1fff8210                Count_Slave
                0x1fff8218                error
                0x1fff8220                last_error
                0x1fff8228                ultrasonic_count
                0x1fff8230                ultrasonic_measure
                0x1fff8238                echo_select
                0x1fff8240                left_measured
                0x1fff8248                wall_detected_10
                0x1fff824c                compare_ready
                0x1fff8250                i
                0x1fff8254                stop_bt
                0x1fff8258                array_1
                0x1fff825e                temp
                0x1fff8260                count
                0x1fff8264                error_gyro
                0x1fff8266                error_gyro_avg
                0x1fff8268                yaw_rate
                0x1fff8270                current_reading
                0x1fff8278                previous_reading
                0x1fff8280                yaw_angle
                0x1fff8288                cycles
                0x1fff8290                heading
                0x1fff8298                string_gyro
                0x1fff8360                CM_COUNT_CONV
                0x1fff8368                direction
                0x1fff8370                y_coord
                0x1fff8378                x_coord
                0x1fff8380                slit_detected
                0x1fff8384                CS_count_Red
                0x1fff8388                CS_count_Green
                0x1fff838c                CS_count_Blue
                0x1fff8390                color_detected
                0x1fff8398                WHEEL_CIRCUMFERENCE
                0x1fff83a0                DISTANCE_PT_TURN
                0x1fff83a8                PT_TURN_COUNT
                0x1fff83b0                initial
                0x1fff83b4                j
                0x1fff83b8                K_d
                0x1fff83c0                K_i
                0x1fff83c8                derivative_error
                0x1fff83d0                accumulated_error
 .bss           0x1fff83d8        0x1 .\CortexM3\ARM_GCC_541\Debug\Design01.a(QuadDec_1.o)
                0x1fff83d8                QuadDec_1_initVar
 .bss           0x1fff83d9        0x1 .\CortexM3\ARM_GCC_541\Debug\Design01.a(QuadDec_1_Cnt16.o)
                0x1fff83d9                QuadDec_1_Cnt16_initVar
 .bss           0x1fff83da        0x2 .\CortexM3\ARM_GCC_541\Debug\Design01.a(UART_1.o)
                0x1fff83da                UART_1_initVar
 .bss           0x1fff83dc        0x1 .\CortexM3\ARM_GCC_541\Debug\Design01.a(QuadDec_2.o)
                0x1fff83dc                QuadDec_2_initVar
 .bss           0x1fff83dd        0x1 .\CortexM3\ARM_GCC_541\Debug\Design01.a(QuadDec_2_Cnt16.o)
                0x1fff83dd                QuadDec_2_Cnt16_initVar
 .bss           0x1fff83de        0x1 .\CortexM3\ARM_GCC_541\Debug\Design01.a(Timer_1.o)
                0x1fff83de                Timer_1_initVar
 .bss           0x1fff83df        0x1 .\CortexM3\ARM_GCC_541\Debug\Design01.a(Timer_2.o)
                0x1fff83df                Timer_2_initVar
 .bss           0x1fff83e0        0x1 .\CortexM3\ARM_GCC_541\Debug\Design01.a(PWM_ColorSensor.o)
                0x1fff83e0                PWM_ColorSensor_initVar
 .bss           0x1fff83e1        0x1 .\CortexM3\ARM_GCC_541\Debug\Design01.a(Counter_ColorSensor.o)
                0x1fff83e1                Counter_ColorSensor_initVar
 .bss           0x1fff83e2        0x1 .\CortexM3\ARM_GCC_541\Debug\Design01.a(PWM_SmallServo.o)
                0x1fff83e2                PWM_SmallServo_initVar
 .bss           0x1fff83e3        0x1 .\CortexM3\ARM_GCC_541\Debug\Design01.a(PWM_BigServo.o)
                0x1fff83e3                PWM_BigServo_initVar
 .bss           0x1fff83e4        0x1 .\CortexM3\ARM_GCC_541\Debug\Design01.a(PWM_Wheels.o)
                0x1fff83e4                PWM_Wheels_initVar
 .bss           0x1fff83e5        0x1 .\CortexM3\ARM_GCC_541\Debug\Design01.a(I2C_1.o)
                0x1fff83e5                I2C_1_initVar
 *fill*         0x1fff83e6        0x2 
 .bss.__malloc_sbrk_start
                0x1fff83e8        0x4 c:/program files (x86)/cypress/psoc creator/4.4/psoc creator/import/gnu/arm/5.4.1/bin/../lib/gcc/arm-none-eabi/5.4.1/../../../../arm-none-eabi/lib/armv7-m\libg_nano.a(lib_a-nano-mallocr.o)
                0x1fff83e8                __malloc_sbrk_start
 .bss.__malloc_free_list
                0x1fff83ec        0x4 c:/program files (x86)/cypress/psoc creator/4.4/psoc creator/import/gnu/arm/5.4.1/bin/../lib/gcc/arm-none-eabi/5.4.1/../../../../arm-none-eabi/lib/armv7-m\libg_nano.a(lib_a-nano-mallocr.o)
                0x1fff83ec                __malloc_free_list
 *(COMMON)
 COMMON         0x1fff83f0      0x380 .\CortexM3\ARM_GCC_541\Debug\main.o
                0x1fff83f0                front_measured_2
                0x1fff83f8                string_bt
                0x1fff84c0                Rx
                0x1fff84c4                string_3
                0x1fff858c                string_1
                0x1fff8658                right_measured
                0x1fff8660                front_measured_1
                0x1fff8668                string_2
                0x1fff8730                tokenPtr
                0x1fff8734                task_info
 COMMON         0x1fff8770        0x1 .\CortexM3\ARM_GCC_541\Debug\Design01.a(I2C_1.o)
                0x1fff8770                I2C_1_state
 *fill*         0x1fff8771        0x3 
 COMMON         0x1fff8774       0x11 .\CortexM3\ARM_GCC_541\Debug\Design01.a(I2C_1_MASTER.o)
                0x1fff8774                I2C_1_mstrWrBufIndex
                0x1fff8775                I2C_1_mstrControl
                0x1fff8776                I2C_1_mstrStatus
                0x1fff8777                I2C_1_mstrWrBufSize
                0x1fff8778                I2C_1_mstrRdBufIndex
                0x1fff877c                I2C_1_mstrWrBufPtr
                0x1fff8780                I2C_1_mstrRdBufPtr
                0x1fff8784                I2C_1_mstrRdBufSize
 *fill*         0x1fff8785        0x3 
 COMMON         0x1fff8788        0x4 c:/program files (x86)/cypress/psoc creator/4.4/psoc creator/import/gnu/arm/5.4.1/bin/../lib/gcc/arm-none-eabi/5.4.1/../../../../arm-none-eabi/lib/armv7-m\libg_nano.a(lib_a-reent.o)
                0x1fff8788                errno
                0x1fff8790                . = ALIGN (0x8)
 *fill*         0x1fff878c        0x4 
 *(.ram.b)
                0x1fff8790                _end = .
                0x1fff8790                __end = .
                0x1fff8790                PROVIDE (end, .)
                0x1fff8790                PROVIDE (__bss_end__, .)
                0x000059a8                __cy_region_init_ram = LOADADDR (.data)
                0x00000120                __cy_region_init_size_ram = (_edata - ADDR (.data))
                0x000005a8                __cy_region_zero_size_ram = (_end - _edata)

.heap           0x1fff8790      0x200 load address 0x00005ac8
                0x1fff8790                . = _end
                0x1fff8990                . = (. + 0x200)
 *fill*         0x1fff8790      0x200 
                0x1fff8990                __cy_heap_limit = .

.stack          0x20007800      0x800
                0x20007800                __cy_stack_limit = .
                0x20008000                . = (. + 0x800)
 *fill*         0x20007800      0x800 
                0x00000001                ASSERT ((__cy_stack_limit >= __cy_heap_limit), region RAM overflowed with stack)
                0x00000000                cy_checksum_exclude_size = (CY_APPL_LOADABLE == 0x1)?SIZEOF (.cy_checksum_exclude):0x0
                0x00000001                ASSERT ((cy_checksum_exclude_size <= CY_CHECKSUM_EXCLUDE_SIZE), CY_BOOT: Section .cy_checksum_exclude size exceedes specified limit.)

.cyloadermeta
 *(.cyloadermeta)

.cyloadablemeta
 *(.cyloadablemeta)

.cyconfigecc    0x80000000     0x123c
 *(.cyconfigecc)
 .cyconfigecc   0x80000000     0x123c .\CortexM3\ARM_GCC_541\Debug\cymetadata.o
                0x80000000                cy_meta_configecc

.cycustnvl      0x90000000        0x4
 *(.cycustnvl)
 .cycustnvl     0x90000000        0x4 .\CortexM3\ARM_GCC_541\Debug\cymetadata.o
                0x90000000                cy_meta_custnvl

.cywolatch      0x90100000        0x4
 *(.cywolatch)
 .cywolatch     0x90100000        0x4 .\CortexM3\ARM_GCC_541\Debug\cymetadata.o
                0x90100000                cy_meta_wonvl

.cyeeprom       0x90200000        0x0
 *(.cyeeprom)
                0x00000001                ASSERT ((. <= ((0x90200000 + ee_offset) + ee_size)), .cyeeprom data will not fit in EEPROM)

.cyflashprotect
                0x90400000      0x100
 *(.cyflashprotect)
 .cyflashprotect
                0x90400000      0x100 .\CortexM3\ARM_GCC_541\Debug\cymetadata.o
                0x90400000                cy_meta_flashprotect

.cymeta         0x90500000        0xc
 *(.cymeta)
 .cymeta        0x90500000        0xc .\CortexM3\ARM_GCC_541\Debug\cymetadata.o
                0x90500000                cy_metadata

.rel.dyn        0x00005ac8        0x0 load address 0x9050000c
 .rel.iplt      0x00005ac8        0x0 c:/program files (x86)/cypress/psoc creator/4.4/psoc creator/import/gnu/arm/5.4.1/bin/../lib/gcc/arm-none-eabi/5.4.1/armv7-m/crtbegin.o

.stab
 *(.stab)

.stabstr
 *(.stabstr)

.debug
 *(.debug)

.line
 *(.line)

.debug_srcinfo
 *(.debug_srcinfo)

.debug_sfnames
 *(.debug_sfnames)

.debug_aranges  0x00000000     0x16b0
 *(.debug_aranges)
 .debug_aranges
                0x00000000       0xd0 .\CortexM3\ARM_GCC_541\Debug\main.o
 .debug_aranges
                0x000000d0       0x58 .\CortexM3\ARM_GCC_541\Debug\cyfitter_cfg.o
 .debug_aranges
                0x00000128       0x18 .\CortexM3\ARM_GCC_541\Debug\cymetadata.o
 .debug_aranges
                0x00000140       0x48 .\CortexM3\ARM_GCC_541\Debug\Cm3Start.o
 .debug_aranges
                0x00000188       0x38 .\CortexM3\ARM_GCC_541\Debug\Design01.a(Motor_1_IN_1.o)
 .debug_aranges
                0x000001c0       0x38 .\CortexM3\ARM_GCC_541\Debug\Design01.a(Motor_1_IN_2.o)
 .debug_aranges
                0x000001f8      0x2a0 .\CortexM3\ARM_GCC_541\Debug\Design01.a(CyLib.o)
 .debug_aranges
                0x00000498       0x98 .\CortexM3\ARM_GCC_541\Debug\Design01.a(cyPm.o)
 .debug_aranges
                0x00000530       0x60 .\CortexM3\ARM_GCC_541\Debug\Design01.a(QuadDec_1.o)
 .debug_aranges
                0x00000590       0x98 .\CortexM3\ARM_GCC_541\Debug\Design01.a(QuadDec_1_Cnt16.o)
 .debug_aranges
                0x00000628       0xf0 .\CortexM3\ARM_GCC_541\Debug\Design01.a(UART_1.o)
 .debug_aranges
                0x00000718       0x70 .\CortexM3\ARM_GCC_541\Debug\Design01.a(UART_1_IntClock.o)
 .debug_aranges
                0x00000788       0x60 .\CortexM3\ARM_GCC_541\Debug\Design01.a(QuadDec_2.o)
 .debug_aranges
                0x000007e8       0x98 .\CortexM3\ARM_GCC_541\Debug\Design01.a(QuadDec_2_Cnt16.o)
 .debug_aranges
                0x00000880       0x38 .\CortexM3\ARM_GCC_541\Debug\Design01.a(Motor_2_IN_3.o)
 .debug_aranges
                0x000008b8       0x38 .\CortexM3\ARM_GCC_541\Debug\Design01.a(Motor_2_IN_4.o)
 .debug_aranges
                0x000008f0       0x90 .\CortexM3\ARM_GCC_541\Debug\Design01.a(Timer_1.o)
 .debug_aranges
                0x00000980       0x80 .\CortexM3\ARM_GCC_541\Debug\Design01.a(isr_1.o)
 .debug_aranges
                0x00000a00       0x88 .\CortexM3\ARM_GCC_541\Debug\Design01.a(Timer_2.o)
 .debug_aranges
                0x00000a88       0x38 .\CortexM3\ARM_GCC_541\Debug\Design01.a(Trigger.o)
 .debug_aranges
                0x00000ac0       0x80 .\CortexM3\ARM_GCC_541\Debug\Design01.a(isr_2.o)
 .debug_aranges
                0x00000b40       0x98 .\CortexM3\ARM_GCC_541\Debug\Design01.a(Timer_3.o)
 .debug_aranges
                0x00000bd8       0x80 .\CortexM3\ARM_GCC_541\Debug\Design01.a(isr_3.o)
 .debug_aranges
                0x00000c58       0x38 .\CortexM3\ARM_GCC_541\Debug\Design01.a(Left_Echo.o)
 .debug_aranges
                0x00000c90       0x38 .\CortexM3\ARM_GCC_541\Debug\Design01.a(Front_Echo_1.o)
 .debug_aranges
                0x00000cc8       0x98 .\CortexM3\ARM_GCC_541\Debug\Design01.a(PWM_ColorSensor.o)
 .debug_aranges
                0x00000d60       0x98 .\CortexM3\ARM_GCC_541\Debug\Design01.a(Counter_ColorSensor.o)
 .debug_aranges
                0x00000df8       0x80 .\CortexM3\ARM_GCC_541\Debug\Design01.a(isr_6.o)
 .debug_aranges
                0x00000e78       0x28 .\CortexM3\ARM_GCC_541\Debug\Design01.a(Control_Reg_1.o)
 .debug_aranges
                0x00000ea0       0x38 .\CortexM3\ARM_GCC_541\Debug\Design01.a(S1.o)
 .debug_aranges
                0x00000ed8       0x38 .\CortexM3\ARM_GCC_541\Debug\Design01.a(S2.o)
 .debug_aranges
                0x00000f10       0x38 .\CortexM3\ARM_GCC_541\Debug\Design01.a(S0.o)
 .debug_aranges
                0x00000f48       0x38 .\CortexM3\ARM_GCC_541\Debug\Design01.a(S3.o)
 .debug_aranges
                0x00000f80       0x38 .\CortexM3\ARM_GCC_541\Debug\Design01.a(CS_LED.o)
 .debug_aranges
                0x00000fb8       0x38 .\CortexM3\ARM_GCC_541\Debug\Design01.a(IR_input.o)
 .debug_aranges
                0x00000ff0       0x38 .\CortexM3\ARM_GCC_541\Debug\Design01.a(led_green.o)
 .debug_aranges
                0x00001028       0x38 .\CortexM3\ARM_GCC_541\Debug\Design01.a(led_red.o)
 .debug_aranges
                0x00001060       0x38 .\CortexM3\ARM_GCC_541\Debug\Design01.a(led_blue.o)
 .debug_aranges
                0x00001098       0x78 .\CortexM3\ARM_GCC_541\Debug\Design01.a(PWM_SmallServo.o)
 .debug_aranges
                0x00001110       0x78 .\CortexM3\ARM_GCC_541\Debug\Design01.a(PWM_BigServo.o)
 .debug_aranges
                0x00001188       0xa8 .\CortexM3\ARM_GCC_541\Debug\Design01.a(PWM_Wheels.o)
 .debug_aranges
                0x00001230       0x28 .\CortexM3\ARM_GCC_541\Debug\Design01.a(Control_Reg_2.o)
 .debug_aranges
                0x00001258       0x80 .\CortexM3\ARM_GCC_541\Debug\Design01.a(isr_7.o)
 .debug_aranges
                0x000012d8       0x38 .\CortexM3\ARM_GCC_541\Debug\Design01.a(I2C_1.o)
 .debug_aranges
                0x00001310       0x20 .\CortexM3\ARM_GCC_541\Debug\Design01.a(I2C_1_INT.o)
 .debug_aranges
                0x00001330       0x38 .\CortexM3\ARM_GCC_541\Debug\Design01.a(I2C_1_PM.o)
 .debug_aranges
                0x00001368       0x80 .\CortexM3\ARM_GCC_541\Debug\Design01.a(I2C_1_MASTER.o)
 .debug_aranges
                0x000013e8       0xa8 .\CortexM3\ARM_GCC_541\Debug\Design01.a(ADC_SAR_1.o)
 .debug_aranges
                0x00001490       0x20 .\CortexM3\ARM_GCC_541\Debug\Design01.a(ADC_SAR_1_INT.o)
 .debug_aranges
                0x000014b0       0x80 .\CortexM3\ARM_GCC_541\Debug\Design01.a(ADC_SAR_1_theACLK.o)
 .debug_aranges
                0x00001530       0x38 .\CortexM3\ARM_GCC_541\Debug\Design01.a(Flicker.o)
 .debug_aranges
                0x00001568       0x20 .\CortexM3\ARM_GCC_541\Debug\Design01.a(CyBootAsmGnu.o)
 .debug_aranges
                0x00001588       0x88 .\CortexM3\ARM_GCC_541\Debug\Design01.a(CyFlash.o)
 .debug_aranges
                0x00001610       0x80 .\CortexM3\ARM_GCC_541\Debug\Design01.a(CySpc.o)
 .debug_aranges
                0x00001690       0x20 .\CortexM3\ARM_GCC_541\Debug\Design01.a(cyutils.o)

.debug_pubnames
 *(.debug_pubnames)

.debug_info     0x00000000     0xbaa0
 *(.debug_info .gnu.linkonce.wi.*)
 .debug_info    0x00000000     0x2145 .\CortexM3\ARM_GCC_541\Debug\main.o
 .debug_info    0x00002145      0x687 .\CortexM3\ARM_GCC_541\Debug\cyfitter_cfg.o
 .debug_info    0x000027cc      0x139 .\CortexM3\ARM_GCC_541\Debug\cymetadata.o
 .debug_info    0x00002905      0x3bb .\CortexM3\ARM_GCC_541\Debug\Cm3Start.o
 .debug_info    0x00002cc0      0x11f .\CortexM3\ARM_GCC_541\Debug\Design01.a(Motor_1_IN_1.o)
 .debug_info    0x00002ddf      0x11f .\CortexM3\ARM_GCC_541\Debug\Design01.a(Motor_1_IN_2.o)
 .debug_info    0x00002efe     0x1374 .\CortexM3\ARM_GCC_541\Debug\Design01.a(CyLib.o)
 .debug_info    0x00004272      0xa2a .\CortexM3\ARM_GCC_541\Debug\Design01.a(cyPm.o)
 .debug_info    0x00004c9c      0x2d4 .\CortexM3\ARM_GCC_541\Debug\Design01.a(QuadDec_1.o)
 .debug_info    0x00004f70      0x348 .\CortexM3\ARM_GCC_541\Debug\Design01.a(QuadDec_1_Cnt16.o)
 .debug_info    0x000052b8      0x60c .\CortexM3\ARM_GCC_541\Debug\Design01.a(UART_1.o)
 .debug_info    0x000058c4      0x283 .\CortexM3\ARM_GCC_541\Debug\Design01.a(UART_1_IntClock.o)
 .debug_info    0x00005b47      0x2d4 .\CortexM3\ARM_GCC_541\Debug\Design01.a(QuadDec_2.o)
 .debug_info    0x00005e1b      0x348 .\CortexM3\ARM_GCC_541\Debug\Design01.a(QuadDec_2_Cnt16.o)
 .debug_info    0x00006163      0x11f .\CortexM3\ARM_GCC_541\Debug\Design01.a(Motor_2_IN_3.o)
 .debug_info    0x00006282      0x11f .\CortexM3\ARM_GCC_541\Debug\Design01.a(Motor_2_IN_4.o)
 .debug_info    0x000063a1      0x334 .\CortexM3\ARM_GCC_541\Debug\Design01.a(Timer_1.o)
 .debug_info    0x000066d5      0x2d2 .\CortexM3\ARM_GCC_541\Debug\Design01.a(isr_1.o)
 .debug_info    0x000069a7      0x291 .\CortexM3\ARM_GCC_541\Debug\Design01.a(Timer_2.o)
 .debug_info    0x00006c38      0x11f .\CortexM3\ARM_GCC_541\Debug\Design01.a(Trigger.o)
 .debug_info    0x00006d57      0x2d2 .\CortexM3\ARM_GCC_541\Debug\Design01.a(isr_2.o)
 .debug_info    0x00007029      0x328 .\CortexM3\ARM_GCC_541\Debug\Design01.a(Timer_3.o)
 .debug_info    0x00007351      0x2d2 .\CortexM3\ARM_GCC_541\Debug\Design01.a(isr_3.o)
 .debug_info    0x00007623      0x11f .\CortexM3\ARM_GCC_541\Debug\Design01.a(Left_Echo.o)
 .debug_info    0x00007742      0x11f .\CortexM3\ARM_GCC_541\Debug\Design01.a(Front_Echo_1.o)
 .debug_info    0x00007861      0x354 .\CortexM3\ARM_GCC_541\Debug\Design01.a(PWM_ColorSensor.o)
 .debug_info    0x00007bb5      0x344 .\CortexM3\ARM_GCC_541\Debug\Design01.a(Counter_ColorSensor.o)
 .debug_info    0x00007ef9      0x2d2 .\CortexM3\ARM_GCC_541\Debug\Design01.a(isr_6.o)
 .debug_info    0x000081cb       0xd6 .\CortexM3\ARM_GCC_541\Debug\Design01.a(Control_Reg_1.o)
 .debug_info    0x000082a1      0x11f .\CortexM3\ARM_GCC_541\Debug\Design01.a(S1.o)
 .debug_info    0x000083c0      0x11f .\CortexM3\ARM_GCC_541\Debug\Design01.a(S2.o)
 .debug_info    0x000084df      0x11f .\CortexM3\ARM_GCC_541\Debug\Design01.a(S0.o)
 .debug_info    0x000085fe      0x11f .\CortexM3\ARM_GCC_541\Debug\Design01.a(S3.o)
 .debug_info    0x0000871d      0x11f .\CortexM3\ARM_GCC_541\Debug\Design01.a(CS_LED.o)
 .debug_info    0x0000883c      0x11f .\CortexM3\ARM_GCC_541\Debug\Design01.a(IR_input.o)
 .debug_info    0x0000895b      0x11f .\CortexM3\ARM_GCC_541\Debug\Design01.a(led_green.o)
 .debug_info    0x00008a7a      0x11f .\CortexM3\ARM_GCC_541\Debug\Design01.a(led_red.o)
 .debug_info    0x00008b99      0x11f .\CortexM3\ARM_GCC_541\Debug\Design01.a(led_blue.o)
 .debug_info    0x00008cb8      0x281 .\CortexM3\ARM_GCC_541\Debug\Design01.a(PWM_SmallServo.o)
 .debug_info    0x00008f39      0x281 .\CortexM3\ARM_GCC_541\Debug\Design01.a(PWM_BigServo.o)
 .debug_info    0x000091ba      0x3a4 .\CortexM3\ARM_GCC_541\Debug\Design01.a(PWM_Wheels.o)
 .debug_info    0x0000955e       0xd6 .\CortexM3\ARM_GCC_541\Debug\Design01.a(Control_Reg_2.o)
 .debug_info    0x00009634      0x2d2 .\CortexM3\ARM_GCC_541\Debug\Design01.a(isr_7.o)
 .debug_info    0x00009906      0x2ad .\CortexM3\ARM_GCC_541\Debug\Design01.a(I2C_1.o)
 .debug_info    0x00009bb3      0x184 .\CortexM3\ARM_GCC_541\Debug\Design01.a(I2C_1_INT.o)
 .debug_info    0x00009d37      0x207 .\CortexM3\ARM_GCC_541\Debug\Design01.a(I2C_1_PM.o)
 .debug_info    0x00009f3e      0x407 .\CortexM3\ARM_GCC_541\Debug\Design01.a(I2C_1_MASTER.o)
 .debug_info    0x0000a345      0x5c0 .\CortexM3\ARM_GCC_541\Debug\Design01.a(ADC_SAR_1.o)
 .debug_info    0x0000a905       0x92 .\CortexM3\ARM_GCC_541\Debug\Design01.a(ADC_SAR_1_INT.o)
 .debug_info    0x0000a997      0x2c4 .\CortexM3\ARM_GCC_541\Debug\Design01.a(ADC_SAR_1_theACLK.o)
 .debug_info    0x0000ac5b      0x11f .\CortexM3\ARM_GCC_541\Debug\Design01.a(Flicker.o)
 .debug_info    0x0000ad7a       0x9b .\CortexM3\ARM_GCC_541\Debug\Design01.a(CyBootAsmGnu.o)
 .debug_info    0x0000ae15      0x64d .\CortexM3\ARM_GCC_541\Debug\Design01.a(CyFlash.o)
 .debug_info    0x0000b462      0x550 .\CortexM3\ARM_GCC_541\Debug\Design01.a(CySpc.o)
 .debug_info    0x0000b9b2       0xee .\CortexM3\ARM_GCC_541\Debug\Design01.a(cyutils.o)

.debug_abbrev   0x00000000     0x3821
 *(.debug_abbrev)
 .debug_abbrev  0x00000000      0x20b .\CortexM3\ARM_GCC_541\Debug\main.o
 .debug_abbrev  0x0000020b      0x20d .\CortexM3\ARM_GCC_541\Debug\cyfitter_cfg.o
 .debug_abbrev  0x00000418       0x77 .\CortexM3\ARM_GCC_541\Debug\cymetadata.o
 .debug_abbrev  0x0000048f      0x1e8 .\CortexM3\ARM_GCC_541\Debug\Cm3Start.o
 .debug_abbrev  0x00000677       0x90 .\CortexM3\ARM_GCC_541\Debug\Design01.a(Motor_1_IN_1.o)
 .debug_abbrev  0x00000707       0x90 .\CortexM3\ARM_GCC_541\Debug\Design01.a(Motor_1_IN_2.o)
 .debug_abbrev  0x00000797      0x254 .\CortexM3\ARM_GCC_541\Debug\Design01.a(CyLib.o)
 .debug_abbrev  0x000009eb      0x1ab .\CortexM3\ARM_GCC_541\Debug\Design01.a(cyPm.o)
 .debug_abbrev  0x00000b96      0x151 .\CortexM3\ARM_GCC_541\Debug\Design01.a(QuadDec_1.o)
 .debug_abbrev  0x00000ce7      0x117 .\CortexM3\ARM_GCC_541\Debug\Design01.a(QuadDec_1_Cnt16.o)
 .debug_abbrev  0x00000dfe      0x175 .\CortexM3\ARM_GCC_541\Debug\Design01.a(UART_1.o)
 .debug_abbrev  0x00000f73      0x139 .\CortexM3\ARM_GCC_541\Debug\Design01.a(UART_1_IntClock.o)
 .debug_abbrev  0x000010ac      0x151 .\CortexM3\ARM_GCC_541\Debug\Design01.a(QuadDec_2.o)
 .debug_abbrev  0x000011fd      0x117 .\CortexM3\ARM_GCC_541\Debug\Design01.a(QuadDec_2_Cnt16.o)
 .debug_abbrev  0x00001314       0x90 .\CortexM3\ARM_GCC_541\Debug\Design01.a(Motor_2_IN_3.o)
 .debug_abbrev  0x000013a4       0x90 .\CortexM3\ARM_GCC_541\Debug\Design01.a(Motor_2_IN_4.o)
 .debug_abbrev  0x00001434      0x14b .\CortexM3\ARM_GCC_541\Debug\Design01.a(Timer_1.o)
 .debug_abbrev  0x0000157f      0x173 .\CortexM3\ARM_GCC_541\Debug\Design01.a(isr_1.o)
 .debug_abbrev  0x000016f2      0x11a .\CortexM3\ARM_GCC_541\Debug\Design01.a(Timer_2.o)
 .debug_abbrev  0x0000180c       0x90 .\CortexM3\ARM_GCC_541\Debug\Design01.a(Trigger.o)
 .debug_abbrev  0x0000189c      0x173 .\CortexM3\ARM_GCC_541\Debug\Design01.a(isr_2.o)
 .debug_abbrev  0x00001a0f      0x13a .\CortexM3\ARM_GCC_541\Debug\Design01.a(Timer_3.o)
 .debug_abbrev  0x00001b49      0x173 .\CortexM3\ARM_GCC_541\Debug\Design01.a(isr_3.o)
 .debug_abbrev  0x00001cbc       0x90 .\CortexM3\ARM_GCC_541\Debug\Design01.a(Left_Echo.o)
 .debug_abbrev  0x00001d4c       0x90 .\CortexM3\ARM_GCC_541\Debug\Design01.a(Front_Echo_1.o)
 .debug_abbrev  0x00001ddc      0x133 .\CortexM3\ARM_GCC_541\Debug\Design01.a(PWM_ColorSensor.o)
 .debug_abbrev  0x00001f0f      0x117 .\CortexM3\ARM_GCC_541\Debug\Design01.a(Counter_ColorSensor.o)
 .debug_abbrev  0x00002026      0x173 .\CortexM3\ARM_GCC_541\Debug\Design01.a(isr_6.o)
 .debug_abbrev  0x00002199       0x81 .\CortexM3\ARM_GCC_541\Debug\Design01.a(Control_Reg_1.o)
 .debug_abbrev  0x0000221a       0x90 .\CortexM3\ARM_GCC_541\Debug\Design01.a(S1.o)
 .debug_abbrev  0x000022aa       0x90 .\CortexM3\ARM_GCC_541\Debug\Design01.a(S2.o)
 .debug_abbrev  0x0000233a       0x90 .\CortexM3\ARM_GCC_541\Debug\Design01.a(S0.o)
 .debug_abbrev  0x000023ca       0x90 .\CortexM3\ARM_GCC_541\Debug\Design01.a(S3.o)
 .debug_abbrev  0x0000245a       0x90 .\CortexM3\ARM_GCC_541\Debug\Design01.a(CS_LED.o)
 .debug_abbrev  0x000024ea       0x90 .\CortexM3\ARM_GCC_541\Debug\Design01.a(IR_input.o)
 .debug_abbrev  0x0000257a       0x90 .\CortexM3\ARM_GCC_541\Debug\Design01.a(led_green.o)
 .debug_abbrev  0x0000260a       0x90 .\CortexM3\ARM_GCC_541\Debug\Design01.a(led_red.o)
 .debug_abbrev  0x0000269a       0x90 .\CortexM3\ARM_GCC_541\Debug\Design01.a(led_blue.o)
 .debug_abbrev  0x0000272a      0x12d .\CortexM3\ARM_GCC_541\Debug\Design01.a(PWM_SmallServo.o)
 .debug_abbrev  0x00002857      0x12d .\CortexM3\ARM_GCC_541\Debug\Design01.a(PWM_BigServo.o)
 .debug_abbrev  0x00002984      0x133 .\CortexM3\ARM_GCC_541\Debug\Design01.a(PWM_Wheels.o)
 .debug_abbrev  0x00002ab7       0x81 .\CortexM3\ARM_GCC_541\Debug\Design01.a(Control_Reg_2.o)
 .debug_abbrev  0x00002b38      0x173 .\CortexM3\ARM_GCC_541\Debug\Design01.a(isr_7.o)
 .debug_abbrev  0x00002cab      0x10a .\CortexM3\ARM_GCC_541\Debug\Design01.a(I2C_1.o)
 .debug_abbrev  0x00002db5       0xb6 .\CortexM3\ARM_GCC_541\Debug\Design01.a(I2C_1_INT.o)
 .debug_abbrev  0x00002e6b       0xfe .\CortexM3\ARM_GCC_541\Debug\Design01.a(I2C_1_PM.o)
 .debug_abbrev  0x00002f69      0x13c .\CortexM3\ARM_GCC_541\Debug\Design01.a(I2C_1_MASTER.o)
 .debug_abbrev  0x000030a5      0x1ac .\CortexM3\ARM_GCC_541\Debug\Design01.a(ADC_SAR_1.o)
 .debug_abbrev  0x00003251       0x42 .\CortexM3\ARM_GCC_541\Debug\Design01.a(ADC_SAR_1_INT.o)
 .debug_abbrev  0x00003293      0x121 .\CortexM3\ARM_GCC_541\Debug\Design01.a(ADC_SAR_1_theACLK.o)
 .debug_abbrev  0x000033b4       0x90 .\CortexM3\ARM_GCC_541\Debug\Design01.a(Flicker.o)
 .debug_abbrev  0x00003444       0x14 .\CortexM3\ARM_GCC_541\Debug\Design01.a(CyBootAsmGnu.o)
 .debug_abbrev  0x00003458      0x1a7 .\CortexM3\ARM_GCC_541\Debug\Design01.a(CyFlash.o)
 .debug_abbrev  0x000035ff      0x194 .\CortexM3\ARM_GCC_541\Debug\Design01.a(CySpc.o)
 .debug_abbrev  0x00003793       0x8e .\CortexM3\ARM_GCC_541\Debug\Design01.a(cyutils.o)

.debug_line     0x00000000     0x4d5e
 *(.debug_line)
 .debug_line    0x00000000      0x854 .\CortexM3\ARM_GCC_541\Debug\main.o
 .debug_line    0x00000854      0x213 .\CortexM3\ARM_GCC_541\Debug\cyfitter_cfg.o
 .debug_line    0x00000a67      0x141 .\CortexM3\ARM_GCC_541\Debug\cymetadata.o
 .debug_line    0x00000ba8      0x234 .\CortexM3\ARM_GCC_541\Debug\Cm3Start.o
 .debug_line    0x00000ddc       0x99 .\CortexM3\ARM_GCC_541\Debug\Design01.a(Motor_1_IN_1.o)
 .debug_line    0x00000e75       0x99 .\CortexM3\ARM_GCC_541\Debug\Design01.a(Motor_1_IN_2.o)
 .debug_line    0x00000f0e      0x816 .\CortexM3\ARM_GCC_541\Debug\Design01.a(CyLib.o)
 .debug_line    0x00001724      0x367 .\CortexM3\ARM_GCC_541\Debug\Design01.a(cyPm.o)
 .debug_line    0x00001a8b      0x11e .\CortexM3\ARM_GCC_541\Debug\Design01.a(QuadDec_1.o)
 .debug_line    0x00001ba9      0x18f .\CortexM3\ARM_GCC_541\Debug\Design01.a(QuadDec_1_Cnt16.o)
 .debug_line    0x00001d38      0x2c0 .\CortexM3\ARM_GCC_541\Debug\Design01.a(UART_1.o)
 .debug_line    0x00001ff8      0x17e .\CortexM3\ARM_GCC_541\Debug\Design01.a(UART_1_IntClock.o)
 .debug_line    0x00002176      0x11e .\CortexM3\ARM_GCC_541\Debug\Design01.a(QuadDec_2.o)
 .debug_line    0x00002294      0x18f .\CortexM3\ARM_GCC_541\Debug\Design01.a(QuadDec_2_Cnt16.o)
 .debug_line    0x00002423       0x99 .\CortexM3\ARM_GCC_541\Debug\Design01.a(Motor_2_IN_3.o)
 .debug_line    0x000024bc       0x99 .\CortexM3\ARM_GCC_541\Debug\Design01.a(Motor_2_IN_4.o)
 .debug_line    0x00002555      0x172 .\CortexM3\ARM_GCC_541\Debug\Design01.a(Timer_1.o)
 .debug_line    0x000026c7      0x132 .\CortexM3\ARM_GCC_541\Debug\Design01.a(isr_1.o)
 .debug_line    0x000027f9      0x155 .\CortexM3\ARM_GCC_541\Debug\Design01.a(Timer_2.o)
 .debug_line    0x0000294e       0x94 .\CortexM3\ARM_GCC_541\Debug\Design01.a(Trigger.o)
 .debug_line    0x000029e2      0x132 .\CortexM3\ARM_GCC_541\Debug\Design01.a(isr_2.o)
 .debug_line    0x00002b14      0x184 .\CortexM3\ARM_GCC_541\Debug\Design01.a(Timer_3.o)
 .debug_line    0x00002c98      0x132 .\CortexM3\ARM_GCC_541\Debug\Design01.a(isr_3.o)