Archive member included to satisfy reference by file (symbol)

.\CortexM3\ARM_GCC_541\Debug\Design01.a(Motor_1_IN_1.o)
                              .\CortexM3\ARM_GCC_541\Debug\main.o (Motor_1_IN_1_Write)
.\CortexM3\ARM_GCC_541\Debug\Design01.a(Motor_1_IN_2.o)
                              .\CortexM3\ARM_GCC_541\Debug\main.o (Motor_1_IN_2_Write)
.\CortexM3\ARM_GCC_541\Debug\Design01.a(CyLib.o)
                              .\CortexM3\ARM_GCC_541\Debug\Cm3Start.o (CyHalt)
.\CortexM3\ARM_GCC_541\Debug\Design01.a(cyPm.o)
                              .\CortexM3\ARM_GCC_541\Debug\Design01.a(CyLib.o) (CyPmReadStatus)
.\CortexM3\ARM_GCC_541\Debug\Design01.a(QuadDec_1.o)
                              .\CortexM3\ARM_GCC_541\Debug\main.o (QuadDec_1_GetCounter)
.\CortexM3\ARM_GCC_541\Debug\Design01.a(QuadDec_1_Cnt16.o)
                              .\CortexM3\ARM_GCC_541\Debug\Design01.a(QuadDec_1.o) (QuadDec_1_Cnt16_Stop)
.\CortexM3\ARM_GCC_541\Debug\Design01.a(UART_1.o)
                              .\CortexM3\ARM_GCC_541\Debug\main.o (UART_1_Start)
.\CortexM3\ARM_GCC_541\Debug\Design01.a(UART_1_IntClock.o)
                              .\CortexM3\ARM_GCC_541\Debug\Design01.a(UART_1.o) (UART_1_IntClock_Start)
.\CortexM3\ARM_GCC_541\Debug\Design01.a(QuadDec_2.o)
                              .\CortexM3\ARM_GCC_541\Debug\main.o (QuadDec_2_GetCounter)
.\CortexM3\ARM_GCC_541\Debug\Design01.a(QuadDec_2_Cnt16.o)
                              .\CortexM3\ARM_GCC_541\Debug\Design01.a(QuadDec_2.o) (QuadDec_2_Cnt16_Stop)
.\CortexM3\ARM_GCC_541\Debug\Design01.a(Motor_2_IN_3.o)
                              .\CortexM3\ARM_GCC_541\Debug\main.o (Motor_2_IN_3_Write)
.\CortexM3\ARM_GCC_541\Debug\Design01.a(Motor_2_IN_4.o)
                              .\CortexM3\ARM_GCC_541\Debug\main.o (Motor_2_IN_4_Write)
.\CortexM3\ARM_GCC_541\Debug\Design01.a(Timer_1.o)
                              .\CortexM3\ARM_GCC_541\Debug\main.o (Timer_1_ReadStatusRegister)
.\CortexM3\ARM_GCC_541\Debug\Design01.a(isr_1.o)
                              .\CortexM3\ARM_GCC_541\Debug\main.o (isr_1_StartEx)
.\CortexM3\ARM_GCC_541\Debug\Design01.a(Timer_2.o)
                              .\CortexM3\ARM_GCC_541\Debug\main.o (Timer_2_ReadStatusRegister)
.\CortexM3\ARM_GCC_541\Debug\Design01.a(Trigger.o)
                              .\CortexM3\ARM_GCC_541\Debug\main.o (Trigger_Write)
.\CortexM3\ARM_GCC_541\Debug\Design01.a(Timer_3.o)
                              .\CortexM3\ARM_GCC_541\Debug\main.o (Timer_3_ReadStatusRegister)
.\CortexM3\ARM_GCC_541\Debug\Design01.a(isr_3.o)
                              .\CortexM3\ARM_GCC_541\Debug\main.o (isr_3_StartEx)
.\CortexM3\ARM_GCC_541\Debug\Design01.a(Left_Echo.o)
                              .\CortexM3\ARM_GCC_541\Debug\main.o (Left_Echo_Read)
.\CortexM3\ARM_GCC_541\Debug\Design01.a(Front_Echo_1.o)
                              .\CortexM3\ARM_GCC_541\Debug\main.o (Front_Echo_1_Read)
.\CortexM3\ARM_GCC_541\Debug\Design01.a(PWM_ColorSensor.o)
                              .\CortexM3\ARM_GCC_541\Debug\main.o (PWM_ColorSensor_ReadStatusRegister)
.\CortexM3\ARM_GCC_541\Debug\Design01.a(Counter_ColorSensor.o)
                              .\CortexM3\ARM_GCC_541\Debug\main.o (Counter_ColorSensor_Stop)
.\CortexM3\ARM_GCC_541\Debug\Design01.a(isr_6.o)
                              .\CortexM3\ARM_GCC_541\Debug\main.o (isr_6_StartEx)
.\CortexM3\ARM_GCC_541\Debug\Design01.a(Control_Reg_1.o)
                              .\CortexM3\ARM_GCC_541\Debug\main.o (Control_Reg_1_Write)
.\CortexM3\ARM_GCC_541\Debug\Design01.a(S1.o)
                              .\CortexM3\ARM_GCC_541\Debug\main.o (S1_Write)
.\CortexM3\ARM_GCC_541\Debug\Design01.a(S2.o)
                              .\CortexM3\ARM_GCC_541\Debug\main.o (S2_Write)
.\CortexM3\ARM_GCC_541\Debug\Design01.a(S0.o)
                              .\CortexM3\ARM_GCC_541\Debug\main.o (S0_Write)
.\CortexM3\ARM_GCC_541\Debug\Design01.a(S3.o)
                              .\CortexM3\ARM_GCC_541\Debug\main.o (S3_Write)
.\CortexM3\ARM_GCC_541\Debug\Design01.a(CS_LED.o)
                              .\CortexM3\ARM_GCC_541\Debug\main.o (CS_LED_Write)
.\CortexM3\ARM_GCC_541\Debug\Design01.a(IR_input.o)
                              .\CortexM3\ARM_GCC_541\Debug\main.o (IR_input_Read)
.\CortexM3\ARM_GCC_541\Debug\Design01.a(led_green.o)
                              .\CortexM3\ARM_GCC_541\Debug\main.o (led_green_Write)
.\CortexM3\ARM_GCC_541\Debug\Design01.a(led_red.o)
                              .\CortexM3\ARM_GCC_541\Debug\main.o (led_red_Write)
.\CortexM3\ARM_GCC_541\Debug\Design01.a(led_blue.o)
                              .\CortexM3\ARM_GCC_541\Debug\main.o (led_blue_Write)
.\CortexM3\ARM_GCC_541\Debug\Design01.a(PWM_SmallServo.o)
                              .\CortexM3\ARM_GCC_541\Debug\main.o (PWM_SmallServo_WriteCompare)
.\CortexM3\ARM_GCC_541\Debug\Design01.a(PWM_BigServo.o)
                              .\CortexM3\ARM_GCC_541\Debug\main.o (PWM_BigServo_WriteCompare)
[...]
Memory Configuration

Name             Origin             Length             Attributes
rom              0x00000000         0x00040000         xr
ram              0x1fff8000         0x00010000         xrw
*default*        0x00000000         0xffffffff

Linker script and memory map

LOAD c:/program files (x86)/cypress/psoc creator/4.4/psoc creator/import/gnu/arm/5.4.1/bin/../lib/gcc/arm-none-eabi/5.4.1/armv7-m/crti.o
LOAD c:/program files (x86)/cypress/psoc creator/4.4/psoc creator/import/gnu/arm/5.4.1/bin/../lib/gcc/arm-none-eabi/5.4.1/armv7-m/crtbegin.o
LOAD c:/program files (x86)/cypress/psoc creator/4.4/psoc creator/import/gnu/arm/5.4.1/bin/../lib/gcc/arm-none-eabi/5.4.1/../../../../arm-none-eabi/lib/armv7-m/crt0.o
START GROUP
LOAD .\CortexM3\ARM_GCC_541\Debug\main.o
LOAD .\CortexM3\ARM_GCC_541\Debug\cyfitter_cfg.o
LOAD .\CortexM3\ARM_GCC_541\Debug\cymetadata.o
LOAD .\CortexM3\ARM_GCC_541\Debug\Cm3Start.o
LOAD .\CortexM3\ARM_GCC_541\Debug\Design01.a
LOAD C:\Program Files (x86)\Cypress\PSoC Creator\4.4\PSoC Creator\psoc\content\cycomponentlibrary\CyComponentLibrary.cylib\CortexM3\ARM_GCC_541\Debug\CyComponentLibrary.a
LOAD c:/program files (x86)/cypress/psoc creator/4.4/psoc creator/import/gnu/arm/5.4.1/bin/../lib/gcc/arm-none-eabi/5.4.1/../../../../arm-none-eabi/lib/armv7-m\libm.a
END GROUP
START GROUP
LOAD c:/program files (x86)/cypress/psoc creator/4.4/psoc creator/import/gnu/arm/5.4.1/bin/../lib/gcc/arm-none-eabi/5.4.1/armv7-m\libgcc.a
LOAD c:/program files (x86)/cypress/psoc creator/4.4/psoc creator/import/gnu/arm/5.4.1/bin/../lib/gcc/arm-none-eabi/5.4.1/../../../../arm-none-eabi/lib/armv7-m\libg_nano.a
LOAD c:/program files (x86)/cypress/psoc creator/4.4/psoc creator/import/gnu/arm/5.4.1/bin/../lib/gcc/arm-none-eabi/5.4.1/../../../../arm-none-eabi/lib/armv7-m\libc_nano.a
END GROUP
START GROUP
LOAD c:/program files (x86)/cypress/psoc creator/4.4/psoc creator/import/gnu/arm/5.4.1/bin/../lib/gcc/arm-none-eabi/5.4.1/armv7-m\libgcc.a
LOAD c:/program files (x86)/cypress/psoc creator/4.4/psoc creator/import/gnu/arm/5.4.1/bin/../lib/gcc/arm-none-eabi/5.4.1/../../../../arm-none-eabi/lib/armv7-m\libc_nano.a
END GROUP
LOAD c:/program files (x86)/cypress/psoc creator/4.4/psoc creator/import/gnu/arm/5.4.1/bin/../lib/gcc/arm-none-eabi/5.4.1/armv7-m/crtend.o
LOAD c:/program files (x86)/cypress/psoc creator/4.4/psoc creator/import/gnu/arm/5.4.1/bin/../lib/gcc/arm-none-eabi/5.4.1/armv7-m/crtn.o
START GROUP
LOAD c:/program files (x86)/cypress/psoc creator/4.4/psoc creator/import/gnu/arm/5.4.1/bin/../lib/gcc/arm-none-eabi/5.4.1/armv7-m\libgcc.a
LOAD c:/program files (x86)/cypress/psoc creator/4.4/psoc creator/import/gnu/arm/5.4.1/bin/../lib/gcc/arm-none-eabi/5.4.1/../../../../arm-none-eabi/lib/armv7-m\libc.a
LOAD c:/program files (x86)/cypress/psoc creator/4.4/psoc creator/import/gnu/arm/5.4.1/bin/../lib/gcc/arm-none-eabi/5.4.1/../../../../arm-none-eabi/lib/armv7-m\libnosys.a
END GROUP
                0x00000000                CY_APPL_ORIGIN = 0x0
                0x00000100                CY_FLASH_ROW_SIZE = 0x100
                0x00000020                CY_ECC_ROW_SIZE = 0x20
                0x00000000                CY_EE_IN_BTLDR = 0x0
                0x00000000                CY_APPL_LOADABLE = 0x0
                0x00000800                CY_EE_SIZE = 0x800
                0x00000001                CY_APPL_NUM = 0x1
                0x00000001                CY_APPL_MAX = 0x1
                0x00000040                CY_METADATA_SIZE = 0x40
                0x00000000                CY_APPL_LOADABLE = 0x0
                0x00000000                CY_CHECKSUM_EXCLUDE_SIZE = ALIGN (0x0, CY_FLASH_ROW_SIZE)
                [!provide]                PROVIDE (__cy_heap_start, _end)
                0x00000001                PROVIDE (__cy_region_num, ((__cy_regions_end - __cy_regions) / 0x10))
                0x20008000                PROVIDE (__cy_stack, (ORIGIN (ram) + LENGTH (ram)))
                [!provide]                PROVIDE (__cy_heap_end, (__cy_stack - 0x800))

.cybootloader   0x00000000        0x0
 *(.cybootloader)
                0x00000000                appl1_start = CY_APPL_ORIGIN?CY_APPL_ORIGIN:ALIGN (CY_FLASH_ROW_SIZE)
                0x0001ff00                appl2_start = (appl1_start + ALIGN ((((LENGTH (rom) - appl1_start) - (0x2 * CY_FLASH_ROW_SIZE)) / 0x2), CY_FLASH_ROW_SIZE))
                0x00000000                appl_start = (CY_APPL_NUM == 0x1)?appl1_start:appl2_start
                0x00000000                ecc_offset = ((appl_start / CY_FLASH_ROW_SIZE) * CY_ECC_ROW_SIZE)
                0x00000000                ee_offset = (CY_APPL_LOADABLE && ! (CY_EE_IN_BTLDR))?((CY_EE_SIZE / CY_APPL_MAX) * (CY_APPL_NUM - 0x1)):0x0
                0x00000800                ee_size = (CY_APPL_LOADABLE && ! (CY_EE_IN_BTLDR))?(CY_EE_SIZE / CY_APPL_MAX):CY_EE_SIZE
                [!provide]                PROVIDE (CY_ECC_OFFSET, ecc_offset)

.text           0x00000000     0x7cb6
 CREATE_OBJECT_SYMBOLS
                0x00000000                PROVIDE (__cy_interrupt_vector, RomVectors)
 *(.romvectors)
 .romvectors    0x00000000       0x10 .\CortexM3\ARM_GCC_541\Debug\Cm3Start.o
                0x00000000                RomVectors
                0x00000001                ASSERT ((. != __cy_interrupt_vector), No interrupt vector)
                0x00000001                ASSERT (CY_APPL_ORIGIN?(SIZEOF (.cybootloader) <= CY_APPL_ORIGIN):0x1, Wrong image location)
                0x00000010                PROVIDE (__cy_reset, Reset)
 *(.text.Reset)
 .text.Reset    0x00000010       0x18 .\CortexM3\ARM_GCC_541\Debug\Cm3Start.o
                0x00000010                Reset
                0x00000001                ASSERT ((. != __cy_reset), No reset code)
 *(.dma_init)
                0x00000001                ASSERT ((((appl_start + .) <= 0x10000) || 0x1), DMA Init must be within the first 64k of flash)
 *(.text .text.* .gnu.linkonce.t.*)
 .text          0x00000028       0x5c c:/program files (x86)/cypress/psoc creator/4.4/psoc creator/import/gnu/arm/5.4.1/bin/../lib/gcc/arm-none-eabi/5.4.1/armv7-m/crtbegin.o
 .text.limit_1_handler
                0x00000084        0xc .\CortexM3\ARM_GCC_541\Debug\main.o
                0x00000084                limit_1_handler
 .text.limit_2_handler
                0x00000090        0xc .\CortexM3\ARM_GCC_541\Debug\main.o
                0x00000090                limit_2_handler
 .text.Speed_Control
                0x0000009c      0x104 .\CortexM3\ARM_GCC_541\Debug\main.o
                0x0000009c                Speed_Control
 .text.ultrasonic_echo
                0x000001a0       0xe4 .\CortexM3\ARM_GCC_541\Debug\main.o
                0x000001a0                ultrasonic_echo
 .text.Color_sensing
                0x00000284       0x14 .\CortexM3\ARM_GCC_541\Debug\main.o
                0x00000284                Color_sensing
 .text.Bluetooth
                0x00000298       0x38 .\CortexM3\ARM_GCC_541\Debug\main.o
                0x00000298                Bluetooth
 .text.stop     0x000002d0       0x28 .\CortexM3\ARM_GCC_541\Debug\main.o
                0x000002d0                stop
 .text.forward  0x000002f8       0x28 .\CortexM3\ARM_GCC_541\Debug\main.o
                0x000002f8                forward
 .text.reverse  0x00000320       0x28 .\CortexM3\ARM_GCC_541\Debug\main.o
                0x00000320                reverse
 .text.turn_anticlockwise
                0x00000348       0x28 .\CortexM3\ARM_GCC_541\Debug\main.o
                0x00000348                turn_anticlockwise
 .text.turn_clockwise
                0x00000370       0x28 .\CortexM3\ARM_GCC_541\Debug\main.o
                0x00000370                turn_clockwise
 .text.reset_count
                0x00000398       0x1c .\CortexM3\ARM_GCC_541\Debug\main.o
                0x00000398                reset_count
 .text.gyro_cal
                0x000003b4       0xe0 .\CortexM3\ARM_GCC_541\Debug\main.o
                0x000003b4                gyro_cal
 *fill*         0x00000494        0x4 
 .text.update_coord
                0x00000498      0x100 .\CortexM3\ARM_GCC_541\Debug\main.o
                0x00000498                update_coord
 .text.CW       0x00000598       0xb4 .\CortexM3\ARM_GCC_541\Debug\main.o
                0x00000598                CW
 *fill*         0x0000064c        0x4 
 .text.Sharp_IR
                0x00000650      0x100 .\CortexM3\ARM_GCC_541\Debug\main.o
                0x00000650                Sharp_IR
 .text.move2slit
                0x00000750       0x88 .\CortexM3\ARM_GCC_541\Debug\main.o
                0x00000750                move2slit
 .text.Gyroscope_Function
                0x000007d8       0x60 .\CortexM3\ARM_GCC_541\Debug\main.o
                0x000007d8                Gyroscope_Function
 .text.move_fixed_dist
                0x00000838      0x430 .\CortexM3\ARM_GCC_541\Debug\main.o
                0x00000838                move_fixed_dist
 .text.Color_Sensing_Function
                0x00000c68      0x1d4 .\CortexM3\ARM_GCC_541\Debug\main.o
                0x00000c68                Color_Sensing_Function
 .text.Flicker_Function
                0x00000e3c       0x40 .\CortexM3\ARM_GCC_541\Debug\main.o
                0x00000e3c                Flicker_Function
 .text.Find_Puck
                0x00000e7c      0x13c .\CortexM3\ARM_GCC_541\Debug\main.o
                0x00000e7c                Find_Puck
 .text.Pick_Up_Puck
                0x00000fb8       0x4c .\CortexM3\ARM_GCC_541\Debug\main.o
                0x00000fb8                Pick_Up_Puck
 .text.Put_Down_Puck
                0x00001004       0x3c .\CortexM3\ARM_GCC_541\Debug\main.o
                0x00001004                Put_Down_Puck
 .text.adjust_heading
                0x00001040       0x8c .\CortexM3\ARM_GCC_541\Debug\main.o
                0x00001040                adjust_heading
 *fill*         0x000010cc        0x4 
 .text.main     0x000010d0      0xca4 .\CortexM3\ARM_GCC_541\Debug\main.o
                0x000010d0                main
 .text.CyClockStartupError
                0x00001d74        0x4 .\CortexM3\ARM_GCC_541\Debug\cyfitter_cfg.o
 .text.cfg_write_bytes32
                0x00001d78       0x34 .\CortexM3\ARM_GCC_541\Debug\cyfitter_cfg.o
 .text.CYMEMZERO
                0x00001dac        0xc .\CortexM3\ARM_GCC_541\Debug\cyfitter_cfg.o
 .text.AnalogSetDefault
                0x00001db8       0x78 .\CortexM3\ARM_GCC_541\Debug\cyfitter_cfg.o
 .text.CYCONFIGCPY
                0x00001e30        0x8 .\CortexM3\ARM_GCC_541\Debug\cyfitter_cfg.o
 .text.ClockSetup
                0x00001e38      0x130 .\CortexM3\ARM_GCC_541\Debug\cyfitter_cfg.o
 .text.cyfitter_cfg
                0x00001f68      0x164 .\CortexM3\ARM_GCC_541\Debug\cyfitter_cfg.o
                0x00001f68                cyfitter_cfg
 .text.IntDefaultHandler
                0x000020cc       0x10 .\CortexM3\ARM_GCC_541\Debug\Cm3Start.o
                0x000020cc                IntDefaultHandler
 .text._sbrk    0x000020dc       0x30 .\CortexM3\ARM_GCC_541\Debug\Cm3Start.o
                0x000020dc                _sbrk
 .text.Start_c  0x0000210c       0x4c .\CortexM3\ARM_GCC_541\Debug\Cm3Start.o
                0x0000210c                Start_c
 .text.initialize_psoc
                0x00002158       0x68 .\CortexM3\ARM_GCC_541\Debug\Cm3Start.o
                0x00002158                initialize_psoc
 .text.Motor_1_IN_1_Write
                0x000021c0       0x18 .\CortexM3\ARM_GCC_541\Debug\Design01.a(Motor_1_IN_1.o)
                0x000021c0                Motor_1_IN_1_Write
 .text.Motor_1_IN_2_Write
                0x000021d8       0x18 .\CortexM3\ARM_GCC_541\Debug\Design01.a(Motor_1_IN_2.o)
                0x000021d8                Motor_1_IN_2_Write
 .text.CyHalt   0x000021f0        0x4 .\CortexM3\ARM_GCC_541\Debug\Design01.a(CyLib.o)
                0x000021f0                CyHalt
 .text.CyDelay  0x000021f4       0x2c .\CortexM3\ARM_GCC_541\Debug\Design01.a(CyLib.o)
                0x000021f4                CyDelay
 .text.CyDelayUs
                0x00002220       0x14 .\CortexM3\ARM_GCC_541\Debug\Design01.a(CyLib.o)
                0x00002220                CyDelayUs
 .text.CyIntSetVector
                0x00002234       0x28 .\CortexM3\ARM_GCC_541\Debug\Design01.a(CyLib.o)
                0x00002234                CyIntSetVector
 .text.CyIntSetPriority
                0x0000225c       0x30 .\CortexM3\ARM_GCC_541\Debug\Design01.a(CyLib.o)
                0x0000225c                CyIntSetPriority
 .text.QuadDec_1_GetCounter
                0x0000228c       0x10 .\CortexM3\ARM_GCC_541\Debug\Design01.a(QuadDec_1.o)
                0x0000228c                QuadDec_1_GetCounter
 .text.QuadDec_1_SetCounter
                0x0000229c       0x1c .\CortexM3\ARM_GCC_541\Debug\Design01.a(QuadDec_1.o)
                0x0000229c                QuadDec_1_SetCounter
 .text.QuadDec_1_GetEvents
                0x000022b8       0x10 .\CortexM3\ARM_GCC_541\Debug\Design01.a(QuadDec_1.o)
                0x000022b8                QuadDec_1_GetEvents
 .text.QuadDec_1_SetInterruptMask
                0x000022c8        0xc .\CortexM3\ARM_GCC_541\Debug\Design01.a(QuadDec_1.o)
                0x000022c8                QuadDec_1_SetInterruptMask
 .text.QuadDec_1_Enable
                0x000022d4       0x24 .\CortexM3\ARM_GCC_541\Debug\Design01.a(QuadDec_1.o)
                0x000022d4                QuadDec_1_Enable
 .text.QuadDec_1_Start
                0x000022f8       0x24 .\CortexM3\ARM_GCC_541\Debug\Design01.a(QuadDec_1.o)
                0x000022f8                QuadDec_1_Start
 .text.QuadDec_1_Cnt16_Enable
                0x0000231c       0x10 .\CortexM3\ARM_GCC_541\Debug\Design01.a(QuadDec_1_Cnt16.o)
                0x0000231c                QuadDec_1_Cnt16_Enable
 .text.QuadDec_1_Cnt16_SetInterruptMode
                0x0000232c        0xc .\CortexM3\ARM_GCC_541\Debug\Design01.a(QuadDec_1_Cnt16.o)
                0x0000232c                QuadDec_1_Cnt16_SetInterruptMode
 .text.QuadDec_1_Cnt16_ReadStatusRegister
                0x00002338        0xc .\CortexM3\ARM_GCC_541\Debug\Design01.a(QuadDec_1_Cnt16.o)
                0x00002338                QuadDec_1_Cnt16_ReadStatusRegister
 .text.QuadDec_1_Cnt16_WriteCounter
                0x00002344        0xc .\CortexM3\ARM_GCC_541\Debug\Design01.a(QuadDec_1_Cnt16.o)
                0x00002344                QuadDec_1_Cnt16_WriteCounter
 .text.QuadDec_1_Cnt16_ReadCounter
                0x00002350       0x14 .\CortexM3\ARM_GCC_541\Debug\Design01.a(QuadDec_1_Cnt16.o)
                0x00002350                QuadDec_1_Cnt16_ReadCounter
 .text.QuadDec_1_Cnt16_ReadCapture
                0x00002364        0xc .\CortexM3\ARM_GCC_541\Debug\Design01.a(QuadDec_1_Cnt16.o)
                0x00002364                QuadDec_1_Cnt16_ReadCapture
 .text.QuadDec_1_Cnt16_WritePeriod
                0x00002370        0xc .\CortexM3\ARM_GCC_541\Debug\Design01.a(QuadDec_1_Cnt16.o)
                0x00002370                QuadDec_1_Cnt16_WritePeriod
 .text.QuadDec_1_Cnt16_WriteCompare
                0x0000237c        0xc .\CortexM3\ARM_GCC_541\Debug\Design01.a(QuadDec_1_Cnt16.o)
                0x0000237c                QuadDec_1_Cnt16_WriteCompare
 .text.QuadDec_1_Cnt16_ClearFIFO
                0x00002388       0x14 .\CortexM3\ARM_GCC_541\Debug\Design01.a(QuadDec_1_Cnt16.o)
                0x00002388                QuadDec_1_Cnt16_ClearFIFO
 .text.QuadDec_1_Cnt16_Init
                0x0000239c       0x58 .\CortexM3\ARM_GCC_541\Debug\Design01.a(QuadDec_1_Cnt16.o)
                0x0000239c                QuadDec_1_Cnt16_Init
 .text.QuadDec_1_Cnt16_Start
                0x000023f4       0x1c .\CortexM3\ARM_GCC_541\Debug\Design01.a(QuadDec_1_Cnt16.o)
                0x000023f4                QuadDec_1_Cnt16_Start
 .text.UART_1_Init
                0x00002410       0x28 .\CortexM3\ARM_GCC_541\Debug\Design01.a(UART_1.o)
                0x00002410                UART_1_Init
 .text.UART_1_Enable
                0x00002438       0x38 .\CortexM3\ARM_GCC_541\Debug\Design01.a(UART_1.o)
                0x00002438                UART_1_Enable
 .text.UART_1_Start
                0x00002470       0x1c .\CortexM3\ARM_GCC_541\Debug\Design01.a(UART_1.o)
                0x00002470                UART_1_Start
 .text.UART_1_GetChar
                0x0000248c       0x2c .\CortexM3\ARM_GCC_541\Debug\Design01.a(UART_1.o)
                0x0000248c                UART_1_GetChar
 .text.UART_1_PutChar
                0x000024b8       0x18 .\CortexM3\ARM_GCC_541\Debug\Design01.a(UART_1.o)
                0x000024b8                UART_1_PutChar
 .text.UART_1_PutString
                0x000024d0       0x24 .\CortexM3\ARM_GCC_541\Debug\Design01.a(UART_1.o)
                0x000024d0                UART_1_PutString
 .text.UART_1_IntClock_Start
                0x000024f4       0x1c .\CortexM3\ARM_GCC_541\Debug\Design01.a(UART_1_IntClock.o)
                0x000024f4                UART_1_IntClock_Start
 .text.QuadDec_2_GetCounter
                0x00002510       0x10 .\CortexM3\ARM_GCC_541\Debug\Design01.a(QuadDec_2.o)
                0x00002510                QuadDec_2_GetCounter
 .text.QuadDec_2_SetCounter
                0x00002520       0x1c .\CortexM3\ARM_GCC_541\Debug\Design01.a(QuadDec_2.o)
                0x00002520                QuadDec_2_SetCounter
 .text.QuadDec_2_GetEvents
                0x0000253c       0x10 .\CortexM3\ARM_GCC_541\Debug\Design01.a(QuadDec_2.o)
                0x0000253c                QuadDec_2_GetEvents
 .text.QuadDec_2_SetInterruptMask
                0x0000254c        0xc .\CortexM3\ARM_GCC_541\Debug\Design01.a(QuadDec_2.o)
                0x0000254c                QuadDec_2_SetInterruptMask
 .text.QuadDec_2_Enable
                0x00002558       0x24 .\CortexM3\ARM_GCC_541\Debug\Design01.a(QuadDec_2.o)
                0x00002558                QuadDec_2_Enable
 .text.QuadDec_2_Start
                0x0000257c       0x24 .\CortexM3\ARM_GCC_541\Debug\Design01.a(QuadDec_2.o)
                0x0000257c                QuadDec_2_Start
 .text.QuadDec_2_Cnt16_Enable
                0x000025a0       0x10 .\CortexM3\ARM_GCC_541\Debug\Design01.a(QuadDec_2_Cnt16.o)
                0x000025a0                QuadDec_2_Cnt16_Enable
 .text.QuadDec_2_Cnt16_SetInterruptMode
                0x000025b0        0xc .\CortexM3\ARM_GCC_541\Debug\Design01.a(QuadDec_2_Cnt16.o)
                0x000025b0                QuadDec_2_Cnt16_SetInterruptMode
 .text.QuadDec_2_Cnt16_ReadStatusRegister
                0x000025bc        0xc .\CortexM3\ARM_GCC_541\Debug\Design01.a(QuadDec_2_Cnt16.o)
                0x000025bc                QuadDec_2_Cnt16_ReadStatusRegister
 .text.QuadDec_2_Cnt16_WriteCounter
                0x000025c8        0xc .\CortexM3\ARM_GCC_541\Debug\Design01.a(QuadDec_2_Cnt16.o)
                0x000025c8                QuadDec_2_Cnt16_WriteCounter
 .text.QuadDec_2_Cnt16_ReadCounter
                0x000025d4       0x14 .\CortexM3\ARM_GCC_541\Debug\Design01.a(QuadDec_2_Cnt16.o)
                0x000025d4                QuadDec_2_Cnt16_ReadCounter
 .text.QuadDec_2_Cnt16_ReadCapture
                0x000025e8        0xc .\CortexM3\ARM_GCC_541\Debug\Design01.a(QuadDec_2_Cnt16.o)
                0x000025e8                QuadDec_2_Cnt16_ReadCapture
 .text.QuadDec_2_Cnt16_WritePeriod
                0x000025f4        0xc .\CortexM3\ARM_GCC_541\Debug\Design01.a(QuadDec_2_Cnt16.o)
                0x000025f4                QuadDec_2_Cnt16_WritePeriod
 .text.QuadDec_2_Cnt16_WriteCompare
                0x00002600        0xc .\CortexM3\ARM_GCC_541\Debug\Design01.a(QuadDec_2_Cnt16.o)
                0x00002600                QuadDec_2_Cnt16_WriteCompare
 .text.QuadDec_2_Cnt16_ClearFIFO
                0x0000260c       0x14 .\CortexM3\ARM_GCC_541\Debug\Design01.a(QuadDec_2_Cnt16.o)
                0x0000260c                QuadDec_2_Cnt16_ClearFIFO
 .text.QuadDec_2_Cnt16_Init
                0x00002620       0x58 .\CortexM3\ARM_GCC_541\Debug\Design01.a(QuadDec_2_Cnt16.o)
                0x00002620                QuadDec_2_Cnt16_Init
 .text.QuadDec_2_Cnt16_Start
                0x00002678       0x1c .\CortexM3\ARM_GCC_541\Debug\Design01.a(QuadDec_2_Cnt16.o)
                0x00002678                QuadDec_2_Cnt16_Start
 .text.Motor_2_IN_3_Write
                0x00002694       0x18 .\CortexM3\ARM_GCC_541\Debug\Design01.a(Motor_2_IN_3.o)
                0x00002694                Motor_2_IN_3_Write
 .text.Motor_2_IN_4_Write
                0x000026ac       0x18 .\CortexM3\ARM_GCC_541\Debug\Design01.a(Motor_2_IN_4.o)
                0x000026ac                Motor_2_IN_4_Write
 .text.Timer_1_Enable
                0x000026c4       0x10 .\CortexM3\ARM_GCC_541\Debug\Design01.a(Timer_1.o)
                0x000026c4                Timer_1_Enable
 .text.Timer_1_SetInterruptMode
                0x000026d4        0xc .\CortexM3\ARM_GCC_541\Debug\Design01.a(Timer_1.o)
                0x000026d4                Timer_1_SetInterruptMode
 .text.Timer_1_ReadStatusRegister
                0x000026e0        0xc .\CortexM3\ARM_GCC_541\Debug\Design01.a(Timer_1.o)
                0x000026e0                Timer_1_ReadStatusRegister
 .text.Timer_1_WritePeriod
                0x000026ec       0x10 .\CortexM3\ARM_GCC_541\Debug\Design01.a(Timer_1.o)
                0x000026ec                Timer_1_WritePeriod
 .text.Timer_1_ReadCapture
                0x000026fc       0x10 .\CortexM3\ARM_GCC_541\Debug\Design01.a(Timer_1.o)
                0x000026fc                Timer_1_ReadCapture
 .text.Timer_1_WriteCounter
                0x0000270c       0x10 .\CortexM3\ARM_GCC_541\Debug\Design01.a(Timer_1.o)
                0x0000270c                Timer_1_WriteCounter
 .text.Timer_1_ClearFIFO
                0x0000271c       0x14 .\CortexM3\ARM_GCC_541\Debug\Design01.a(Timer_1.o)
                0x0000271c                Timer_1_ClearFIFO
 .text.Timer_1_Init
                0x00002730       0x34 .\CortexM3\ARM_GCC_541\Debug\Design01.a(Timer_1.o)
                0x00002730                Timer_1_Init
 .text.Timer_1_Start
                0x00002764       0x1c .\CortexM3\ARM_GCC_541\Debug\Design01.a(Timer_1.o)
                0x00002764                Timer_1_Start
 .text.isr_1_SetVector
                0x00002780        0xc .\CortexM3\ARM_GCC_541\Debug\Design01.a(isr_1.o)
                0x00002780                isr_1_SetVector
 .text.isr_1_SetPriority
                0x0000278c       0x10 .\CortexM3\ARM_GCC_541\Debug\Design01.a(isr_1.o)
                0x0000278c                isr_1_SetPriority
 .text.isr_1_Enable
                0x0000279c        0xc .\CortexM3\ARM_GCC_541\Debug\Design01.a(isr_1.o)
                0x0000279c                isr_1_Enable
 .text.isr_1_Disable
                0x000027a8        0xc .\CortexM3\ARM_GCC_541\Debug\Design01.a(isr_1.o)
                0x000027a8                isr_1_Disable
 .text.isr_1_StartEx
                0x000027b4       0x1c .\CortexM3\ARM_GCC_541\Debug\Design01.a(isr_1.o)
                0x000027b4                isr_1_StartEx
 .text.Timer_2_Enable
                0x000027d0       0x28 .\CortexM3\ARM_GCC_541\Debug\Design01.a(Timer_2.o)
                0x000027d0                Timer_2_Enable
 .text.Timer_2_SetInterruptMode
                0x000027f8        0xc .\CortexM3\ARM_GCC_541\Debug\Design01.a(Timer_2.o)
                0x000027f8                Timer_2_SetInterruptMode
 .text.Timer_2_WritePeriod
                0x00002804        0xc .\CortexM3\ARM_GCC_541\Debug\Design01.a(Timer_2.o)
                0x00002804                Timer_2_WritePeriod
 .text.Timer_2_WriteCounter
                0x00002810        0xc .\CortexM3\ARM_GCC_541\Debug\Design01.a(Timer_2.o)
                0x00002810                Timer_2_WriteCounter
 .text.Timer_2_Init
                0x0000281c       0x64 .\CortexM3\ARM_GCC_541\Debug\Design01.a(Timer_2.o)
                0x0000281c                Timer_2_Init
 .text.Timer_2_Start
                0x00002880       0x1c .\CortexM3\ARM_GCC_541\Debug\Design01.a(Timer_2.o)
                0x00002880                Timer_2_Start
 .text.Trigger_Write
                0x0000289c       0x18 .\CortexM3\ARM_GCC_541\Debug\Design01.a(Trigger.o)
                0x0000289c                Trigger_Write
 .text.Timer_3_Enable
                0x000028b4       0x10 .\CortexM3\ARM_GCC_541\Debug\Design01.a(Timer_3.o)
                0x000028b4                Timer_3_Enable
 .text.Timer_3_SetInterruptMode
                0x000028c4        0xc .\CortexM3\ARM_GCC_541\Debug\Design01.a(Timer_3.o)
                0x000028c4                Timer_3_SetInterruptMode
 .text.Timer_3_ReadStatusRegister
                0x000028d0        0xc .\CortexM3\ARM_GCC_541\Debug\Design01.a(Timer_3.o)
                0x000028d0                Timer_3_ReadStatusRegister
 .text.Timer_3_WritePeriod
                0x000028dc        0xc .\CortexM3\ARM_GCC_541\Debug\Design01.a(Timer_3.o)
                0x000028dc                Timer_3_WritePeriod
 .text.Timer_3_ReadCapture
                0x000028e8        0xc .\CortexM3\ARM_GCC_541\Debug\Design01.a(Timer_3.o)
                0x000028e8                Timer_3_ReadCapture
 .text.Timer_3_WriteCounter
                0x000028f4        0xc .\CortexM3\ARM_GCC_541\Debug\Design01.a(Timer_3.o)
                0x000028f4                Timer_3_WriteCounter
 .text.Timer_3_ReadCounter
                0x00002900       0x14 .\CortexM3\ARM_GCC_541\Debug\Design01.a(Timer_3.o)
                0x00002900                Timer_3_ReadCounter
 .text.Timer_3_SetInterruptCount
                0x00002914       0x1c .\CortexM3\ARM_GCC_541\Debug\Design01.a(Timer_3.o)
                0x00002914                Timer_3_SetInterruptCount
 .text.Timer_3_ClearFIFO
                0x00002930       0x14 .\CortexM3\ARM_GCC_541\Debug\Design01.a(Timer_3.o)
                0x00002930                Timer_3_ClearFIFO
 .text.Timer_3_Init
                0x00002944       0x3c .\CortexM3\ARM_GCC_541\Debug\Design01.a(Timer_3.o)
                0x00002944                Timer_3_Init
 .text.Timer_3_Start
                0x00002980       0x1c .\CortexM3\ARM_GCC_541\Debug\Design01.a(Timer_3.o)
                0x00002980                Timer_3_Start
 .text.isr_3_SetVector
                0x0000299c        0xc .\CortexM3\ARM_GCC_541\Debug\Design01.a(isr_3.o)
                0x0000299c                isr_3_SetVector
 .text.isr_3_SetPriority
                0x000029a8       0x10 .\CortexM3\ARM_GCC_541\Debug\Design01.a(isr_3.o)
                0x000029a8                isr_3_SetPriority
 .text.isr_3_Enable
                0x000029b8        0xc .\CortexM3\ARM_GCC_541\Debug\Design01.a(isr_3.o)
                0x000029b8                isr_3_Enable
 .text.isr_3_Disable
                0x000029c4        0xc .\CortexM3\ARM_GCC_541\Debug\Design01.a(isr_3.o)
                0x000029c4                isr_3_Disable
 .text.isr_3_StartEx
                0x000029d0       0x1c .\CortexM3\ARM_GCC_541\Debug\Design01.a(isr_3.o)
                0x000029d0                isr_3_StartEx
 .text.Left_Echo_Read
                0x000029ec        0xc .\CortexM3\ARM_GCC_541\Debug\Design01.a(Left_Echo.o)
                0x000029ec                Left_Echo_Read
 .text.Front_Echo_1_Read
                0x000029f8       0x10 .\CortexM3\ARM_GCC_541\Debug\Design01.a(Front_Echo_1.o)
                0x000029f8                Front_Echo_1_Read
 .text.PWM_ColorSensor_Enable
                0x00002a08       0x10 .\CortexM3\ARM_GCC_541\Debug\Design01.a(PWM_ColorSensor.o)
                0x00002a08                PWM_ColorSensor_Enable
 .text.PWM_ColorSensor_WriteCounter
                0x00002a18        0xc .\CortexM3\ARM_GCC_541\Debug\Design01.a(PWM_ColorSensor.o)
                0x00002a18                PWM_ColorSensor_WriteCounter
 .text.PWM_ColorSensor_WritePeriod
                0x00002a24        0xc .\CortexM3\ARM_GCC_541\Debug\Design01.a(PWM_ColorSensor.o)
                0x00002a24                PWM_ColorSensor_WritePeriod
 .text.PWM_ColorSensor_WriteCompare
                0x00002a30        0xc .\CortexM3\ARM_GCC_541\Debug\Design01.a(PWM_ColorSensor.o)
                0x00002a30                PWM_ColorSensor_WriteCompare
 .text.PWM_ColorSensor_SetInterruptMode
                0x00002a3c        0xc .\CortexM3\ARM_GCC_541\Debug\Design01.a(PWM_ColorSensor.o)
                0x00002a3c                PWM_ColorSensor_SetInterruptMode
 .text.PWM_ColorSensor_ReadStatusRegister
                0x00002a48        0xc .\CortexM3\ARM_GCC_541\Debug\Design01.a(PWM_ColorSensor.o)
                0x00002a48                PWM_ColorSensor_ReadStatusRegister
 .text.PWM_ColorSensor_ReadCapture
                0x00002a54        0xc .\CortexM3\ARM_GCC_541\Debug\Design01.a(PWM_ColorSensor.o)
                0x00002a54                PWM_ColorSensor_ReadCapture
 .text.PWM_ColorSensor_ClearFIFO
                0x00002a60       0x14 .\CortexM3\ARM_GCC_541\Debug\Design01.a(PWM_ColorSensor.o)
                0x00002a60                PWM_ColorSensor_ClearFIFO
 .text.PWM_ColorSensor_Init
                0x00002a74       0x64 .\CortexM3\ARM_GCC_541\Debug\Design01.a(PWM_ColorSensor.o)
                0x00002a74                PWM_ColorSensor_Init
 .text.PWM_ColorSensor_Start
                0x00002ad8       0x1c .\CortexM3\ARM_GCC_541\Debug\Design01.a(PWM_ColorSensor.o)
                0x00002ad8                PWM_ColorSensor_Start
 .text.Counter_ColorSensor_Enable
                0x00002af4       0x10 .\CortexM3\ARM_GCC_541\Debug\Design01.a(Counter_ColorSensor.o)
                0x00002af4                Counter_ColorSensor_Enable
 .text.Counter_ColorSensor_Stop
                0x00002b04       0x10 .\CortexM3\ARM_GCC_541\Debug\Design01.a(Counter_ColorSensor.o)
                0x00002b04                Counter_ColorSensor_Stop
 .text.Counter_ColorSensor_SetInterruptMode
                0x00002b14        0xc .\CortexM3\ARM_GCC_541\Debug\Design01.a(Counter_ColorSensor.o)
                0x00002b14                Counter_ColorSensor_SetInterruptMode
 .text.Counter_ColorSensor_ReadStatusRegister
                0x00002b20        0xc .\CortexM3\ARM_GCC_541\Debug\Design01.a(Counter_ColorSensor.o)
                0x00002b20                Counter_ColorSensor_ReadStatusRegister
 .text.Counter_ColorSensor_WriteCounter
                0x00002b2c        0xc .\CortexM3\ARM_GCC_541\Debug\Design01.a(Counter_ColorSensor.o)
                0x00002b2c                Counter_ColorSensor_WriteCounter
 .text.Counter_ColorSensor_ReadCapture
                0x00002b38        0xc .\CortexM3\ARM_GCC_541\Debug\Design01.a(Counter_ColorSensor.o)
                0x00002b38                Counter_ColorSensor_ReadCapture
 .text.Counter_ColorSensor_WritePeriod
                0x00002b44        0xc .\CortexM3\ARM_GCC_541\Debug\Design01.a(Counter_ColorSensor.o)
                0x00002b44                Counter_ColorSensor_WritePeriod
 .text.Counter_ColorSensor_WriteCompare
                0x00002b50        0xc .\CortexM3\ARM_GCC_541\Debug\Design01.a(Counter_ColorSensor.o)
                0x00002b50                Counter_ColorSensor_WriteCompare
 .text.Counter_ColorSensor_ClearFIFO
                0x00002b5c       0x14 .\CortexM3\ARM_GCC_541\Debug\Design01.a(Counter_ColorSensor.o)
                0x00002b5c                Counter_ColorSensor_ClearFIFO
 .text.Counter_ColorSensor_Init
                0x00002b70       0x5c .\CortexM3\ARM_GCC_541\Debug\Design01.a(Counter_ColorSensor.o)
                0x00002b70                Counter_ColorSensor_Init
 .text.Counter_ColorSensor_Start
                0x00002bcc       0x1c .\CortexM3\ARM_GCC_541\Debug\Design01.a(Counter_ColorSensor.o)
                0x00002bcc                Counter_ColorSensor_Start
 .text.isr_6_SetVector
                0x00002be8        0xc .\CortexM3\ARM_GCC_541\Debug\Design01.a(isr_6.o)
                0x00002be8                isr_6_SetVector
 .text.isr_6_SetPriority
                0x00002bf4       0x10 .\CortexM3\ARM_GCC_541\Debug\Design01.a(isr_6.o)
                0x00002bf4                isr_6_SetPriority
 .text.isr_6_Enable
                0x00002c04        0xc .\CortexM3\ARM_GCC_541\Debug\Design01.a(isr_6.o)
                0x00002c04                isr_6_Enable
 .text.isr_6_Disable
                0x00002c10        0xc .\CortexM3\ARM_GCC_541\Debug\Design01.a(isr_6.o)
                0x00002c10                isr_6_Disable
 .text.isr_6_StartEx
                0x00002c1c       0x1c .\CortexM3\ARM_GCC_541\Debug\Design01.a(isr_6.o)
                0x00002c1c                isr_6_StartEx
 .text.Control_Reg_1_Write
                0x00002c38        0xc .\CortexM3\ARM_GCC_541\Debug\Design01.a(Control_Reg_1.o)
                0x00002c38                Control_Reg_1_Write
 .text.S1_Write
                0x00002c44       0x18 .\CortexM3\ARM_GCC_541\Debug\Design01.a(S1.o)
                0x00002c44                S1_Write
 .text.S2_Write
                0x00002c5c       0x18 .\CortexM3\ARM_GCC_541\Debug\Design01.a(S2.o)
                0x00002c5c                S2_Write
 .text.S0_Write
                0x00002c74       0x18 .\CortexM3\ARM_GCC_541\Debug\Design01.a(S0.o)
                0x00002c74                S0_Write
 .text.S3_Write
                0x00002c8c       0x18 .\CortexM3\ARM_GCC_541\Debug\Design01.a(S3.o)
                0x00002c8c                S3_Write
 .text.CS_LED_Write
                0x00002ca4       0x18 .\CortexM3\ARM_GCC_541\Debug\Design01.a(CS_LED.o)
                0x00002ca4                CS_LED_Write
 .text.IR_input_Read
                0x00002cbc       0x10 .\CortexM3\ARM_GCC_541\Debug\Design01.a(IR_input.o)
                0x00002cbc                IR_input_Read
 .text.led_green_Write
                0x00002ccc       0x18 .\CortexM3\ARM_GCC_541\Debug\Design01.a(led_green.o)
                0x00002ccc                led_green_Write
 .text.led_red_Write
                0x00002ce4       0x18 .\CortexM3\ARM_GCC_541\Debug\Design01.a(led_red.o)
                0x00002ce4                led_red_Write
 .text.led_blue_Write
                0x00002cfc       0x18 .\CortexM3\ARM_GCC_541\Debug\Design01.a(led_blue.o)
                0x00002cfc                led_blue_Write
 .text.PWM_SmallServo_Enable
                0x00002d14       0x28 .\CortexM3\ARM_GCC_541\Debug\Design01.a(PWM_SmallServo.o)
                0x00002d14                PWM_SmallServo_Enable
 .text.PWM_SmallServo_WritePeriod
                0x00002d3c        0xc .\CortexM3\ARM_GCC_541\Debug\Design01.a(PWM_SmallServo.o)
                0x00002d3c                PWM_SmallServo_WritePeriod
 .text.PWM_SmallServo_WriteCompare
                0x00002d48        0xc .\CortexM3\ARM_GCC_541\Debug\Design01.a(PWM_SmallServo.o)
                0x00002d48                PWM_SmallServo_WriteCompare
 .text.PWM_SmallServo_SetInterruptMode
                0x00002d54        0xc .\CortexM3\ARM_GCC_541\Debug\Design01.a(PWM_SmallServo.o)
                0x00002d54                PWM_SmallServo_SetInterruptMode
 .text.PWM_SmallServo_Init
                0x00002d60       0x78 .\CortexM3\ARM_GCC_541\Debug\Design01.a(PWM_SmallServo.o)
                0x00002d60                PWM_SmallServo_Init
 .text.PWM_SmallServo_Start
                0x00002dd8       0x1c .\CortexM3\ARM_GCC_541\Debug\Design01.a(PWM_SmallServo.o)
                0x00002dd8                PWM_SmallServo_Start
 .text.PWM_BigServo_Enable
                0x00002df4       0x28 .\CortexM3\ARM_GCC_541\Debug\Design01.a(PWM_BigServo.o)
                0x00002df4                PWM_BigServo_Enable
 .text.PWM_BigServo_WritePeriod
                0x00002e1c        0xc .\CortexM3\ARM_GCC_541\Debug\Design01.a(PWM_BigServo.o)
                0x00002e1c                PWM_BigServo_WritePeriod
 .text.PWM_BigServo_WriteCompare
                0x00002e28        0xc .\CortexM3\ARM_GCC_541\Debug\Design01.a(PWM_BigServo.o)
                0x00002e28                PWM_BigServo_WriteCompare
 .text.PWM_BigServo_SetInterruptMode
                0x00002e34        0xc .\CortexM3\ARM_GCC_541\Debug\Design01.a(PWM_BigServo.o)
                0x00002e34                PWM_BigServo_SetInterruptMode
 .text.PWM_BigServo_Init
                0x00002e40       0x78 .\CortexM3\ARM_GCC_541\Debug\Design01.a(PWM_BigServo.o)
                0x00002e40                PWM_BigServo_Init
 .text.PWM_BigServo_Start
                0x00002eb8       0x1c .\CortexM3\ARM_GCC_541\Debug\Design01.a(PWM_BigServo.o)
                0x00002eb8                PWM_BigServo_Start
 .text.PWM_Wheels_Enable
                0x00002ed4       0x10 .\CortexM3\ARM_GCC_541\Debug\Design01.a(PWM_Wheels.o)
                0x00002ed4                PWM_Wheels_Enable
 .text.PWM_Wheels_WriteCounter
                0x00002ee4        0xc .\CortexM3\ARM_GCC_541\Debug\Design01.a(PWM_Wheels.o)
                0x00002ee4                PWM_Wheels_WriteCounter
 .text.PWM_Wheels_WritePeriod
                0x00002ef0        0xc .\CortexM3\ARM_GCC_541\Debug\Design01.a(PWM_Wheels.o)
                0x00002ef0                PWM_Wheels_WritePeriod
 .text.PWM_Wheels_WriteCompare1
                0x00002efc        0xc .\CortexM3\ARM_GCC_541\Debug\Design01.a(PWM_Wheels.o)
                0x00002efc                PWM_Wheels_WriteCompare1
 .text.PWM_Wheels_WriteCompare2
                0x00002f08        0xc .\CortexM3\ARM_GCC_541\Debug\Design01.a(PWM_Wheels.o)
                0x00002f08                PWM_Wheels_WriteCompare2
 .text.PWM_Wheels_SetInterruptMode
                0x00002f14        0xc .\CortexM3\ARM_GCC_541\Debug\Design01.a(PWM_Wheels.o)
                0x00002f14                PWM_Wheels_SetInterruptMode
 .text.PWM_Wheels_ReadStatusRegister
                0x00002f20        0xc .\CortexM3\ARM_GCC_541\Debug\Design01.a(PWM_Wheels.o)
                0x00002f20                PWM_Wheels_ReadStatusRegister
 .text.PWM_Wheels_ReadCapture
                0x00002f2c        0xc .\CortexM3\ARM_GCC_541\Debug\Design01.a(PWM_Wheels.o)
                0x00002f2c                PWM_Wheels_ReadCapture
 .text.PWM_Wheels_ClearFIFO
                0x00002f38       0x14 .\CortexM3\ARM_GCC_541\Debug\Design01.a(PWM_Wheels.o)
                0x00002f38                PWM_Wheels_ClearFIFO
 .text.PWM_Wheels_Init
                0x00002f4c       0x6c .\CortexM3\ARM_GCC_541\Debug\Design01.a(PWM_Wheels.o)
                0x00002f4c                PWM_Wheels_Init
 .text.PWM_Wheels_Start
                0x00002fb8       0x1c .\CortexM3\ARM_GCC_541\Debug\Design01.a(PWM_Wheels.o)
                0x00002fb8                PWM_Wheels_Start
 .text.Control_Reg_2_Write
                0x00002fd4        0xc .\CortexM3\ARM_GCC_541\Debug\Design01.a(Control_Reg_2.o)
                0x00002fd4                Control_Reg_2_Write
 .text.isr_7_SetVector
                0x00002fe0        0xc .\CortexM3\ARM_GCC_541\Debug\Design01.a(isr_7.o)
                0x00002fe0                isr_7_SetVector
 .text.isr_7_SetPriority
                0x00002fec       0x10 .\CortexM3\ARM_GCC_541\Debug\Design01.a(isr_7.o)
                0x00002fec                isr_7_SetPriority
 .text.isr_7_Enable
                0x00002ffc        0xc .\CortexM3\ARM_GCC_541\Debug\Design01.a(isr_7.o)
                0x00002ffc                isr_7_Enable
 .text.isr_7_Disable
                0x00003008        0xc .\CortexM3\ARM_GCC_541\Debug\Design01.a(isr_7.o)
                0x00003008                isr_7_Disable
 .text.isr_7_StartEx
                0x00003014       0x1c .\CortexM3\ARM_GCC_541\Debug\Design01.a(isr_7.o)
                0x00003014                isr_7_StartEx
 .text.I2C_1_Init
                0x00003030       0x68 .\CortexM3\ARM_GCC_541\Debug\Design01.a(I2C_1.o)
                0x00003030                I2C_1_Init
 .text.I2C_1_Enable
                0x00003098       0x24 .\CortexM3\ARM_GCC_541\Debug\Design01.a(I2C_1.o)
                0x00003098                I2C_1_Enable
 .text.I2C_1_Start
                0x000030bc       0x28 .\CortexM3\ARM_GCC_541\Debug\Design01.a(I2C_1.o)
                0x000030bc                I2C_1_Start
 .text.I2C_1_ISR
                0x000030e4      0x2d0 .\CortexM3\ARM_GCC_541\Debug\Design01.a(I2C_1_INT.o)
                0x000030e4                I2C_1_ISR
 .text.I2C_1_MasterSendStart
                0x000033b4       0x80 .\CortexM3\ARM_GCC_541\Debug\Design01.a(I2C_1_MASTER.o)
                0x000033b4                I2C_1_MasterSendStart
 .text.I2C_1_MasterSendStop
                0x00003434       0x38 .\CortexM3\ARM_GCC_541\Debug\Design01.a(I2C_1_MASTER.o)
                0x00003434                I2C_1_MasterSendStop
 .text.I2C_1_MasterWriteByte
                0x0000346c       0x58 .\CortexM3\ARM_GCC_541\Debug\Design01.a(I2C_1_MASTER.o)
                0x0000346c                I2C_1_MasterWriteByte
 .text.ADC_SAR_1_CalcGain
                0x000034c4       0x64 .\CortexM3\ARM_GCC_541\Debug\Design01.a(ADC_SAR_1.o)
 .text.ADC_SAR_1_Enable
                0x00003528       0x94 .\CortexM3\ARM_GCC_541\Debug\Design01.a(ADC_SAR_1.o)
                0x00003528                ADC_SAR_1_Enable
 .text.ADC_SAR_1_SetResolution
                0x000035bc       0x38 .\CortexM3\ARM_GCC_541\Debug\Design01.a(ADC_SAR_1.o)
                0x000035bc                ADC_SAR_1_SetResolution
 .text.ADC_SAR_1_Init
                0x000035f4       0x3c .\CortexM3\ARM_GCC_541\Debug\Design01.a(ADC_SAR_1.o)
                0x000035f4                ADC_SAR_1_Init
 .text.ADC_SAR_1_Start
                0x00003630       0x1c .\CortexM3\ARM_GCC_541\Debug\Design01.a(ADC_SAR_1.o)
                0x00003630                ADC_SAR_1_Start
 .text.ADC_SAR_1_StartConvert
                0x0000364c       0x18 .\CortexM3\ARM_GCC_541\Debug\Design01.a(ADC_SAR_1.o)
                0x0000364c                ADC_SAR_1_StartConvert
 .text.ADC_SAR_1_IsEndConversion
                0x00003664       0x24 .\CortexM3\ARM_GCC_541\Debug\Design01.a(ADC_SAR_1.o)
                0x00003664                ADC_SAR_1_IsEndConversion
 .text.ADC_SAR_1_GetResult8
                0x00003688       0x18 .\CortexM3\ARM_GCC_541\Debug\Design01.a(ADC_SAR_1.o)
                0x00003688                ADC_SAR_1_GetResult8
 .text.ADC_SAR_1_ISR
                0x000036a0        0x4 .\CortexM3\ARM_GCC_541\Debug\Design01.a(ADC_SAR_1_INT.o)
                0x000036a0                ADC_SAR_1_ISR
 .text.ADC_SAR_1_theACLK_SetModeRegister
                0x000036a4       0x14 .\CortexM3\ARM_GCC_541\Debug\Design01.a(ADC_SAR_1_theACLK.o)
                0x000036a4                ADC_SAR_1_theACLK_SetModeRegister
 .text.PWM_Flicker_Enable
                0x000036b8       0x10 .\CortexM3\ARM_GCC_541\Debug\Design01.a(PWM_Flicker.o)
                0x000036b8                PWM_Flicker_Enable
 .text.PWM_Flicker_WriteCounter
                0x000036c8        0xc .\CortexM3\ARM_GCC_541\Debug\Design01.a(PWM_Flicker.o)
                0x000036c8                PWM_Flicker_WriteCounter
 .text.PWM_Flicker_WritePeriod
                0x000036d4        0xc .\CortexM3\ARM_GCC_541\Debug\Design01.a(PWM_Flicker.o)
                0x000036d4                PWM_Flicker_WritePeriod
 .text.PWM_Flicker_WriteCompare
                0x000036e0        0xc .\CortexM3\ARM_GCC_541\Debug\Design01.a(PWM_Flicker.o)
                0x000036e0                PWM_Flicker_WriteCompare
 .text.PWM_Flicker_SetInterruptMode
                0x000036ec        0xc .\CortexM3\ARM_GCC_541\Debug\Design01.a(PWM_Flicker.o)
                0x000036ec                PWM_Flicker_SetInterruptMode
 .text.PWM_Flicker_ReadStatusRegister
                0x000036f8        0xc .\CortexM3\ARM_GCC_541\Debug\Design01.a(PWM_Flicker.o)
                0x000036f8                PWM_Flicker_ReadStatusRegister
 .text.PWM_Flicker_ReadCapture
                0x00003704        0xc .\CortexM3\ARM_GCC_541\Debug\Design01.a(PWM_Flicker.o)
                0x00003704                PWM_Flicker_ReadCapture
 .text.PWM_Flicker_ClearFIFO
                0x00003710       0x14 .\CortexM3\ARM_GCC_541\Debug\Design01.a(PWM_Flicker.o)
                0x00003710                PWM_Flicker_ClearFIFO
 .text.PWM_Flicker_Init
                0x00003724       0x60 .\CortexM3\ARM_GCC_541\Debug\Design01.a(PWM_Flicker.o)
                0x00003724                PWM_Flicker_Init
 .text.PWM_Flicker_Start
                0x00003784       0x1c .\CortexM3\ARM_GCC_541\Debug\Design01.a(PWM_Flicker.o)
                0x00003784                PWM_Flicker_Start
 .text.Motor_Flicker_IN_1_Write
                0x000037a0       0x18 .\CortexM3\ARM_GCC_541\Debug\Design01.a(Motor_Flicker_IN_1.o)
                0x000037a0                Motor_Flicker_IN_1_Write
 .text.Motor_Flicker_IN_2_Write
                0x000037b8       0x18 .\CortexM3\ARM_GCC_541\Debug\Design01.a(Motor_Flicker_IN_2.o)
                0x000037b8                Motor_Flicker_IN_2_Write
 .text.isr_limit_2_SetVector
                0x000037d0        0xc .\CortexM3\ARM_GCC_541\Debug\Design01.a(isr_limit_2.o)
                0x000037d0                isr_limit_2_SetVector
 .text.isr_limit_2_SetPriority
                0x000037dc       0x10 .\CortexM3\ARM_GCC_541\Debug\Design01.a(isr_limit_2.o)
                0x000037dc                isr_limit_2_SetPriority
 .text.isr_limit_2_Enable
                0x000037ec        0xc .\CortexM3\ARM_GCC_541\Debug\Design01.a(isr_limit_2.o)
                0x000037ec                isr_limit_2_Enable
 .text.isr_limit_2_Disable
                0x000037f8        0xc .\CortexM3\ARM_GCC_541\Debug\Design01.a(isr_limit_2.o)
                0x000037f8                isr_limit_2_Disable
 .text.isr_limit_2_StartEx
                0x00003804       0x1c .\CortexM3\ARM_GCC_541\Debug\Design01.a(isr_limit_2.o)
                0x00003804                isr_limit_2_StartEx
 .text.isr_limit_1_SetVector
                0x00003820        0xc .\CortexM3\ARM_GCC_541\Debug\Design01.a(isr_limit_1.o)
                0x00003820                isr_limit_1_SetVector
 .text.isr_limit_1_SetPriority
                0x0000382c       0x10 .\CortexM3\ARM_GCC_541\Debug\Design01.a(isr_limit_1.o)
                0x0000382c                isr_limit_1_SetPriority
 .text.isr_limit_1_Enable
                0x0000383c        0xc .\CortexM3\ARM_GCC_541\Debug\Design01.a(isr_limit_1.o)
                0x0000383c                isr_limit_1_Enable
 .text.isr_limit_1_Disable
                0x00003848        0xc .\CortexM3\ARM_GCC_541\Debug\Design01.a(isr_limit_1.o)
                0x00003848                isr_limit_1_Disable
 .text.isr_limit_1_StartEx
                0x00003854       0x1c .\CortexM3\ARM_GCC_541\Debug\Design01.a(isr_limit_1.o)
                0x00003854                isr_limit_1_StartEx
 .text          0x00003870       0x20 .\CortexM3\ARM_GCC_541\Debug\Design01.a(CyBootAsmGnu.o)
                0x00003870                CyDelayCycles
                0x00003880                CyEnterCriticalSection
                0x00003888                CyExitCriticalSection
 .text.CySetReg24
                0x00003890       0x14 .\CortexM3\ARM_GCC_541\Debug\Design01.a(cyutils.o)
                0x00003890                CySetReg24
 .text.pow      0x000038a4      0x330 c:/program files (x86)/cypress/psoc creator/4.4/psoc creator/import/gnu/arm/5.4.1/bin/../lib/gcc/arm-none-eabi/5.4.1/../../../../arm-none-eabi/lib/armv7-m\libm.a(lib_a-w_pow.o)
                0x000038a4                pow
 *fill*         0x00003bd4        0x4 
 .text.__ieee754_pow
                0x00003bd8      0xac4 c:/program files (x86)/cypress/psoc creator/4.4/psoc creator/import/gnu/arm/5.4.1/bin/../lib/gcc/arm-none-eabi/5.4.1/../../../../arm-none-eabi/lib/armv7-m\libm.a(lib_a-e_pow.o)
                0x00003bd8                __ieee754_pow
 .text.__ieee754_sqrt
                0x0000469c      0x188 c:/program files (x86)/cypress/psoc creator/4.4/psoc creator/import/gnu/arm/5.4.1/bin/../lib/gcc/arm-none-eabi/5.4.1/../../../../arm-none-eabi/lib/armv7-m\libm.a(lib_a-e_sqrt.o)
                0x0000469c                __ieee754_sqrt
 .text.fabs     0x00004824        0x8 c:/program files (x86)/cypress/psoc creator/4.4/psoc creator/import/gnu/arm/5.4.1/bin/../lib/gcc/arm-none-eabi/5.4.1/../../../../arm-none-eabi/lib/armv7-m\libm.a(lib_a-s_fabs.o)
                0x00004824                fabs
 .text.finite   0x0000482c        0xc c:/program files (x86)/cypress/psoc creator/4.4/psoc creator/import/gnu/arm/5.4.1/bin/../lib/gcc/arm-none-eabi/5.4.1/../../../../arm-none-eabi/lib/armv7-m\libm.a(lib_a-s_finite.o)
                0x0000482c                finite
 .text.matherr  0x00004838        0x4 c:/program files (x86)/cypress/psoc creator/4.4/psoc creator/import/gnu/arm/5.4.1/bin/../lib/gcc/arm-none-eabi/5.4.1/../../../../arm-none-eabi/lib/armv7-m\libm.a(lib_a-s_matherr.o)
                0x00004838                matherr
 .text.nan      0x0000483c        0xc c:/program files (x86)/cypress/psoc creator/4.4/psoc creator/import/gnu/arm/5.4.1/bin/../lib/gcc/arm-none-eabi/5.4.1/../../../../arm-none-eabi/lib/armv7-m\libm.a(lib_a-s_nan.o)
                0x0000483c                nan
 .text.rint     0x00004848      0x120 c:/program files (x86)/cypress/psoc creator/4.4/psoc creator/import/gnu/arm/5.4.1/bin/../lib/gcc/arm-none-eabi/5.4.1/../../../../arm-none-eabi/lib/armv7-m\libm.a(lib_a-s_rint.o)
                0x00004848                rint
 .text.scalbn   0x00004968       0xe4 c:/program files (x86)/cypress/psoc creator/4.4/psoc creator/import/gnu/arm/5.4.1/bin/../lib/gcc/arm-none-eabi/5.4.1/../../../../arm-none-eabi/lib/armv7-m\libm.a(lib_a-s_scalbn.o)
                0x00004968                scalbn
 .text.copysign
                0x00004a4c       0x10 c:/program files (x86)/cypress/psoc creator/4.4/psoc creator/import/gnu/arm/5.4.1/bin/../lib/gcc/arm-none-eabi/5.4.1/../../../../arm-none-eabi/lib/armv7-m\libm.a(lib_a-s_copysign.o)
                0x00004a4c                copysign
 .text          0x00004a5c      0x370 c:/program files (x86)/cypress/psoc creator/4.4/psoc creator/import/gnu/arm/5.4.1/bin/../lib/gcc/arm-none-eabi/5.4.1/armv7-m\libgcc.a(_arm_addsubdf3.o)
                0x00004a5c                __aeabi_drsub
                0x00004a64                __aeabi_dsub
                0x00004a64                __subdf3
                0x00004a68                __aeabi_dadd
                0x00004a68                __adddf3
                0x00004ce0                __floatunsidf
                0x00004ce0                __aeabi_ui2d
                0x00004d00                __floatsidf
                0x00004d00                __aeabi_i2d
                0x00004d24                __aeabi_f2d
                0x00004d24                __extendsfdf2
                0x00004d60                __floatundidf
                0x00004d60                __aeabi_ul2d
                0x00004d70                __floatdidf
                0x00004d70                __aeabi_l2d
 .text          0x00004dcc      0x424 c:/program files (x86)/cypress/psoc creator/4.4/psoc creator/import/gnu/arm/5.4.1/bin/../lib/gcc/arm-none-eabi/5.4.1/armv7-m\libgcc.a(_arm_muldivdf3.o)
                0x00004dcc                __aeabi_dmul
                0x00004dcc                __muldf3
                0x00005020                __divdf3
                0x00005020                __aeabi_ddiv
 .text          0x000051f0      0x110 c:/program files (x86)/cypress/psoc creator/4.4/psoc creator/import/gnu/arm/5.4.1/bin/../lib/gcc/arm-none-eabi/5.4.1/armv7-m\libgcc.a(_arm_cmpdf2.o)
                0x000051f0                __gtdf2
                0x000051f0                __gedf2
                0x000051f8                __ltdf2
                0x000051f8                __ledf2
                0x00005200                __nedf2
                0x00005200                __eqdf2
                0x00005200                __cmpdf2
                0x0000527c                __aeabi_cdrcmple
                0x0000528c                __aeabi_cdcmpeq
                0x0000528c                __aeabi_cdcmple
                0x0000529c                __aeabi_dcmpeq
                0x000052b0                __aeabi_dcmplt
                0x000052c4                __aeabi_dcmple
                0x000052d8                __aeabi_dcmpge
                0x000052ec                __aeabi_dcmpgt
 .text          0x00005300       0x2c c:/program files (x86)/cypress/psoc creator/4.4/psoc creator/import/gnu/arm/5.4.1/bin/../lib/gcc/arm-none-eabi/5.4.1/armv7-m\libgcc.a(_arm_unorddf2.o)
                0x00005300                __unorddf2
                0x00005300                __aeabi_dcmpun
 .text          0x0000532c       0x50 c:/program files (x86)/cypress/psoc creator/4.4/psoc creator/import/gnu/arm/5.4.1/bin/../lib/gcc/arm-none-eabi/5.4.1/armv7-m\libgcc.a(_arm_fixdfsi.o)
                0x0000532c                __aeabi_d2iz
                0x0000532c                __fixdfsi
 .text          0x0000537c       0xa0 c:/program files (x86)/cypress/psoc creator/4.4/psoc creator/import/gnu/arm/5.4.1/bin/../lib/gcc/arm-none-eabi/5.4.1/armv7-m\libgcc.a(_arm_truncdfsf2.o)
                0x0000537c                __truncdfsf2
                0x0000537c                __aeabi_d2f
 .text          0x0000541c      0x21c c:/program files (x86)/cypress/psoc creator/4.4/psoc creator/import/gnu/arm/5.4.1/bin/../lib/gcc/arm-none-eabi/5.4.1/armv7-m\libgcc.a(_arm_addsubsf3.o)
                0x0000541c                __aeabi_frsub
                0x00005424                __subsf3
                0x00005424                __aeabi_fsub
                0x00005428                __aeabi_fadd
                0x00005428                __addsf3
                0x00005588                __aeabi_ui2f
                0x00005588                __floatunsisf
                0x00005590                __aeabi_i2f
                0x00005590                __floatsisf
                0x000055ac                __aeabi_ul2f
                0x000055ac                __floatundisf
                0x000055bc                __aeabi_l2f
                0x000055bc                __floatdisf
 .text          0x00005638      0x2a0 c:/program files (x86)/cypress/psoc creator/4.4/psoc creator/import/gnu/arm/5.4.1/bin/../lib/gcc/arm-none-eabi/5.4.1/armv7-m\libgcc.a(_arm_muldivsf3.o)
                0x00005638                __mulsf3
                0x00005638                __aeabi_fmul
                0x000057a0                __aeabi_fdiv
                0x000057a0                __divsf3
 .text          0x000058d8       0xec c:/program files (x86)/cypress/psoc creator/4.4/psoc creator/import/gnu/arm/5.4.1/bin/../lib/gcc/arm-none-eabi/5.4.1/armv7-m\libgcc.a(_arm_cmpsf2.o)
                0x000058d8                __gesf2
                0x000058d8                __gtsf2
                0x000058e0                __lesf2
                0x000058e0                __ltsf2
                0x000058e8                __nesf2
                0x000058e8                __eqsf2
                0x000058e8                __cmpsf2
                0x00005948                __aeabi_cfrcmple
                0x00005950                __aeabi_cfcmpeq
                0x00005950                __aeabi_cfcmple
                0x00005960                __aeabi_fcmpeq
                0x00005974                __aeabi_fcmplt
                0x00005988                __aeabi_fcmple
                0x0000599c                __aeabi_fcmpge
                0x000059b0                __aeabi_fcmpgt
 .text          0x000059c4       0x40 c:/program files (x86)/cypress/psoc creator/4.4/psoc creator/import/gnu/arm/5.4.1/bin/../lib/gcc/arm-none-eabi/5.4.1/armv7-m\libgcc.a(_arm_fixunssfsi.o)
                0x000059c4                __fixunssfsi
                0x000059c4                __aeabi_f2uiz
 .text.atoi     0x00005a04        0x8 c:/program files (x86)/cypress/psoc creator/4.4/psoc creator/import/gnu/arm/5.4.1/bin/../lib/gcc/arm-none-eabi/5.4.1/../../../../arm-none-eabi/lib/armv7-m\libg_nano.a(lib_a-atoi.o)
                0x00005a04                atoi
 .text.__errno  0x00005a0c        0xc c:/program files (x86)/cypress/psoc creator/4.4/psoc creator/import/gnu/arm/5.4.1/bin/../lib/gcc/arm-none-eabi/5.4.1/../../../../arm-none-eabi/lib/armv7-m\libg_nano.a(lib_a-errno.o)
                0x00005a0c                __errno
 .text.__libc_init_array
                0x00005a18       0x4c c:/program files (x86)/cypress/psoc creator/4.4/psoc creator/import/gnu/arm/5.4.1/bin/../lib/gcc/arm-none-eabi/5.4.1/../../../../arm-none-eabi/lib/armv7-m\libg_nano.a(lib_a-init.o)
                0x00005a18                __libc_init_array
 .text.memcpy   0x00005a64       0x16 c:/program files (x86)/cypress/psoc creator/4.4/psoc creator/import/gnu/arm/5.4.1/bin/../lib/gcc/arm-none-eabi/5.4.1/../../../../arm-none-eabi/lib/armv7-m\libg_nano.a(lib_a-memcpy-stub.o)
                0x00005a64                memcpy
 .text.memset   0x00005a7a       0x10 c:/program files (x86)/cypress/psoc creator/4.4/psoc creator/import/gnu/arm/5.4.1/bin/../lib/gcc/arm-none-eabi/5.4.1/../../../../arm-none-eabi/lib/armv7-m\libg_nano.a(lib_a-memset.o)
                0x00005a7a                memset
 .text.__cvt    0x00005a8a       0xc0 c:/program files (x86)/cypress/psoc creator/4.4/psoc creator/import/gnu/arm/5.4.1/bin/../lib/gcc/arm-none-eabi/5.4.1/../../../../arm-none-eabi/lib/armv7-m\libg_nano.a(lib_a-nano-vfprintf_float.o)
                0x00005a8a                __cvt
 .text.__exponent
                0x00005b4a       0x62 c:/program files (x86)/cypress/psoc creator/4.4/psoc creator/import/gnu/arm/5.4.1/bin/../lib/gcc/arm-none-eabi/5.4.1/../../../../arm-none-eabi/lib/armv7-m\libg_nano.a(lib_a-nano-vfprintf_float.o)
                0x00005b4a                __exponent
 .text._printf_float
                0x00005bac      0x488 c:/program files (x86)/cypress/psoc creator/4.4/psoc creator/import/gnu/arm/5.4.1/bin/../lib/gcc/arm-none-eabi/5.4.1/../../../../arm-none-eabi/lib/armv7-m\libg_nano.a(lib_a-nano-vfprintf_float.o)
                0x00005bac                _printf_float
 .text._printf_common
                0x00006034       0xec c:/program files (x86)/cypress/psoc creator/4.4/psoc creator/import/gnu/arm/5.4.1/bin/../lib/gcc/arm-none-eabi/5.4.1/../../../../arm-none-eabi/lib/armv7-m\libg_nano.a(lib_a-nano-vfprintf_i.o)
                0x00006034                _printf_common
 .text._printf_i
                0x00006120      0x24c c:/program files (x86)/cypress/psoc creator/4.4/psoc creator/import/gnu/arm/5.4.1/bin/../lib/gcc/arm-none-eabi/5.4.1/../../../../arm-none-eabi/lib/armv7-m\libg_nano.a(lib_a-nano-vfprintf_i.o)
                0x00006120                _printf_i
 .text.sprintf  0x0000636c       0x48 c:/program files (x86)/cypress/psoc creator/4.4/psoc creator/import/gnu/arm/5.4.1/bin/../lib/gcc/arm-none-eabi/5.4.1/../../../../arm-none-eabi/lib/armv7-m\libg_nano.a(lib_a-sprintf.o)
                0x0000636c                siprintf
                0x0000636c                sprintf
 .text          0x000063b4       0x14 c:/program files (x86)/cypress/psoc creator/4.4/psoc creator/import/gnu/arm/5.4.1/bin/../lib/gcc/arm-none-eabi/5.4.1/../../../../arm-none-eabi/lib/armv7-m\libg_nano.a(lib_a-strcmp.o)
                0x000063b4                strcmp
 .text.strcpy   0x000063c8       0x10 c:/program files (x86)/cypress/psoc creator/4.4/psoc creator/import/gnu/arm/5.4.1/bin/../lib/gcc/arm-none-eabi/5.4.1/../../../../arm-none-eabi/lib/armv7-m\libg_nano.a(lib_a-strcpy.o)
                0x000063c8                strcpy
 .text          0x000063d8       0x10 c:/program files (x86)/cypress/psoc creator/4.4/psoc creator/import/gnu/arm/5.4.1/bin/../lib/gcc/arm-none-eabi/5.4.1/../../../../arm-none-eabi/lib/armv7-m\libg_nano.a(lib_a-strlen.o)
                0x000063d8                strlen
 .text.strtok   0x000063e8       0x64 c:/program files (x86)/cypress/psoc creator/4.4/psoc creator/import/gnu/arm/5.4.1/bin/../lib/gcc/arm-none-eabi/5.4.1/../../../../arm-none-eabi/lib/armv7-m\libg_nano.a(lib_a-strtok.o)
                0x000063e8                strtok
 .text.__strtok_r
                0x0000644c       0x56 c:/program files (x86)/cypress/psoc creator/4.4/psoc creator/import/gnu/arm/5.4.1/bin/../lib/gcc/arm-none-eabi/5.4.1/../../../../arm-none-eabi/lib/armv7-m\libg_nano.a(lib_a-strtok_r.o)
                0x0000644c                __strtok_r
 *fill*         0x000064a2        0x2 
 .text._strtol_r
                0x000064a4      0x10c c:/program files (x86)/cypress/psoc creator/4.4/psoc creator/import/gnu/arm/5.4.1/bin/../lib/gcc/arm-none-eabi/5.4.1/../../../../arm-none-eabi/lib/armv7-m\libg_nano.a(lib_a-strtol.o)
                0x000064a4                _strtol_r
 .text.strtol   0x000065b0       0x14 c:/program files (x86)/cypress/psoc creator/4.4/psoc creator/import/gnu/arm/5.4.1/bin/../lib/gcc/arm-none-eabi/5.4.1/../../../../arm-none-eabi/lib/armv7-m\libg_nano.a(lib_a-strtol.o)
                0x000065b0                strtol
 .text.quorem   0x000065c4      0x116 c:/program files (x86)/cypress/psoc creator/4.4/psoc creator/import/gnu/arm/5.4.1/bin/../lib/gcc/arm-none-eabi/5.4.1/../../../../arm-none-eabi/lib/armv7-m\libg_nano.a(lib_a-dtoa.o)
 *fill*         0x000066da        0x6 
 .text._dtoa_r  0x000066e0      0xb30 c:/program files (x86)/cypress/psoc creator/4.4/psoc creator/import/gnu/arm/5.4.1/bin/../lib/gcc/arm-none-eabi/5.4.1/../../../../arm-none-eabi/lib/armv7-m\libg_nano.a(lib_a-dtoa.o)
                0x000066e0                _dtoa_r
 .text._localeconv_r
                0x00007210        0x8 c:/program files (x86)/cypress/psoc creator/4.4/psoc creator/import/gnu/arm/5.4.1/bin/../lib/gcc/arm-none-eabi/5.4.1/../../../../arm-none-eabi/lib/armv7-m\libg_nano.a(lib_a-locale.o)
                0x00007210                _localeconv_r
 .text.malloc   0x00007218       0x10 c:/program files (x86)/cypress/psoc creator/4.4/psoc creator/import/gnu/arm/5.4.1/bin/../lib/gcc/arm-none-eabi/5.4.1/../../../../arm-none-eabi/lib/armv7-m\libg_nano.a(lib_a-malloc.o)
                0x00007218                malloc
 .text.memchr   0x00007228       0x1c c:/program files (x86)/cypress/psoc creator/4.4/psoc creator/import/gnu/arm/5.4.1/bin/../lib/gcc/arm-none-eabi/5.4.1/../../../../arm-none-eabi/lib/armv7-m\libg_nano.a(lib_a-memchr-stub.o)
                0x00007228                memchr
 .text._Balloc  0x00007244       0x6a c:/program files (x86)/cypress/psoc creator/4.4/psoc creator/import/gnu/arm/5.4.1/bin/../lib/gcc/arm-none-eabi/5.4.1/../../../../arm-none-eabi/lib/armv7-m\libg_nano.a(lib_a-mprec.o)
                0x00007244                _Balloc
 .text._Bfree   0x000072ae       0x2e c:/program files (x86)/cypress/psoc creator/4.4/psoc creator/import/gnu/arm/5.4.1/bin/../lib/gcc/arm-none-eabi/5.4.1/../../../../arm-none-eabi/lib/armv7-m\libg_nano.a(lib_a-mprec.o)
                0x000072ae                _Bfree
 .text.__multadd
                0x000072dc       0x76 c:/program files (x86)/cypress/psoc creator/4.4/psoc creator/import/gnu/arm/5.4.1/bin/../lib/gcc/arm-none-eabi/5.4.1/../../../../arm-none-eabi/lib/armv7-m\libg_nano.a(lib_a-mprec.o)
                0x000072dc                __multadd
 .text.__hi0bits
                0x00007352       0x40 c:/program files (x86)/cypress/psoc creator/4.4/psoc creator/import/gnu/arm/5.4.1/bin/../lib/gcc/arm-none-eabi/5.4.1/../../../../arm-none-eabi/lib/armv7-m\libg_nano.a(lib_a-mprec.o)
                0x00007352                __hi0bits
 .text.__lo0bits
                0x00007392       0x5a c:/program files (x86)/cypress/psoc creator/4.4/psoc creator/import/gnu/arm/5.4.1/bin/../lib/gcc/arm-none-eabi/5.4.1/../../../../arm-none-eabi/lib/armv7-m\libg_nano.a(lib_a-mprec.o)
                0x00007392                __lo0bits
 .text.__i2b    0x000073ec       0x12 c:/program files (x86)/cypress/psoc creator/4.4/psoc creator/import/gnu/arm/5.4.1/bin/../lib/gcc/arm-none-eabi/5.4.1/../../../../arm-none-eabi/lib/armv7-m\libg_nano.a(lib_a-mprec.o)
                0x000073ec                __i2b
 .text.__multiply
                0x000073fe      0x120 c:/program files (x86)/cypress/psoc creator/4.4/psoc creator/import/gnu/arm/5.4.1/bin/../lib/gcc/arm-none-eabi/5.4.1/../../../../arm-none-eabi/lib/armv7-m\libg_nano.a(lib_a-mprec.o)
                0x000073fe                __multiply
 *fill*         0x0000751e        0x2 
 .text.__pow5mult
                0x00007520       0x9c c:/program files (x86)/cypress/psoc creator/4.4/psoc creator/import/gnu/arm/5.4.1/bin/../lib/gcc/arm-none-eabi/5.4.1/../../../../arm-none-eabi/lib/armv7-m\libg_nano.a(lib_a-mprec.o)
                0x00007520                __pow5mult
 .text.__lshift
                0x000075bc       0xa2 c:/program files (x86)/cypress/psoc creator/4.4/psoc creator/import/gnu/arm/5.4.1/bin/../lib/gcc/arm-none-eabi/5.4.1/../../../../arm-none-eabi/lib/armv7-m\libg_nano.a(lib_a-mprec.o)
                0x000075bc                __lshift
 .text.__mcmp   0x0000765e       0x38 c:/program files (x86)/cypress/psoc creator/4.4/psoc creator/import/gnu/arm/5.4.1/bin/../lib/gcc/arm-none-eabi/5.4.1/../../../../arm-none-eabi/lib/armv7-m\libg_nano.a(lib_a-mprec.o)
                0x0000765e                __mcmp
 .text.__mdiff  0x00007696       0xbe c:/program files (x86)/cypress/psoc creator/4.4/psoc creator/import/gnu/arm/5.4.1/bin/../lib/gcc/arm-none-eabi/5.4.1/../../../../arm-none-eabi/lib/armv7-m\libg_nano.a(lib_a-mprec.o)
                0x00007696                __mdiff
 .text.__d2b    0x00007754       0x9c c:/program files (x86)/cypress/psoc creator/4.4/psoc creator/import/gnu/arm/5.4.1/bin/../lib/gcc/arm-none-eabi/5.4.1/../../../../arm-none-eabi/lib/armv7-m\libg_nano.a(lib_a-mprec.o)
                0x00007754                __d2b
 .text._calloc_r
                0x000077f0       0x1c c:/program files (x86)/cypress/psoc creator/4.4/psoc creator/import/gnu/arm/5.4.1/bin/../lib/gcc/arm-none-eabi/5.4.1/../../../../arm-none-eabi/lib/armv7-m\libg_nano.a(lib_a-nano-callocr.o)
                0x000077f0                _calloc_r
 .text._free_r  0x0000780c       0x98 c:/program files (x86)/cypress/psoc creator/4.4/psoc creator/import/gnu/arm/5.4.1/bin/../lib/gcc/arm-none-eabi/5.4.1/../../../../arm-none-eabi/lib/armv7-m\libg_nano.a(lib_a-nano-freer.o)
                0x0000780c                _free_r
 .text._malloc_r
                0x000078a4       0xbc c:/program files (x86)/cypress/psoc creator/4.4/psoc creator/import/gnu/arm/5.4.1/bin/../lib/gcc/arm-none-eabi/5.4.1/../../../../arm-none-eabi/lib/armv7-m\libg_nano.a(lib_a-nano-mallocr.o)
                0x000078a4                _malloc_r
 .text.__ssputs_r
                0x00007960       0xb2 c:/program files (x86)/cypress/psoc creator/4.4/psoc creator/import/gnu/arm/5.4.1/bin/../lib/gcc/arm-none-eabi/5.4.1/../../../../arm-none-eabi/lib/armv7-m\libg_nano.a(lib_a-nano-svfprintf.o)
                0x00007960                __ssputs_r
 *fill*         0x00007a12        0x2 
 .text._svfprintf_r
                0x00007a14      0x1e8 c:/program files (x86)/cypress/psoc creator/4.4/psoc creator/import/gnu/arm/5.4.1/bin/../lib/gcc/arm-none-eabi/5.4.1/../../../../arm-none-eabi/lib/armv7-m\libg_nano.a(lib_a-nano-svfprintf.o)
                0x00007a14                _svfiprintf_r
                0x00007a14                _svfprintf_r
 .text._sbrk_r  0x00007bfc       0x20 c:/program files (x86)/cypress/psoc creator/4.4/psoc creator/import/gnu/arm/5.4.1/bin/../lib/gcc/arm-none-eabi/5.4.1/../../../../arm-none-eabi/lib/armv7-m\libg_nano.a(lib_a-sbrkr.o)
                0x00007bfc                _sbrk_r
 .text.memmove  0x00007c1c       0x36 c:/program files (x86)/cypress/psoc creator/4.4/psoc creator/import/gnu/arm/5.4.1/bin/../lib/gcc/arm-none-eabi/5.4.1/../../../../arm-none-eabi/lib/armv7-m\libg_nano.a(lib_a-memmove.o)
                0x00007c1c                memmove
 .text.__malloc_lock
                0x00007c52        0x2 c:/program files (x86)/cypress/psoc creator/4.4/psoc creator/import/gnu/arm/5.4.1/bin/../lib/gcc/arm-none-eabi/5.4.1/../../../../arm-none-eabi/lib/armv7-m\libg_nano.a(lib_a-mlock.o)
                0x00007c52                __malloc_lock
 .text.__malloc_unlock
                0x00007c54        0x2 c:/program files (x86)/cypress/psoc creator/4.4/psoc creator/import/gnu/arm/5.4.1/bin/../lib/gcc/arm-none-eabi/5.4.1/../../../../arm-none-eabi/lib/armv7-m\libg_nano.a(lib_a-mlock.o)
                0x00007c54                __malloc_unlock
 .text._realloc_r
                0x00007c56       0x4c c:/program files (x86)/cypress/psoc creator/4.4/psoc creator/import/gnu/arm/5.4.1/bin/../lib/gcc/arm-none-eabi/5.4.1/../../../../arm-none-eabi/lib/armv7-m\libg_nano.a(lib_a-nano-reallocr.o)
                0x00007c56                _realloc_r
 .text._malloc_usable_size_r
                0x00007ca2       0x14 c:/program files (x86)/cypress/psoc creator/4.4/psoc creator/import/gnu/arm/5.4.1/bin/../lib/gcc/arm-none-eabi/5.4.1/../../../../arm-none-eabi/lib/armv7-m\libg_nano.a(lib_a-nano-msizer.o)
                0x00007ca2                _malloc_usable_size_r
 *(.plt)
 *(.gnu.warning)
 *(.glue_7t)
 .glue_7t       0x00007cb6        0x0 linker stubs
 *(.glue_7)
 .glue_7        0x00007cb6        0x0 linker stubs
 *(.vfp11_veneer)
 .vfp11_veneer  0x00007cb6        0x0 linker stubs
 *(.bootloader)
 *(.ARM.extab* .gnu.linkonce.armextab.*)
 *(.gcc_except_table)

.v4_bx          0x00007cb8        0x0
 .v4_bx         0x00007cb8        0x0 linker stubs

.iplt           0x00007cb8        0x0
 .iplt          0x00007cb8        0x0 c:/program files (x86)/cypress/psoc creator/4.4/psoc creator/import/gnu/arm/5.4.1/bin/../lib/gcc/arm-none-eabi/5.4.1/armv7-m/crtbegin.o

.eh_frame_hdr
 *(.eh_frame_hdr)

.eh_frame       0x00007cb8        0x4
 *(.eh_frame)
 .eh_frame      0x00007cb8        0x0 c:/program files (x86)/cypress/psoc creator/4.4/psoc creator/import/gnu/arm/5.4.1/bin/../lib/gcc/arm-none-eabi/5.4.1/armv7-m/crtbegin.o
 .eh_frame      0x00007cb8        0x4 c:/program files (x86)/cypress/psoc creator/4.4/psoc creator/import/gnu/arm/5.4.1/bin/../lib/gcc/arm-none-eabi/5.4.1/armv7-m/crtend.o
                [!provide]                PROVIDE (__exidx_start, .)

.ARM.exidx
 *(.ARM.exidx* .gnu.linkonce.armexidx.*)
                0x00007cbc                __exidx_end = .

.rodata         0x00007cc0      0x4d8
 *(.rodata .rodata.* .gnu.linkonce.r.*)
 .rodata.str1.4
                0x00007cc0      0x1ec .\CortexM3\ARM_GCC_541\Debug\main.o
 .rodata        0x00007eac       0x3a .\CortexM3\ARM_GCC_541\Debug\cyfitter_cfg.o
 *fill*         0x00007ee6        0x2 
 .rodata.str1.4
                0x00007ee8        0x4 c:/program files (x86)/cypress/psoc creator/4.4/psoc creator/import/gnu/arm/5.4.1/bin/../lib/gcc/arm-none-eabi/5.4.1/../../../../arm-none-eabi/lib/armv7-m\libm.a(lib_a-w_pow.o)
 .rodata.str1.4
                0x00007eec        0x4 c:/program files (x86)/cypress/psoc creator/4.4/psoc creator/import/gnu/arm/5.4.1/bin/../lib/gcc/arm-none-eabi/5.4.1/../../../../arm-none-eabi/lib/armv7-m\libm.a(lib_a-e_pow.o)
                                  0x1 (size before relaxing)
 *fill*         0x00007eec        0x4 
 .rodata.TWO52  0x00007ef0       0x10 c:/program files (x86)/cypress/psoc creator/4.4/psoc creator/import/gnu/arm/5.4.1/bin/../lib/gcc/arm-none-eabi/5.4.1/../../../../arm-none-eabi/lib/armv7-m\libm.a(lib_a-s_rint.o)
 .rodata.str1.1
                0x00007f00        0x2 c:/program files (x86)/cypress/psoc creator/4.4/psoc creator/import/gnu/arm/5.4.1/bin/../lib/gcc/arm-none-eabi/5.4.1/../../../../arm-none-eabi/lib/armv7-m\libg_nano.a(lib_a-impure.o)
 .rodata.str1.1
                0x00007f02       0x12 c:/program files (x86)/cypress/psoc creator/4.4/psoc creator/import/gnu/arm/5.4.1/bin/../lib/gcc/arm-none-eabi/5.4.1/../../../../arm-none-eabi/lib/armv7-m\libg_nano.a(lib_a-nano-vfprintf_float.o)
 .rodata.str1.1
                0x00007f14       0x22 c:/program files (x86)/cypress/psoc creator/4.4/psoc creator/import/gnu/arm/5.4.1/bin/../lib/gcc/arm-none-eabi/5.4.1/../../../../arm-none-eabi/lib/armv7-m\libg_nano.a(lib_a-nano-vfprintf_i.o)
 .rodata._ctype_
                0x00007f36      0x101 c:/program files (x86)/cypress/psoc creator/4.4/psoc creator/import/gnu/arm/5.4.1/bin/../lib/gcc/arm-none-eabi/5.4.1/../../../../arm-none-eabi/lib/armv7-m\libg_nano.a(lib_a-ctype_.o)
                0x00007f36                _ctype_
 .rodata.str1.1
                0x00008037        0xd c:/program files (x86)/cypress/psoc creator/4.4/psoc creator/import/gnu/arm/5.4.1/bin/../lib/gcc/arm-none-eabi/5.4.1/../../../../arm-none-eabi/lib/armv7-m\libg_nano.a(lib_a-dtoa.o)
                                  0xf (size before relaxing)
 .rodata.str1.1
                0x00008044        0x8 c:/program files (x86)/cypress/psoc creator/4.4/psoc creator/import/gnu/arm/5.4.1/bin/../lib/gcc/arm-none-eabi/5.4.1/../../../../arm-none-eabi/lib/armv7-m\libg_nano.a(lib_a-locale.o)
                                  0xb (size before relaxing)
 *fill*         0x0000804c        0x4 
 .rodata.__mprec_tens
                0x00008050       0xc8 c:/program files (x86)/cypress/psoc creator/4.4/psoc creator/import/gnu/arm/5.4.1/bin/../lib/gcc/arm-none-eabi/5.4.1/../../../../arm-none-eabi/lib/armv7-m\libg_nano.a(lib_a-mprec.o)
                0x00008050                __mprec_tens
 .rodata.p05.5408
                0x00008118        0xc c:/program files (x86)/cypress/psoc creator/4.4/psoc creator/import/gnu/arm/5.4.1/bin/../lib/gcc/arm-none-eabi/5.4.1/../../../../arm-none-eabi/lib/armv7-m\libg_nano.a(lib_a-mprec.o)
 *fill*         0x00008124        0x4 
 .rodata.__mprec_bigtens
                0x00008128       0x28 c:/program files (x86)/cypress/psoc creator/4.4/psoc creator/import/gnu/arm/5.4.1/bin/../lib/gcc/arm-none-eabi/5.4.1/../../../../arm-none-eabi/lib/armv7-m\libg_nano.a(lib_a-mprec.o)
                0x00008128                __mprec_bigtens
 .rodata.str1.1
                0x00008150       0x11 c:/program files (x86)/cypress/psoc creator/4.4/psoc creator/import/gnu/arm/5.4.1/bin/../lib/gcc/arm-none-eabi/5.4.1/../../../../arm-none-eabi/lib/armv7-m\libg_nano.a(lib_a-nano-svfprintf.o)
                0x00008164                . = ALIGN (0x4)
 *fill*         0x00008161        0x3 
 *(.init)
 .init          0x00008164        0x4 c:/program files (x86)/cypress/psoc creator/4.4/psoc creator/import/gnu/arm/5.4.1/bin/../lib/gcc/arm-none-eabi/5.4.1/armv7-m/crti.o
                0x00008164                _init
 .init          0x00008168        0x8 c:/program files (x86)/cypress/psoc creator/4.4/psoc creator/import/gnu/arm/5.4.1/bin/../lib/gcc/arm-none-eabi/5.4.1/armv7-m/crtn.o
                0x00008170                . = ALIGN (0x4)
                0x00008170                __preinit_array_start = .
 *(.preinit_array)
                0x00008170                __preinit_array_end = .
                0x00008170                . = ALIGN (0x4)
                0x00008170                __init_array_start = .
 *(SORT(.init_array.*))
 *(.init_array)
 .init_array    0x00008170        0x4 c:/program files (x86)/cypress/psoc creator/4.4/psoc creator/import/gnu/arm/5.4.1/bin/../lib/gcc/arm-none-eabi/5.4.1/armv7-m/crtbegin.o
 .init_array    0x00008174        0x4 .\CortexM3\ARM_GCC_541\Debug\Cm3Start.o
                0x00008178                __init_array_end = .
                0x00008178                . = ALIGN (0x4)
 *(.fini)
 .fini          0x00008178        0x4 c:/program files (x86)/cypress/psoc creator/4.4/psoc creator/import/gnu/arm/5.4.1/bin/../lib/gcc/arm-none-eabi/5.4.1/armv7-m/crti.o
                0x00008178                _fini
 .fini          0x0000817c        0x8 c:/program files (x86)/cypress/psoc creator/4.4/psoc creator/import/gnu/arm/5.4.1/bin/../lib/gcc/arm-none-eabi/5.4.1/armv7-m/crtn.o
                0x00008184                . = ALIGN (0x4)
                0x00008184                __fini_array_start = .
 *(.fini_array)
 .fini_array    0x00008184        0x4 c:/program files (x86)/cypress/psoc creator/4.4/psoc creator/import/gnu/arm/5.4.1/bin/../lib/gcc/arm-none-eabi/5.4.1/armv7-m/crtbegin.o
 *(SORT(.fini_array.*))
                0x00008188                __fini_array_end = .
                0x00008188                . = ALIGN (0x4)
 *crtbegin.o(.ctors)
 *(EXCLUDE_FILE(*crtend.o) .ctors)
 *(SORT(.ctors.*))
 *crtend.o(.ctors)
                0x00008188                . = ALIGN (0x4)
 *crtbegin.o(.dtors)
 *(EXCLUDE_FILE(*crtend.o) .dtors)
 *(SORT(.dtors.*))
 *crtend.o(.dtors)
                0x00008188                . = ALIGN (0x4)
                0x00008188                __cy_regions = .
                0x00008188        0x4 LONG 0x8198 __cy_region_init_ram
                0x0000818c        0x4 LONG 0x1fff80c8 __cy_region_start_data
                0x00008190        0x4 LONG 0x130 __cy_region_init_size_ram
                0x00008194        0x4 LONG 0x908 __cy_region_zero_size_ram
                0x00008198                __cy_regions_end = .
                0x00008198                . = ALIGN (0x8)
                0x00008198                _etext = .

.cy_checksum_exclude
                0x00008198        0x0
 *(.cy_checksum_exclude)

.ramvectors     0x1fff8000       0xc0
                0x1fff8000                __cy_region_start_ram = .
 *(.ramvectors)
 .ramvectors    0x1fff8000       0xc0 .\CortexM3\ARM_GCC_541\Debug\Cm3Start.o
                0x1fff8000                CyRamVectors

.noinit         0x1fff80c0        0x1
 *(.noinit)
 .noinit        0x1fff80c0        0x1 .\CortexM3\ARM_GCC_541\Debug\Design01.a(CyLib.o)
                0x1fff80c0                CyResetStatus

.data           0x1fff80c8      0x130 load address 0x00008198
                0x1fff80c8                __cy_region_start_data = .
 *(.jcr)
 .jcr           0x1fff80c8        0x0 c:/program files (x86)/cypress/psoc creator/4.4/psoc creator/import/gnu/arm/5.4.1/bin/../lib/gcc/arm-none-eabi/5.4.1/armv7-m/crtbegin.o
 .jcr           0x1fff80c8        0x4 c:/program files (x86)/cypress/psoc creator/4.4/psoc creator/import/gnu/arm/5.4.1/bin/../lib/gcc/arm-none-eabi/5.4.1/armv7-m/crtend.o
 *(.got.plt)
 *(.got)
 *(.shdata)
 *(.data .data.* .gnu.linkonce.d.*)
 *fill*         0x1fff80cc        0x4 
 .data          0x1fff80d0       0x6c .\CortexM3\ARM_GCC_541\Debug\main.o
                0x1fff80d0                timer_period
                0x1fff80d8                K_p
                0x1fff80e0                K_i
                0x1fff80e8                K_d
                0x1fff80f0                PWM_Slave
                0x1fff80f4                cal
                0x1fff80f8                threshold
                0x1fff8100                PWM_Cal
                0x1fff8104                PWM_Master
                0x1fff8108                WHEEL_DIAMETER
                0x1fff8110                down_big
                0x1fff8114                close_small
                0x1fff8118                up_big
                0x1fff811c                open_small
                0x1fff8120                DISTANCE_BETW_WHEEL
                0x1fff8128                COUNT_WHEEL
                0x1fff8130                initial
                0x1fff8134                PWM_Slave_puck
                0x1fff8138                PWM_Master_puck
 .data          0x1fff813c        0x4 .\CortexM3\ARM_GCC_541\Debug\Cm3Start.o
 .data          0x1fff8140       0x10 .\CortexM3\ARM_GCC_541\Debug\Design01.a(CyLib.o)
                0x1fff8140                cydelay_32k_ms
                0x1fff8144                cydelay_freq_khz
                0x1fff8148                cydelay_freq_mhz
                0x1fff814c                cydelay_freq_hz
 .data.__fdlib_version
                0x1fff8150        0x1 c:/program files (x86)/cypress/psoc creator/4.4/psoc creator/import/gnu/arm/5.4.1/bin/../lib/gcc/arm-none-eabi/5.4.1/../../../../arm-none-eabi/lib/armv7-m\libm.a(lib_a-s_lib_ver.o)
                0x1fff8150                __fdlib_version
 *fill*         0x1fff8151        0x3 
 .data.impure_data
                0x1fff8154       0x60 c:/program files (x86)/cypress/psoc creator/4.4/psoc creator/import/gnu/arm/5.4.1/bin/../lib/gcc/arm-none-eabi/5.4.1/../../../../arm-none-eabi/lib/armv7-m\libg_nano.a(lib_a-impure.o)
 .data._impure_ptr
                0x1fff81b4        0x4 c:/program files (x86)/cypress/psoc creator/4.4/psoc creator/import/gnu/arm/5.4.1/bin/../lib/gcc/arm-none-eabi/5.4.1/../../../../arm-none-eabi/lib/armv7-m\libg_nano.a(lib_a-impure.o)
                0x1fff81b4                _impure_ptr
 .data.__ctype_ptr__
                0x1fff81b8        0x4 c:/program files (x86)/cypress/psoc creator/4.4/psoc creator/import/gnu/arm/5.4.1/bin/../lib/gcc/arm-none-eabi/5.4.1/../../../../arm-none-eabi/lib/armv7-m\libg_nano.a(lib_a-ctype_.o)
                0x1fff81b8                __ctype_ptr__
 .data.lconv    0x1fff81bc       0x38 c:/program files (x86)/cypress/psoc creator/4.4/psoc creator/import/gnu/arm/5.4.1/bin/../lib/gcc/arm-none-eabi/5.4.1/../../../../arm-none-eabi/lib/armv7-m\libg_nano.a(lib_a-locale.o)
                0x1fff81f8                . = ALIGN (0x8)
 *fill*         0x1fff81f4        0x4 
 *(.ram)
                0x1fff81f8                _edata = .

.igot.plt       0x1fff81f8        0x0 load address 0x000082c8
 .igot.plt      0x1fff81f8        0x0 c:/program files (x86)/cypress/psoc creator/4.4/psoc creator/import/gnu/arm/5.4.1/bin/../lib/gcc/arm-none-eabi/5.4.1/armv7-m/crtbegin.o

.bss            0x1fff81f8      0x908 load address 0x000082c8
                0x1fff81f8                PROVIDE (__bss_start__, .)
 *(.shbss)
 *(.bss .bss.* .gnu.linkonce.b.*)
 .bss           0x1fff81f8       0x1c c:/program files (x86)/cypress/psoc creator/4.4/psoc creator/import/gnu/arm/5.4.1/bin/../lib/gcc/arm-none-eabi/5.4.1/armv7-m/crtbegin.o
 *fill*         0x1fff8214        0x4 
 .bss           0x1fff8218      0x204 .\CortexM3\ARM_GCC_541\Debug\main.o
                0x1fff8218                limit_break_1
                0x1fff821c                limit_break_2
                0x1fff8220                is_moving
                0x1fff8224                Count_Master
                0x1fff8228                Count_Slave
                0x1fff8230                error
                0x1fff8238                accumulated_error
                0x1fff8240                last_error
                0x1fff8248                derivative_error
                0x1fff8250                ultrasonic_count
                0x1fff8258                ultrasonic_measure
                0x1fff8260                echo_select
                0x1fff8268                left_measured
                0x1fff8270                wall_detected_10
                0x1fff8274                slit_detected
                0x1fff8278                compare_ready
                0x1fff827c                i
                0x1fff8280                stop_bt
                0x1fff8284                array_1
                0x1fff828a                temp
                0x1fff828c                count
                0x1fff8290                error_gyro
                0x1fff8292                error_gyro_avg
                0x1fff8298                yaw_rate
                0x1fff82a0                current_reading
                0x1fff82a8                previous_reading
                0x1fff82b0                yaw_angle
                0x1fff82b8                cycles
                0x1fff82c0                heading
                0x1fff82c8                string_gyro
                0x1fff8390                direction
                0x1fff8398                y_coord
                0x1fff83a0                x_coord
                0x1fff83a8                pin_detected
                0x1fff83b0                CM_COUNT_CONV
                0x1fff83b8                puck_detected
                0x1fff83bc                limit_break_both
                0x1fff83c0                pin_iter
                0x1fff83c4                puck_flicked
                0x1fff83c8                pin_knockdown
                0x1fff83d0                PT_TURN_COUNT
                0x1fff83d8                CS_count_Red
                0x1fff83dc                CS_count_Green
                0x1fff83e0                CS_count_Blue
                0x1fff83e4                color_detected
                0x1fff83e8                WHEEL_CIRCUMFERENCE
                0x1fff83f0                DISTANCE_PT_TURN
                0x1fff83f8                puck_finding
                0x1fff83fc                wall_cal
                0x1fff8400                detect_pin
                0x1fff8404                dist_pin
                0x1fff8408                current_level
                0x1fff840c                pin_zone_number
                0x1fff8410                find_puck_colour
                0x1fff8414                step
                0x1fff8418                j
 .bss           0x1fff841c        0x1 .\CortexM3\ARM_GCC_541\Debug\Design01.a(QuadDec_1.o)
                0x1fff841c                QuadDec_1_initVar
 .bss           0x1fff841d        0x1 .\CortexM3\ARM_GCC_541\Debug\Design01.a(QuadDec_1_Cnt16.o)
                0x1fff841d                QuadDec_1_Cnt16_initVar
 .bss           0x1fff841e        0x2 .\CortexM3\ARM_GCC_541\Debug\Design01.a(UART_1.o)
                0x1fff841e                UART_1_initVar
 .bss           0x1fff8420        0x1 .\CortexM3\ARM_GCC_541\Debug\Design01.a(QuadDec_2.o)
                0x1fff8420                QuadDec_2_initVar
 .bss           0x1fff8421        0x1 .\CortexM3\ARM_GCC_541\Debug\Design01.a(QuadDec_2_Cnt16.o)
                0x1fff8421                QuadDec_2_Cnt16_initVar
 .bss           0x1fff8422        0x1 .\CortexM3\ARM_GCC_541\Debug\Design01.a(Timer_1.o)
                0x1fff8422                Timer_1_initVar
 .bss           0x1fff8423        0x1 .\CortexM3\ARM_GCC_541\Debug\Design01.a(Timer_2.o)
                0x1fff8423                Timer_2_initVar
 .bss           0x1fff8424        0x1 .\CortexM3\ARM_GCC_541\Debug\Design01.a(Timer_3.o)
                0x1fff8424                Timer_3_initVar
 .bss           0x1fff8425        0x1 .\CortexM3\ARM_GCC_541\Debug\Design01.a(PWM_ColorSensor.o)
                0x1fff8425                PWM_ColorSensor_initVar
 .bss           0x1fff8426        0x1 .\CortexM3\ARM_GCC_541\Debug\Design01.a(Counter_ColorSensor.o)
                0x1fff8426                Counter_ColorSensor_initVar
 .bss           0x1fff8427        0x1 .\CortexM3\ARM_GCC_541\Debug\Design01.a(PWM_SmallServo.o)
                0x1fff8427                PWM_SmallServo_initVar
 .bss           0x1fff8428        0x1 .\CortexM3\ARM_GCC_541\Debug\Design01.a(PWM_BigServo.o)
                0x1fff8428                PWM_BigServo_initVar
 .bss           0x1fff8429        0x1 .\CortexM3\ARM_GCC_541\Debug\Design01.a(PWM_Wheels.o)
                0x1fff8429                PWM_Wheels_initVar
 .bss           0x1fff842a        0x1 .\CortexM3\ARM_GCC_541\Debug\Design01.a(I2C_1.o)
                0x1fff842a                I2C_1_initVar
 .bss           0x1fff842b        0x1 .\CortexM3\ARM_GCC_541\Debug\Design01.a(ADC_SAR_1.o)
                0x1fff842b                ADC_SAR_1_initVar
 .bss           0x1fff842c        0x1 .\CortexM3\ARM_GCC_541\Debug\Design01.a(PWM_Flicker.o)
                0x1fff842c                PWM_Flicker_initVar
 *fill*         0x1fff842d        0x3 
 .bss.__malloc_sbrk_start
                0x1fff8430        0x4 c:/program files (x86)/cypress/psoc creator/4.4/psoc creator/import/gnu/arm/5.4.1/bin/../lib/gcc/arm-none-eabi/5.4.1/../../../../arm-none-eabi/lib/armv7-m\libg_nano.a(lib_a-nano-mallocr.o)
                0x1fff8430                __malloc_sbrk_start
 .bss.__malloc_free_list
                0x1fff8434        0x4 c:/program files (x86)/cypress/psoc creator/4.4/psoc creator/import/gnu/arm/5.4.1/bin/../lib/gcc/arm-none-eabi/5.4.1/../../../../arm-none-eabi/lib/armv7-m\libg_nano.a(lib_a-nano-mallocr.o)
                0x1fff8434                __malloc_free_list
 *(COMMON)
 COMMON         0x1fff8438      0x6a0 .\CortexM3\ARM_GCC_541\Debug\main.o
                0x1fff8438                string_6
                0x1fff8500                front_measured_2
                0x1fff8508                string_bt
                0x1fff85d0                Rx
                0x1fff85d4                string_3
                0x1fff869c                string_1
                0x1fff8764                string_7
                0x1fff8830                right_measured
                0x1fff8838                string_5
                0x1fff8900                front_measured_1
                0x1fff8908                string_4
                0x1fff89d0                string_2
                0x1fff8a98                tokenPtr
                0x1fff8a9c                task_info
 COMMON         0x1fff8ad8        0x1 .\CortexM3\ARM_GCC_541\Debug\Design01.a(I2C_1.o)
                0x1fff8ad8                I2C_1_state
 *fill*         0x1fff8ad9        0x3 
 COMMON         0x1fff8adc       0x11 .\CortexM3\ARM_GCC_541\Debug\Design01.a(I2C_1_MASTER.o)
                0x1fff8adc                I2C_1_mstrWrBufIndex
                0x1fff8add                I2C_1_mstrControl
                0x1fff8ade                I2C_1_mstrStatus
                0x1fff8adf                I2C_1_mstrWrBufSize
                0x1fff8ae0                I2C_1_mstrRdBufIndex
                0x1fff8ae4                I2C_1_mstrWrBufPtr
                0x1fff8ae8                I2C_1_mstrRdBufPtr
                0x1fff8aec                I2C_1_mstrRdBufSize
 *fill*         0x1fff8aed        0x3 
 COMMON         0x1fff8af0        0xa .\CortexM3\ARM_GCC_541\Debug\Design01.a(ADC_SAR_1.o)
                0x1fff8af0                ADC_SAR_1_countsPerVolt
                0x1fff8af2                ADC_SAR_1_shift
                0x1fff8af4                ADC_SAR_1_countsPer10Volt
                0x1fff8af8                ADC_SAR_1_offset
 *fill*         0x1fff8afa        0x2 
 COMMON         0x1fff8afc        0x4 c:/program files (x86)/cypress/psoc creator/4.4/psoc creator/import/gnu/arm/5.4.1/bin/../lib/gcc/arm-none-eabi/5.4.1/../../../../arm-none-eabi/lib/armv7-m\libg_nano.a(lib_a-reent.o)
                0x1fff8afc                errno
                0x1fff8b00                . = ALIGN (0x8)
 *(.ram.b)
                0x1fff8b00                _end = .
                0x1fff8b00                __end = .
                0x1fff8b00                PROVIDE (end, .)
                0x1fff8b00                PROVIDE (__bss_end__, .)
                0x00008198                __cy_region_init_ram = LOADADDR (.data)
                0x00000130                __cy_region_init_size_ram = (_edata - ADDR (.data))
                0x00000908                __cy_region_zero_size_ram = (_end - _edata)

.heap           0x1fff8b00      0x200 load address 0x000082c8
                0x1fff8b00                . = _end
                0x1fff8d00                . = (. + 0x200)
 *fill*         0x1fff8b00      0x200 
                0x1fff8d00                __cy_heap_limit = .

.stack          0x20007800      0x800
                0x20007800                __cy_stack_limit = .
                0x20008000                . = (. + 0x800)
 *fill*         0x20007800      0x800 
                0x00000001                ASSERT ((__cy_stack_limit >= __cy_heap_limit), region RAM overflowed with stack)
                0x00000000                cy_checksum_exclude_size = (CY_APPL_LOADABLE == 0x1)?SIZEOF (.cy_checksum_exclude):0x0
                0x00000001                ASSERT ((cy_checksum_exclude_size <= CY_CHECKSUM_EXCLUDE_SIZE), CY_BOOT: Section .cy_checksum_exclude size exceedes specified limit.)

.cyloadermeta
 *(.cyloadermeta)

.cyloadablemeta
 *(.cyloadablemeta)

.cyconfigecc    0x80000000     0x129c
 *(.cyconfigecc)
 .cyconfigecc   0x80000000     0x129c .\CortexM3\ARM_GCC_541\Debug\cymetadata.o
                0x80000000                cy_meta_configecc

.cycustnvl      0x90000000        0x4
 *(.cycustnvl)
 .cycustnvl     0x90000000        0x4 .\CortexM3\ARM_GCC_541\Debug\cymetadata.o
                0x90000000                cy_meta_custnvl

.cywolatch      0x90100000        0x4
 *(.cywolatch)
 .cywolatch     0x90100000        0x4 .\CortexM3\ARM_GCC_541\Debug\cymetadata.o
                0x90100000                cy_meta_wonvl

.cyeeprom       0x90200000        0x0
 *(.cyeeprom)
                0x00000001                ASSERT ((. <= ((0x90200000 + ee_offset) + ee_size)), .cyeeprom data will not fit in EEPROM)

.cyflashprotect
                0x90400000      0x100
 *(.cyflashprotect)
 .cyflashprotect
                0x90400000      0x100 .\CortexM3\ARM_GCC_541\Debug\cymetadata.o
                0x90400000                cy_meta_flashprotect

.cymeta         0x90500000        0xc
 *(.cymeta)
 .cymeta        0x90500000        0xc .\CortexM3\ARM_GCC_541\Debug\cymetadata.o
                0x90500000                cy_metadata

.rel.dyn        0x000082c8        0x0 load address 0x9050000c
 .rel.iplt      0x000082c8        0x0 c:/program files (x86)/cypress/psoc creator/4.4/psoc creator/import/gnu/arm/5.4.1/bin/../lib/gcc/arm-none-eabi/5.4.1/armv7-m/crtbegin.o

.stab
 *(.stab)

.stabstr
 *(.stabstr)

.debug
 *(.debug)

.line
 *(.line)

.debug_srcinfo
 *(.debug_srcinfo)

.debug_sfnames
 *(.debug_sfnames)

.debug_aranges  0x00000000     0x1828
 *(.debug_aranges)
 .debug_aranges
                0x00000000       0xf8 .\CortexM3\ARM_GCC_541\Debug\main.o
 .debug_aranges
                0x000000f8       0x58 .\CortexM3\ARM_GCC_541\Debug\cyfitter_cfg.o
 .debug_aranges
                0x00000150       0x18 .\CortexM3\ARM_GCC_541\Debug\cymetadata.o
 .debug_aranges
                0x00000168       0x48 .\CortexM3\ARM_GCC_541\Debug\Cm3Start.o
 .debug_aranges
                0x000001b0       0x38 .\CortexM3\ARM_GCC_541\Debug\Design01.a(Motor_1_IN_1.o)
 .debug_aranges
                0x000001e8       0x38 .\CortexM3\ARM_GCC_541\Debug\Design01.a(Motor_1_IN_2.o)
 .debug_aranges
                0x00000220      0x2a0 .\CortexM3\ARM_GCC_541\Debug\Design01.a(CyLib.o)
 .debug_aranges
                0x000004c0       0x98 .\CortexM3\ARM_GCC_541\Debug\Design01.a(cyPm.o)
 .debug_aranges
                0x00000558       0x60 .\CortexM3\ARM_GCC_541\Debug\Design01.a(QuadDec_1.o)
 .debug_aranges
                0x000005b8       0x98 .\CortexM3\ARM_GCC_541\Debug\Design01.a(QuadDec_1_Cnt16.o)
 .debug_aranges
                0x00000650       0xf0 .\CortexM3\ARM_GCC_541\Debug\Design01.a(UART_1.o)
 .debug_aranges
                0x00000740       0x70 .\CortexM3\ARM_GCC_541\Debug\Design01.a(UART_1_IntClock.o)
 .debug_aranges
                0x000007b0       0x60 .\CortexM3\ARM_GCC_541\Debug\Design01.a(QuadDec_2.o)
 .debug_aranges
                0x00000810       0x98 .\CortexM3\ARM_GCC_541\Debug\Design01.a(QuadDec_2_Cnt16.o)
 .debug_aranges