Archive member included to satisfy reference by file (symbol)

.\CortexM3\ARM_GCC_541\Debug\Design01.a(Motor_1_IN_1.o)
                              .\CortexM3\ARM_GCC_541\Debug\main.o (Motor_1_IN_1_Write)
.\CortexM3\ARM_GCC_541\Debug\Design01.a(Motor_1_IN_2.o)
                              .\CortexM3\ARM_GCC_541\Debug\main.o (Motor_1_IN_2_Write)
.\CortexM3\ARM_GCC_541\Debug\Design01.a(CyLib.o)
                              .\CortexM3\ARM_GCC_541\Debug\Cm3Start.o (CyHalt)
.\CortexM3\ARM_GCC_541\Debug\Design01.a(cyPm.o)
                              .\CortexM3\ARM_GCC_541\Debug\Design01.a(CyLib.o) (CyPmReadStatus)
.\CortexM3\ARM_GCC_541\Debug\Design01.a(QuadDec_1.o)
                              .\CortexM3\ARM_GCC_541\Debug\main.o (QuadDec_1_GetCounter)
.\CortexM3\ARM_GCC_541\Debug\Design01.a(QuadDec_1_Cnt16.o)
                              .\CortexM3\ARM_GCC_541\Debug\Design01.a(QuadDec_1.o) (QuadDec_1_Cnt16_Stop)
.\CortexM3\ARM_GCC_541\Debug\Design01.a(UART_1.o)
                              .\CortexM3\ARM_GCC_541\Debug\main.o (UART_1_Start)
.\CortexM3\ARM_GCC_541\Debug\Design01.a(UART_1_IntClock.o)
                              .\CortexM3\ARM_GCC_541\Debug\Design01.a(UART_1.o) (UART_1_IntClock_Start)
.\CortexM3\ARM_GCC_541\Debug\Design01.a(QuadDec_2.o)
                              .\CortexM3\ARM_GCC_541\Debug\main.o (QuadDec_2_GetCounter)
.\CortexM3\ARM_GCC_541\Debug\Design01.a(QuadDec_2_Cnt16.o)
                              .\CortexM3\ARM_GCC_541\Debug\Design01.a(QuadDec_2.o) (QuadDec_2_Cnt16_Stop)
.\CortexM3\ARM_GCC_541\Debug\Design01.a(Motor_2_IN_3.o)
                              .\CortexM3\ARM_GCC_541\Debug\main.o (Motor_2_IN_3_Write)
.\CortexM3\ARM_GCC_541\Debug\Design01.a(Motor_2_IN_4.o)
                              .\CortexM3\ARM_GCC_541\Debug\main.o (Motor_2_IN_4_Write)
.\CortexM3\ARM_GCC_541\Debug\Design01.a(Timer_1.o)
                              .\CortexM3\ARM_GCC_541\Debug\main.o (Timer_1_Start)
.\CortexM3\ARM_GCC_541\Debug\Design01.a(isr_1.o)
                              .\CortexM3\ARM_GCC_541\Debug\main.o (isr_1_StartEx)
.\CortexM3\ARM_GCC_541\Debug\Design01.a(Timer_2.o)
                              .\CortexM3\ARM_GCC_541\Debug\main.o (Timer_2_ReadStatusRegister)
.\CortexM3\ARM_GCC_541\Debug\Design01.a(Trigger.o)
                              .\CortexM3\ARM_GCC_541\Debug\main.o (Trigger_Write)
.\CortexM3\ARM_GCC_541\Debug\Design01.a(isr_2.o)
                              .\CortexM3\ARM_GCC_541\Debug\main.o (isr_2_StartEx)
.\CortexM3\ARM_GCC_541\Debug\Design01.a(Timer_3.o)
                              .\CortexM3\ARM_GCC_541\Debug\main.o (Timer_3_ReadStatusRegister)
.\CortexM3\ARM_GCC_541\Debug\Design01.a(isr_3.o)
                              .\CortexM3\ARM_GCC_541\Debug\main.o (isr_3_StartEx)
.\CortexM3\ARM_GCC_541\Debug\Design01.a(Left_Echo.o)
                              .\CortexM3\ARM_GCC_541\Debug\main.o (Left_Echo_Read)
.\CortexM3\ARM_GCC_541\Debug\Design01.a(Front_Echo_1.o)
                              .\CortexM3\ARM_GCC_541\Debug\main.o (Front_Echo_1_Read)
.\CortexM3\ARM_GCC_541\Debug\Design01.a(PWM_ColorSensor.o)
                              .\CortexM3\ARM_GCC_541\Debug\main.o (PWM_ColorSensor_ReadStatusRegister)
.\CortexM3\ARM_GCC_541\Debug\Design01.a(Counter_ColorSensor.o)
                              .\CortexM3\ARM_GCC_541\Debug\main.o (Counter_ColorSensor_Stop)
.\CortexM3\ARM_GCC_541\Debug\Design01.a(isr_6.o)
                              .\CortexM3\ARM_GCC_541\Debug\main.o (isr_6_StartEx)
.\CortexM3\ARM_GCC_541\Debug\Design01.a(Control_Reg_1.o)
                              .\CortexM3\ARM_GCC_541\Debug\main.o (Control_Reg_1_Write)
.\CortexM3\ARM_GCC_541\Debug\Design01.a(S1.o)
                              .\CortexM3\ARM_GCC_541\Debug\main.o (S1_Write)
.\CortexM3\ARM_GCC_541\Debug\Design01.a(S2.o)
                              .\CortexM3\ARM_GCC_541\Debug\main.o (S2_Write)
.\CortexM3\ARM_GCC_541\Debug\Design01.a(S0.o)
                              .\CortexM3\ARM_GCC_541\Debug\main.o (S0_Write)
.\CortexM3\ARM_GCC_541\Debug\Design01.a(S3.o)
                              .\CortexM3\ARM_GCC_541\Debug\main.o (S3_Write)
.\CortexM3\ARM_GCC_541\Debug\Design01.a(CS_LED.o)
                              .\CortexM3\ARM_GCC_541\Debug\main.o (CS_LED_Write)
.\CortexM3\ARM_GCC_541\Debug\Design01.a(IR_input.o)
                              .\CortexM3\ARM_GCC_541\Debug\main.o (IR_input_Read)
.\CortexM3\ARM_GCC_541\Debug\Design01.a(led_green.o)
                              .\CortexM3\ARM_GCC_541\Debug\main.o (led_green_Write)
.\CortexM3\ARM_GCC_541\Debug\Design01.a(led_red.o)
                              .\CortexM3\ARM_GCC_541\Debug\main.o (led_red_Write)
.\CortexM3\ARM_GCC_541\Debug\Design01.a(led_blue.o)
                              .\CortexM3\ARM_GCC_541\Debug\main.o (led_blue_Write)
.\CortexM3\ARM_GCC_541\Debug\Design01.a(PWM_SmallServo.o)
                              .\CortexM3\ARM_GCC_541\Debug\main.o (PWM_SmallServo_WriteCompare)
[...]
Memory Configuration

Name             Origin             Length             Attributes
rom              0x00000000         0x00040000         xr
ram              0x1fff8000         0x00010000         xrw
*default*        0x00000000         0xffffffff

Linker script and memory map

LOAD c:/program files (x86)/cypress/psoc creator/4.4/psoc creator/import/gnu/arm/5.4.1/bin/../lib/gcc/arm-none-eabi/5.4.1/armv7-m/crti.o
LOAD c:/program files (x86)/cypress/psoc creator/4.4/psoc creator/import/gnu/arm/5.4.1/bin/../lib/gcc/arm-none-eabi/5.4.1/armv7-m/crtbegin.o
LOAD c:/program files (x86)/cypress/psoc creator/4.4/psoc creator/import/gnu/arm/5.4.1/bin/../lib/gcc/arm-none-eabi/5.4.1/../../../../arm-none-eabi/lib/armv7-m/crt0.o
START GROUP
LOAD .\CortexM3\ARM_GCC_541\Debug\main.o
LOAD .\CortexM3\ARM_GCC_541\Debug\cyfitter_cfg.o
LOAD .\CortexM3\ARM_GCC_541\Debug\cymetadata.o
LOAD .\CortexM3\ARM_GCC_541\Debug\Cm3Start.o
LOAD .\CortexM3\ARM_GCC_541\Debug\Design01.a
LOAD C:\Program Files (x86)\Cypress\PSoC Creator\4.4\PSoC Creator\psoc\content\cycomponentlibrary\CyComponentLibrary.cylib\CortexM3\ARM_GCC_541\Debug\CyComponentLibrary.a
END GROUP
START GROUP
LOAD c:/program files (x86)/cypress/psoc creator/4.4/psoc creator/import/gnu/arm/5.4.1/bin/../lib/gcc/arm-none-eabi/5.4.1/armv7-m\libgcc.a
LOAD c:/program files (x86)/cypress/psoc creator/4.4/psoc creator/import/gnu/arm/5.4.1/bin/../lib/gcc/arm-none-eabi/5.4.1/../../../../arm-none-eabi/lib/armv7-m\libg_nano.a
LOAD c:/program files (x86)/cypress/psoc creator/4.4/psoc creator/import/gnu/arm/5.4.1/bin/../lib/gcc/arm-none-eabi/5.4.1/../../../../arm-none-eabi/lib/armv7-m\libc_nano.a
END GROUP
START GROUP
LOAD c:/program files (x86)/cypress/psoc creator/4.4/psoc creator/import/gnu/arm/5.4.1/bin/../lib/gcc/arm-none-eabi/5.4.1/armv7-m\libgcc.a
LOAD c:/program files (x86)/cypress/psoc creator/4.4/psoc creator/import/gnu/arm/5.4.1/bin/../lib/gcc/arm-none-eabi/5.4.1/../../../../arm-none-eabi/lib/armv7-m\libc_nano.a
END GROUP
LOAD c:/program files (x86)/cypress/psoc creator/4.4/psoc creator/import/gnu/arm/5.4.1/bin/../lib/gcc/arm-none-eabi/5.4.1/armv7-m/crtend.o
LOAD c:/program files (x86)/cypress/psoc creator/4.4/psoc creator/import/gnu/arm/5.4.1/bin/../lib/gcc/arm-none-eabi/5.4.1/armv7-m/crtn.o
START GROUP
LOAD c:/program files (x86)/cypress/psoc creator/4.4/psoc creator/import/gnu/arm/5.4.1/bin/../lib/gcc/arm-none-eabi/5.4.1/armv7-m\libgcc.a
LOAD c:/program files (x86)/cypress/psoc creator/4.4/psoc creator/import/gnu/arm/5.4.1/bin/../lib/gcc/arm-none-eabi/5.4.1/../../../../arm-none-eabi/lib/armv7-m\libc.a
LOAD c:/program files (x86)/cypress/psoc creator/4.4/psoc creator/import/gnu/arm/5.4.1/bin/../lib/gcc/arm-none-eabi/5.4.1/../../../../arm-none-eabi/lib/armv7-m\libnosys.a
END GROUP
                0x00000000                CY_APPL_ORIGIN = 0x0
                0x00000100                CY_FLASH_ROW_SIZE = 0x100
                0x00000020                CY_ECC_ROW_SIZE = 0x20
                0x00000000                CY_EE_IN_BTLDR = 0x0
                0x00000000                CY_APPL_LOADABLE = 0x0
                0x00000800                CY_EE_SIZE = 0x800
                0x00000001                CY_APPL_NUM = 0x1
                0x00000001                CY_APPL_MAX = 0x1
                0x00000040                CY_METADATA_SIZE = 0x40
                0x00000000                CY_APPL_LOADABLE = 0x0
                0x00000000                CY_CHECKSUM_EXCLUDE_SIZE = ALIGN (0x0, CY_FLASH_ROW_SIZE)
                [!provide]                PROVIDE (__cy_heap_start, _end)
                0x00000001                PROVIDE (__cy_region_num, ((__cy_regions_end - __cy_regions) / 0x10))
                0x20008000                PROVIDE (__cy_stack, (ORIGIN (ram) + LENGTH (ram)))
                [!provide]                PROVIDE (__cy_heap_end, (__cy_stack - 0x800))

.cybootloader   0x00000000        0x0
 *(.cybootloader)
                0x00000000                appl1_start = CY_APPL_ORIGIN?CY_APPL_ORIGIN:ALIGN (CY_FLASH_ROW_SIZE)
                0x0001ff00                appl2_start = (appl1_start + ALIGN ((((LENGTH (rom) - appl1_start) - (0x2 * CY_FLASH_ROW_SIZE)) / 0x2), CY_FLASH_ROW_SIZE))
                0x00000000                appl_start = (CY_APPL_NUM == 0x1)?appl1_start:appl2_start
                0x00000000                ecc_offset = ((appl_start / CY_FLASH_ROW_SIZE) * CY_ECC_ROW_SIZE)
                0x00000000                ee_offset = (CY_APPL_LOADABLE && ! (CY_EE_IN_BTLDR))?((CY_EE_SIZE / CY_APPL_MAX) * (CY_APPL_NUM - 0x1)):0x0
                0x00000800                ee_size = (CY_APPL_LOADABLE && ! (CY_EE_IN_BTLDR))?(CY_EE_SIZE / CY_APPL_MAX):CY_EE_SIZE
                [!provide]                PROVIDE (CY_ECC_OFFSET, ecc_offset)

.text           0x00000000     0x4b14
 CREATE_OBJECT_SYMBOLS
                0x00000000                PROVIDE (__cy_interrupt_vector, RomVectors)
 *(.romvectors)
 .romvectors    0x00000000       0x10 .\CortexM3\ARM_GCC_541\Debug\Cm3Start.o
                0x00000000                RomVectors
                0x00000001                ASSERT ((. != __cy_interrupt_vector), No interrupt vector)
                0x00000001                ASSERT (CY_APPL_ORIGIN?(SIZEOF (.cybootloader) <= CY_APPL_ORIGIN):0x1, Wrong image location)
                0x00000010                PROVIDE (__cy_reset, Reset)
 *(.text.Reset)
 .text.Reset    0x00000010       0x18 .\CortexM3\ARM_GCC_541\Debug\Cm3Start.o
                0x00000010                Reset
                0x00000001                ASSERT ((. != __cy_reset), No reset code)
 *(.dma_init)
                0x00000001                ASSERT ((((appl_start + .) <= 0x10000) || 0x1), DMA Init must be within the first 64k of flash)
 *(.text .text.* .gnu.linkonce.t.*)
 .text          0x00000028       0x5c c:/program files (x86)/cypress/psoc creator/4.4/psoc creator/import/gnu/arm/5.4.1/bin/../lib/gcc/arm-none-eabi/5.4.1/armv7-m/crtbegin.o
 *fill*         0x00000084        0x4 
 .text.Speed_Control
                0x00000088       0x78 .\CortexM3\ARM_GCC_541\Debug\main.o
                0x00000088                Speed_Control
 .text.ultrasonic_trigger
                0x00000100       0x60 .\CortexM3\ARM_GCC_541\Debug\main.o
                0x00000100                ultrasonic_trigger
 .text.ultrasonic_echo
                0x00000160       0xb8 .\CortexM3\ARM_GCC_541\Debug\main.o
                0x00000160                ultrasonic_echo
 .text.Color_sensing
                0x00000218       0x14 .\CortexM3\ARM_GCC_541\Debug\main.o
                0x00000218                Color_sensing
 .text.stop     0x0000022c       0x28 .\CortexM3\ARM_GCC_541\Debug\main.o
                0x0000022c                stop
 .text.forward  0x00000254       0x28 .\CortexM3\ARM_GCC_541\Debug\main.o
                0x00000254                forward
 .text.reverse  0x0000027c       0x28 .\CortexM3\ARM_GCC_541\Debug\main.o
                0x0000027c                reverse
 .text.turn_anticlockwise
                0x000002a4       0x28 .\CortexM3\ARM_GCC_541\Debug\main.o
                0x000002a4                turn_anticlockwise
 .text.turn_clockwise
                0x000002cc       0x28 .\CortexM3\ARM_GCC_541\Debug\main.o
                0x000002cc                turn_clockwise
 .text.reset_count
                0x000002f4       0x1c .\CortexM3\ARM_GCC_541\Debug\main.o
                0x000002f4                reset_count
 .text.move_fixed_dist
                0x00000310      0x110 .\CortexM3\ARM_GCC_541\Debug\main.o
                0x00000310                move_fixed_dist
 .text.forward2wall
                0x00000420       0xf0 .\CortexM3\ARM_GCC_541\Debug\main.o
                0x00000420                forward2wall
 .text.move2slit
                0x00000510      0x118 .\CortexM3\ARM_GCC_541\Debug\main.o
                0x00000510                move2slit
 .text.move2puck
                0x00000628       0xd8 .\CortexM3\ARM_GCC_541\Debug\main.o
                0x00000628                move2puck
 .text.CW       0x00000700       0x80 .\CortexM3\ARM_GCC_541\Debug\main.o
                0x00000700                CW
 .text.Color_Sensing_Function
                0x00000780      0x1b0 .\CortexM3\ARM_GCC_541\Debug\main.o
                0x00000780                Color_Sensing_Function
 .text.main     0x00000930      0x558 .\CortexM3\ARM_GCC_541\Debug\main.o
                0x00000930                main
 .text.CyClockStartupError
                0x00000e88        0x4 .\CortexM3\ARM_GCC_541\Debug\cyfitter_cfg.o
 .text.cfg_write_bytes32
                0x00000e8c       0x34 .\CortexM3\ARM_GCC_541\Debug\cyfitter_cfg.o
 .text.AnalogSetDefault
                0x00000ec0       0x28 .\CortexM3\ARM_GCC_541\Debug\cyfitter_cfg.o
 .text.CYMEMZERO
                0x00000ee8        0xc .\CortexM3\ARM_GCC_541\Debug\cyfitter_cfg.o
 .text.ClockSetup
                0x00000ef4       0xf8 .\CortexM3\ARM_GCC_541\Debug\cyfitter_cfg.o
 .text.CYCONFIGCPY
                0x00000fec        0x8 .\CortexM3\ARM_GCC_541\Debug\cyfitter_cfg.o
 .text.cyfitter_cfg
                0x00000ff4      0x158 .\CortexM3\ARM_GCC_541\Debug\cyfitter_cfg.o
                0x00000ff4                cyfitter_cfg
 .text.IntDefaultHandler
                0x0000114c       0x10 .\CortexM3\ARM_GCC_541\Debug\Cm3Start.o
                0x0000114c                IntDefaultHandler
 .text._sbrk    0x0000115c       0x30 .\CortexM3\ARM_GCC_541\Debug\Cm3Start.o
                0x0000115c                _sbrk
 .text.Start_c  0x0000118c       0x4c .\CortexM3\ARM_GCC_541\Debug\Cm3Start.o
                0x0000118c                Start_c
 .text.initialize_psoc
                0x000011d8       0x68 .\CortexM3\ARM_GCC_541\Debug\Cm3Start.o
                0x000011d8                initialize_psoc
 .text.Motor_1_IN_1_Write
                0x00001240       0x18 .\CortexM3\ARM_GCC_541\Debug\Design01.a(Motor_1_IN_1.o)
                0x00001240                Motor_1_IN_1_Write
 .text.Motor_1_IN_2_Write
                0x00001258       0x18 .\CortexM3\ARM_GCC_541\Debug\Design01.a(Motor_1_IN_2.o)
                0x00001258                Motor_1_IN_2_Write
 .text.CyDelay  0x00001270       0x2c .\CortexM3\ARM_GCC_541\Debug\Design01.a(CyLib.o)
                0x00001270                CyDelay
 .text.CyDelayUs
                0x0000129c       0x14 .\CortexM3\ARM_GCC_541\Debug\Design01.a(CyLib.o)
                0x0000129c                CyDelayUs
 .text.QuadDec_1_GetCounter
                0x000012b0       0x10 .\CortexM3\ARM_GCC_541\Debug\Design01.a(QuadDec_1.o)
                0x000012b0                QuadDec_1_GetCounter
 .text.QuadDec_1_SetCounter
                0x000012c0       0x1c .\CortexM3\ARM_GCC_541\Debug\Design01.a(QuadDec_1.o)
                0x000012c0                QuadDec_1_SetCounter
 .text.QuadDec_1_GetEvents
                0x000012dc       0x10 .\CortexM3\ARM_GCC_541\Debug\Design01.a(QuadDec_1.o)
                0x000012dc                QuadDec_1_GetEvents
 .text.QuadDec_1_SetInterruptMask
                0x000012ec        0xc .\CortexM3\ARM_GCC_541\Debug\Design01.a(QuadDec_1.o)
                0x000012ec                QuadDec_1_SetInterruptMask
 .text.QuadDec_1_Enable
                0x000012f8       0x24 .\CortexM3\ARM_GCC_541\Debug\Design01.a(QuadDec_1.o)
                0x000012f8                QuadDec_1_Enable
 .text.QuadDec_1_Start
                0x0000131c       0x24 .\CortexM3\ARM_GCC_541\Debug\Design01.a(QuadDec_1.o)
                0x0000131c                QuadDec_1_Start
 .text.QuadDec_1_Cnt16_Enable
                0x00001340       0x10 .\CortexM3\ARM_GCC_541\Debug\Design01.a(QuadDec_1_Cnt16.o)
                0x00001340                QuadDec_1_Cnt16_Enable
 .text.QuadDec_1_Cnt16_SetInterruptMode
                0x00001350        0xc .\CortexM3\ARM_GCC_541\Debug\Design01.a(QuadDec_1_Cnt16.o)
                0x00001350                QuadDec_1_Cnt16_SetInterruptMode
 .text.QuadDec_1_Cnt16_ReadStatusRegister
                0x0000135c        0xc .\CortexM3\ARM_GCC_541\Debug\Design01.a(QuadDec_1_Cnt16.o)
                0x0000135c                QuadDec_1_Cnt16_ReadStatusRegister
 .text.QuadDec_1_Cnt16_WriteCounter
                0x00001368        0xc .\CortexM3\ARM_GCC_541\Debug\Design01.a(QuadDec_1_Cnt16.o)
                0x00001368                QuadDec_1_Cnt16_WriteCounter
 .text.QuadDec_1_Cnt16_ReadCounter
                0x00001374       0x14 .\CortexM3\ARM_GCC_541\Debug\Design01.a(QuadDec_1_Cnt16.o)
                0x00001374                QuadDec_1_Cnt16_ReadCounter
 .text.QuadDec_1_Cnt16_ReadCapture
                0x00001388        0xc .\CortexM3\ARM_GCC_541\Debug\Design01.a(QuadDec_1_Cnt16.o)
                0x00001388                QuadDec_1_Cnt16_ReadCapture
 .text.QuadDec_1_Cnt16_WritePeriod
                0x00001394        0xc .\CortexM3\ARM_GCC_541\Debug\Design01.a(QuadDec_1_Cnt16.o)
                0x00001394                QuadDec_1_Cnt16_WritePeriod
 .text.QuadDec_1_Cnt16_WriteCompare
                0x000013a0        0xc .\CortexM3\ARM_GCC_541\Debug\Design01.a(QuadDec_1_Cnt16.o)
                0x000013a0                QuadDec_1_Cnt16_WriteCompare
 .text.QuadDec_1_Cnt16_ClearFIFO
                0x000013ac       0x14 .\CortexM3\ARM_GCC_541\Debug\Design01.a(QuadDec_1_Cnt16.o)
                0x000013ac                QuadDec_1_Cnt16_ClearFIFO
 .text.QuadDec_1_Cnt16_Init
                0x000013c0       0x58 .\CortexM3\ARM_GCC_541\Debug\Design01.a(QuadDec_1_Cnt16.o)
                0x000013c0                QuadDec_1_Cnt16_Init
 .text.QuadDec_1_Cnt16_Start
                0x00001418       0x1c .\CortexM3\ARM_GCC_541\Debug\Design01.a(QuadDec_1_Cnt16.o)
                0x00001418                QuadDec_1_Cnt16_Start
 .text.UART_1_Init
                0x00001434       0x28 .\CortexM3\ARM_GCC_541\Debug\Design01.a(UART_1.o)
                0x00001434                UART_1_Init
 .text.UART_1_Enable
                0x0000145c       0x38 .\CortexM3\ARM_GCC_541\Debug\Design01.a(UART_1.o)
                0x0000145c                UART_1_Enable
 .text.UART_1_Start
                0x00001494       0x1c .\CortexM3\ARM_GCC_541\Debug\Design01.a(UART_1.o)
                0x00001494                UART_1_Start
 .text.UART_1_PutChar
                0x000014b0       0x18 .\CortexM3\ARM_GCC_541\Debug\Design01.a(UART_1.o)
                0x000014b0                UART_1_PutChar
 .text.UART_1_PutString
                0x000014c8       0x24 .\CortexM3\ARM_GCC_541\Debug\Design01.a(UART_1.o)
                0x000014c8                UART_1_PutString
 .text.UART_1_IntClock_Start
                0x000014ec       0x1c .\CortexM3\ARM_GCC_541\Debug\Design01.a(UART_1_IntClock.o)
                0x000014ec                UART_1_IntClock_Start
 .text.QuadDec_2_GetCounter
                0x00001508       0x10 .\CortexM3\ARM_GCC_541\Debug\Design01.a(QuadDec_2.o)
                0x00001508                QuadDec_2_GetCounter
 .text.QuadDec_2_SetCounter
                0x00001518       0x1c .\CortexM3\ARM_GCC_541\Debug\Design01.a(QuadDec_2.o)
                0x00001518                QuadDec_2_SetCounter
 .text.QuadDec_2_GetEvents
                0x00001534       0x10 .\CortexM3\ARM_GCC_541\Debug\Design01.a(QuadDec_2.o)
                0x00001534                QuadDec_2_GetEvents
 .text.QuadDec_2_SetInterruptMask
                0x00001544        0xc .\CortexM3\ARM_GCC_541\Debug\Design01.a(QuadDec_2.o)
                0x00001544                QuadDec_2_SetInterruptMask
 .text.QuadDec_2_Enable
                0x00001550       0x24 .\CortexM3\ARM_GCC_541\Debug\Design01.a(QuadDec_2.o)
                0x00001550                QuadDec_2_Enable
 .text.QuadDec_2_Start
                0x00001574       0x24 .\CortexM3\ARM_GCC_541\Debug\Design01.a(QuadDec_2.o)
                0x00001574                QuadDec_2_Start
 .text.QuadDec_2_Cnt16_Enable
                0x00001598       0x10 .\CortexM3\ARM_GCC_541\Debug\Design01.a(QuadDec_2_Cnt16.o)
                0x00001598                QuadDec_2_Cnt16_Enable
 .text.QuadDec_2_Cnt16_SetInterruptMode
                0x000015a8        0xc .\CortexM3\ARM_GCC_541\Debug\Design01.a(QuadDec_2_Cnt16.o)
                0x000015a8                QuadDec_2_Cnt16_SetInterruptMode
 .text.QuadDec_2_Cnt16_ReadStatusRegister
                0x000015b4        0xc .\CortexM3\ARM_GCC_541\Debug\Design01.a(QuadDec_2_Cnt16.o)
                0x000015b4                QuadDec_2_Cnt16_ReadStatusRegister
 .text.QuadDec_2_Cnt16_WriteCounter
                0x000015c0        0xc .\CortexM3\ARM_GCC_541\Debug\Design01.a(QuadDec_2_Cnt16.o)
                0x000015c0                QuadDec_2_Cnt16_WriteCounter
 .text.QuadDec_2_Cnt16_ReadCounter
                0x000015cc       0x14 .\CortexM3\ARM_GCC_541\Debug\Design01.a(QuadDec_2_Cnt16.o)
                0x000015cc                QuadDec_2_Cnt16_ReadCounter
 .text.QuadDec_2_Cnt16_ReadCapture
                0x000015e0        0xc .\CortexM3\ARM_GCC_541\Debug\Design01.a(QuadDec_2_Cnt16.o)
                0x000015e0                QuadDec_2_Cnt16_ReadCapture
 .text.QuadDec_2_Cnt16_WritePeriod
                0x000015ec        0xc .\CortexM3\ARM_GCC_541\Debug\Design01.a(QuadDec_2_Cnt16.o)
                0x000015ec                QuadDec_2_Cnt16_WritePeriod
 .text.QuadDec_2_Cnt16_WriteCompare
                0x000015f8        0xc .\CortexM3\ARM_GCC_541\Debug\Design01.a(QuadDec_2_Cnt16.o)
                0x000015f8                QuadDec_2_Cnt16_WriteCompare
 .text.QuadDec_2_Cnt16_ClearFIFO
                0x00001604       0x14 .\CortexM3\ARM_GCC_541\Debug\Design01.a(QuadDec_2_Cnt16.o)
                0x00001604                QuadDec_2_Cnt16_ClearFIFO
 .text.QuadDec_2_Cnt16_Init
                0x00001618       0x58 .\CortexM3\ARM_GCC_541\Debug\Design01.a(QuadDec_2_Cnt16.o)
                0x00001618                QuadDec_2_Cnt16_Init
 .text.QuadDec_2_Cnt16_Start
                0x00001670       0x1c .\CortexM3\ARM_GCC_541\Debug\Design01.a(QuadDec_2_Cnt16.o)
                0x00001670                QuadDec_2_Cnt16_Start
 .text.Motor_2_IN_3_Write
                0x0000168c       0x18 .\CortexM3\ARM_GCC_541\Debug\Design01.a(Motor_2_IN_3.o)
                0x0000168c                Motor_2_IN_3_Write
 .text.Motor_2_IN_4_Write
                0x000016a4       0x18 .\CortexM3\ARM_GCC_541\Debug\Design01.a(Motor_2_IN_4.o)
                0x000016a4                Motor_2_IN_4_Write
 .text.Timer_1_Enable
                0x000016bc       0x10 .\CortexM3\ARM_GCC_541\Debug\Design01.a(Timer_1.o)
                0x000016bc                Timer_1_Enable
 .text.Timer_1_SetInterruptMode
                0x000016cc        0xc .\CortexM3\ARM_GCC_541\Debug\Design01.a(Timer_1.o)
                0x000016cc                Timer_1_SetInterruptMode
 .text.Timer_1_ReadStatusRegister
                0x000016d8        0xc .\CortexM3\ARM_GCC_541\Debug\Design01.a(Timer_1.o)
                0x000016d8                Timer_1_ReadStatusRegister
 .text.Timer_1_WritePeriod
                0x000016e4       0x10 .\CortexM3\ARM_GCC_541\Debug\Design01.a(Timer_1.o)
                0x000016e4                Timer_1_WritePeriod
 .text.Timer_1_ReadCapture
                0x000016f4       0x10 .\CortexM3\ARM_GCC_541\Debug\Design01.a(Timer_1.o)
                0x000016f4                Timer_1_ReadCapture
 .text.Timer_1_WriteCounter
                0x00001704       0x10 .\CortexM3\ARM_GCC_541\Debug\Design01.a(Timer_1.o)
                0x00001704                Timer_1_WriteCounter
 .text.Timer_1_ClearFIFO
                0x00001714       0x14 .\CortexM3\ARM_GCC_541\Debug\Design01.a(Timer_1.o)
                0x00001714                Timer_1_ClearFIFO
 .text.Timer_1_Init
                0x00001728       0x34 .\CortexM3\ARM_GCC_541\Debug\Design01.a(Timer_1.o)
                0x00001728                Timer_1_Init
 .text.Timer_1_Start
                0x0000175c       0x1c .\CortexM3\ARM_GCC_541\Debug\Design01.a(Timer_1.o)
                0x0000175c                Timer_1_Start
 .text.isr_1_SetVector
                0x00001778        0xc .\CortexM3\ARM_GCC_541\Debug\Design01.a(isr_1.o)
                0x00001778                isr_1_SetVector
 .text.isr_1_SetPriority
                0x00001784       0x10 .\CortexM3\ARM_GCC_541\Debug\Design01.a(isr_1.o)
                0x00001784                isr_1_SetPriority
 .text.isr_1_Enable
                0x00001794        0xc .\CortexM3\ARM_GCC_541\Debug\Design01.a(isr_1.o)
                0x00001794                isr_1_Enable
 .text.isr_1_Disable
                0x000017a0        0xc .\CortexM3\ARM_GCC_541\Debug\Design01.a(isr_1.o)
                0x000017a0                isr_1_Disable
 .text.isr_1_StartEx
                0x000017ac       0x1c .\CortexM3\ARM_GCC_541\Debug\Design01.a(isr_1.o)
                0x000017ac                isr_1_StartEx
 .text.Timer_2_Enable
                0x000017c8       0x28 .\CortexM3\ARM_GCC_541\Debug\Design01.a(Timer_2.o)
                0x000017c8                Timer_2_Enable
 .text.Timer_2_SetInterruptMode
                0x000017f0        0xc .\CortexM3\ARM_GCC_541\Debug\Design01.a(Timer_2.o)
                0x000017f0                Timer_2_SetInterruptMode
 .text.Timer_2_ReadStatusRegister
                0x000017fc        0xc .\CortexM3\ARM_GCC_541\Debug\Design01.a(Timer_2.o)
                0x000017fc                Timer_2_ReadStatusRegister
 .text.Timer_2_WritePeriod
                0x00001808        0xc .\CortexM3\ARM_GCC_541\Debug\Design01.a(Timer_2.o)
                0x00001808                Timer_2_WritePeriod
 .text.Timer_2_WriteCounter
                0x00001814        0xc .\CortexM3\ARM_GCC_541\Debug\Design01.a(Timer_2.o)
                0x00001814                Timer_2_WriteCounter
 .text.Timer_2_Init
                0x00001820       0x68 .\CortexM3\ARM_GCC_541\Debug\Design01.a(Timer_2.o)
                0x00001820                Timer_2_Init
 .text.Timer_2_Start
                0x00001888       0x1c .\CortexM3\ARM_GCC_541\Debug\Design01.a(Timer_2.o)
                0x00001888                Timer_2_Start
 .text.Trigger_Write
                0x000018a4       0x18 .\CortexM3\ARM_GCC_541\Debug\Design01.a(Trigger.o)
                0x000018a4                Trigger_Write
 .text.isr_2_SetVector
                0x000018bc        0xc .\CortexM3\ARM_GCC_541\Debug\Design01.a(isr_2.o)
                0x000018bc                isr_2_SetVector
 .text.isr_2_SetPriority
                0x000018c8       0x10 .\CortexM3\ARM_GCC_541\Debug\Design01.a(isr_2.o)
                0x000018c8                isr_2_SetPriority
 .text.isr_2_Enable
                0x000018d8        0xc .\CortexM3\ARM_GCC_541\Debug\Design01.a(isr_2.o)
                0x000018d8                isr_2_Enable
 .text.isr_2_Disable
                0x000018e4        0xc .\CortexM3\ARM_GCC_541\Debug\Design01.a(isr_2.o)
                0x000018e4                isr_2_Disable
 .text.isr_2_StartEx
                0x000018f0       0x1c .\CortexM3\ARM_GCC_541\Debug\Design01.a(isr_2.o)
                0x000018f0                isr_2_StartEx
 .text.Timer_3_Enable
                0x0000190c       0x10 .\CortexM3\ARM_GCC_541\Debug\Design01.a(Timer_3.o)
                0x0000190c                Timer_3_Enable
 .text.Timer_3_SetInterruptMode
                0x0000191c        0xc .\CortexM3\ARM_GCC_541\Debug\Design01.a(Timer_3.o)
                0x0000191c                Timer_3_SetInterruptMode
 .text.Timer_3_ReadStatusRegister
                0x00001928        0xc .\CortexM3\ARM_GCC_541\Debug\Design01.a(Timer_3.o)
                0x00001928                Timer_3_ReadStatusRegister
 .text.Timer_3_WritePeriod
                0x00001934        0xc .\CortexM3\ARM_GCC_541\Debug\Design01.a(Timer_3.o)
                0x00001934                Timer_3_WritePeriod
 .text.Timer_3_ReadCapture
                0x00001940        0xc .\CortexM3\ARM_GCC_541\Debug\Design01.a(Timer_3.o)
                0x00001940                Timer_3_ReadCapture
 .text.Timer_3_WriteCounter
                0x0000194c        0xc .\CortexM3\ARM_GCC_541\Debug\Design01.a(Timer_3.o)
                0x0000194c                Timer_3_WriteCounter
 .text.Timer_3_ReadCounter
                0x00001958       0x14 .\CortexM3\ARM_GCC_541\Debug\Design01.a(Timer_3.o)
                0x00001958                Timer_3_ReadCounter
 .text.Timer_3_SetInterruptCount
                0x0000196c       0x1c .\CortexM3\ARM_GCC_541\Debug\Design01.a(Timer_3.o)
                0x0000196c                Timer_3_SetInterruptCount
 .text.Timer_3_ClearFIFO
                0x00001988       0x14 .\CortexM3\ARM_GCC_541\Debug\Design01.a(Timer_3.o)
                0x00001988                Timer_3_ClearFIFO
 .text.Timer_3_Init
                0x0000199c       0x3c .\CortexM3\ARM_GCC_541\Debug\Design01.a(Timer_3.o)
                0x0000199c                Timer_3_Init
 .text.Timer_3_Start
                0x000019d8       0x1c .\CortexM3\ARM_GCC_541\Debug\Design01.a(Timer_3.o)
                0x000019d8                Timer_3_Start
 .text.isr_3_SetVector
                0x000019f4        0xc .\CortexM3\ARM_GCC_541\Debug\Design01.a(isr_3.o)
                0x000019f4                isr_3_SetVector
 .text.isr_3_SetPriority
                0x00001a00       0x10 .\CortexM3\ARM_GCC_541\Debug\Design01.a(isr_3.o)
                0x00001a00                isr_3_SetPriority
 .text.isr_3_Enable
                0x00001a10        0xc .\CortexM3\ARM_GCC_541\Debug\Design01.a(isr_3.o)
                0x00001a10                isr_3_Enable
 .text.isr_3_Disable
                0x00001a1c        0xc .\CortexM3\ARM_GCC_541\Debug\Design01.a(isr_3.o)
                0x00001a1c                isr_3_Disable
 .text.isr_3_StartEx
                0x00001a28       0x1c .\CortexM3\ARM_GCC_541\Debug\Design01.a(isr_3.o)
                0x00001a28                isr_3_StartEx
 .text.Left_Echo_Read
                0x00001a44       0x10 .\CortexM3\ARM_GCC_541\Debug\Design01.a(Left_Echo.o)
                0x00001a44                Left_Echo_Read
 .text.Front_Echo_1_Read
                0x00001a54       0x10 .\CortexM3\ARM_GCC_541\Debug\Design01.a(Front_Echo_1.o)
                0x00001a54                Front_Echo_1_Read
 .text.PWM_ColorSensor_Enable
                0x00001a64       0x10 .\CortexM3\ARM_GCC_541\Debug\Design01.a(PWM_ColorSensor.o)
                0x00001a64                PWM_ColorSensor_Enable
 .text.PWM_ColorSensor_WriteCounter
                0x00001a74        0xc .\CortexM3\ARM_GCC_541\Debug\Design01.a(PWM_ColorSensor.o)
                0x00001a74                PWM_ColorSensor_WriteCounter
 .text.PWM_ColorSensor_WritePeriod
                0x00001a80        0xc .\CortexM3\ARM_GCC_541\Debug\Design01.a(PWM_ColorSensor.o)
                0x00001a80                PWM_ColorSensor_WritePeriod
 .text.PWM_ColorSensor_WriteCompare
                0x00001a8c        0xc .\CortexM3\ARM_GCC_541\Debug\Design01.a(PWM_ColorSensor.o)
                0x00001a8c                PWM_ColorSensor_WriteCompare
 .text.PWM_ColorSensor_SetInterruptMode
                0x00001a98        0xc .\CortexM3\ARM_GCC_541\Debug\Design01.a(PWM_ColorSensor.o)
                0x00001a98                PWM_ColorSensor_SetInterruptMode
 .text.PWM_ColorSensor_ReadStatusRegister
                0x00001aa4        0xc .\CortexM3\ARM_GCC_541\Debug\Design01.a(PWM_ColorSensor.o)
                0x00001aa4                PWM_ColorSensor_ReadStatusRegister
 .text.PWM_ColorSensor_ReadCapture
                0x00001ab0        0xc .\CortexM3\ARM_GCC_541\Debug\Design01.a(PWM_ColorSensor.o)
                0x00001ab0                PWM_ColorSensor_ReadCapture
 .text.PWM_ColorSensor_ClearFIFO
                0x00001abc       0x14 .\CortexM3\ARM_GCC_541\Debug\Design01.a(PWM_ColorSensor.o)
                0x00001abc                PWM_ColorSensor_ClearFIFO
 .text.PWM_ColorSensor_Init
                0x00001ad0       0x64 .\CortexM3\ARM_GCC_541\Debug\Design01.a(PWM_ColorSensor.o)
                0x00001ad0                PWM_ColorSensor_Init
 .text.PWM_ColorSensor_Start
                0x00001b34       0x1c .\CortexM3\ARM_GCC_541\Debug\Design01.a(PWM_ColorSensor.o)
                0x00001b34                PWM_ColorSensor_Start
 .text.Counter_ColorSensor_Enable
                0x00001b50       0x10 .\CortexM3\ARM_GCC_541\Debug\Design01.a(Counter_ColorSensor.o)
                0x00001b50                Counter_ColorSensor_Enable
 .text.Counter_ColorSensor_Stop
                0x00001b60       0x10 .\CortexM3\ARM_GCC_541\Debug\Design01.a(Counter_ColorSensor.o)
                0x00001b60                Counter_ColorSensor_Stop
 .text.Counter_ColorSensor_SetInterruptMode
                0x00001b70        0xc .\CortexM3\ARM_GCC_541\Debug\Design01.a(Counter_ColorSensor.o)
                0x00001b70                Counter_ColorSensor_SetInterruptMode
 .text.Counter_ColorSensor_ReadStatusRegister
                0x00001b7c        0xc .\CortexM3\ARM_GCC_541\Debug\Design01.a(Counter_ColorSensor.o)
                0x00001b7c                Counter_ColorSensor_ReadStatusRegister
 .text.Counter_ColorSensor_WriteCounter
                0x00001b88        0xc .\CortexM3\ARM_GCC_541\Debug\Design01.a(Counter_ColorSensor.o)
                0x00001b88                Counter_ColorSensor_WriteCounter
 .text.Counter_ColorSensor_ReadCapture
                0x00001b94        0xc .\CortexM3\ARM_GCC_541\Debug\Design01.a(Counter_ColorSensor.o)
                0x00001b94                Counter_ColorSensor_ReadCapture
 .text.Counter_ColorSensor_WritePeriod
                0x00001ba0        0xc .\CortexM3\ARM_GCC_541\Debug\Design01.a(Counter_ColorSensor.o)
                0x00001ba0                Counter_ColorSensor_WritePeriod
 .text.Counter_ColorSensor_WriteCompare
                0x00001bac        0xc .\CortexM3\ARM_GCC_541\Debug\Design01.a(Counter_ColorSensor.o)
                0x00001bac                Counter_ColorSensor_WriteCompare
 .text.Counter_ColorSensor_ClearFIFO
                0x00001bb8       0x14 .\CortexM3\ARM_GCC_541\Debug\Design01.a(Counter_ColorSensor.o)
                0x00001bb8                Counter_ColorSensor_ClearFIFO
 .text.Counter_ColorSensor_Init
                0x00001bcc       0x5c .\CortexM3\ARM_GCC_541\Debug\Design01.a(Counter_ColorSensor.o)
                0x00001bcc                Counter_ColorSensor_Init
 .text.Counter_ColorSensor_Start
                0x00001c28       0x1c .\CortexM3\ARM_GCC_541\Debug\Design01.a(Counter_ColorSensor.o)
                0x00001c28                Counter_ColorSensor_Start
 .text.isr_6_SetVector
                0x00001c44        0xc .\CortexM3\ARM_GCC_541\Debug\Design01.a(isr_6.o)
                0x00001c44                isr_6_SetVector
 .text.isr_6_SetPriority
                0x00001c50       0x10 .\CortexM3\ARM_GCC_541\Debug\Design01.a(isr_6.o)
                0x00001c50                isr_6_SetPriority
 .text.isr_6_Enable
                0x00001c60        0xc .\CortexM3\ARM_GCC_541\Debug\Design01.a(isr_6.o)
                0x00001c60                isr_6_Enable
 .text.isr_6_Disable
                0x00001c6c        0xc .\CortexM3\ARM_GCC_541\Debug\Design01.a(isr_6.o)
                0x00001c6c                isr_6_Disable
 .text.isr_6_StartEx
                0x00001c78       0x1c .\CortexM3\ARM_GCC_541\Debug\Design01.a(isr_6.o)
                0x00001c78                isr_6_StartEx
 .text.Control_Reg_1_Write
                0x00001c94        0xc .\CortexM3\ARM_GCC_541\Debug\Design01.a(Control_Reg_1.o)
                0x00001c94                Control_Reg_1_Write
 .text.S1_Write
                0x00001ca0       0x18 .\CortexM3\ARM_GCC_541\Debug\Design01.a(S1.o)
                0x00001ca0                S1_Write
 .text.S2_Write
                0x00001cb8       0x18 .\CortexM3\ARM_GCC_541\Debug\Design01.a(S2.o)
                0x00001cb8                S2_Write
 .text.S0_Write
                0x00001cd0       0x18 .\CortexM3\ARM_GCC_541\Debug\Design01.a(S0.o)
                0x00001cd0                S0_Write
 .text.S3_Write
                0x00001ce8       0x18 .\CortexM3\ARM_GCC_541\Debug\Design01.a(S3.o)
                0x00001ce8                S3_Write
 .text.CS_LED_Write
                0x00001d00       0x18 .\CortexM3\ARM_GCC_541\Debug\Design01.a(CS_LED.o)
                0x00001d00                CS_LED_Write
 .text.IR_input_Read
                0x00001d18        0xc .\CortexM3\ARM_GCC_541\Debug\Design01.a(IR_input.o)
                0x00001d18                IR_input_Read
 .text.led_green_Write
                0x00001d24       0x18 .\CortexM3\ARM_GCC_541\Debug\Design01.a(led_green.o)
                0x00001d24                led_green_Write
 .text.led_red_Write
                0x00001d3c       0x18 .\CortexM3\ARM_GCC_541\Debug\Design01.a(led_red.o)
                0x00001d3c                led_red_Write
 .text.led_blue_Write
                0x00001d54       0x18 .\CortexM3\ARM_GCC_541\Debug\Design01.a(led_blue.o)
                0x00001d54                led_blue_Write
 .text.PWM_SmallServo_Enable
                0x00001d6c       0x28 .\CortexM3\ARM_GCC_541\Debug\Design01.a(PWM_SmallServo.o)
                0x00001d6c                PWM_SmallServo_Enable
 .text.PWM_SmallServo_WritePeriod
                0x00001d94        0xc .\CortexM3\ARM_GCC_541\Debug\Design01.a(PWM_SmallServo.o)
                0x00001d94                PWM_SmallServo_WritePeriod
 .text.PWM_SmallServo_WriteCompare
                0x00001da0        0xc .\CortexM3\ARM_GCC_541\Debug\Design01.a(PWM_SmallServo.o)
                0x00001da0                PWM_SmallServo_WriteCompare
 .text.PWM_SmallServo_SetInterruptMode
                0x00001dac        0xc .\CortexM3\ARM_GCC_541\Debug\Design01.a(PWM_SmallServo.o)
                0x00001dac                PWM_SmallServo_SetInterruptMode
 .text.PWM_SmallServo_Init
                0x00001db8       0x78 .\CortexM3\ARM_GCC_541\Debug\Design01.a(PWM_SmallServo.o)
                0x00001db8                PWM_SmallServo_Init
 .text.PWM_SmallServo_Start
                0x00001e30       0x1c .\CortexM3\ARM_GCC_541\Debug\Design01.a(PWM_SmallServo.o)
                0x00001e30                PWM_SmallServo_Start
 .text.PWM_BigServo_Enable
                0x00001e4c       0x28 .\CortexM3\ARM_GCC_541\Debug\Design01.a(PWM_BigServo.o)
                0x00001e4c                PWM_BigServo_Enable
 .text.PWM_BigServo_WritePeriod
                0x00001e74        0xc .\CortexM3\ARM_GCC_541\Debug\Design01.a(PWM_BigServo.o)
                0x00001e74                PWM_BigServo_WritePeriod
 .text.PWM_BigServo_WriteCompare
                0x00001e80        0xc .\CortexM3\ARM_GCC_541\Debug\Design01.a(PWM_BigServo.o)
                0x00001e80                PWM_BigServo_WriteCompare
 .text.PWM_BigServo_SetInterruptMode
                0x00001e8c        0xc .\CortexM3\ARM_GCC_541\Debug\Design01.a(PWM_BigServo.o)
                0x00001e8c                PWM_BigServo_SetInterruptMode
 .text.PWM_BigServo_Init
                0x00001e98       0x78 .\CortexM3\ARM_GCC_541\Debug\Design01.a(PWM_BigServo.o)
                0x00001e98                PWM_BigServo_Init
 .text.PWM_BigServo_Start
                0x00001f10       0x1c .\CortexM3\ARM_GCC_541\Debug\Design01.a(PWM_BigServo.o)
                0x00001f10                PWM_BigServo_Start
 .text.PWM_Wheels_Enable
                0x00001f2c       0x10 .\CortexM3\ARM_GCC_541\Debug\Design01.a(PWM_Wheels.o)
                0x00001f2c                PWM_Wheels_Enable
 .text.PWM_Wheels_WriteCounter
                0x00001f3c        0xc .\CortexM3\ARM_GCC_541\Debug\Design01.a(PWM_Wheels.o)
                0x00001f3c                PWM_Wheels_WriteCounter
 .text.PWM_Wheels_WritePeriod
                0x00001f48        0xc .\CortexM3\ARM_GCC_541\Debug\Design01.a(PWM_Wheels.o)
                0x00001f48                PWM_Wheels_WritePeriod
 .text.PWM_Wheels_WriteCompare1
                0x00001f54        0xc .\CortexM3\ARM_GCC_541\Debug\Design01.a(PWM_Wheels.o)
                0x00001f54                PWM_Wheels_WriteCompare1
 .text.PWM_Wheels_WriteCompare2
                0x00001f60        0xc .\CortexM3\ARM_GCC_541\Debug\Design01.a(PWM_Wheels.o)
                0x00001f60                PWM_Wheels_WriteCompare2
 .text.PWM_Wheels_SetInterruptMode
                0x00001f6c        0xc .\CortexM3\ARM_GCC_541\Debug\Design01.a(PWM_Wheels.o)
                0x00001f6c                PWM_Wheels_SetInterruptMode
 .text.PWM_Wheels_ReadStatusRegister
                0x00001f78        0xc .\CortexM3\ARM_GCC_541\Debug\Design01.a(PWM_Wheels.o)
                0x00001f78                PWM_Wheels_ReadStatusRegister
 .text.PWM_Wheels_ReadCapture
                0x00001f84        0xc .\CortexM3\ARM_GCC_541\Debug\Design01.a(PWM_Wheels.o)
                0x00001f84                PWM_Wheels_ReadCapture
 .text.PWM_Wheels_ClearFIFO
                0x00001f90       0x14 .\CortexM3\ARM_GCC_541\Debug\Design01.a(PWM_Wheels.o)
                0x00001f90                PWM_Wheels_ClearFIFO
 .text.PWM_Wheels_Init
                0x00001fa4       0x6c .\CortexM3\ARM_GCC_541\Debug\Design01.a(PWM_Wheels.o)
                0x00001fa4                PWM_Wheels_Init
 .text.PWM_Wheels_Start
                0x00002010       0x1c .\CortexM3\ARM_GCC_541\Debug\Design01.a(PWM_Wheels.o)
                0x00002010                PWM_Wheels_Start
 .text.Control_Reg_2_Write
                0x0000202c        0xc .\CortexM3\ARM_GCC_541\Debug\Design01.a(Control_Reg_2.o)
                0x0000202c                Control_Reg_2_Write
 .text          0x00002038       0x20 .\CortexM3\ARM_GCC_541\Debug\Design01.a(CyBootAsmGnu.o)
                0x00002038                CyDelayCycles
                0x00002048                CyEnterCriticalSection
                0x00002050                CyExitCriticalSection
 .text.CySetReg24
                0x00002058       0x14 .\CortexM3\ARM_GCC_541\Debug\Design01.a(cyutils.o)
                0x00002058                CySetReg24
 .text          0x0000206c      0x370 c:/program files (x86)/cypress/psoc creator/4.4/psoc creator/import/gnu/arm/5.4.1/bin/../lib/gcc/arm-none-eabi/5.4.1/armv7-m\libgcc.a(_arm_addsubdf3.o)
                0x0000206c                __aeabi_drsub
                0x00002074                __aeabi_dsub
                0x00002074                __subdf3
                0x00002078                __aeabi_dadd
                0x00002078                __adddf3
                0x000022f0                __floatunsidf
                0x000022f0                __aeabi_ui2d
                0x00002310                __floatsidf
                0x00002310                __aeabi_i2d
                0x00002334                __aeabi_f2d
                0x00002334                __extendsfdf2
                0x00002370                __floatundidf
                0x00002370                __aeabi_ul2d
                0x00002380                __floatdidf
                0x00002380                __aeabi_l2d
 .text          0x000023dc      0x424 c:/program files (x86)/cypress/psoc creator/4.4/psoc creator/import/gnu/arm/5.4.1/bin/../lib/gcc/arm-none-eabi/5.4.1/armv7-m\libgcc.a(_arm_muldivdf3.o)
                0x000023dc                __aeabi_dmul
                0x000023dc                __muldf3
                0x00002630                __divdf3
                0x00002630                __aeabi_ddiv
 .text          0x00002800      0x110 c:/program files (x86)/cypress/psoc creator/4.4/psoc creator/import/gnu/arm/5.4.1/bin/../lib/gcc/arm-none-eabi/5.4.1/armv7-m\libgcc.a(_arm_cmpdf2.o)
                0x00002800                __gtdf2
                0x00002800                __gedf2
                0x00002808                __ltdf2
                0x00002808                __ledf2
                0x00002810                __nedf2
                0x00002810                __eqdf2
                0x00002810                __cmpdf2
                0x0000288c                __aeabi_cdrcmple
                0x0000289c                __aeabi_cdcmpeq
                0x0000289c                __aeabi_cdcmple
                0x000028ac                __aeabi_dcmpeq
                0x000028c0                __aeabi_dcmplt
                0x000028d4                __aeabi_dcmple
                0x000028e8                __aeabi_dcmpge
                0x000028fc                __aeabi_dcmpgt
 .text          0x00002910       0x50 c:/program files (x86)/cypress/psoc creator/4.4/psoc creator/import/gnu/arm/5.4.1/bin/../lib/gcc/arm-none-eabi/5.4.1/armv7-m\libgcc.a(_arm_fixdfsi.o)
                0x00002910                __aeabi_d2iz
                0x00002910                __fixdfsi
 .text          0x00002960       0xa0 c:/program files (x86)/cypress/psoc creator/4.4/psoc creator/import/gnu/arm/5.4.1/bin/../lib/gcc/arm-none-eabi/5.4.1/armv7-m\libgcc.a(_arm_truncdfsf2.o)
                0x00002960                __truncdfsf2
                0x00002960                __aeabi_d2f
 .text          0x00002a00       0x40 c:/program files (x86)/cypress/psoc creator/4.4/psoc creator/import/gnu/arm/5.4.1/bin/../lib/gcc/arm-none-eabi/5.4.1/armv7-m\libgcc.a(_arm_fixunssfsi.o)
                0x00002a00                __fixunssfsi
                0x00002a00                __aeabi_f2uiz
 .text.__errno  0x00002a40        0xc c:/program files (x86)/cypress/psoc creator/4.4/psoc creator/import/gnu/arm/5.4.1/bin/../lib/gcc/arm-none-eabi/5.4.1/../../../../arm-none-eabi/lib/armv7-m\libg_nano.a(lib_a-errno.o)
                0x00002a40                __errno
 .text.__libc_init_array
                0x00002a4c       0x4c c:/program files (x86)/cypress/psoc creator/4.4/psoc creator/import/gnu/arm/5.4.1/bin/../lib/gcc/arm-none-eabi/5.4.1/../../../../arm-none-eabi/lib/armv7-m\libg_nano.a(lib_a-init.o)
                0x00002a4c                __libc_init_array
 .text.memcpy   0x00002a98       0x16 c:/program files (x86)/cypress/psoc creator/4.4/psoc creator/import/gnu/arm/5.4.1/bin/../lib/gcc/arm-none-eabi/5.4.1/../../../../arm-none-eabi/lib/armv7-m\libg_nano.a(lib_a-memcpy-stub.o)
                0x00002a98                memcpy
 .text.memset   0x00002aae       0x10 c:/program files (x86)/cypress/psoc creator/4.4/psoc creator/import/gnu/arm/5.4.1/bin/../lib/gcc/arm-none-eabi/5.4.1/../../../../arm-none-eabi/lib/armv7-m\libg_nano.a(lib_a-memset.o)
                0x00002aae                memset
 .text.__cvt    0x00002abe       0xc0 c:/program files (x86)/cypress/psoc creator/4.4/psoc creator/import/gnu/arm/5.4.1/bin/../lib/gcc/arm-none-eabi/5.4.1/../../../../arm-none-eabi/lib/armv7-m\libg_nano.a(lib_a-nano-vfprintf_float.o)
                0x00002abe                __cvt
 .text.__exponent
                0x00002b7e       0x62 c:/program files (x86)/cypress/psoc creator/4.4/psoc creator/import/gnu/arm/5.4.1/bin/../lib/gcc/arm-none-eabi/5.4.1/../../../../arm-none-eabi/lib/armv7-m\libg_nano.a(lib_a-nano-vfprintf_float.o)
                0x00002b7e                __exponent
 .text._printf_float
                0x00002be0      0x488 c:/program files (x86)/cypress/psoc creator/4.4/psoc creator/import/gnu/arm/5.4.1/bin/../lib/gcc/arm-none-eabi/5.4.1/../../../../arm-none-eabi/lib/armv7-m\libg_nano.a(lib_a-nano-vfprintf_float.o)
                0x00002be0                _printf_float
 .text._printf_common
                0x00003068       0xec c:/program files (x86)/cypress/psoc creator/4.4/psoc creator/import/gnu/arm/5.4.1/bin/../lib/gcc/arm-none-eabi/5.4.1/../../../../arm-none-eabi/lib/armv7-m\libg_nano.a(lib_a-nano-vfprintf_i.o)
                0x00003068                _printf_common
 .text._printf_i
                0x00003154      0x24c c:/program files (x86)/cypress/psoc creator/4.4/psoc creator/import/gnu/arm/5.4.1/bin/../lib/gcc/arm-none-eabi/5.4.1/../../../../arm-none-eabi/lib/armv7-m\libg_nano.a(lib_a-nano-vfprintf_i.o)
                0x00003154                _printf_i
 .text.sprintf  0x000033a0       0x48 c:/program files (x86)/cypress/psoc creator/4.4/psoc creator/import/gnu/arm/5.4.1/bin/../lib/gcc/arm-none-eabi/5.4.1/../../../../arm-none-eabi/lib/armv7-m\libg_nano.a(lib_a-sprintf.o)
                0x000033a0                siprintf
                0x000033a0                sprintf
 .text          0x000033e8       0x10 c:/program files (x86)/cypress/psoc creator/4.4/psoc creator/import/gnu/arm/5.4.1/bin/../lib/gcc/arm-none-eabi/5.4.1/../../../../arm-none-eabi/lib/armv7-m\libg_nano.a(lib_a-strlen.o)
                0x000033e8                strlen
 .text.quorem   0x000033f8      0x116 c:/program files (x86)/cypress/psoc creator/4.4/psoc creator/import/gnu/arm/5.4.1/bin/../lib/gcc/arm-none-eabi/5.4.1/../../../../arm-none-eabi/lib/armv7-m\libg_nano.a(lib_a-dtoa.o)
 *fill*         0x0000350e        0x2 
 .text._dtoa_r  0x00003510      0xb30 c:/program files (x86)/cypress/psoc creator/4.4/psoc creator/import/gnu/arm/5.4.1/bin/../lib/gcc/arm-none-eabi/5.4.1/../../../../arm-none-eabi/lib/armv7-m\libg_nano.a(lib_a-dtoa.o)
                0x00003510                _dtoa_r
 .text._localeconv_r
                0x00004040        0x8 c:/program files (x86)/cypress/psoc creator/4.4/psoc creator/import/gnu/arm/5.4.1/bin/../lib/gcc/arm-none-eabi/5.4.1/../../../../arm-none-eabi/lib/armv7-m\libg_nano.a(lib_a-locale.o)
                0x00004040                _localeconv_r
 .text.malloc   0x00004048       0x10 c:/program files (x86)/cypress/psoc creator/4.4/psoc creator/import/gnu/arm/5.4.1/bin/../lib/gcc/arm-none-eabi/5.4.1/../../../../arm-none-eabi/lib/armv7-m\libg_nano.a(lib_a-malloc.o)
                0x00004048                malloc
 .text.memchr   0x00004058       0x1c c:/program files (x86)/cypress/psoc creator/4.4/psoc creator/import/gnu/arm/5.4.1/bin/../lib/gcc/arm-none-eabi/5.4.1/../../../../arm-none-eabi/lib/armv7-m\libg_nano.a(lib_a-memchr-stub.o)
                0x00004058                memchr
 .text._Balloc  0x00004074       0x6a c:/program files (x86)/cypress/psoc creator/4.4/psoc creator/import/gnu/arm/5.4.1/bin/../lib/gcc/arm-none-eabi/5.4.1/../../../../arm-none-eabi/lib/armv7-m\libg_nano.a(lib_a-mprec.o)
                0x00004074                _Balloc
 .text._Bfree   0x000040de       0x2e c:/program files (x86)/cypress/psoc creator/4.4/psoc creator/import/gnu/arm/5.4.1/bin/../lib/gcc/arm-none-eabi/5.4.1/../../../../arm-none-eabi/lib/armv7-m\libg_nano.a(lib_a-mprec.o)
                0x000040de                _Bfree
 .text.__multadd
                0x0000410c       0x76 c:/program files (x86)/cypress/psoc creator/4.4/psoc creator/import/gnu/arm/5.4.1/bin/../lib/gcc/arm-none-eabi/5.4.1/../../../../arm-none-eabi/lib/armv7-m\libg_nano.a(lib_a-mprec.o)
                0x0000410c                __multadd
 .text.__hi0bits
                0x00004182       0x40 c:/program files (x86)/cypress/psoc creator/4.4/psoc creator/import/gnu/arm/5.4.1/bin/../lib/gcc/arm-none-eabi/5.4.1/../../../../arm-none-eabi/lib/armv7-m\libg_nano.a(lib_a-mprec.o)
                0x00004182                __hi0bits
 .text.__lo0bits
                0x000041c2       0x5a c:/program files (x86)/cypress/psoc creator/4.4/psoc creator/import/gnu/arm/5.4.1/bin/../lib/gcc/arm-none-eabi/5.4.1/../../../../arm-none-eabi/lib/armv7-m\libg_nano.a(lib_a-mprec.o)
                0x000041c2                __lo0bits
 .text.__i2b    0x0000421c       0x12 c:/program files (x86)/cypress/psoc creator/4.4/psoc creator/import/gnu/arm/5.4.1/bin/../lib/gcc/arm-none-eabi/5.4.1/../../../../arm-none-eabi/lib/armv7-m\libg_nano.a(lib_a-mprec.o)
                0x0000421c                __i2b
 .text.__multiply
                0x0000422e      0x120 c:/program files (x86)/cypress/psoc creator/4.4/psoc creator/import/gnu/arm/5.4.1/bin/../lib/gcc/arm-none-eabi/5.4.1/../../../../arm-none-eabi/lib/armv7-m\libg_nano.a(lib_a-mprec.o)
                0x0000422e                __multiply
 *fill*         0x0000434e        0x2 
 .text.__pow5mult
                0x00004350       0x9c c:/program files (x86)/cypress/psoc creator/4.4/psoc creator/import/gnu/arm/5.4.1/bin/../lib/gcc/arm-none-eabi/5.4.1/../../../../arm-none-eabi/lib/armv7-m\libg_nano.a(lib_a-mprec.o)
                0x00004350                __pow5mult
 .text.__lshift
                0x000043ec       0xa2 c:/program files (x86)/cypress/psoc creator/4.4/psoc creator/import/gnu/arm/5.4.1/bin/../lib/gcc/arm-none-eabi/5.4.1/../../../../arm-none-eabi/lib/armv7-m\libg_nano.a(lib_a-mprec.o)
                0x000043ec                __lshift
 .text.__mcmp   0x0000448e       0x38 c:/program files (x86)/cypress/psoc creator/4.4/psoc creator/import/gnu/arm/5.4.1/bin/../lib/gcc/arm-none-eabi/5.4.1/../../../../arm-none-eabi/lib/armv7-m\libg_nano.a(lib_a-mprec.o)
                0x0000448e                __mcmp
 .text.__mdiff  0x000044c6       0xbe c:/program files (x86)/cypress/psoc creator/4.4/psoc creator/import/gnu/arm/5.4.1/bin/../lib/gcc/arm-none-eabi/5.4.1/../../../../arm-none-eabi/lib/armv7-m\libg_nano.a(lib_a-mprec.o)
                0x000044c6                __mdiff
 .text.__d2b    0x00004584       0x9c c:/program files (x86)/cypress/psoc creator/4.4/psoc creator/import/gnu/arm/5.4.1/bin/../lib/gcc/arm-none-eabi/5.4.1/../../../../arm-none-eabi/lib/armv7-m\libg_nano.a(lib_a-mprec.o)
                0x00004584                __d2b
 .text._calloc_r
                0x00004620       0x1c c:/program files (x86)/cypress/psoc creator/4.4/psoc creator/import/gnu/arm/5.4.1/bin/../lib/gcc/arm-none-eabi/5.4.1/../../../../arm-none-eabi/lib/armv7-m\libg_nano.a(lib_a-nano-callocr.o)
                0x00004620                _calloc_r
 .text._free_r  0x0000463c       0x98 c:/program files (x86)/cypress/psoc creator/4.4/psoc creator/import/gnu/arm/5.4.1/bin/../lib/gcc/arm-none-eabi/5.4.1/../../../../arm-none-eabi/lib/armv7-m\libg_nano.a(lib_a-nano-freer.o)
                0x0000463c                _free_r
 .text._malloc_r
                0x000046d4       0xbc c:/program files (x86)/cypress/psoc creator/4.4/psoc creator/import/gnu/arm/5.4.1/bin/../lib/gcc/arm-none-eabi/5.4.1/../../../../arm-none-eabi/lib/armv7-m\libg_nano.a(lib_a-nano-mallocr.o)
                0x000046d4                _malloc_r
 .text.__ssputs_r
                0x00004790       0xb2 c:/program files (x86)/cypress/psoc creator/4.4/psoc creator/import/gnu/arm/5.4.1/bin/../lib/gcc/arm-none-eabi/5.4.1/../../../../arm-none-eabi/lib/armv7-m\libg_nano.a(lib_a-nano-svfprintf.o)
                0x00004790                __ssputs_r
 *fill*         0x00004842        0x2 
 .text._svfprintf_r
                0x00004844      0x1e8 c:/program files (x86)/cypress/psoc creator/4.4/psoc creator/import/gnu/arm/5.4.1/bin/../lib/gcc/arm-none-eabi/5.4.1/../../../../arm-none-eabi/lib/armv7-m\libg_nano.a(lib_a-nano-svfprintf.o)
                0x00004844                _svfiprintf_r
                0x00004844                _svfprintf_r
 .text._sbrk_r  0x00004a2c       0x20 c:/program files (x86)/cypress/psoc creator/4.4/psoc creator/import/gnu/arm/5.4.1/bin/../lib/gcc/arm-none-eabi/5.4.1/../../../../arm-none-eabi/lib/armv7-m\libg_nano.a(lib_a-sbrkr.o)
                0x00004a2c                _sbrk_r
 .text.memmove  0x00004a4c       0x36 c:/program files (x86)/cypress/psoc creator/4.4/psoc creator/import/gnu/arm/5.4.1/bin/../lib/gcc/arm-none-eabi/5.4.1/../../../../arm-none-eabi/lib/armv7-m\libg_nano.a(lib_a-memmove.o)
                0x00004a4c                memmove
 .text.__malloc_lock
                0x00004a82        0x2 c:/program files (x86)/cypress/psoc creator/4.4/psoc creator/import/gnu/arm/5.4.1/bin/../lib/gcc/arm-none-eabi/5.4.1/../../../../arm-none-eabi/lib/armv7-m\libg_nano.a(lib_a-mlock.o)
                0x00004a82                __malloc_lock
 .text.__malloc_unlock
                0x00004a84        0x2 c:/program files (x86)/cypress/psoc creator/4.4/psoc creator/import/gnu/arm/5.4.1/bin/../lib/gcc/arm-none-eabi/5.4.1/../../../../arm-none-eabi/lib/armv7-m\libg_nano.a(lib_a-mlock.o)
                0x00004a84                __malloc_unlock
 .text._realloc_r
                0x00004a86       0x4c c:/program files (x86)/cypress/psoc creator/4.4/psoc creator/import/gnu/arm/5.4.1/bin/../lib/gcc/arm-none-eabi/5.4.1/../../../../arm-none-eabi/lib/armv7-m\libg_nano.a(lib_a-nano-reallocr.o)
                0x00004a86                _realloc_r
 .text._malloc_usable_size_r
                0x00004ad2       0x14 c:/program files (x86)/cypress/psoc creator/4.4/psoc creator/import/gnu/arm/5.4.1/bin/../lib/gcc/arm-none-eabi/5.4.1/../../../../arm-none-eabi/lib/armv7-m\libg_nano.a(lib_a-nano-msizer.o)
                0x00004ad2                _malloc_usable_size_r
 *fill*         0x00004ae6        0x2 
 .text          0x00004ae8       0x2c c:/program files (x86)/cypress/psoc creator/4.4/psoc creator/import/gnu/arm/5.4.1/bin/../lib/gcc/arm-none-eabi/5.4.1/armv7-m\libgcc.a(_arm_unorddf2.o)
                0x00004ae8                __unorddf2
                0x00004ae8                __aeabi_dcmpun
 *(.plt)
 *(.gnu.warning)
 *(.glue_7t)
 .glue_7t       0x00004b14        0x0 linker stubs
 *(.glue_7)
 .glue_7        0x00004b14        0x0 linker stubs
 *(.vfp11_veneer)
 .vfp11_veneer  0x00004b14        0x0 linker stubs
 *(.bootloader)
 *(.ARM.extab* .gnu.linkonce.armextab.*)
 *(.gcc_except_table)

.v4_bx          0x00004b14        0x0
 .v4_bx         0x00004b14        0x0 linker stubs

.iplt           0x00004b14        0x0
 .iplt          0x00004b14        0x0 c:/program files (x86)/cypress/psoc creator/4.4/psoc creator/import/gnu/arm/5.4.1/bin/../lib/gcc/arm-none-eabi/5.4.1/armv7-m/crtbegin.o

.eh_frame_hdr
 *(.eh_frame_hdr)

.eh_frame       0x00004b14        0x4
 *(.eh_frame)
 .eh_frame      0x00004b14        0x0 c:/program files (x86)/cypress/psoc creator/4.4/psoc creator/import/gnu/arm/5.4.1/bin/../lib/gcc/arm-none-eabi/5.4.1/armv7-m/crtbegin.o
 .eh_frame      0x00004b14        0x4 c:/program files (x86)/cypress/psoc creator/4.4/psoc creator/import/gnu/arm/5.4.1/bin/../lib/gcc/arm-none-eabi/5.4.1/armv7-m/crtend.o
                [!provide]                PROVIDE (__exidx_start, .)

.ARM.exidx
 *(.ARM.exidx* .gnu.linkonce.armexidx.*)
                0x00004b18                __exidx_end = .

.rodata         0x00004b18      0x248
 *(.rodata .rodata.* .gnu.linkonce.r.*)
 .rodata.str1.4
                0x00004b18       0x50 .\CortexM3\ARM_GCC_541\Debug\main.o
                                 0x4f (size before relaxing)
 .rodata        0x00004b68       0x64 .\CortexM3\ARM_GCC_541\Debug\cyfitter_cfg.o
 .rodata.str1.1
                0x00004bcc        0x2 c:/program files (x86)/cypress/psoc creator/4.4/psoc creator/import/gnu/arm/5.4.1/bin/../lib/gcc/arm-none-eabi/5.4.1/../../../../arm-none-eabi/lib/armv7-m\libg_nano.a(lib_a-impure.o)
 .rodata.str1.1
                0x00004bce       0x12 c:/program files (x86)/cypress/psoc creator/4.4/psoc creator/import/gnu/arm/5.4.1/bin/../lib/gcc/arm-none-eabi/5.4.1/../../../../arm-none-eabi/lib/armv7-m\libg_nano.a(lib_a-nano-vfprintf_float.o)
 .rodata.str1.1
                0x00004be0       0x22 c:/program files (x86)/cypress/psoc creator/4.4/psoc creator/import/gnu/arm/5.4.1/bin/../lib/gcc/arm-none-eabi/5.4.1/../../../../arm-none-eabi/lib/armv7-m\libg_nano.a(lib_a-nano-vfprintf_i.o)
 .rodata.str1.1
                0x00004c02        0xd c:/program files (x86)/cypress/psoc creator/4.4/psoc creator/import/gnu/arm/5.4.1/bin/../lib/gcc/arm-none-eabi/5.4.1/../../../../arm-none-eabi/lib/armv7-m\libg_nano.a(lib_a-dtoa.o)
                                  0xf (size before relaxing)
 .rodata.str1.1
                0x00004c0f        0x8 c:/program files (x86)/cypress/psoc creator/4.4/psoc creator/import/gnu/arm/5.4.1/bin/../lib/gcc/arm-none-eabi/5.4.1/../../../../arm-none-eabi/lib/armv7-m\libg_nano.a(lib_a-locale.o)
                                  0xb (size before relaxing)
 *fill*         0x00004c17        0x1 
 .rodata.__mprec_tens
                0x00004c18       0xc8 c:/program files (x86)/cypress/psoc creator/4.4/psoc creator/import/gnu/arm/5.4.1/bin/../lib/gcc/arm-none-eabi/5.4.1/../../../../arm-none-eabi/lib/armv7-m\libg_nano.a(lib_a-mprec.o)
                0x00004c18                __mprec_tens
 .rodata.p05.5408
                0x00004ce0        0xc c:/program files (x86)/cypress/psoc creator/4.4/psoc creator/import/gnu/arm/5.4.1/bin/../lib/gcc/arm-none-eabi/5.4.1/../../../../arm-none-eabi/lib/armv7-m\libg_nano.a(lib_a-mprec.o)
 *fill*         0x00004cec        0x4 
 .rodata.__mprec_bigtens
                0x00004cf0       0x28 c:/program files (x86)/cypress/psoc creator/4.4/psoc creator/import/gnu/arm/5.4.1/bin/../lib/gcc/arm-none-eabi/5.4.1/../../../../arm-none-eabi/lib/armv7-m\libg_nano.a(lib_a-mprec.o)
                0x00004cf0                __mprec_bigtens
 .rodata.str1.1
                0x00004d18       0x11 c:/program files (x86)/cypress/psoc creator/4.4/psoc creator/import/gnu/arm/5.4.1/bin/../lib/gcc/arm-none-eabi/5.4.1/../../../../arm-none-eabi/lib/armv7-m\libg_nano.a(lib_a-nano-svfprintf.o)
                0x00004d2c                . = ALIGN (0x4)
 *fill*         0x00004d29        0x3 
 *(.init)
 .init          0x00004d2c        0x4 c:/program files (x86)/cypress/psoc creator/4.4/psoc creator/import/gnu/arm/5.4.1/bin/../lib/gcc/arm-none-eabi/5.4.1/armv7-m/crti.o
                0x00004d2c                _init
 .init          0x00004d30        0x8 c:/program files (x86)/cypress/psoc creator/4.4/psoc creator/import/gnu/arm/5.4.1/bin/../lib/gcc/arm-none-eabi/5.4.1/armv7-m/crtn.o
                0x00004d38                . = ALIGN (0x4)
                0x00004d38                __preinit_array_start = .
 *(.preinit_array)
                0x00004d38                __preinit_array_end = .
                0x00004d38                . = ALIGN (0x4)
                0x00004d38                __init_array_start = .
 *(SORT(.init_array.*))
 *(.init_array)
 .init_array    0x00004d38        0x4 c:/program files (x86)/cypress/psoc creator/4.4/psoc creator/import/gnu/arm/5.4.1/bin/../lib/gcc/arm-none-eabi/5.4.1/armv7-m/crtbegin.o
 .init_array    0x00004d3c        0x4 .\CortexM3\ARM_GCC_541\Debug\Cm3Start.o
                0x00004d40                __init_array_end = .
                0x00004d40                . = ALIGN (0x4)
 *(.fini)
 .fini          0x00004d40        0x4 c:/program files (x86)/cypress/psoc creator/4.4/psoc creator/import/gnu/arm/5.4.1/bin/../lib/gcc/arm-none-eabi/5.4.1/armv7-m/crti.o
                0x00004d40                _fini
 .fini          0x00004d44        0x8 c:/program files (x86)/cypress/psoc creator/4.4/psoc creator/import/gnu/arm/5.4.1/bin/../lib/gcc/arm-none-eabi/5.4.1/armv7-m/crtn.o
                0x00004d4c                . = ALIGN (0x4)
                0x00004d4c                __fini_array_start = .
 *(.fini_array)
 .fini_array    0x00004d4c        0x4 c:/program files (x86)/cypress/psoc creator/4.4/psoc creator/import/gnu/arm/5.4.1/bin/../lib/gcc/arm-none-eabi/5.4.1/armv7-m/crtbegin.o
 *(SORT(.fini_array.*))
                0x00004d50                __fini_array_end = .
                0x00004d50                . = ALIGN (0x4)
 *crtbegin.o(.ctors)
 *(EXCLUDE_FILE(*crtend.o) .ctors)
 *(SORT(.ctors.*))
 *crtend.o(.ctors)
                0x00004d50                . = ALIGN (0x4)
 *crtbegin.o(.dtors)
 *(EXCLUDE_FILE(*crtend.o) .dtors)
 *(SORT(.dtors.*))
 *crtend.o(.dtors)
                0x00004d50                . = ALIGN (0x4)
                0x00004d50                __cy_regions = .
                0x00004d50        0x4 LONG 0x4d60 __cy_region_init_ram
                0x00004d54        0x4 LONG 0x1fff80c8 __cy_region_start_data
                0x00004d58        0x4 LONG 0x100 __cy_region_init_size_ram
                0x00004d5c        0x4 LONG 0x370 __cy_region_zero_size_ram
                0x00004d60                __cy_regions_end = .
                0x00004d60                . = ALIGN (0x8)
                0x00004d60                _etext = .

.cy_checksum_exclude
                0x00004d60        0x0
 *(.cy_checksum_exclude)

.ramvectors     0x1fff8000       0xc0
                0x1fff8000                __cy_region_start_ram = .
 *(.ramvectors)
 .ramvectors    0x1fff8000       0xc0 .\CortexM3\ARM_GCC_541\Debug\Cm3Start.o
                0x1fff8000                CyRamVectors

.noinit         0x1fff80c0        0x1
 *(.noinit)
 .noinit        0x1fff80c0        0x1 .\CortexM3\ARM_GCC_541\Debug\Design01.a(CyLib.o)
                0x1fff80c0                CyResetStatus

.data           0x1fff80c8      0x100 load address 0x00004d60
                0x1fff80c8                __cy_region_start_data = .
 *(.jcr)
 .jcr           0x1fff80c8        0x0 c:/program files (x86)/cypress/psoc creator/4.4/psoc creator/import/gnu/arm/5.4.1/bin/../lib/gcc/arm-none-eabi/5.4.1/armv7-m/crtbegin.o
 .jcr           0x1fff80c8        0x4 c:/program files (x86)/cypress/psoc creator/4.4/psoc creator/import/gnu/arm/5.4.1/bin/../lib/gcc/arm-none-eabi/5.4.1/armv7-m/crtend.o
 *(.got.plt)
 *(.got)
 *(.shdata)
 *(.data .data.* .gnu.linkonce.d.*)
 *fill*         0x1fff80cc        0x4 
 .data          0x1fff80d0       0x48 .\CortexM3\ARM_GCC_541\Debug\main.o
                0x1fff80d0                K_p
                0x1fff80d8                PWM_Master
                0x1fff80dc                PWM_Slave
                0x1fff80e0                WHEEL_DIAMETER
                0x1fff80e8                DISTANCE_BETW_WHEEL
                0x1fff80f0                COUNT_WHEEL
                0x1fff80f8                down_big
                0x1fff80fc                close_small
                0x1fff8100                up_big
                0x1fff8104                open_small
                0x1fff8108                PWM_Slave_puck
                0x1fff810c                PWM_Master_puck
                0x1fff8110                timer_period
 .data          0x1fff8118        0x4 .\CortexM3\ARM_GCC_541\Debug\Cm3Start.o
 .data          0x1fff811c       0x10 .\CortexM3\ARM_GCC_541\Debug\Design01.a(CyLib.o)
                0x1fff811c                cydelay_32k_ms
                0x1fff8120                cydelay_freq_khz
                0x1fff8124                cydelay_freq_mhz
                0x1fff8128                cydelay_freq_hz
 .data.impure_data
                0x1fff812c       0x60 c:/program files (x86)/cypress/psoc creator/4.4/psoc creator/import/gnu/arm/5.4.1/bin/../lib/gcc/arm-none-eabi/5.4.1/../../../../arm-none-eabi/lib/armv7-m\libg_nano.a(lib_a-impure.o)
 .data._impure_ptr
                0x1fff818c        0x4 c:/program files (x86)/cypress/psoc creator/4.4/psoc creator/import/gnu/arm/5.4.1/bin/../lib/gcc/arm-none-eabi/5.4.1/../../../../arm-none-eabi/lib/armv7-m\libg_nano.a(lib_a-impure.o)
                0x1fff818c                _impure_ptr
 .data.lconv    0x1fff8190       0x38 c:/program files (x86)/cypress/psoc creator/4.4/psoc creator/import/gnu/arm/5.4.1/bin/../lib/gcc/arm-none-eabi/5.4.1/../../../../arm-none-eabi/lib/armv7-m\libg_nano.a(lib_a-locale.o)
                0x1fff81c8                . = ALIGN (0x8)
 *(.ram)
                0x1fff81c8                _edata = .

.igot.plt       0x1fff81c8        0x0 load address 0x00004e60
 .igot.plt      0x1fff81c8        0x0 c:/program files (x86)/cypress/psoc creator/4.4/psoc creator/import/gnu/arm/5.4.1/bin/../lib/gcc/arm-none-eabi/5.4.1/armv7-m/crtbegin.o

.bss            0x1fff81c8      0x370 load address 0x00004e60
                0x1fff81c8                PROVIDE (__bss_start__, .)
 *(.shbss)
 *(.bss .bss.* .gnu.linkonce.b.*)
 .bss           0x1fff81c8       0x1c c:/program files (x86)/cypress/psoc creator/4.4/psoc creator/import/gnu/arm/5.4.1/bin/../lib/gcc/arm-none-eabi/5.4.1/armv7-m/crtbegin.o
 *fill*         0x1fff81e4        0x4 
 .bss           0x1fff81e8       0xc0 .\CortexM3\ARM_GCC_541\Debug\main.o
                0x1fff81e8                is_moving
                0x1fff81ec                Count_Master
                0x1fff81f0                Count_Slave
                0x1fff81f8                error
                0x1fff8200                last_error
                0x1fff8208                ultrasonic_flag
                0x1fff820c                echo_select
                0x1fff8210                ultrasonic_count
                0x1fff8218                ultrasonic_measure
                0x1fff8220                left_measured
                0x1fff8228                wall_detected_10
                0x1fff822c                compare_ready
                0x1fff8230                CM_COUNT_CONV
                0x1fff8238                direction
                0x1fff8240                y_coord
                0x1fff8248                x_coord
                0x1fff8250                slit_detected
                0x1fff8254                CS_count_Red
                0x1fff8258                CS_count_Green
                0x1fff825c                CS_count_Blue
                0x1fff8260                color_detected
                0x1fff8268                WHEEL_CIRCUMFERENCE
                0x1fff8270                DISTANCE_PT_TURN
                0x1fff8278                PT_TURN_COUNT
                0x1fff8280                step
                0x1fff8284                initial
                0x1fff8288                K_d
                0x1fff8290                K_i
                0x1fff8298                derivative_error
                0x1fff82a0                accumulated_error
 .bss           0x1fff82a8        0x1 .\CortexM3\ARM_GCC_541\Debug\Design01.a(QuadDec_1.o)
                0x1fff82a8                QuadDec_1_initVar
 .bss           0x1fff82a9        0x1 .\CortexM3\ARM_GCC_541\Debug\Design01.a(QuadDec_1_Cnt16.o)
                0x1fff82a9                QuadDec_1_Cnt16_initVar
 .bss           0x1fff82aa        0x2 .\CortexM3\ARM_GCC_541\Debug\Design01.a(UART_1.o)
                0x1fff82aa                UART_1_initVar
 .bss           0x1fff82ac        0x1 .\CortexM3\ARM_GCC_541\Debug\Design01.a(QuadDec_2.o)
                0x1fff82ac                QuadDec_2_initVar
 .bss           0x1fff82ad        0x1 .\CortexM3\ARM_GCC_541\Debug\Design01.a(QuadDec_2_Cnt16.o)
                0x1fff82ad                QuadDec_2_Cnt16_initVar
 .bss           0x1fff82ae        0x1 .\CortexM3\ARM_GCC_541\Debug\Design01.a(Timer_1.o)
                0x1fff82ae                Timer_1_initVar
 .bss           0x1fff82af        0x1 .\CortexM3\ARM_GCC_541\Debug\Design01.a(Timer_2.o)
                0x1fff82af                Timer_2_initVar
 .bss           0x1fff82b0        0x1 .\CortexM3\ARM_GCC_541\Debug\Design01.a(Timer_3.o)
                0x1fff82b0                Timer_3_initVar
 .bss           0x1fff82b1        0x1 .\CortexM3\ARM_GCC_541\Debug\Design01.a(PWM_ColorSensor.o)
                0x1fff82b1                PWM_ColorSensor_initVar
 .bss           0x1fff82b2        0x1 .\CortexM3\ARM_GCC_541\Debug\Design01.a(Counter_ColorSensor.o)
                0x1fff82b2                Counter_ColorSensor_initVar
 .bss           0x1fff82b3        0x1 .\CortexM3\ARM_GCC_541\Debug\Design01.a(PWM_SmallServo.o)
                0x1fff82b3                PWM_SmallServo_initVar
 .bss           0x1fff82b4        0x1 .\CortexM3\ARM_GCC_541\Debug\Design01.a(PWM_BigServo.o)
                0x1fff82b4                PWM_BigServo_initVar
 .bss           0x1fff82b5        0x1 .\CortexM3\ARM_GCC_541\Debug\Design01.a(PWM_Wheels.o)
                0x1fff82b5                PWM_Wheels_initVar
 *fill*         0x1fff82b6        0x2 
 .bss.__malloc_sbrk_start
                0x1fff82b8        0x4 c:/program files (x86)/cypress/psoc creator/4.4/psoc creator/import/gnu/arm/5.4.1/bin/../lib/gcc/arm-none-eabi/5.4.1/../../../../arm-none-eabi/lib/armv7-m\libg_nano.a(lib_a-nano-mallocr.o)
                0x1fff82b8                __malloc_sbrk_start
 .bss.__malloc_free_list
                0x1fff82bc        0x4 c:/program files (x86)/cypress/psoc creator/4.4/psoc creator/import/gnu/arm/5.4.1/bin/../lib/gcc/arm-none-eabi/5.4.1/../../../../arm-none-eabi/lib/armv7-m\libg_nano.a(lib_a-nano-mallocr.o)
                0x1fff82bc                __malloc_free_list
 *(COMMON)
 COMMON         0x1fff82c0      0x270 .\CortexM3\ARM_GCC_541\Debug\main.o
                0x1fff82c0                front_measured_2
                0x1fff82c8                string_3
                0x1fff8390                string_1
                0x1fff8458                right_measured
                0x1fff8460                front_measured_1
                0x1fff8468                string_2
 COMMON         0x1fff8530        0x4 c:/program files (x86)/cypress/psoc creator/4.4/psoc creator/import/gnu/arm/5.4.1/bin/../lib/gcc/arm-none-eabi/5.4.1/../../../../arm-none-eabi/lib/armv7-m\libg_nano.a(lib_a-reent.o)
                0x1fff8530                errno
                0x1fff8538                . = ALIGN (0x8)
 *fill*         0x1fff8534        0x4 
 *(.ram.b)
                0x1fff8538                _end = .
                0x1fff8538                __end = .
                0x1fff8538                PROVIDE (end, .)
                0x1fff8538                PROVIDE (__bss_end__, .)
                0x00004d60                __cy_region_init_ram = LOADADDR (.data)
                0x00000100                __cy_region_init_size_ram = (_edata - ADDR (.data))
                0x00000370                __cy_region_zero_size_ram = (_end - _edata)

.heap           0x1fff8538      0x200 load address 0x00004e60
                0x1fff8538                . = _end
                0x1fff8738                . = (. + 0x200)
 *fill*         0x1fff8538      0x200 
                0x1fff8738                __cy_heap_limit = .

.stack          0x20007800      0x800
                0x20007800                __cy_stack_limit = .
                0x20008000                . = (. + 0x800)
 *fill*         0x20007800      0x800 
                0x00000001                ASSERT ((__cy_stack_limit >= __cy_heap_limit), region RAM overflowed with stack)
                0x00000000                cy_checksum_exclude_size = (CY_APPL_LOADABLE == 0x1)?SIZEOF (.cy_checksum_exclude):0x0
                0x00000001                ASSERT ((cy_checksum_exclude_size <= CY_CHECKSUM_EXCLUDE_SIZE), CY_BOOT: Section .cy_checksum_exclude size exceedes specified limit.)

.cyloadermeta
 *(.cyloadermeta)

.cyloadablemeta
 *(.cyloadablemeta)

.cyconfigecc    0x80000000     0x11f4
 *(.cyconfigecc)
 .cyconfigecc   0x80000000     0x11f4 .\CortexM3\ARM_GCC_541\Debug\cymetadata.o
                0x80000000                cy_meta_configecc

.cycustnvl      0x90000000        0x4
 *(.cycustnvl)
 .cycustnvl     0x90000000        0x4 .\CortexM3\ARM_GCC_541\Debug\cymetadata.o
                0x90000000                cy_meta_custnvl

.cywolatch      0x90100000        0x4
 *(.cywolatch)
 .cywolatch     0x90100000        0x4 .\CortexM3\ARM_GCC_541\Debug\cymetadata.o
                0x90100000                cy_meta_wonvl

.cyeeprom       0x90200000        0x0
 *(.cyeeprom)
                0x00000001                ASSERT ((. <= ((0x90200000 + ee_offset) + ee_size)), .cyeeprom data will not fit in EEPROM)

.cyflashprotect
                0x90400000      0x100
 *(.cyflashprotect)
 .cyflashprotect
                0x90400000      0x100 .\CortexM3\ARM_GCC_541\Debug\cymetadata.o
                0x90400000                cy_meta_flashprotect

.cymeta         0x90500000        0xc
 *(.cymeta)
 .cymeta        0x90500000        0xc .\CortexM3\ARM_GCC_541\Debug\cymetadata.o
                0x90500000                cy_metadata

.rel.dyn        0x00004e60        0x0 load address 0x9050000c
 .rel.iplt      0x00004e60        0x0 c:/program files (x86)/cypress/psoc creator/4.4/psoc creator/import/gnu/arm/5.4.1/bin/../lib/gcc/arm-none-eabi/5.4.1/armv7-m/crtbegin.o

.stab
 *(.stab)

.stabstr
 *(.stabstr)

.debug
 *(.debug)

.line
 *(.line)

.debug_srcinfo
 *(.debug_srcinfo)

.debug_sfnames
 *(.debug_sfnames)

.debug_aranges  0x00000000     0x1370
 *(.debug_aranges)
 .debug_aranges
                0x00000000       0xa0 .\CortexM3\ARM_GCC_541\Debug\main.o
 .debug_aranges
                0x000000a0       0x58 .\CortexM3\ARM_GCC_541\Debug\cyfitter_cfg.o
 .debug_aranges
                0x000000f8       0x18 .\CortexM3\ARM_GCC_541\Debug\cymetadata.o
 .debug_aranges
                0x00000110       0x48 .\CortexM3\ARM_GCC_541\Debug\Cm3Start.o
 .debug_aranges
                0x00000158       0x38 .\CortexM3\ARM_GCC_541\Debug\Design01.a(Motor_1_IN_1.o)
 .debug_aranges
                0x00000190       0x38 .\CortexM3\ARM_GCC_541\Debug\Design01.a(Motor_1_IN_2.o)
 .debug_aranges
                0x000001c8      0x2a0 .\CortexM3\ARM_GCC_541\Debug\Design01.a(CyLib.o)
 .debug_aranges
                0x00000468       0x98 .\CortexM3\ARM_GCC_541\Debug\Design01.a(cyPm.o)
 .debug_aranges
                0x00000500       0x60 .\CortexM3\ARM_GCC_541\Debug\Design01.a(QuadDec_1.o)
 .debug_aranges
                0x00000560       0x98 .\CortexM3\ARM_GCC_541\Debug\Design01.a(QuadDec_1_Cnt16.o)
 .debug_aranges
                0x000005f8       0xf0 .\CortexM3\ARM_GCC_541\Debug\Design01.a(UART_1.o)
 .debug_aranges
                0x000006e8       0x70 .\CortexM3\ARM_GCC_541\Debug\Design01.a(UART_1_IntClock.o)
 .debug_aranges
                0x00000758       0x60 .\CortexM3\ARM_GCC_541\Debug\Design01.a(QuadDec_2.o)
 .debug_aranges
                0x000007b8       0x98 .\CortexM3\ARM_GCC_541\Debug\Design01.a(QuadDec_2_Cnt16.o)
 .debug_aranges
                0x00000850       0x38 .\CortexM3\ARM_GCC_541\Debug\Design01.a(Motor_2_IN_3.o)
 .debug_aranges
                0x00000888       0x38 .\CortexM3\ARM_GCC_541\Debug\Design01.a(Motor_2_IN_4.o)
 .debug_aranges
                0x000008c0       0x90 .\CortexM3\ARM_GCC_541\Debug\Design01.a(Timer_1.o)
 .debug_aranges
                0x00000950       0x80 .\CortexM3\ARM_GCC_541\Debug\Design01.a(isr_1.o)
 .debug_aranges
                0x000009d0       0x88 .\CortexM3\ARM_GCC_541\Debug\Design01.a(Timer_2.o)
 .debug_aranges
                0x00000a58       0x38 .\CortexM3\ARM_GCC_541\Debug\Design01.a(Trigger.o)
 .debug_aranges
                0x00000a90       0x80 .\CortexM3\ARM_GCC_541\Debug\Design01.a(isr_2.o)
 .debug_aranges
                0x00000b10       0x98 .\CortexM3\ARM_GCC_541\Debug\Design01.a(Timer_3.o)
 .debug_aranges
                0x00000ba8       0x80 .\CortexM3\ARM_GCC_541\Debug\Design01.a(isr_3.o)
 .debug_aranges
                0x00000c28       0x38 .\CortexM3\ARM_GCC_541\Debug\Design01.a(Left_Echo.o)
 .debug_aranges
                0x00000c60       0x38 .\CortexM3\ARM_GCC_541\Debug\Design01.a(Front_Echo_1.o)
 .debug_aranges
                0x00000c98       0x98 .\CortexM3\ARM_GCC_541\Debug\Design01.a(PWM_ColorSensor.o)
 .debug_aranges
                0x00000d30       0x98 .\CortexM3\ARM_GCC_541\Debug\Design01.a(Counter_ColorSensor.o)
 .debug_aranges
                0x00000dc8       0x80 .\CortexM3\ARM_GCC_541\Debug\Design01.a(isr_6.o)
 .debug_aranges
                0x00000e48       0x28 .\CortexM3\ARM_GCC_541\Debug\Design01.a(Control_Reg_1.o)
 .debug_aranges
                0x00000e70       0x38 .\CortexM3\ARM_GCC_541\Debug\Design01.a(S1.o)
 .debug_aranges
                0x00000ea8       0x38 .\CortexM3\ARM_GCC_541\Debug\Design01.a(S2.o)
 .debug_aranges
                0x00000ee0       0x38 .\CortexM3\ARM_GCC_541\Debug\Design01.a(S0.o)
 .debug_aranges
                0x00000f18       0x38 .\CortexM3\ARM_GCC_541\Debug\Design01.a(S3.o)
 .debug_aranges
                0x00000f50       0x38 .\CortexM3\ARM_GCC_541\Debug\Design01.a(CS_LED.o)
 .debug_aranges
                0x00000f88       0x38 .\CortexM3\ARM_GCC_541\Debug\Design01.a(IR_input.o)
 .debug_aranges
                0x00000fc0       0x38 .\CortexM3\ARM_GCC_541\Debug\Design01.a(led_green.o)
 .debug_aranges
                0x00000ff8       0x38 .\CortexM3\ARM_GCC_541\Debug\Design01.a(led_red.o)
 .debug_aranges
                0x00001030       0x38 .\CortexM3\ARM_GCC_541\Debug\Design01.a(led_blue.o)
 .debug_aranges
                0x00001068       0x78 .\CortexM3\ARM_GCC_541\Debug\Design01.a(PWM_SmallServo.o)
 .debug_aranges
                0x000010e0       0x78 .\CortexM3\ARM_GCC_541\Debug\Design01.a(PWM_BigServo.o)
 .debug_aranges
                0x00001158       0xa8 .\CortexM3\ARM_GCC_541\Debug\Design01.a(PWM_Wheels.o)
 .debug_aranges
                0x00001200       0x28 .\CortexM3\ARM_GCC_541\Debug\Design01.a(Control_Reg_2.o)
 .debug_aranges
                0x00001228       0x20 .\CortexM3\ARM_GCC_541\Debug\Design01.a(CyBootAsmGnu.o)
 .debug_aranges
                0x00001248       0x88 .\CortexM3\ARM_GCC_541\Debug\Design01.a(CyFlash.o)
 .debug_aranges
                0x000012d0       0x80 .\CortexM3\ARM_GCC_541\Debug\Design01.a(CySpc.o)
 .debug_aranges
                0x00001350       0x20 .\CortexM3\ARM_GCC_541\Debug\Design01.a(cyutils.o)

.debug_pubnames
 *(.debug_pubnames)

.debug_info     0x00000000     0x98ad
 *(.debug_info .gnu.linkonce.wi.*)
 .debug_info    0x00000000     0x1718 .\CortexM3\ARM_GCC_541\Debug\main.o
 .debug_info    0x00001718      0x603 .\CortexM3\ARM_GCC_541\Debug\cyfitter_cfg.o
 .debug_info    0x00001d1b      0x139 .\CortexM3\ARM_GCC_541\Debug\cymetadata.o
 .debug_info    0x00001e54      0x3bb .\CortexM3\ARM_GCC_541\Debug\Cm3Start.o
 .debug_info    0x0000220f      0x11f .\CortexM3\ARM_GCC_541\Debug\Design01.a(Motor_1_IN_1.o)
 .debug_info    0x0000232e      0x11f .\CortexM3\ARM_GCC_541\Debug\Design01.a(Motor_1_IN_2.o)
 .debug_info    0x0000244d     0x1374 .\CortexM3\ARM_GCC_541\Debug\Design01.a(CyLib.o)
 .debug_info    0x000037c1      0xa2a .\CortexM3\ARM_GCC_541\Debug\Design01.a(cyPm.o)
 .debug_info    0x000041eb      0x2d4 .\CortexM3\ARM_GCC_541\Debug\Design01.a(QuadDec_1.o)
 .debug_info    0x000044bf      0x348 .\CortexM3\ARM_GCC_541\Debug\Design01.a(QuadDec_1_Cnt16.o)
 .debug_info    0x00004807      0x60c .\CortexM3\ARM_GCC_541\Debug\Design01.a(UART_1.o)
 .debug_info    0x00004e13      0x283 .\CortexM3\ARM_GCC_541\Debug\Design01.a(UART_1_IntClock.o)
 .debug_info    0x00005096      0x2d4 .\CortexM3\ARM_GCC_541\Debug\Design01.a(QuadDec_2.o)
 .debug_info    0x0000536a      0x348 .\CortexM3\ARM_GCC_541\Debug\Design01.a(QuadDec_2_Cnt16.o)
 .debug_info    0x000056b2      0x11f .\CortexM3\ARM_GCC_541\Debug\Design01.a(Motor_2_IN_3.o)
 .debug_info    0x000057d1      0x11f .\CortexM3\ARM_GCC_541\Debug\Design01.a(Motor_2_IN_4.o)
 .debug_info    0x000058f0      0x334 .\CortexM3\ARM_GCC_541\Debug\Design01.a(Timer_1.o)
 .debug_info    0x00005c24      0x2d2 .\CortexM3\ARM_GCC_541\Debug\Design01.a(isr_1.o)
 .debug_info    0x00005ef6      0x295 .\CortexM3\ARM_GCC_541\Debug\Design01.a(Timer_2.o)
 .debug_info    0x0000618b      0x11f .\CortexM3\ARM_GCC_541\Debug\Design01.a(Trigger.o)
 .debug_info    0x000062aa      0x2d2 .\CortexM3\ARM_GCC_541\Debug\Design01.a(isr_2.o)
 .debug_info    0x0000657c      0x328 .\CortexM3\ARM_GCC_541\Debug\Design01.a(Timer_3.o)
 .debug_info    0x000068a4      0x2d2 .\CortexM3\ARM_GCC_541\Debug\Design01.a(isr_3.o)
 .debug_info    0x00006b76      0x11f .\CortexM3\ARM_GCC_541\Debug\Design01.a(Left_Echo.o)
 .debug_info    0x00006c95      0x11f .\CortexM3\ARM_GCC_541\Debug\Design01.a(Front_Echo_1.o)
 .debug_info    0x00006db4      0x354 .\CortexM3\ARM_GCC_541\Debug\Design01.a(PWM_ColorSensor.o)
 .debug_info    0x00007108      0x344 .\CortexM3\ARM_GCC_541\Debug\Design01.a(Counter_ColorSensor.o)
 .debug_info    0x0000744c      0x2d2 .\CortexM3\ARM_GCC_541\Debug\Design01.a(isr_6.o)
 .debug_info    0x0000771e       0xd6 .\CortexM3\ARM_GCC_541\Debug\Design01.a(Control_Reg_1.o)
 .debug_info    0x000077f4      0x11f .\CortexM3\ARM_GCC_541\Debug\Design01.a(S1.o)
 .debug_info    0x00007913      0x11f .\CortexM3\ARM_GCC_541\Debug\Design01.a(S2.o)
 .debug_info    0x00007a32      0x11f .\CortexM3\ARM_GCC_541\Debug\Design01.a(S0.o)
 .debug_info    0x00007b51      0x11f .\CortexM3\ARM_GCC_541\Debug\Design01.a(S3.o)
 .debug_info    0x00007c70      0x11f .\CortexM3\ARM_GCC_541\Debug\Design01.a(CS_LED.o)
 .debug_info    0x00007d8f      0x11f .\CortexM3\ARM_GCC_541\Debug\Design01.a(IR_input.o)
 .debug_info    0x00007eae      0x11f .\CortexM3\ARM_GCC_541\Debug\Design01.a(led_green.o)
 .debug_info    0x00007fcd      0x11f .\CortexM3\ARM_GCC_541\Debug\Design01.a(led_red.o)
 .debug_info    0x000080ec      0x11f .\CortexM3\ARM_GCC_541\Debug\Design01.a(led_blue.o)
 .debug_info    0x0000820b      0x281 .\CortexM3\ARM_GCC_541\Debug\Design01.a(PWM_SmallServo.o)
 .debug_info    0x0000848c      0x281 .\CortexM3\ARM_GCC_541\Debug\Design01.a(PWM_BigServo.o)
 .debug_info    0x0000870d      0x3a4 .\CortexM3\ARM_GCC_541\Debug\Design01.a(PWM_Wheels.o)
 .debug_info    0x00008ab1       0xd6 .\CortexM3\ARM_GCC_541\Debug\Design01.a(Control_Reg_2.o)
 .debug_info    0x00008b87       0x9b .\CortexM3\ARM_GCC_541\Debug\Design01.a(CyBootAsmGnu.o)
 .debug_info    0x00008c22      0x64d .\CortexM3\ARM_GCC_541\Debug\Design01.a(CyFlash.o)
 .debug_info    0x0000926f      0x550 .\CortexM3\ARM_GCC_541\Debug\Design01.a(CySpc.o)
 .debug_info    0x000097bf       0xee .\CortexM3\ARM_GCC_541\Debug\Design01.a(cyutils.o)

.debug_abbrev   0x00000000     0x2efa
 *(.debug_abbrev)
 .debug_abbrev  0x00000000      0x1f0 .\CortexM3\ARM_GCC_541\Debug\main.o
 .debug_abbrev  0x000001f0      0x20d .\CortexM3\ARM_GCC_541\Debug\cyfitter_cfg.o
 .debug_abbrev  0x000003fd       0x77 .\CortexM3\ARM_GCC_541\Debug\cymetadata.o
 .debug_abbrev  0x00000474      0x1e8 .\CortexM3\ARM_GCC_541\Debug\Cm3Start.o
 .debug_abbrev  0x0000065c       0x90 .\CortexM3\ARM_GCC_541\Debug\Design01.a(Motor_1_IN_1.o)
 .debug_abbrev  0x000006ec       0x90 .\CortexM3\ARM_GCC_541\Debug\Design01.a(Motor_1_IN_2.o)
 .debug_abbrev  0x0000077c      0x254 .\CortexM3\ARM_GCC_541\Debug\Design01.a(CyLib.o)
 .debug_abbrev  0x000009d0      0x1ab .\CortexM3\ARM_GCC_541\Debug\Design01.a(cyPm.o)
 .debug_abbrev  0x00000b7b      0x151 .\CortexM3\ARM_GCC_541\Debug\Design01.a(QuadDec_1.o)
 .debug_abbrev  0x00000ccc      0x117 .\CortexM3\ARM_GCC_541\Debug\Design01.a(QuadDec_1_Cnt16.o)
 .debug_abbrev  0x00000de3      0x175 .\CortexM3\ARM_GCC_541\Debug\Design01.a(UART_1.o)
 .debug_abbrev  0x00000f58      0x139 .\CortexM3\ARM_GCC_541\Debug\Design01.a(UART_1_IntClock.o)
 .debug_abbrev  0x00001091      0x151 .\CortexM3\ARM_GCC_541\Debug\Design01.a(QuadDec_2.o)
 .debug_abbrev  0x000011e2      0x117 .\CortexM3\ARM_GCC_541\Debug\Design01.a(QuadDec_2_Cnt16.o)
 .debug_abbrev  0x000012f9       0x90 .\CortexM3\ARM_GCC_541\Debug\Design01.a(Motor_2_IN_3.o)
 .debug_abbrev  0x00001389       0x90 .\CortexM3\ARM_GCC_541\Debug\Design01.a(Motor_2_IN_4.o)
 .debug_abbrev  0x00001419      0x14b .\CortexM3\ARM_GCC_541\Debug\Design01.a(Timer_1.o)
 .debug_abbrev  0x00001564      0x173 .\CortexM3\ARM_GCC_541\Debug\Design01.a(isr_1.o)
 .debug_abbrev  0x000016d7      0x11a .\CortexM3\ARM_GCC_541\Debug\Design01.a(Timer_2.o)
 .debug_abbrev  0x000017f1       0x90 .\CortexM3\ARM_GCC_541\Debug\Design01.a(Trigger.o)
 .debug_abbrev  0x00001881      0x173 .\CortexM3\ARM_GCC_541\Debug\Design01.a(isr_2.o)
 .debug_abbrev  0x000019f4      0x13a .\CortexM3\ARM_GCC_541\Debug\Design01.a(Timer_3.o)
 .debug_abbrev  0x00001b2e      0x173 .\CortexM3\ARM_GCC_541\Debug\Design01.a(isr_3.o)
 .debug_abbrev  0x00001ca1       0x90 .\CortexM3\ARM_GCC_541\Debug\Design01.a(Left_Echo.o)
 .debug_abbrev  0x00001d31       0x90 .\CortexM3\ARM_GCC_541\Debug\Design01.a(Front_Echo_1.o)
 .debug_abbrev  0x00001dc1      0x133 .\CortexM3\ARM_GCC_541\Debug\Design01.a(PWM_ColorSensor.o)
 .debug_abbrev  0x00001ef4      0x117 .\CortexM3\ARM_GCC_541\Debug\Design01.a(Counter_ColorSensor.o)
 .debug_abbrev  0x0000200b      0x173 .\CortexM3\ARM_GCC_541\Debug\Design01.a(isr_6.o)
 .debug_abbrev  0x0000217e       0x81 .\CortexM3\ARM_GCC_541\Debug\Design01.a(Control_Reg_1.o)
 .debug_abbrev  0x000021ff       0x90 .\CortexM3\ARM_GCC_541\Debug\Design01.a(S1.o)
 .debug_abbrev  0x0000228f       0x90 .\CortexM3\ARM_GCC_541\Debug\Design01.a(S2.o)
 .debug_abbrev  0x0000231f       0x90 .\CortexM3\ARM_GCC_541\Debug\Design01.a(S0.o)
 .debug_abbrev  0x000023af       0x90 .\CortexM3\ARM_GCC_541\Debug\Design01.a(S3.o)
 .debug_abbrev  0x0000243f       0x90 .\CortexM3\ARM_GCC_541\Debug\Design01.a(CS_LED.o)
 .debug_abbrev  0x000024cf       0x90 .\CortexM3\ARM_GCC_541\Debug\Design01.a(IR_input.o)
 .debug_abbrev  0x0000255f       0x90 .\CortexM3\ARM_GCC_541\Debug\Design01.a(led_green.o)
 .debug_abbrev  0x000025ef       0x90 .\CortexM3\ARM_GCC_541\Debug\Design01.a(led_red.o)
 .debug_abbrev  0x0000267f       0x90 .\CortexM3\ARM_GCC_541\Debug\Design01.a(led_blue.o)
 .debug_abbrev  0x0000270f      0x12d .\CortexM3\ARM_GCC_541\Debug\Design01.a(PWM_SmallServo.o)
 .debug_abbrev  0x0000283c      0x12d .\CortexM3\ARM_GCC_541\Debug\Design01.a(PWM_BigServo.o)
 .debug_abbrev  0x00002969      0x133 .\CortexM3\ARM_GCC_541\Debug\Design01.a(PWM_Wheels.o)
 .debug_abbrev  0x00002a9c       0x81 .\CortexM3\ARM_GCC_541\Debug\Design01.a(Control_Reg_2.o)
 .debug_abbrev  0x00002b1d       0x14 .\CortexM3\ARM_GCC_541\Debug\Design01.a(CyBootAsmGnu.o)
 .debug_abbrev  0x00002b31      0x1a7 .\CortexM3\ARM_GCC_541\Debug\Design01.a(CyFlash.o)
 .debug_abbrev  0x00002cd8      0x194 .\CortexM3\ARM_GCC_541\Debug\Design01.a(CySpc.o)
 .debug_abbrev  0x00002e6c       0x8e .\CortexM3\ARM_GCC_541\Debug\Design01.a(cyutils.o)

.debug_line     0x00000000     0x4120
 *(.debug_line)
 .debug_line    0x00000000      0x6bf .\CortexM3\ARM_GCC_541\Debug\main.o
 .debug_line    0x000006bf      0x202 .\CortexM3\ARM_GCC_541\Debug\cyfitter_cfg.o
 .debug_line    0x000008c1      0x141 .\CortexM3\ARM_GCC_541\Debug\cymetadata.o
 .debug_line    0x00000a02      0x234 .\CortexM3\ARM_GCC_541\Debug\Cm3Start.o
 .debug_line    0x00000c36       0x99 .\CortexM3\ARM_GCC_541\Debug\Design01.a(Motor_1_IN_1.o)
 .debug_line    0x00000ccf       0x99 .\CortexM3\ARM_GCC_541\Debug\Design01.a(Motor_1_IN_2.o)
 .debug_line    0x00000d68      0x816 .\CortexM3\ARM_GCC_541\Debug\Design01.a(CyLib.o)
 .debug_line    0x0000157e      0x367 .\CortexM3\ARM_GCC_541\Debug\Design01.a(cyPm.o)
 .debug_line    0x000018e5      0x11e .\CortexM3\ARM_GCC_541\Debug\Design01.a(QuadDec_1.o)
 .debug_line    0x00001a03      0x18f .\CortexM3\ARM_GCC_541\Debug\Design01.a(QuadDec_1_Cnt16.o)
 .debug_line    0x00001b92      0x2c0 .\CortexM3\ARM_GCC_541\Debug\Design01.a(UART_1.o)
 .debug_line    0x00001e52      0x17e .\CortexM3\ARM_GCC_541\Debug\Design01.a(UART_1_IntClock.o)
 .debug_line    0x00001fd0      0x11e .\CortexM3\ARM_GCC_541\Debug\Design01.a(QuadDec_2.o)
 .debug_line    0x000020ee      0x18f .\CortexM3\ARM_GCC_541\Debug\Design01.a(QuadDec_2_Cnt16.o)
 .debug_line    0x0000227d       0x99 .\CortexM3\ARM_GCC_541\Debug\Design01.a(Motor_2_IN_3.o)
 .debug_line    0x00002316       0x99 .\CortexM3\ARM_GCC_541\Debug\Design01.a(Motor_2_IN_4.o)
 .debug_line    0x000023af      0x172 .\CortexM3\ARM_GCC_541\Debug\Design01.a(Timer_1.o)
 .debug_line    0x00002521      0x132 .\CortexM3\ARM_GCC_541\Debug\Design01.a(isr_1.o)
 .debug_line    0x00002653      0x155 .\CortexM3\ARM_GCC_541\Debug\Design01.a(Timer_2.o)
 .debug_line    0x000027a8       0x94 .\CortexM3\ARM_GCC_541\Debug\Design01.a(Trigger.o)
 .debug_line    0x0000283c      0x132 .\CortexM3\ARM_GCC_541\Debug\Design01.a(isr_2.o)
 .debug_line    0x0000296e      0x184 .\CortexM3\ARM_GCC_541\Debug\Design01.a(Timer_3.o)
 .debug_line    0x00002af2      0x132 .\CortexM3\ARM_GCC_541\Debug\Design01.a(isr_3.o)
 .debug_line    0x00002c24       0x96 .\CortexM3\ARM_GCC_541\Debug\Design01.a(Left_Echo.o)
 .debug_line    0x00002cba       0x99 .\CortexM3\ARM_GCC_541\Debug\Design01.a(Front_Echo_1.o)
 .debug_line    0x00002d53      0x192 .\CortexM3\ARM_GCC_541\Debug\Design01.a(PWM_ColorSensor.o)
 .debug_line    0x00002ee5      0x195 .\CortexM3\ARM_GCC_541\Debug\Design01.a(Counter_ColorSensor.o)
 .debug_line    0x0000307a      0x132 .\CortexM3\ARM_GCC_541\Debug\Design01.a(isr_6.o)
 .debug_line    0x000031ac       0x75 .\CortexM3\ARM_GCC_541\Debug\Design01.a(Control_Reg_1.o)
 .debug_line    0x00003221       0x8f .\CortexM3\ARM_GCC_541\Debug\Design01.a(S1.o)
 .debug_line    0x000032b0       0x8f .\CortexM3\ARM_GCC_541\Debug\Design01.a(S2.o)
 .debug_line    0x0000333f       0x8f .\CortexM3\ARM_GCC_541\Debug\Design01.a(S0.o)
 .debug_line    0x000033ce       0x8f .\CortexM3\ARM_GCC_541\Debug\Design01.a(S3.o)
 .debug_line    0x0000345d       0x93 .\CortexM3\ARM_GCC_541\Debug\Design01.a(CS_LED.o)
 .debug_line    0x000034f0       0x95 .\CortexM3\ARM_GCC_541\Debug\Design01.a(IR_input.o)
 .debug_line    0x00003585       0x96 .\CortexM3\ARM_GCC_541\Debug\Design01.a(led_green.o)
 .debug_line    0x0000361b       0x94 .\CortexM3\ARM_GCC_541\Debug\Design01.a(led_red.o)
 .debug_line    0x000036af       0x95 .\CortexM3\ARM_GCC_541\Debug\Design01.a(led_blue.o)
 .debug_line    0x00003744      0x13c .\CortexM3\ARM_GCC_541\Debug\Design01.a(PWM_SmallServo.o)
 .debug_line    0x00003880      0x13a .\CortexM3\ARM_GCC_541\Debug\Design01.a(PWM_BigServo.o)
 .debug_line    0x000039ba      0x1b1 .\CortexM3\ARM_GCC_541\Debug\Design01.a(PWM_Wheels.o)
 .debug_line    0x00003b6b       0x75 .\CortexM3\ARM_GCC_541\Debug\Design01.a(Control_Reg_2.o)
 .debug_line    0x00003be0       0x66 .\CortexM3\ARM_GCC_541\Debug\Design01.a(CyBootAsmGnu.o)
 .debug_line    0x00003c46      0x21a .\CortexM3\ARM_GCC_541\Debug\Design01.a(CyFlash.o)
 .debug_line    0x00003e60      0x260 .\CortexM3\ARM_GCC_541\Debug\Design01.a(CySpc.o)
 .debug_line    0x000040c0       0x60 .\CortexM3\ARM_GCC_541\Debug\Design01.a(cyutils.o)

.debug_frame    0x00000000     0x3210
 *(.debug_frame)
 .debug_frame   0x00000000      0x228 .\CortexM3\ARM_GCC_541\Debug\main.o
 .debug_frame   0x00000228       0xe4 .\CortexM3\ARM_GCC_541\Debug\cyfitter_cfg.o
 .debug_frame   0x0000030c       0xb8 .\CortexM3\ARM_GCC_541\Debug\Cm3Start.o
 .debug_frame   0x000003c4       0x50 .\CortexM3\ARM_GCC_541\Debug\Design01.a(Motor_1_IN_1.o)
 .debug_frame   0x00000414       0x50 .\CortexM3\ARM_GCC_541\Debug\Design01.a(Motor_1_IN_2.o)
 .debug_frame   0x00000464      0x738 .\CortexM3\ARM_GCC_541\Debug\Design01.a(CyLib.o)
 .debug_frame   0x00000b9c      0x1f8 .\CortexM3\ARM_GCC_541\Debug\Design01.a(cyPm.o)
 .debug_frame   0x00000d94       0xdc .\CortexM3\ARM_GCC_541\Debug\Design01.a(QuadDec_1.o)
 .debug_frame   0x00000e70      0x134 .\CortexM3\ARM_GCC_541\Debug\Design01.a(QuadDec_1_Cnt16.o)
 .debug_frame   0x00000fa4      0x250 .\CortexM3\ARM_GCC_541\Debug\Design01.a(UART_1.o)
 .debug_frame   0x000011f4       0xe0 .\CortexM3\ARM_GCC_541\Debug\Design01.a(UART_1_IntClock.o)
 .debug_frame   0x000012d4       0xdc .\CortexM3\ARM_GCC_541\Debug\Design01.a(QuadDec_2.o)
 .debug_frame   0x000013b0      0x134 .\CortexM3\ARM_GCC_541\Debug\Design01.a(QuadDec_2_Cnt16.o)
 .debug_frame   0x000014e4       0x50 .\CortexM3\ARM_GCC_541\Debug\Design01.a(Motor_2_IN_3.o)
 .debug_frame   0x00001534       0x50 .\CortexM3\ARM_GCC_541\Debug\Design01.a(Motor_2_IN_4.o)
 .debug_frame   0x00001584      0x13c .\CortexM3\ARM_GCC_541\Debug\Design01.a(Timer_1.o)
 .debug_frame   0x000016c0      0x104 .\CortexM3\ARM_GCC_541\Debug\Design01.a(isr_1.o)
 .debug_frame   0x000017c4      0x108 .\CortexM3\ARM_GCC_541\Debug\Design01.a(Timer_2.o)
 .debug_frame   0x000018cc       0x50 .\CortexM3\ARM_GCC_541\Debug\Design01.a(Trigger.o)
 .debug_frame   0x0000191c      0x104 .\CortexM3\ARM_GCC_541\Debug\Design01.a(isr_2.o)
 .debug_frame   0x00001a20      0x134 .\CortexM3\ARM_GCC_541\Debug\Design01.a(Timer_3.o)
 .debug_frame   0x00001b54      0x104 .\CortexM3\ARM_GCC_541\Debug\Design01.a(isr_3.o)
 .debug_frame   0x00001c58       0x50 .\CortexM3\ARM_GCC_541\Debug\Design01.a(Left_Echo.o)
 .debug_frame   0x00001ca8       0x50 .\CortexM3\ARM_GCC_541\Debug\Design01.a(Front_Echo_1.o)
 .debug_frame   0x00001cf8      0x134 .\CortexM3\ARM_GCC_541\Debug\Design01.a(PWM_ColorSensor.o)
 .debug_frame   0x00001e2c      0x134 .\CortexM3\ARM_GCC_541\Debug\Design01.a(Counter_ColorSensor.o)
 .debug_frame   0x00001f60      0x104 .\CortexM3\ARM_GCC_541\Debug\Design01.a(isr_6.o)
 .debug_frame   0x00002064       0x30 .\CortexM3\ARM_GCC_541\Debug\Design01.a(Control_Reg_1.o)
 .debug_frame   0x00002094       0x50 .\CortexM3\ARM_GCC_541\Debug\Design01.a(S1.o)
 .debug_frame   0x000020e4       0x50 .\CortexM3\ARM_GCC_541\Debug\Design01.a(S2.o)
 .debug_frame   0x00002134       0x50 .\CortexM3\ARM_GCC_541\Debug\Design01.a(S0.o)
 .debug_frame   0x00002184       0x50 .\CortexM3\ARM_GCC_541\Debug\Design01.a(S3.o)
 .debug_frame   0x000021d4       0x50 .\CortexM3\ARM_GCC_541\Debug\Design01.a(CS_LED.o)
 .debug_frame   0x00002224       0x50 .\CortexM3\ARM_GCC_541\Debug\Design01.a(IR_input.o)
 .debug_frame   0x00002274       0x50 .\CortexM3\ARM_GCC_541\Debug\Design01.a(led_green.o)
 .debug_frame   0x000022c4       0x50 .\CortexM3\ARM_GCC_541\Debug\Design01.a(led_red.o)
 .debug_frame   0x00002314       0x50 .\CortexM3\ARM_GCC_541\Debug\Design01.a(led_blue.o)
 .debug_frame   0x00002364       0xe8 .\CortexM3\ARM_GCC_541\Debug\Design01.a(PWM_SmallServo.o)
 .debug_frame   0x0000244c       0xe8 .\CortexM3\ARM_GCC_541\Debug\Design01.a(PWM_BigServo.o)
 .debug_frame   0x00002534      0x154 .\CortexM3\ARM_GCC_541\Debug\Design01.a(PWM_Wheels.o)
 .debug_frame   0x00002688       0x30 .\CortexM3\ARM_GCC_541\Debug\Design01.a(Control_Reg_2.o)
 .debug_frame   0x000026b8      0x194 .\CortexM3\ARM_GCC_541\Debug\Design01.a(CyFlash.o)
 .debug_frame   0x0000284c      0x180 .\CortexM3\ARM_GCC_541\Debug\Design01.a(CySpc.o)
 .debug_frame   0x000029cc       0x20 .\CortexM3\ARM_GCC_541\Debug\Design01.a(cyutils.o)
 .debug_frame   0x000029ec       0x20 c:/program files (x86)/cypress/psoc creator/4.4/psoc creator/import/gnu/arm/5.4.1/bin/../lib/gcc/arm-none-eabi/5.4.1/../../../../arm-none-eabi/lib/armv7-m\libg_nano.a(lib_a-errno.o)
 .debug_frame   0x00002a0c       0x28 c:/program files (x86)/cypress/psoc creator/4.4/psoc creator/import/gnu/arm/5.4.1/bin/../lib/gcc/arm-none-eabi/5.4.1/../../../../arm-none-eabi/lib/armv7-m\libg_nano.a(lib_a-exit.o)
 .debug_frame   0x00002a34       0x2c c:/program files (x86)/cypress/psoc creator/4.4/psoc creator/import/gnu/arm/5.4.1/bin/../lib/gcc/arm-none-eabi/5.4.1/../../../../arm-none-eabi/lib/armv7-m\libg_nano.a(lib_a-init.o)
 .debug_frame   0x00002a60       0x28 c:/program files (x86)/cypress/psoc creator/4.4/psoc creator/import/gnu/arm/5.4.1/bin/../lib/gcc/arm-none-eabi/5.4.1/../../../../arm-none-eabi/lib/armv7-m\libg_nano.a(lib_a-memcpy-stub.o)
 .debug_frame   0x00002a88       0x20 c:/program files (x86)/cypress/psoc creator/4.4/psoc creator/import/gnu/arm/5.4.1/bin/../lib/gcc/arm-none-eabi/5.4.1/../../../../arm-none-eabi/lib/armv7-m\libg_nano.a(lib_a-memset.o)
 .debug_frame   0x00002aa8       0x8c c:/program files (x86)/cypress/psoc creator/4.4/psoc creator/import/gnu/arm/5.4.1/bin/../lib/gcc/arm-none-eabi/5.4.1/../../../../arm-none-eabi/lib/armv7-m\libg_nano.a(lib_a-nano-vfprintf_float.o)
 .debug_frame   0x00002b34       0x60 c:/program files (x86)/cypress/psoc creator/4.4/psoc creator/import/gnu/arm/5.4.1/bin/../lib/gcc/arm-none-eabi/5.4.1/../../../../arm-none-eabi/lib/armv7-m\libg_nano.a(lib_a-nano-vfprintf_i.o)