Archive member included to satisfy reference by file (symbol)

.\CortexM3\ARM_GCC_541\Debug\Design01.a(Motor_1_IN_1.o)
                              .\CortexM3\ARM_GCC_541\Debug\main.o (Motor_1_IN_1_Write)
.\CortexM3\ARM_GCC_541\Debug\Design01.a(Motor_1_IN_2.o)
                              .\CortexM3\ARM_GCC_541\Debug\main.o (Motor_1_IN_2_Write)
.\CortexM3\ARM_GCC_541\Debug\Design01.a(CyLib.o)
                              .\CortexM3\ARM_GCC_541\Debug\Cm3Start.o (CyHalt)
.\CortexM3\ARM_GCC_541\Debug\Design01.a(cyPm.o)
                              .\CortexM3\ARM_GCC_541\Debug\Design01.a(CyLib.o) (CyPmReadStatus)
.\CortexM3\ARM_GCC_541\Debug\Design01.a(QuadDec_1.o)
                              .\CortexM3\ARM_GCC_541\Debug\main.o (QuadDec_1_GetCounter)
.\CortexM3\ARM_GCC_541\Debug\Design01.a(QuadDec_1_Cnt16.o)
                              .\CortexM3\ARM_GCC_541\Debug\Design01.a(QuadDec_1.o) (QuadDec_1_Cnt16_Stop)
.\CortexM3\ARM_GCC_541\Debug\Design01.a(UART_1.o)
                              .\CortexM3\ARM_GCC_541\Debug\main.o (UART_1_Start)
.\CortexM3\ARM_GCC_541\Debug\Design01.a(UART_1_IntClock.o)
                              .\CortexM3\ARM_GCC_541\Debug\Design01.a(UART_1.o) (UART_1_IntClock_Start)
.\CortexM3\ARM_GCC_541\Debug\Design01.a(QuadDec_2.o)
                              .\CortexM3\ARM_GCC_541\Debug\main.o (QuadDec_2_GetCounter)
.\CortexM3\ARM_GCC_541\Debug\Design01.a(QuadDec_2_Cnt16.o)
                              .\CortexM3\ARM_GCC_541\Debug\Design01.a(QuadDec_2.o) (QuadDec_2_Cnt16_Stop)
.\CortexM3\ARM_GCC_541\Debug\Design01.a(Motor_2_IN_3.o)
                              .\CortexM3\ARM_GCC_541\Debug\main.o (Motor_2_IN_3_Write)
.\CortexM3\ARM_GCC_541\Debug\Design01.a(Motor_2_IN_4.o)
                              .\CortexM3\ARM_GCC_541\Debug\main.o (Motor_2_IN_4_Write)
.\CortexM3\ARM_GCC_541\Debug\Design01.a(PWM_Master.o)
                              .\CortexM3\ARM_GCC_541\Debug\main.o (PWM_Master_WriteCompare)
.\CortexM3\ARM_GCC_541\Debug\Design01.a(PWM_Slave.o)
                              .\CortexM3\ARM_GCC_541\Debug\main.o (PWM_Slave_WriteCompare)
.\CortexM3\ARM_GCC_541\Debug\Design01.a(Timer_1.o)
                              .\CortexM3\ARM_GCC_541\Debug\main.o (Timer_1_Start)
.\CortexM3\ARM_GCC_541\Debug\Design01.a(isr_1.o)
                              .\CortexM3\ARM_GCC_541\Debug\main.o (isr_1_StartEx)
.\CortexM3\ARM_GCC_541\Debug\Design01.a(Timer_2.o)
                              .\CortexM3\ARM_GCC_541\Debug\main.o (Timer_2_ReadStatusRegister)
.\CortexM3\ARM_GCC_541\Debug\Design01.a(isr_2.o)
                              .\CortexM3\ARM_GCC_541\Debug\main.o (isr_2_StartEx)
.\CortexM3\ARM_GCC_541\Debug\Design01.a(Front_Trigger.o)
                              .\CortexM3\ARM_GCC_541\Debug\main.o (Front_Trigger_Write)
.\CortexM3\ARM_GCC_541\Debug\Design01.a(Front_Echo.o)
                              .\CortexM3\ARM_GCC_541\Debug\main.o (Front_Echo_Read)
.\CortexM3\ARM_GCC_541\Debug\Design01.a(Timer_3.o)
                              .\CortexM3\ARM_GCC_541\Debug\main.o (Timer_3_Start)
.\CortexM3\ARM_GCC_541\Debug\Design01.a(Right_Echo.o)
                              .\CortexM3\ARM_GCC_541\Debug\main.o (Right_Echo_Read)
.\CortexM3\ARM_GCC_541\Debug\Design01.a(isr_3.o)
                              .\CortexM3\ARM_GCC_541\Debug\main.o (isr_3_StartEx)
.\CortexM3\ARM_GCC_541\Debug\Design01.a(Timer_4.o)
                              .\CortexM3\ARM_GCC_541\Debug\main.o (Timer_4_Start)
.\CortexM3\ARM_GCC_541\Debug\Design01.a(isr_4.o)
                              .\CortexM3\ARM_GCC_541\Debug\main.o (isr_4_StartEx)
.\CortexM3\ARM_GCC_541\Debug\Design01.a(Timer_5.o)
                              .\CortexM3\ARM_GCC_541\Debug\main.o (Timer_5_Start)
.\CortexM3\ARM_GCC_541\Debug\Design01.a(isr_5.o)
                              .\CortexM3\ARM_GCC_541\Debug\main.o (isr_5_StartEx)
.\CortexM3\ARM_GCC_541\Debug\Design01.a(Right_Trigger.o)
                              .\CortexM3\ARM_GCC_541\Debug\main.o (Right_Trigger_Write)
.\CortexM3\ARM_GCC_541\Debug\Design01.a(CyBootAsmGnu.o)
                              .\CortexM3\ARM_GCC_541\Debug\cyfitter_cfg.o (CyDelayCycles)
.\CortexM3\ARM_GCC_541\Debug\Design01.a(CyFlash.o)
                              .\CortexM3\ARM_GCC_541\Debug\Design01.a(cyPm.o) (CyFlash_SetWaitCycles)
.\CortexM3\ARM_GCC_541\Debug\Design01.a(CySpc.o)
                              .\CortexM3\ARM_GCC_541\Debug\Design01.a(CyFlash.o) (CySpcStart)
.\CortexM3\ARM_GCC_541\Debug\Design01.a(cyutils.o)
                              .\CortexM3\ARM_GCC_541\Debug\Design01.a(Timer_1.o) (CySetReg24)
c:/program files (x86)/cypress/psoc creator/4.4/psoc creator/import/gnu/arm/5.4.1/bin/../lib/gcc/arm-none-eabi/5.4.1/armv7-m\libgcc.a(_arm_addsubdf3.o)
                              .\CortexM3\ARM_GCC_541\Debug\main.o (__aeabi_dsub)
c:/program files (x86)/cypress/psoc creator/4.4/psoc creator/import/gnu/arm/5.4.1/bin/../lib/gcc/arm-none-eabi/5.4.1/armv7-m\libgcc.a(_arm_muldivdf3.o)
[...]
Memory Configuration

Name             Origin             Length             Attributes
rom              0x00000000         0x00040000         xr
ram              0x1fff8000         0x00010000         xrw
*default*        0x00000000         0xffffffff

Linker script and memory map

LOAD c:/program files (x86)/cypress/psoc creator/4.4/psoc creator/import/gnu/arm/5.4.1/bin/../lib/gcc/arm-none-eabi/5.4.1/armv7-m/crti.o
LOAD c:/program files (x86)/cypress/psoc creator/4.4/psoc creator/import/gnu/arm/5.4.1/bin/../lib/gcc/arm-none-eabi/5.4.1/armv7-m/crtbegin.o
LOAD c:/program files (x86)/cypress/psoc creator/4.4/psoc creator/import/gnu/arm/5.4.1/bin/../lib/gcc/arm-none-eabi/5.4.1/../../../../arm-none-eabi/lib/armv7-m/crt0.o
START GROUP
LOAD .\CortexM3\ARM_GCC_541\Debug\main.o
LOAD .\CortexM3\ARM_GCC_541\Debug\cyfitter_cfg.o
LOAD .\CortexM3\ARM_GCC_541\Debug\cymetadata.o
LOAD .\CortexM3\ARM_GCC_541\Debug\Cm3Start.o
LOAD .\CortexM3\ARM_GCC_541\Debug\Design01.a
LOAD C:\Program Files (x86)\Cypress\PSoC Creator\4.4\PSoC Creator\psoc\content\cycomponentlibrary\CyComponentLibrary.cylib\CortexM3\ARM_GCC_541\Debug\CyComponentLibrary.a
END GROUP
START GROUP
LOAD c:/program files (x86)/cypress/psoc creator/4.4/psoc creator/import/gnu/arm/5.4.1/bin/../lib/gcc/arm-none-eabi/5.4.1/armv7-m\libgcc.a
LOAD c:/program files (x86)/cypress/psoc creator/4.4/psoc creator/import/gnu/arm/5.4.1/bin/../lib/gcc/arm-none-eabi/5.4.1/../../../../arm-none-eabi/lib/armv7-m\libg_nano.a
LOAD c:/program files (x86)/cypress/psoc creator/4.4/psoc creator/import/gnu/arm/5.4.1/bin/../lib/gcc/arm-none-eabi/5.4.1/../../../../arm-none-eabi/lib/armv7-m\libc_nano.a
END GROUP
START GROUP
LOAD c:/program files (x86)/cypress/psoc creator/4.4/psoc creator/import/gnu/arm/5.4.1/bin/../lib/gcc/arm-none-eabi/5.4.1/armv7-m\libgcc.a
LOAD c:/program files (x86)/cypress/psoc creator/4.4/psoc creator/import/gnu/arm/5.4.1/bin/../lib/gcc/arm-none-eabi/5.4.1/../../../../arm-none-eabi/lib/armv7-m\libc_nano.a
END GROUP
LOAD c:/program files (x86)/cypress/psoc creator/4.4/psoc creator/import/gnu/arm/5.4.1/bin/../lib/gcc/arm-none-eabi/5.4.1/armv7-m/crtend.o
LOAD c:/program files (x86)/cypress/psoc creator/4.4/psoc creator/import/gnu/arm/5.4.1/bin/../lib/gcc/arm-none-eabi/5.4.1/armv7-m/crtn.o
START GROUP
LOAD c:/program files (x86)/cypress/psoc creator/4.4/psoc creator/import/gnu/arm/5.4.1/bin/../lib/gcc/arm-none-eabi/5.4.1/armv7-m\libgcc.a
LOAD c:/program files (x86)/cypress/psoc creator/4.4/psoc creator/import/gnu/arm/5.4.1/bin/../lib/gcc/arm-none-eabi/5.4.1/../../../../arm-none-eabi/lib/armv7-m\libc.a
LOAD c:/program files (x86)/cypress/psoc creator/4.4/psoc creator/import/gnu/arm/5.4.1/bin/../lib/gcc/arm-none-eabi/5.4.1/../../../../arm-none-eabi/lib/armv7-m\libnosys.a
END GROUP
                0x00000000                CY_APPL_ORIGIN = 0x0
                0x00000100                CY_FLASH_ROW_SIZE = 0x100
                0x00000020                CY_ECC_ROW_SIZE = 0x20
                0x00000000                CY_EE_IN_BTLDR = 0x0
                0x00000000                CY_APPL_LOADABLE = 0x0
                0x00000800                CY_EE_SIZE = 0x800
                0x00000001                CY_APPL_NUM = 0x1
                0x00000001                CY_APPL_MAX = 0x1
                0x00000040                CY_METADATA_SIZE = 0x40
                0x00000000                CY_APPL_LOADABLE = 0x0
                0x00000000                CY_CHECKSUM_EXCLUDE_SIZE = ALIGN (0x0, CY_FLASH_ROW_SIZE)
                [!provide]                PROVIDE (__cy_heap_start, _end)
                0x00000001                PROVIDE (__cy_region_num, ((__cy_regions_end - __cy_regions) / 0x10))
                0x20008000                PROVIDE (__cy_stack, (ORIGIN (ram) + LENGTH (ram)))
                [!provide]                PROVIDE (__cy_heap_end, (__cy_stack - 0x800))

.cybootloader   0x00000000        0x0
 *(.cybootloader)
                0x00000000                appl1_start = CY_APPL_ORIGIN?CY_APPL_ORIGIN:ALIGN (CY_FLASH_ROW_SIZE)
                0x0001ff00                appl2_start = (appl1_start + ALIGN ((((LENGTH (rom) - appl1_start) - (0x2 * CY_FLASH_ROW_SIZE)) / 0x2), CY_FLASH_ROW_SIZE))
                0x00000000                appl_start = (CY_APPL_NUM == 0x1)?appl1_start:appl2_start
                0x00000000                ecc_offset = ((appl_start / CY_FLASH_ROW_SIZE) * CY_ECC_ROW_SIZE)
                0x00000000                ee_offset = (CY_APPL_LOADABLE && ! (CY_EE_IN_BTLDR))?((CY_EE_SIZE / CY_APPL_MAX) * (CY_APPL_NUM - 0x1)):0x0
                0x00000800                ee_size = (CY_APPL_LOADABLE && ! (CY_EE_IN_BTLDR))?(CY_EE_SIZE / CY_APPL_MAX):CY_EE_SIZE
                [!provide]                PROVIDE (CY_ECC_OFFSET, ecc_offset)

.text           0x00000000     0x3ddc
 CREATE_OBJECT_SYMBOLS
                0x00000000                PROVIDE (__cy_interrupt_vector, RomVectors)
 *(.romvectors)
 .romvectors    0x00000000       0x10 .\CortexM3\ARM_GCC_541\Debug\Cm3Start.o
                0x00000000                RomVectors
                0x00000001                ASSERT ((. != __cy_interrupt_vector), No interrupt vector)
                0x00000001                ASSERT (CY_APPL_ORIGIN?(SIZEOF (.cybootloader) <= CY_APPL_ORIGIN):0x1, Wrong image location)
                0x00000010                PROVIDE (__cy_reset, Reset)
 *(.text.Reset)
 .text.Reset    0x00000010       0x18 .\CortexM3\ARM_GCC_541\Debug\Cm3Start.o
                0x00000010                Reset
                0x00000001                ASSERT ((. != __cy_reset), No reset code)
 *(.dma_init)
                0x00000001                ASSERT ((((appl_start + .) <= 0x10000) || 0x1), DMA Init must be within the first 64k of flash)
 *(.text .text.* .gnu.linkonce.t.*)
 .text          0x00000028       0x5c c:/program files (x86)/cypress/psoc creator/4.4/psoc creator/import/gnu/arm/5.4.1/bin/../lib/gcc/arm-none-eabi/5.4.1/armv7-m/crtbegin.o
 .text.Speed_Control
                0x00000084       0x64 .\CortexM3\ARM_GCC_541\Debug\main.o
                0x00000084                Speed_Control
 .text.dist_front_detection_1
                0x000000e8       0x38 .\CortexM3\ARM_GCC_541\Debug\main.o
                0x000000e8                dist_front_detection_1
 .text.dist_front_detection_2
                0x00000120       0x38 .\CortexM3\ARM_GCC_541\Debug\main.o
                0x00000120                dist_front_detection_2
 .text.dist_right_detection
                0x00000158       0x38 .\CortexM3\ARM_GCC_541\Debug\main.o
                0x00000158                dist_right_detection
 .text.dist_left_detection
                0x00000190       0x38 .\CortexM3\ARM_GCC_541\Debug\main.o
                0x00000190                dist_left_detection
 .text.stop     0x000001c8       0x28 .\CortexM3\ARM_GCC_541\Debug\main.o
                0x000001c8                stop
 .text.forward  0x000001f0       0x28 .\CortexM3\ARM_GCC_541\Debug\main.o
                0x000001f0                forward
 .text.reverse  0x00000218       0x28 .\CortexM3\ARM_GCC_541\Debug\main.o
                0x00000218                reverse
 .text.turn_anticlockwise
                0x00000240       0x28 .\CortexM3\ARM_GCC_541\Debug\main.o
                0x00000240                turn_anticlockwise
 .text.turn_clockwise
                0x00000268       0x28 .\CortexM3\ARM_GCC_541\Debug\main.o
                0x00000268                turn_clockwise
 .text.F_or_R_1
                0x00000290      0x10c .\CortexM3\ARM_GCC_541\Debug\main.o
                0x00000290                F_or_R_1
 *fill*         0x0000039c        0x4 
 .text.F_or_R_2
                0x000003a0      0x10c .\CortexM3\ARM_GCC_541\Debug\main.o
                0x000003a0                F_or_R_2
 .text.CW       0x000004ac       0x84 .\CortexM3\ARM_GCC_541\Debug\main.o
                0x000004ac                CW
 .text.main     0x00000530      0x16c .\CortexM3\ARM_GCC_541\Debug\main.o
                0x00000530                main
 .text.CyClockStartupError
                0x0000069c        0x4 .\CortexM3\ARM_GCC_541\Debug\cyfitter_cfg.o
 .text.cfg_write_bytes32
                0x000006a0       0x34 .\CortexM3\ARM_GCC_541\Debug\cyfitter_cfg.o
 .text.AnalogSetDefault
                0x000006d4       0x28 .\CortexM3\ARM_GCC_541\Debug\cyfitter_cfg.o
 .text.CYMEMZERO
                0x000006fc        0xc .\CortexM3\ARM_GCC_541\Debug\cyfitter_cfg.o
 .text.ClockSetup
                0x00000708       0xf4 .\CortexM3\ARM_GCC_541\Debug\cyfitter_cfg.o
 .text.CYCONFIGCPY
                0x000007fc        0x8 .\CortexM3\ARM_GCC_541\Debug\cyfitter_cfg.o
 .text.cyfitter_cfg
                0x00000804      0x17c .\CortexM3\ARM_GCC_541\Debug\cyfitter_cfg.o
                0x00000804                cyfitter_cfg
 .text.IntDefaultHandler
                0x00000980       0x10 .\CortexM3\ARM_GCC_541\Debug\Cm3Start.o
                0x00000980                IntDefaultHandler
 .text._sbrk    0x00000990       0x30 .\CortexM3\ARM_GCC_541\Debug\Cm3Start.o
                0x00000990                _sbrk
 .text.Start_c  0x000009c0       0x4c .\CortexM3\ARM_GCC_541\Debug\Cm3Start.o
                0x000009c0                Start_c
 .text.initialize_psoc
                0x00000a0c       0x68 .\CortexM3\ARM_GCC_541\Debug\Cm3Start.o
                0x00000a0c                initialize_psoc
 .text.Motor_1_IN_1_Write
                0x00000a74       0x18 .\CortexM3\ARM_GCC_541\Debug\Design01.a(Motor_1_IN_1.o)
                0x00000a74                Motor_1_IN_1_Write
 .text.Motor_1_IN_2_Write
                0x00000a8c       0x18 .\CortexM3\ARM_GCC_541\Debug\Design01.a(Motor_1_IN_2.o)
                0x00000a8c                Motor_1_IN_2_Write
 .text.CyDelay  0x00000aa4       0x2c .\CortexM3\ARM_GCC_541\Debug\Design01.a(CyLib.o)
                0x00000aa4                CyDelay
 .text.CyDelayUs
                0x00000ad0       0x14 .\CortexM3\ARM_GCC_541\Debug\Design01.a(CyLib.o)
                0x00000ad0                CyDelayUs
 .text.QuadDec_1_GetCounter
                0x00000ae4       0x10 .\CortexM3\ARM_GCC_541\Debug\Design01.a(QuadDec_1.o)
                0x00000ae4                QuadDec_1_GetCounter
 .text.QuadDec_1_SetCounter
                0x00000af4       0x1c .\CortexM3\ARM_GCC_541\Debug\Design01.a(QuadDec_1.o)
                0x00000af4                QuadDec_1_SetCounter
 .text.QuadDec_1_GetEvents
                0x00000b10       0x10 .\CortexM3\ARM_GCC_541\Debug\Design01.a(QuadDec_1.o)
                0x00000b10                QuadDec_1_GetEvents
 .text.QuadDec_1_SetInterruptMask
                0x00000b20        0xc .\CortexM3\ARM_GCC_541\Debug\Design01.a(QuadDec_1.o)
                0x00000b20                QuadDec_1_SetInterruptMask
 .text.QuadDec_1_Enable
                0x00000b2c       0x24 .\CortexM3\ARM_GCC_541\Debug\Design01.a(QuadDec_1.o)
                0x00000b2c                QuadDec_1_Enable
 .text.QuadDec_1_Start
                0x00000b50       0x24 .\CortexM3\ARM_GCC_541\Debug\Design01.a(QuadDec_1.o)
                0x00000b50                QuadDec_1_Start
 .text.QuadDec_1_Cnt16_Enable
                0x00000b74       0x10 .\CortexM3\ARM_GCC_541\Debug\Design01.a(QuadDec_1_Cnt16.o)
                0x00000b74                QuadDec_1_Cnt16_Enable
 .text.QuadDec_1_Cnt16_SetInterruptMode
                0x00000b84        0xc .\CortexM3\ARM_GCC_541\Debug\Design01.a(QuadDec_1_Cnt16.o)
                0x00000b84                QuadDec_1_Cnt16_SetInterruptMode
 .text.QuadDec_1_Cnt16_ReadStatusRegister
                0x00000b90        0xc .\CortexM3\ARM_GCC_541\Debug\Design01.a(QuadDec_1_Cnt16.o)
                0x00000b90                QuadDec_1_Cnt16_ReadStatusRegister
 .text.QuadDec_1_Cnt16_WriteCounter
                0x00000b9c        0xc .\CortexM3\ARM_GCC_541\Debug\Design01.a(QuadDec_1_Cnt16.o)
                0x00000b9c                QuadDec_1_Cnt16_WriteCounter
 .text.QuadDec_1_Cnt16_ReadCounter
                0x00000ba8       0x14 .\CortexM3\ARM_GCC_541\Debug\Design01.a(QuadDec_1_Cnt16.o)
                0x00000ba8                QuadDec_1_Cnt16_ReadCounter
 .text.QuadDec_1_Cnt16_ReadCapture
                0x00000bbc        0xc .\CortexM3\ARM_GCC_541\Debug\Design01.a(QuadDec_1_Cnt16.o)
                0x00000bbc                QuadDec_1_Cnt16_ReadCapture
 .text.QuadDec_1_Cnt16_WritePeriod
                0x00000bc8        0xc .\CortexM3\ARM_GCC_541\Debug\Design01.a(QuadDec_1_Cnt16.o)
                0x00000bc8                QuadDec_1_Cnt16_WritePeriod
 .text.QuadDec_1_Cnt16_WriteCompare
                0x00000bd4        0xc .\CortexM3\ARM_GCC_541\Debug\Design01.a(QuadDec_1_Cnt16.o)
                0x00000bd4                QuadDec_1_Cnt16_WriteCompare
 .text.QuadDec_1_Cnt16_ClearFIFO
                0x00000be0       0x14 .\CortexM3\ARM_GCC_541\Debug\Design01.a(QuadDec_1_Cnt16.o)
                0x00000be0                QuadDec_1_Cnt16_ClearFIFO
 .text.QuadDec_1_Cnt16_Init
                0x00000bf4       0x58 .\CortexM3\ARM_GCC_541\Debug\Design01.a(QuadDec_1_Cnt16.o)
                0x00000bf4                QuadDec_1_Cnt16_Init
 .text.QuadDec_1_Cnt16_Start
                0x00000c4c       0x1c .\CortexM3\ARM_GCC_541\Debug\Design01.a(QuadDec_1_Cnt16.o)
                0x00000c4c                QuadDec_1_Cnt16_Start
 .text.UART_1_Init
                0x00000c68       0x28 .\CortexM3\ARM_GCC_541\Debug\Design01.a(UART_1.o)
                0x00000c68                UART_1_Init
 .text.UART_1_Enable
                0x00000c90       0x38 .\CortexM3\ARM_GCC_541\Debug\Design01.a(UART_1.o)
                0x00000c90                UART_1_Enable
 .text.UART_1_Start
                0x00000cc8       0x1c .\CortexM3\ARM_GCC_541\Debug\Design01.a(UART_1.o)
                0x00000cc8                UART_1_Start
 .text.UART_1_IntClock_Start
                0x00000ce4       0x1c .\CortexM3\ARM_GCC_541\Debug\Design01.a(UART_1_IntClock.o)
                0x00000ce4                UART_1_IntClock_Start
 .text.QuadDec_2_GetCounter
                0x00000d00       0x10 .\CortexM3\ARM_GCC_541\Debug\Design01.a(QuadDec_2.o)
                0x00000d00                QuadDec_2_GetCounter
 .text.QuadDec_2_SetCounter
                0x00000d10       0x1c .\CortexM3\ARM_GCC_541\Debug\Design01.a(QuadDec_2.o)
                0x00000d10                QuadDec_2_SetCounter
 .text.QuadDec_2_GetEvents
                0x00000d2c       0x10 .\CortexM3\ARM_GCC_541\Debug\Design01.a(QuadDec_2.o)
                0x00000d2c                QuadDec_2_GetEvents
 .text.QuadDec_2_SetInterruptMask
                0x00000d3c        0xc .\CortexM3\ARM_GCC_541\Debug\Design01.a(QuadDec_2.o)
                0x00000d3c                QuadDec_2_SetInterruptMask
 .text.QuadDec_2_Enable
                0x00000d48       0x24 .\CortexM3\ARM_GCC_541\Debug\Design01.a(QuadDec_2.o)
                0x00000d48                QuadDec_2_Enable
 .text.QuadDec_2_Start
                0x00000d6c       0x24 .\CortexM3\ARM_GCC_541\Debug\Design01.a(QuadDec_2.o)
                0x00000d6c                QuadDec_2_Start
 .text.QuadDec_2_Cnt16_Enable
                0x00000d90       0x10 .\CortexM3\ARM_GCC_541\Debug\Design01.a(QuadDec_2_Cnt16.o)
                0x00000d90                QuadDec_2_Cnt16_Enable
 .text.QuadDec_2_Cnt16_SetInterruptMode
                0x00000da0        0xc .\CortexM3\ARM_GCC_541\Debug\Design01.a(QuadDec_2_Cnt16.o)
                0x00000da0                QuadDec_2_Cnt16_SetInterruptMode
 .text.QuadDec_2_Cnt16_ReadStatusRegister
                0x00000dac        0xc .\CortexM3\ARM_GCC_541\Debug\Design01.a(QuadDec_2_Cnt16.o)
                0x00000dac                QuadDec_2_Cnt16_ReadStatusRegister
 .text.QuadDec_2_Cnt16_WriteCounter
                0x00000db8        0xc .\CortexM3\ARM_GCC_541\Debug\Design01.a(QuadDec_2_Cnt16.o)
                0x00000db8                QuadDec_2_Cnt16_WriteCounter
 .text.QuadDec_2_Cnt16_ReadCounter
                0x00000dc4       0x14 .\CortexM3\ARM_GCC_541\Debug\Design01.a(QuadDec_2_Cnt16.o)
                0x00000dc4                QuadDec_2_Cnt16_ReadCounter
 .text.QuadDec_2_Cnt16_ReadCapture
                0x00000dd8        0xc .\CortexM3\ARM_GCC_541\Debug\Design01.a(QuadDec_2_Cnt16.o)
                0x00000dd8                QuadDec_2_Cnt16_ReadCapture
 .text.QuadDec_2_Cnt16_WritePeriod
                0x00000de4        0xc .\CortexM3\ARM_GCC_541\Debug\Design01.a(QuadDec_2_Cnt16.o)
                0x00000de4                QuadDec_2_Cnt16_WritePeriod
 .text.QuadDec_2_Cnt16_WriteCompare
                0x00000df0        0xc .\CortexM3\ARM_GCC_541\Debug\Design01.a(QuadDec_2_Cnt16.o)
                0x00000df0                QuadDec_2_Cnt16_WriteCompare
 .text.QuadDec_2_Cnt16_ClearFIFO
                0x00000dfc       0x14 .\CortexM3\ARM_GCC_541\Debug\Design01.a(QuadDec_2_Cnt16.o)
                0x00000dfc                QuadDec_2_Cnt16_ClearFIFO
 .text.QuadDec_2_Cnt16_Init
                0x00000e10       0x58 .\CortexM3\ARM_GCC_541\Debug\Design01.a(QuadDec_2_Cnt16.o)
                0x00000e10                QuadDec_2_Cnt16_Init
 .text.QuadDec_2_Cnt16_Start
                0x00000e68       0x1c .\CortexM3\ARM_GCC_541\Debug\Design01.a(QuadDec_2_Cnt16.o)
                0x00000e68                QuadDec_2_Cnt16_Start
 .text.Motor_2_IN_3_Write
                0x00000e84       0x18 .\CortexM3\ARM_GCC_541\Debug\Design01.a(Motor_2_IN_3.o)
                0x00000e84                Motor_2_IN_3_Write
 .text.Motor_2_IN_4_Write
                0x00000e9c       0x18 .\CortexM3\ARM_GCC_541\Debug\Design01.a(Motor_2_IN_4.o)
                0x00000e9c                Motor_2_IN_4_Write
 .text.PWM_Master_Enable
                0x00000eb4       0x28 .\CortexM3\ARM_GCC_541\Debug\Design01.a(PWM_Master.o)
                0x00000eb4                PWM_Master_Enable
 .text.PWM_Master_WritePeriod
                0x00000edc        0xc .\CortexM3\ARM_GCC_541\Debug\Design01.a(PWM_Master.o)
                0x00000edc                PWM_Master_WritePeriod
 .text.PWM_Master_WriteCompare
                0x00000ee8        0xc .\CortexM3\ARM_GCC_541\Debug\Design01.a(PWM_Master.o)
                0x00000ee8                PWM_Master_WriteCompare
 .text.PWM_Master_SetInterruptMode
                0x00000ef4        0xc .\CortexM3\ARM_GCC_541\Debug\Design01.a(PWM_Master.o)
                0x00000ef4                PWM_Master_SetInterruptMode
 .text.PWM_Master_Init
                0x00000f00       0x78 .\CortexM3\ARM_GCC_541\Debug\Design01.a(PWM_Master.o)
                0x00000f00                PWM_Master_Init
 .text.PWM_Master_Start
                0x00000f78       0x1c .\CortexM3\ARM_GCC_541\Debug\Design01.a(PWM_Master.o)
                0x00000f78                PWM_Master_Start
 .text.PWM_Slave_Enable
                0x00000f94       0x28 .\CortexM3\ARM_GCC_541\Debug\Design01.a(PWM_Slave.o)
                0x00000f94                PWM_Slave_Enable
 .text.PWM_Slave_WritePeriod
                0x00000fbc        0xc .\CortexM3\ARM_GCC_541\Debug\Design01.a(PWM_Slave.o)
                0x00000fbc                PWM_Slave_WritePeriod
 .text.PWM_Slave_WriteCompare
                0x00000fc8        0xc .\CortexM3\ARM_GCC_541\Debug\Design01.a(PWM_Slave.o)
                0x00000fc8                PWM_Slave_WriteCompare
 .text.PWM_Slave_SetInterruptMode
                0x00000fd4        0xc .\CortexM3\ARM_GCC_541\Debug\Design01.a(PWM_Slave.o)
                0x00000fd4                PWM_Slave_SetInterruptMode
 .text.PWM_Slave_Init
                0x00000fe0       0x78 .\CortexM3\ARM_GCC_541\Debug\Design01.a(PWM_Slave.o)
                0x00000fe0                PWM_Slave_Init
 .text.PWM_Slave_Start
                0x00001058       0x1c .\CortexM3\ARM_GCC_541\Debug\Design01.a(PWM_Slave.o)
                0x00001058                PWM_Slave_Start
 .text.Timer_1_Enable
                0x00001074       0x10 .\CortexM3\ARM_GCC_541\Debug\Design01.a(Timer_1.o)
                0x00001074                Timer_1_Enable
 .text.Timer_1_SetInterruptMode
                0x00001084        0xc .\CortexM3\ARM_GCC_541\Debug\Design01.a(Timer_1.o)
                0x00001084                Timer_1_SetInterruptMode
 .text.Timer_1_ReadStatusRegister
                0x00001090        0xc .\CortexM3\ARM_GCC_541\Debug\Design01.a(Timer_1.o)
                0x00001090                Timer_1_ReadStatusRegister
 .text.Timer_1_WritePeriod
                0x0000109c       0x10 .\CortexM3\ARM_GCC_541\Debug\Design01.a(Timer_1.o)
                0x0000109c                Timer_1_WritePeriod
 .text.Timer_1_ReadCapture
                0x000010ac       0x10 .\CortexM3\ARM_GCC_541\Debug\Design01.a(Timer_1.o)
                0x000010ac                Timer_1_ReadCapture
 .text.Timer_1_WriteCounter
                0x000010bc       0x10 .\CortexM3\ARM_GCC_541\Debug\Design01.a(Timer_1.o)
                0x000010bc                Timer_1_WriteCounter
 .text.Timer_1_ClearFIFO
                0x000010cc       0x14 .\CortexM3\ARM_GCC_541\Debug\Design01.a(Timer_1.o)
                0x000010cc                Timer_1_ClearFIFO
 .text.Timer_1_Init
                0x000010e0       0x34 .\CortexM3\ARM_GCC_541\Debug\Design01.a(Timer_1.o)
                0x000010e0                Timer_1_Init
 .text.Timer_1_Start
                0x00001114       0x1c .\CortexM3\ARM_GCC_541\Debug\Design01.a(Timer_1.o)
                0x00001114                Timer_1_Start
 .text.isr_1_SetVector
                0x00001130        0xc .\CortexM3\ARM_GCC_541\Debug\Design01.a(isr_1.o)
                0x00001130                isr_1_SetVector
 .text.isr_1_SetPriority
                0x0000113c       0x10 .\CortexM3\ARM_GCC_541\Debug\Design01.a(isr_1.o)
                0x0000113c                isr_1_SetPriority
 .text.isr_1_Enable
                0x0000114c        0xc .\CortexM3\ARM_GCC_541\Debug\Design01.a(isr_1.o)
                0x0000114c                isr_1_Enable
 .text.isr_1_Disable
                0x00001158        0xc .\CortexM3\ARM_GCC_541\Debug\Design01.a(isr_1.o)
                0x00001158                isr_1_Disable
 .text.isr_1_StartEx
                0x00001164       0x1c .\CortexM3\ARM_GCC_541\Debug\Design01.a(isr_1.o)
                0x00001164                isr_1_StartEx
 .text.Timer_2_Enable
                0x00001180       0x10 .\CortexM3\ARM_GCC_541\Debug\Design01.a(Timer_2.o)
                0x00001180                Timer_2_Enable
 .text.Timer_2_SetInterruptMode
                0x00001190        0xc .\CortexM3\ARM_GCC_541\Debug\Design01.a(Timer_2.o)
                0x00001190                Timer_2_SetInterruptMode
 .text.Timer_2_ReadStatusRegister
                0x0000119c        0xc .\CortexM3\ARM_GCC_541\Debug\Design01.a(Timer_2.o)
                0x0000119c                Timer_2_ReadStatusRegister
 .text.Timer_2_WritePeriod
                0x000011a8        0xc .\CortexM3\ARM_GCC_541\Debug\Design01.a(Timer_2.o)
                0x000011a8                Timer_2_WritePeriod
 .text.Timer_2_ReadCapture
                0x000011b4        0xc .\CortexM3\ARM_GCC_541\Debug\Design01.a(Timer_2.o)
                0x000011b4                Timer_2_ReadCapture
 .text.Timer_2_WriteCounter
                0x000011c0        0xc .\CortexM3\ARM_GCC_541\Debug\Design01.a(Timer_2.o)
                0x000011c0                Timer_2_WriteCounter
 .text.Timer_2_ReadCounter
                0x000011cc       0x14 .\CortexM3\ARM_GCC_541\Debug\Design01.a(Timer_2.o)
                0x000011cc                Timer_2_ReadCounter
 .text.Timer_2_SetInterruptCount
                0x000011e0       0x1c .\CortexM3\ARM_GCC_541\Debug\Design01.a(Timer_2.o)
                0x000011e0                Timer_2_SetInterruptCount
 .text.Timer_2_ClearFIFO
                0x000011fc       0x14 .\CortexM3\ARM_GCC_541\Debug\Design01.a(Timer_2.o)
                0x000011fc                Timer_2_ClearFIFO
 .text.Timer_2_Init
                0x00001210       0x3c .\CortexM3\ARM_GCC_541\Debug\Design01.a(Timer_2.o)
                0x00001210                Timer_2_Init
 .text.Timer_2_Start
                0x0000124c       0x1c .\CortexM3\ARM_GCC_541\Debug\Design01.a(Timer_2.o)
                0x0000124c                Timer_2_Start
 .text.isr_2_SetVector
                0x00001268        0xc .\CortexM3\ARM_GCC_541\Debug\Design01.a(isr_2.o)
                0x00001268                isr_2_SetVector
 .text.isr_2_SetPriority
                0x00001274       0x10 .\CortexM3\ARM_GCC_541\Debug\Design01.a(isr_2.o)
                0x00001274                isr_2_SetPriority
 .text.isr_2_Enable
                0x00001284        0xc .\CortexM3\ARM_GCC_541\Debug\Design01.a(isr_2.o)
                0x00001284                isr_2_Enable
 .text.isr_2_Disable
                0x00001290        0xc .\CortexM3\ARM_GCC_541\Debug\Design01.a(isr_2.o)
                0x00001290                isr_2_Disable
 .text.isr_2_StartEx
                0x0000129c       0x1c .\CortexM3\ARM_GCC_541\Debug\Design01.a(isr_2.o)
                0x0000129c                isr_2_StartEx
 .text.Front_Trigger_Write
                0x000012b8       0x18 .\CortexM3\ARM_GCC_541\Debug\Design01.a(Front_Trigger.o)
                0x000012b8                Front_Trigger_Write
 .text.Front_Echo_Read
                0x000012d0       0x10 .\CortexM3\ARM_GCC_541\Debug\Design01.a(Front_Echo.o)
                0x000012d0                Front_Echo_Read
 .text.Timer_3_Enable
                0x000012e0       0x10 .\CortexM3\ARM_GCC_541\Debug\Design01.a(Timer_3.o)
                0x000012e0                Timer_3_Enable
 .text.Timer_3_SetInterruptMode
                0x000012f0        0xc .\CortexM3\ARM_GCC_541\Debug\Design01.a(Timer_3.o)
                0x000012f0                Timer_3_SetInterruptMode
 .text.Timer_3_ReadStatusRegister
                0x000012fc        0xc .\CortexM3\ARM_GCC_541\Debug\Design01.a(Timer_3.o)
                0x000012fc                Timer_3_ReadStatusRegister
 .text.Timer_3_WritePeriod
                0x00001308        0xc .\CortexM3\ARM_GCC_541\Debug\Design01.a(Timer_3.o)
                0x00001308                Timer_3_WritePeriod
 .text.Timer_3_ReadCapture
                0x00001314        0xc .\CortexM3\ARM_GCC_541\Debug\Design01.a(Timer_3.o)
                0x00001314                Timer_3_ReadCapture
 .text.Timer_3_WriteCounter
                0x00001320        0xc .\CortexM3\ARM_GCC_541\Debug\Design01.a(Timer_3.o)
                0x00001320                Timer_3_WriteCounter
 .text.Timer_3_SetInterruptCount
                0x0000132c       0x1c .\CortexM3\ARM_GCC_541\Debug\Design01.a(Timer_3.o)
                0x0000132c                Timer_3_SetInterruptCount
 .text.Timer_3_ClearFIFO
                0x00001348       0x14 .\CortexM3\ARM_GCC_541\Debug\Design01.a(Timer_3.o)
                0x00001348                Timer_3_ClearFIFO
 .text.Timer_3_Init
                0x0000135c       0x3c .\CortexM3\ARM_GCC_541\Debug\Design01.a(Timer_3.o)
                0x0000135c                Timer_3_Init
 .text.Timer_3_Start
                0x00001398       0x1c .\CortexM3\ARM_GCC_541\Debug\Design01.a(Timer_3.o)
                0x00001398                Timer_3_Start
 .text.Right_Echo_Read
                0x000013b4        0xc .\CortexM3\ARM_GCC_541\Debug\Design01.a(Right_Echo.o)
                0x000013b4                Right_Echo_Read
 .text.isr_3_SetVector
                0x000013c0        0xc .\CortexM3\ARM_GCC_541\Debug\Design01.a(isr_3.o)
                0x000013c0                isr_3_SetVector
 .text.isr_3_SetPriority
                0x000013cc       0x10 .\CortexM3\ARM_GCC_541\Debug\Design01.a(isr_3.o)
                0x000013cc                isr_3_SetPriority
 .text.isr_3_Enable
                0x000013dc        0xc .\CortexM3\ARM_GCC_541\Debug\Design01.a(isr_3.o)
                0x000013dc                isr_3_Enable
 .text.isr_3_Disable
                0x000013e8        0xc .\CortexM3\ARM_GCC_541\Debug\Design01.a(isr_3.o)
                0x000013e8                isr_3_Disable
 .text.isr_3_StartEx
                0x000013f4       0x1c .\CortexM3\ARM_GCC_541\Debug\Design01.a(isr_3.o)
                0x000013f4                isr_3_StartEx
 .text.Timer_4_Enable
                0x00001410       0x10 .\CortexM3\ARM_GCC_541\Debug\Design01.a(Timer_4.o)
                0x00001410                Timer_4_Enable
 .text.Timer_4_SetInterruptMode
                0x00001420        0xc .\CortexM3\ARM_GCC_541\Debug\Design01.a(Timer_4.o)
                0x00001420                Timer_4_SetInterruptMode
 .text.Timer_4_ReadStatusRegister
                0x0000142c        0xc .\CortexM3\ARM_GCC_541\Debug\Design01.a(Timer_4.o)
                0x0000142c                Timer_4_ReadStatusRegister
 .text.Timer_4_WritePeriod
                0x00001438        0xc .\CortexM3\ARM_GCC_541\Debug\Design01.a(Timer_4.o)
                0x00001438                Timer_4_WritePeriod
 .text.Timer_4_ReadCapture
                0x00001444        0xc .\CortexM3\ARM_GCC_541\Debug\Design01.a(Timer_4.o)
                0x00001444                Timer_4_ReadCapture
 .text.Timer_4_WriteCounter
                0x00001450        0xc .\CortexM3\ARM_GCC_541\Debug\Design01.a(Timer_4.o)
                0x00001450                Timer_4_WriteCounter
 .text.Timer_4_SetInterruptCount
                0x0000145c       0x1c .\CortexM3\ARM_GCC_541\Debug\Design01.a(Timer_4.o)
                0x0000145c                Timer_4_SetInterruptCount
 .text.Timer_4_ClearFIFO
                0x00001478       0x14 .\CortexM3\ARM_GCC_541\Debug\Design01.a(Timer_4.o)
                0x00001478                Timer_4_ClearFIFO
 .text.Timer_4_Init
                0x0000148c       0x3c .\CortexM3\ARM_GCC_541\Debug\Design01.a(Timer_4.o)
                0x0000148c                Timer_4_Init
 .text.Timer_4_Start
                0x000014c8       0x1c .\CortexM3\ARM_GCC_541\Debug\Design01.a(Timer_4.o)
                0x000014c8                Timer_4_Start
 .text.isr_4_SetVector
                0x000014e4        0xc .\CortexM3\ARM_GCC_541\Debug\Design01.a(isr_4.o)
                0x000014e4                isr_4_SetVector
 .text.isr_4_SetPriority
                0x000014f0       0x10 .\CortexM3\ARM_GCC_541\Debug\Design01.a(isr_4.o)
                0x000014f0                isr_4_SetPriority
 .text.isr_4_Enable
                0x00001500        0xc .\CortexM3\ARM_GCC_541\Debug\Design01.a(isr_4.o)
                0x00001500                isr_4_Enable
 .text.isr_4_Disable
                0x0000150c        0xc .\CortexM3\ARM_GCC_541\Debug\Design01.a(isr_4.o)
                0x0000150c                isr_4_Disable
 .text.isr_4_StartEx
                0x00001518       0x1c .\CortexM3\ARM_GCC_541\Debug\Design01.a(isr_4.o)
                0x00001518                isr_4_StartEx
 .text.Timer_5_Enable
                0x00001534       0x10 .\CortexM3\ARM_GCC_541\Debug\Design01.a(Timer_5.o)
                0x00001534                Timer_5_Enable
 .text.Timer_5_SetInterruptMode
                0x00001544        0xc .\CortexM3\ARM_GCC_541\Debug\Design01.a(Timer_5.o)
                0x00001544                Timer_5_SetInterruptMode
 .text.Timer_5_ReadStatusRegister
                0x00001550        0xc .\CortexM3\ARM_GCC_541\Debug\Design01.a(Timer_5.o)
                0x00001550                Timer_5_ReadStatusRegister
 .text.Timer_5_WritePeriod
                0x0000155c        0xc .\CortexM3\ARM_GCC_541\Debug\Design01.a(Timer_5.o)
                0x0000155c                Timer_5_WritePeriod
 .text.Timer_5_ReadCapture
                0x00001568        0xc .\CortexM3\ARM_GCC_541\Debug\Design01.a(Timer_5.o)
                0x00001568                Timer_5_ReadCapture
 .text.Timer_5_WriteCounter
                0x00001574        0xc .\CortexM3\ARM_GCC_541\Debug\Design01.a(Timer_5.o)
                0x00001574                Timer_5_WriteCounter
 .text.Timer_5_SetInterruptCount
                0x00001580       0x1c .\CortexM3\ARM_GCC_541\Debug\Design01.a(Timer_5.o)
                0x00001580                Timer_5_SetInterruptCount
 .text.Timer_5_ClearFIFO
                0x0000159c       0x14 .\CortexM3\ARM_GCC_541\Debug\Design01.a(Timer_5.o)
                0x0000159c                Timer_5_ClearFIFO
 .text.Timer_5_Init
                0x000015b0       0x3c .\CortexM3\ARM_GCC_541\Debug\Design01.a(Timer_5.o)
                0x000015b0                Timer_5_Init
 .text.Timer_5_Start
                0x000015ec       0x1c .\CortexM3\ARM_GCC_541\Debug\Design01.a(Timer_5.o)
                0x000015ec                Timer_5_Start
 .text.isr_5_SetVector
                0x00001608        0xc .\CortexM3\ARM_GCC_541\Debug\Design01.a(isr_5.o)
                0x00001608                isr_5_SetVector
 .text.isr_5_SetPriority
                0x00001614       0x10 .\CortexM3\ARM_GCC_541\Debug\Design01.a(isr_5.o)
                0x00001614                isr_5_SetPriority
 .text.isr_5_Enable
                0x00001624        0xc .\CortexM3\ARM_GCC_541\Debug\Design01.a(isr_5.o)
                0x00001624                isr_5_Enable
 .text.isr_5_Disable
                0x00001630        0xc .\CortexM3\ARM_GCC_541\Debug\Design01.a(isr_5.o)
                0x00001630                isr_5_Disable
 .text.isr_5_StartEx
                0x0000163c       0x1c .\CortexM3\ARM_GCC_541\Debug\Design01.a(isr_5.o)
                0x0000163c                isr_5_StartEx
 .text.Right_Trigger_Write
                0x00001658       0x18 .\CortexM3\ARM_GCC_541\Debug\Design01.a(Right_Trigger.o)
                0x00001658                Right_Trigger_Write
 .text          0x00001670       0x20 .\CortexM3\ARM_GCC_541\Debug\Design01.a(CyBootAsmGnu.o)
                0x00001670                CyDelayCycles
                0x00001680                CyEnterCriticalSection
                0x00001688                CyExitCriticalSection
 .text.CySetReg24
                0x00001690       0x14 .\CortexM3\ARM_GCC_541\Debug\Design01.a(cyutils.o)
                0x00001690                CySetReg24
 .text          0x000016a4      0x370 c:/program files (x86)/cypress/psoc creator/4.4/psoc creator/import/gnu/arm/5.4.1/bin/../lib/gcc/arm-none-eabi/5.4.1/armv7-m\libgcc.a(_arm_addsubdf3.o)
                0x000016a4                __aeabi_drsub
                0x000016ac                __aeabi_dsub
                0x000016ac                __subdf3
                0x000016b0                __aeabi_dadd
                0x000016b0                __adddf3
                0x00001928                __floatunsidf
                0x00001928                __aeabi_ui2d
                0x00001948                __floatsidf
                0x00001948                __aeabi_i2d
                0x0000196c                __aeabi_f2d
                0x0000196c                __extendsfdf2
                0x000019a8                __floatundidf
                0x000019a8                __aeabi_ul2d
                0x000019b8                __floatdidf
                0x000019b8                __aeabi_l2d
 .text          0x00001a14      0x424 c:/program files (x86)/cypress/psoc creator/4.4/psoc creator/import/gnu/arm/5.4.1/bin/../lib/gcc/arm-none-eabi/5.4.1/armv7-m\libgcc.a(_arm_muldivdf3.o)
                0x00001a14                __aeabi_dmul
                0x00001a14                __muldf3
                0x00001c68                __divdf3
                0x00001c68                __aeabi_ddiv
 .text          0x00001e38       0xa0 c:/program files (x86)/cypress/psoc creator/4.4/psoc creator/import/gnu/arm/5.4.1/bin/../lib/gcc/arm-none-eabi/5.4.1/armv7-m\libgcc.a(_arm_truncdfsf2.o)
                0x00001e38                __truncdfsf2
                0x00001e38                __aeabi_d2f
 .text          0x00001ed8      0x21c c:/program files (x86)/cypress/psoc creator/4.4/psoc creator/import/gnu/arm/5.4.1/bin/../lib/gcc/arm-none-eabi/5.4.1/armv7-m\libgcc.a(_arm_addsubsf3.o)
                0x00001ed8                __aeabi_frsub
                0x00001ee0                __subsf3
                0x00001ee0                __aeabi_fsub
                0x00001ee4                __aeabi_fadd
                0x00001ee4                __addsf3
                0x00002044                __aeabi_ui2f
                0x00002044                __floatunsisf
                0x0000204c                __aeabi_i2f
                0x0000204c                __floatsisf
                0x00002068                __aeabi_ul2f
                0x00002068                __floatundisf
                0x00002078                __aeabi_l2f
                0x00002078                __floatdisf
 .text          0x000020f4       0xec c:/program files (x86)/cypress/psoc creator/4.4/psoc creator/import/gnu/arm/5.4.1/bin/../lib/gcc/arm-none-eabi/5.4.1/armv7-m\libgcc.a(_arm_cmpsf2.o)
                0x000020f4                __gesf2
                0x000020f4                __gtsf2
                0x000020fc                __lesf2
                0x000020fc                __ltsf2
                0x00002104                __nesf2
                0x00002104                __eqsf2
                0x00002104                __cmpsf2
                0x00002164                __aeabi_cfrcmple
                0x0000216c                __aeabi_cfcmpeq
                0x0000216c                __aeabi_cfcmple
                0x0000217c                __aeabi_fcmpeq
                0x00002190                __aeabi_fcmplt
                0x000021a4                __aeabi_fcmple
                0x000021b8                __aeabi_fcmpge
                0x000021cc                __aeabi_fcmpgt
 .text          0x000021e0       0x40 c:/program files (x86)/cypress/psoc creator/4.4/psoc creator/import/gnu/arm/5.4.1/bin/../lib/gcc/arm-none-eabi/5.4.1/armv7-m\libgcc.a(_arm_fixunssfsi.o)
                0x000021e0                __fixunssfsi
                0x000021e0                __aeabi_f2uiz
 .text.__errno  0x00002220        0xc c:/program files (x86)/cypress/psoc creator/4.4/psoc creator/import/gnu/arm/5.4.1/bin/../lib/gcc/arm-none-eabi/5.4.1/../../../../arm-none-eabi/lib/armv7-m\libg_nano.a(lib_a-errno.o)
                0x00002220                __errno
 .text.__libc_init_array
                0x0000222c       0x4c c:/program files (x86)/cypress/psoc creator/4.4/psoc creator/import/gnu/arm/5.4.1/bin/../lib/gcc/arm-none-eabi/5.4.1/../../../../arm-none-eabi/lib/armv7-m\libg_nano.a(lib_a-init.o)
                0x0000222c                __libc_init_array
 .text.memcpy   0x00002278       0x16 c:/program files (x86)/cypress/psoc creator/4.4/psoc creator/import/gnu/arm/5.4.1/bin/../lib/gcc/arm-none-eabi/5.4.1/../../../../arm-none-eabi/lib/armv7-m\libg_nano.a(lib_a-memcpy-stub.o)
                0x00002278                memcpy
 .text.memset   0x0000228e       0x10 c:/program files (x86)/cypress/psoc creator/4.4/psoc creator/import/gnu/arm/5.4.1/bin/../lib/gcc/arm-none-eabi/5.4.1/../../../../arm-none-eabi/lib/armv7-m\libg_nano.a(lib_a-memset.o)
                0x0000228e                memset
 .text.__cvt    0x0000229e       0xc0 c:/program files (x86)/cypress/psoc creator/4.4/psoc creator/import/gnu/arm/5.4.1/bin/../lib/gcc/arm-none-eabi/5.4.1/../../../../arm-none-eabi/lib/armv7-m\libg_nano.a(lib_a-nano-vfprintf_float.o)
                0x0000229e                __cvt
 .text.__exponent
                0x0000235e       0x62 c:/program files (x86)/cypress/psoc creator/4.4/psoc creator/import/gnu/arm/5.4.1/bin/../lib/gcc/arm-none-eabi/5.4.1/../../../../arm-none-eabi/lib/armv7-m\libg_nano.a(lib_a-nano-vfprintf_float.o)
                0x0000235e                __exponent
 .text._printf_float
                0x000023c0      0x488 c:/program files (x86)/cypress/psoc creator/4.4/psoc creator/import/gnu/arm/5.4.1/bin/../lib/gcc/arm-none-eabi/5.4.1/../../../../arm-none-eabi/lib/armv7-m\libg_nano.a(lib_a-nano-vfprintf_float.o)
                0x000023c0                _printf_float
 .text._printf_common
                0x00002848       0xec c:/program files (x86)/cypress/psoc creator/4.4/psoc creator/import/gnu/arm/5.4.1/bin/../lib/gcc/arm-none-eabi/5.4.1/../../../../arm-none-eabi/lib/armv7-m\libg_nano.a(lib_a-nano-vfprintf_i.o)
                0x00002848                _printf_common
 .text          0x00002934       0x10 c:/program files (x86)/cypress/psoc creator/4.4/psoc creator/import/gnu/arm/5.4.1/bin/../lib/gcc/arm-none-eabi/5.4.1/../../../../arm-none-eabi/lib/armv7-m\libg_nano.a(lib_a-strlen.o)
                0x00002934                strlen
 .text.quorem   0x00002944      0x116 c:/program files (x86)/cypress/psoc creator/4.4/psoc creator/import/gnu/arm/5.4.1/bin/../lib/gcc/arm-none-eabi/5.4.1/../../../../arm-none-eabi/lib/armv7-m\libg_nano.a(lib_a-dtoa.o)
 *fill*         0x00002a5a        0x6 
 .text._dtoa_r  0x00002a60      0xb30 c:/program files (x86)/cypress/psoc creator/4.4/psoc creator/import/gnu/arm/5.4.1/bin/../lib/gcc/arm-none-eabi/5.4.1/../../../../arm-none-eabi/lib/armv7-m\libg_nano.a(lib_a-dtoa.o)
                0x00002a60                _dtoa_r
 .text._localeconv_r
                0x00003590        0x8 c:/program files (x86)/cypress/psoc creator/4.4/psoc creator/import/gnu/arm/5.4.1/bin/../lib/gcc/arm-none-eabi/5.4.1/../../../../arm-none-eabi/lib/armv7-m\libg_nano.a(lib_a-locale.o)
                0x00003590                _localeconv_r
 .text.malloc   0x00003598       0x10 c:/program files (x86)/cypress/psoc creator/4.4/psoc creator/import/gnu/arm/5.4.1/bin/../lib/gcc/arm-none-eabi/5.4.1/../../../../arm-none-eabi/lib/armv7-m\libg_nano.a(lib_a-malloc.o)
                0x00003598                malloc
 .text._Balloc  0x000035a8       0x6a c:/program files (x86)/cypress/psoc creator/4.4/psoc creator/import/gnu/arm/5.4.1/bin/../lib/gcc/arm-none-eabi/5.4.1/../../../../arm-none-eabi/lib/armv7-m\libg_nano.a(lib_a-mprec.o)
                0x000035a8                _Balloc
 .text._Bfree   0x00003612       0x2e c:/program files (x86)/cypress/psoc creator/4.4/psoc creator/import/gnu/arm/5.4.1/bin/../lib/gcc/arm-none-eabi/5.4.1/../../../../arm-none-eabi/lib/armv7-m\libg_nano.a(lib_a-mprec.o)
                0x00003612                _Bfree
 .text.__multadd
                0x00003640       0x76 c:/program files (x86)/cypress/psoc creator/4.4/psoc creator/import/gnu/arm/5.4.1/bin/../lib/gcc/arm-none-eabi/5.4.1/../../../../arm-none-eabi/lib/armv7-m\libg_nano.a(lib_a-mprec.o)
                0x00003640                __multadd
 .text.__hi0bits
                0x000036b6       0x40 c:/program files (x86)/cypress/psoc creator/4.4/psoc creator/import/gnu/arm/5.4.1/bin/../lib/gcc/arm-none-eabi/5.4.1/../../../../arm-none-eabi/lib/armv7-m\libg_nano.a(lib_a-mprec.o)
                0x000036b6                __hi0bits
 .text.__lo0bits
                0x000036f6       0x5a c:/program files (x86)/cypress/psoc creator/4.4/psoc creator/import/gnu/arm/5.4.1/bin/../lib/gcc/arm-none-eabi/5.4.1/../../../../arm-none-eabi/lib/armv7-m\libg_nano.a(lib_a-mprec.o)
                0x000036f6                __lo0bits
 .text.__i2b    0x00003750       0x12 c:/program files (x86)/cypress/psoc creator/4.4/psoc creator/import/gnu/arm/5.4.1/bin/../lib/gcc/arm-none-eabi/5.4.1/../../../../arm-none-eabi/lib/armv7-m\libg_nano.a(lib_a-mprec.o)
                0x00003750                __i2b
 .text.__multiply
                0x00003762      0x120 c:/program files (x86)/cypress/psoc creator/4.4/psoc creator/import/gnu/arm/5.4.1/bin/../lib/gcc/arm-none-eabi/5.4.1/../../../../arm-none-eabi/lib/armv7-m\libg_nano.a(lib_a-mprec.o)
                0x00003762                __multiply
 *fill*         0x00003882        0x2 
 .text.__pow5mult
                0x00003884       0x9c c:/program files (x86)/cypress/psoc creator/4.4/psoc creator/import/gnu/arm/5.4.1/bin/../lib/gcc/arm-none-eabi/5.4.1/../../../../arm-none-eabi/lib/armv7-m\libg_nano.a(lib_a-mprec.o)
                0x00003884                __pow5mult
 .text.__lshift
                0x00003920       0xa2 c:/program files (x86)/cypress/psoc creator/4.4/psoc creator/import/gnu/arm/5.4.1/bin/../lib/gcc/arm-none-eabi/5.4.1/../../../../arm-none-eabi/lib/armv7-m\libg_nano.a(lib_a-mprec.o)
                0x00003920                __lshift
 .text.__mcmp   0x000039c2       0x38 c:/program files (x86)/cypress/psoc creator/4.4/psoc creator/import/gnu/arm/5.4.1/bin/../lib/gcc/arm-none-eabi/5.4.1/../../../../arm-none-eabi/lib/armv7-m\libg_nano.a(lib_a-mprec.o)
                0x000039c2                __mcmp
 .text.__mdiff  0x000039fa       0xbe c:/program files (x86)/cypress/psoc creator/4.4/psoc creator/import/gnu/arm/5.4.1/bin/../lib/gcc/arm-none-eabi/5.4.1/../../../../arm-none-eabi/lib/armv7-m\libg_nano.a(lib_a-mprec.o)
                0x000039fa                __mdiff
 .text.__d2b    0x00003ab8       0x9c c:/program files (x86)/cypress/psoc creator/4.4/psoc creator/import/gnu/arm/5.4.1/bin/../lib/gcc/arm-none-eabi/5.4.1/../../../../arm-none-eabi/lib/armv7-m\libg_nano.a(lib_a-mprec.o)
                0x00003ab8                __d2b
 .text._calloc_r
                0x00003b54       0x1c c:/program files (x86)/cypress/psoc creator/4.4/psoc creator/import/gnu/arm/5.4.1/bin/../lib/gcc/arm-none-eabi/5.4.1/../../../../arm-none-eabi/lib/armv7-m\libg_nano.a(lib_a-nano-callocr.o)
                0x00003b54                _calloc_r
 .text._malloc_r
                0x00003b70       0xbc c:/program files (x86)/cypress/psoc creator/4.4/psoc creator/import/gnu/arm/5.4.1/bin/../lib/gcc/arm-none-eabi/5.4.1/../../../../arm-none-eabi/lib/armv7-m\libg_nano.a(lib_a-nano-mallocr.o)
                0x00003b70                _malloc_r
 .text._sbrk_r  0x00003c2c       0x20 c:/program files (x86)/cypress/psoc creator/4.4/psoc creator/import/gnu/arm/5.4.1/bin/../lib/gcc/arm-none-eabi/5.4.1/../../../../arm-none-eabi/lib/armv7-m\libg_nano.a(lib_a-sbrkr.o)
                0x00003c2c                _sbrk_r
 .text.__malloc_lock
                0x00003c4c        0x2 c:/program files (x86)/cypress/psoc creator/4.4/psoc creator/import/gnu/arm/5.4.1/bin/../lib/gcc/arm-none-eabi/5.4.1/../../../../arm-none-eabi/lib/armv7-m\libg_nano.a(lib_a-mlock.o)
                0x00003c4c                __malloc_lock
 .text.__malloc_unlock
                0x00003c4e        0x2 c:/program files (x86)/cypress/psoc creator/4.4/psoc creator/import/gnu/arm/5.4.1/bin/../lib/gcc/arm-none-eabi/5.4.1/../../../../arm-none-eabi/lib/armv7-m\libg_nano.a(lib_a-mlock.o)
                0x00003c4e                __malloc_unlock
 .text          0x00003c50      0x110 c:/program files (x86)/cypress/psoc creator/4.4/psoc creator/import/gnu/arm/5.4.1/bin/../lib/gcc/arm-none-eabi/5.4.1/armv7-m\libgcc.a(_arm_cmpdf2.o)
                0x00003c50                __gtdf2
                0x00003c50                __gedf2
                0x00003c58                __ltdf2
                0x00003c58                __ledf2
                0x00003c60                __nedf2
                0x00003c60                __eqdf2
                0x00003c60                __cmpdf2
                0x00003cdc                __aeabi_cdrcmple
                0x00003cec                __aeabi_cdcmpeq
                0x00003cec                __aeabi_cdcmple
                0x00003cfc                __aeabi_dcmpeq
                0x00003d10                __aeabi_dcmplt
                0x00003d24                __aeabi_dcmple
                0x00003d38                __aeabi_dcmpge
                0x00003d4c                __aeabi_dcmpgt
 .text          0x00003d60       0x2c c:/program files (x86)/cypress/psoc creator/4.4/psoc creator/import/gnu/arm/5.4.1/bin/../lib/gcc/arm-none-eabi/5.4.1/armv7-m\libgcc.a(_arm_unorddf2.o)
                0x00003d60                __unorddf2
                0x00003d60                __aeabi_dcmpun
 .text          0x00003d8c       0x50 c:/program files (x86)/cypress/psoc creator/4.4/psoc creator/import/gnu/arm/5.4.1/bin/../lib/gcc/arm-none-eabi/5.4.1/armv7-m\libgcc.a(_arm_fixdfsi.o)
                0x00003d8c                __aeabi_d2iz
                0x00003d8c                __fixdfsi
 *(.plt)
 *(.gnu.warning)
 *(.glue_7t)
 .glue_7t       0x00003ddc        0x0 linker stubs
 *(.glue_7)
 .glue_7        0x00003ddc        0x0 linker stubs
 *(.vfp11_veneer)
 .vfp11_veneer  0x00003ddc        0x0 linker stubs
 *(.bootloader)
 *(.ARM.extab* .gnu.linkonce.armextab.*)
 *(.gcc_except_table)

.v4_bx          0x00003ddc        0x0
 .v4_bx         0x00003ddc        0x0 linker stubs

.iplt           0x00003ddc        0x0
 .iplt          0x00003ddc        0x0 c:/program files (x86)/cypress/psoc creator/4.4/psoc creator/import/gnu/arm/5.4.1/bin/../lib/gcc/arm-none-eabi/5.4.1/armv7-m/crtbegin.o

.eh_frame_hdr
 *(.eh_frame_hdr)

.eh_frame       0x00003ddc        0x4
 *(.eh_frame)
 .eh_frame      0x00003ddc        0x0 c:/program files (x86)/cypress/psoc creator/4.4/psoc creator/import/gnu/arm/5.4.1/bin/../lib/gcc/arm-none-eabi/5.4.1/armv7-m/crtbegin.o
 .eh_frame      0x00003ddc        0x4 c:/program files (x86)/cypress/psoc creator/4.4/psoc creator/import/gnu/arm/5.4.1/bin/../lib/gcc/arm-none-eabi/5.4.1/armv7-m/crtend.o
                [!provide]                PROVIDE (__exidx_start, .)

.ARM.exidx
 *(.ARM.exidx* .gnu.linkonce.armexidx.*)
                0x00003de0                __exidx_end = .

.rodata         0x00003de0      0x1e8
 *(.rodata .rodata.* .gnu.linkonce.r.*)
 .rodata        0x00003de0       0x80 .\CortexM3\ARM_GCC_541\Debug\cyfitter_cfg.o
 .rodata.str1.1
                0x00003e60        0x2 c:/program files (x86)/cypress/psoc creator/4.4/psoc creator/import/gnu/arm/5.4.1/bin/../lib/gcc/arm-none-eabi/5.4.1/../../../../arm-none-eabi/lib/armv7-m\libg_nano.a(lib_a-impure.o)
 .rodata.str1.1
                0x00003e62       0x12 c:/program files (x86)/cypress/psoc creator/4.4/psoc creator/import/gnu/arm/5.4.1/bin/../lib/gcc/arm-none-eabi/5.4.1/../../../../arm-none-eabi/lib/armv7-m\libg_nano.a(lib_a-nano-vfprintf_float.o)
 .rodata.str1.1
                0x00003e74        0xd c:/program files (x86)/cypress/psoc creator/4.4/psoc creator/import/gnu/arm/5.4.1/bin/../lib/gcc/arm-none-eabi/5.4.1/../../../../arm-none-eabi/lib/armv7-m\libg_nano.a(lib_a-dtoa.o)
                                  0xf (size before relaxing)
 .rodata.str1.1
                0x00003e81        0x8 c:/program files (x86)/cypress/psoc creator/4.4/psoc creator/import/gnu/arm/5.4.1/bin/../lib/gcc/arm-none-eabi/5.4.1/../../../../arm-none-eabi/lib/armv7-m\libg_nano.a(lib_a-locale.o)
                                  0xb (size before relaxing)
 *fill*         0x00003e89        0x7 
 .rodata.__mprec_tens
                0x00003e90       0xc8 c:/program files (x86)/cypress/psoc creator/4.4/psoc creator/import/gnu/arm/5.4.1/bin/../lib/gcc/arm-none-eabi/5.4.1/../../../../arm-none-eabi/lib/armv7-m\libg_nano.a(lib_a-mprec.o)
                0x00003e90                __mprec_tens
 .rodata.p05.5408
                0x00003f58        0xc c:/program files (x86)/cypress/psoc creator/4.4/psoc creator/import/gnu/arm/5.4.1/bin/../lib/gcc/arm-none-eabi/5.4.1/../../../../arm-none-eabi/lib/armv7-m\libg_nano.a(lib_a-mprec.o)
 *fill*         0x00003f64        0x4 
 .rodata.__mprec_bigtens
                0x00003f68       0x28 c:/program files (x86)/cypress/psoc creator/4.4/psoc creator/import/gnu/arm/5.4.1/bin/../lib/gcc/arm-none-eabi/5.4.1/../../../../arm-none-eabi/lib/armv7-m\libg_nano.a(lib_a-mprec.o)
                0x00003f68                __mprec_bigtens
                0x00003f90                . = ALIGN (0x4)
 *(.init)
 .init          0x00003f90        0x4 c:/program files (x86)/cypress/psoc creator/4.4/psoc creator/import/gnu/arm/5.4.1/bin/../lib/gcc/arm-none-eabi/5.4.1/armv7-m/crti.o
                0x00003f90                _init
 .init          0x00003f94        0x8 c:/program files (x86)/cypress/psoc creator/4.4/psoc creator/import/gnu/arm/5.4.1/bin/../lib/gcc/arm-none-eabi/5.4.1/armv7-m/crtn.o
                0x00003f9c                . = ALIGN (0x4)
                0x00003f9c                __preinit_array_start = .
 *(.preinit_array)
                0x00003f9c                __preinit_array_end = .
                0x00003f9c                . = ALIGN (0x4)
                0x00003f9c                __init_array_start = .
 *(SORT(.init_array.*))
 *(.init_array)
 .init_array    0x00003f9c        0x4 c:/program files (x86)/cypress/psoc creator/4.4/psoc creator/import/gnu/arm/5.4.1/bin/../lib/gcc/arm-none-eabi/5.4.1/armv7-m/crtbegin.o
 .init_array    0x00003fa0        0x4 .\CortexM3\ARM_GCC_541\Debug\Cm3Start.o
                0x00003fa4                __init_array_end = .
                0x00003fa4                . = ALIGN (0x4)
 *(.fini)
 .fini          0x00003fa4        0x4 c:/program files (x86)/cypress/psoc creator/4.4/psoc creator/import/gnu/arm/5.4.1/bin/../lib/gcc/arm-none-eabi/5.4.1/armv7-m/crti.o
                0x00003fa4                _fini
 .fini          0x00003fa8        0x8 c:/program files (x86)/cypress/psoc creator/4.4/psoc creator/import/gnu/arm/5.4.1/bin/../lib/gcc/arm-none-eabi/5.4.1/armv7-m/crtn.o
                0x00003fb0                . = ALIGN (0x4)
                0x00003fb0                __fini_array_start = .
 *(.fini_array)
 .fini_array    0x00003fb0        0x4 c:/program files (x86)/cypress/psoc creator/4.4/psoc creator/import/gnu/arm/5.4.1/bin/../lib/gcc/arm-none-eabi/5.4.1/armv7-m/crtbegin.o
 *(SORT(.fini_array.*))
                0x00003fb4                __fini_array_end = .
                0x00003fb4                . = ALIGN (0x4)
 *crtbegin.o(.ctors)
 *(EXCLUDE_FILE(*crtend.o) .ctors)
 *(SORT(.ctors.*))
 *crtend.o(.ctors)
                0x00003fb4                . = ALIGN (0x4)
 *crtbegin.o(.dtors)
 *(EXCLUDE_FILE(*crtend.o) .dtors)
 *(SORT(.dtors.*))
 *crtend.o(.dtors)
                0x00003fb4                . = ALIGN (0x4)
                0x00003fb4                __cy_regions = .
                0x00003fb4        0x4 LONG 0x3fc8 __cy_region_init_ram
                0x00003fb8        0x4 LONG 0x1fff80c8 __cy_region_start_data
                0x00003fbc        0x4 LONG 0xd0 __cy_region_init_size_ram
                0x00003fc0        0x4 LONG 0xf0 __cy_region_zero_size_ram
                0x00003fc4                __cy_regions_end = .
                0x00003fc8                . = ALIGN (0x8)
 *fill*         0x00003fc4        0x4 
                0x00003fc8                _etext = .

.cy_checksum_exclude
                0x00003fc8        0x0
 *(.cy_checksum_exclude)

.ramvectors     0x1fff8000       0xc0
                0x1fff8000                __cy_region_start_ram = .
 *(.ramvectors)
 .ramvectors    0x1fff8000       0xc0 .\CortexM3\ARM_GCC_541\Debug\Cm3Start.o
                0x1fff8000                CyRamVectors

.noinit         0x1fff80c0        0x1
 *(.noinit)
 .noinit        0x1fff80c0        0x1 .\CortexM3\ARM_GCC_541\Debug\Design01.a(CyLib.o)
                0x1fff80c0                CyResetStatus

.data           0x1fff80c8       0xd0 load address 0x00003fc8
                0x1fff80c8                __cy_region_start_data = .
 *(.jcr)
 .jcr           0x1fff80c8        0x0 c:/program files (x86)/cypress/psoc creator/4.4/psoc creator/import/gnu/arm/5.4.1/bin/../lib/gcc/arm-none-eabi/5.4.1/armv7-m/crtbegin.o
 .jcr           0x1fff80c8        0x4 c:/program files (x86)/cypress/psoc creator/4.4/psoc creator/import/gnu/arm/5.4.1/bin/../lib/gcc/arm-none-eabi/5.4.1/armv7-m/crtend.o
 *(.got.plt)
 *(.got)
 *(.shdata)
 *(.data .data.* .gnu.linkonce.d.*)
 *fill*         0x1fff80cc        0x4 
 .data          0x1fff80d0       0x18 .\CortexM3\ARM_GCC_541\Debug\main.o
                0x1fff80d0                K_p
                0x1fff80d8                PWM_Master
                0x1fff80dc                PWM_Slave
                0x1fff80e0                timer_period
 .data          0x1fff80e8        0x4 .\CortexM3\ARM_GCC_541\Debug\Cm3Start.o
 .data          0x1fff80ec       0x10 .\CortexM3\ARM_GCC_541\Debug\Design01.a(CyLib.o)
                0x1fff80ec                cydelay_32k_ms
                0x1fff80f0                cydelay_freq_khz
                0x1fff80f4                cydelay_freq_mhz
                0x1fff80f8                cydelay_freq_hz
 .data.impure_data
                0x1fff80fc       0x60 c:/program files (x86)/cypress/psoc creator/4.4/psoc creator/import/gnu/arm/5.4.1/bin/../lib/gcc/arm-none-eabi/5.4.1/../../../../arm-none-eabi/lib/armv7-m\libg_nano.a(lib_a-impure.o)
 .data._impure_ptr
                0x1fff815c        0x4 c:/program files (x86)/cypress/psoc creator/4.4/psoc creator/import/gnu/arm/5.4.1/bin/../lib/gcc/arm-none-eabi/5.4.1/../../../../arm-none-eabi/lib/armv7-m\libg_nano.a(lib_a-impure.o)
                0x1fff815c                _impure_ptr
 .data.lconv    0x1fff8160       0x38 c:/program files (x86)/cypress/psoc creator/4.4/psoc creator/import/gnu/arm/5.4.1/bin/../lib/gcc/arm-none-eabi/5.4.1/../../../../arm-none-eabi/lib/armv7-m\libg_nano.a(lib_a-locale.o)
                0x1fff8198                . = ALIGN (0x8)
 *(.ram)
                0x1fff8198                _edata = .

.igot.plt       0x1fff8198        0x0 load address 0x00004098
 .igot.plt      0x1fff8198        0x0 c:/program files (x86)/cypress/psoc creator/4.4/psoc creator/import/gnu/arm/5.4.1/bin/../lib/gcc/arm-none-eabi/5.4.1/armv7-m/crtbegin.o

.bss            0x1fff8198       0xf0 load address 0x00004098
                0x1fff8198                PROVIDE (__bss_start__, .)
 *(.shbss)
 *(.bss .bss.* .gnu.linkonce.b.*)
 .bss           0x1fff8198       0x1c c:/program files (x86)/cypress/psoc creator/4.4/psoc creator/import/gnu/arm/5.4.1/bin/../lib/gcc/arm-none-eabi/5.4.1/armv7-m/crtbegin.o
 *fill*         0x1fff81b4        0x4 
 .bss           0x1fff81b8       0x60 .\CortexM3\ARM_GCC_541\Debug\main.o
                0x1fff81b8                is_moving
                0x1fff81bc                Count_Master
                0x1fff81c0                Count_Slave
                0x1fff81c8                error
                0x1fff81d0                last_error
                0x1fff81d8                left_det_count
                0x1fff81dc                direction
                0x1fff81e0                y_coord
                0x1fff81e8                x_coord
                0x1fff81f0                step
                0x1fff81f4                left_measured
                0x1fff81f8                K_d
                0x1fff8200                K_i
                0x1fff8208                derivative_error
                0x1fff8210                accumulated_error
 .bss           0x1fff8218        0x1 .\CortexM3\ARM_GCC_541\Debug\Design01.a(QuadDec_1.o)
                0x1fff8218                QuadDec_1_initVar
 .bss           0x1fff8219        0x1 .\CortexM3\ARM_GCC_541\Debug\Design01.a(QuadDec_1_Cnt16.o)
                0x1fff8219                QuadDec_1_Cnt16_initVar
 .bss           0x1fff821a        0x2 .\CortexM3\ARM_GCC_541\Debug\Design01.a(UART_1.o)
                0x1fff821a                UART_1_initVar
 .bss           0x1fff821c        0x1 .\CortexM3\ARM_GCC_541\Debug\Design01.a(QuadDec_2.o)
                0x1fff821c                QuadDec_2_initVar
 .bss           0x1fff821d        0x1 .\CortexM3\ARM_GCC_541\Debug\Design01.a(QuadDec_2_Cnt16.o)
                0x1fff821d                QuadDec_2_Cnt16_initVar
 .bss           0x1fff821e        0x1 .\CortexM3\ARM_GCC_541\Debug\Design01.a(PWM_Master.o)
                0x1fff821e                PWM_Master_initVar
 .bss           0x1fff821f        0x1 .\CortexM3\ARM_GCC_541\Debug\Design01.a(PWM_Slave.o)
                0x1fff821f                PWM_Slave_initVar
 .bss           0x1fff8220        0x1 .\CortexM3\ARM_GCC_541\Debug\Design01.a(Timer_1.o)
                0x1fff8220                Timer_1_initVar
 .bss           0x1fff8221        0x1 .\CortexM3\ARM_GCC_541\Debug\Design01.a(Timer_2.o)
                0x1fff8221                Timer_2_initVar
 .bss           0x1fff8222        0x1 .\CortexM3\ARM_GCC_541\Debug\Design01.a(Timer_3.o)
                0x1fff8222                Timer_3_initVar
 .bss           0x1fff8223        0x1 .\CortexM3\ARM_GCC_541\Debug\Design01.a(Timer_4.o)
                0x1fff8223                Timer_4_initVar
 .bss           0x1fff8224        0x1 .\CortexM3\ARM_GCC_541\Debug\Design01.a(Timer_5.o)
                0x1fff8224                Timer_5_initVar
 *fill*         0x1fff8225        0x3 
 .bss.__malloc_sbrk_start
                0x1fff8228        0x4 c:/program files (x86)/cypress/psoc creator/4.4/psoc creator/import/gnu/arm/5.4.1/bin/../lib/gcc/arm-none-eabi/5.4.1/../../../../arm-none-eabi/lib/armv7-m\libg_nano.a(lib_a-nano-mallocr.o)
                0x1fff8228                __malloc_sbrk_start
 .bss.__malloc_free_list
                0x1fff822c        0x4 c:/program files (x86)/cypress/psoc creator/4.4/psoc creator/import/gnu/arm/5.4.1/bin/../lib/gcc/arm-none-eabi/5.4.1/../../../../arm-none-eabi/lib/armv7-m\libg_nano.a(lib_a-nano-mallocr.o)
                0x1fff822c                __malloc_free_list
 *(COMMON)
 COMMON         0x1fff8230       0x54 .\CortexM3\ARM_GCC_541\Debug\main.o
                0x1fff8230                front_measured_2
                0x1fff8234                right_det_count
                0x1fff8238                string_1
                0x1fff824c                string_3
                0x1fff8260                front_det_count_1
                0x1fff8264                right_measured
                0x1fff8268                front_det_count_2
                0x1fff826c                front_measured_1
                0x1fff8270                string_2
 COMMON         0x1fff8284        0x4 c:/program files (x86)/cypress/psoc creator/4.4/psoc creator/import/gnu/arm/5.4.1/bin/../lib/gcc/arm-none-eabi/5.4.1/../../../../arm-none-eabi/lib/armv7-m\libg_nano.a(lib_a-reent.o)
                0x1fff8284                errno
                0x1fff8288                . = ALIGN (0x8)
 *(.ram.b)
                0x1fff8288                _end = .
                0x1fff8288                __end = .
                0x1fff8288                PROVIDE (end, .)
                0x1fff8288                PROVIDE (__bss_end__, .)
                0x00003fc8                __cy_region_init_ram = LOADADDR (.data)
                0x000000d0                __cy_region_init_size_ram = (_edata - ADDR (.data))
                0x000000f0                __cy_region_zero_size_ram = (_end - _edata)

.heap           0x1fff8288      0x200 load address 0x00004098
                0x1fff8288                . = _end
                0x1fff8488                . = (. + 0x200)
 *fill*         0x1fff8288      0x200 
                0x1fff8488                __cy_heap_limit = .

.stack          0x20007800      0x800
                0x20007800                __cy_stack_limit = .
                0x20008000                . = (. + 0x800)
 *fill*         0x20007800      0x800 
                0x00000001                ASSERT ((__cy_stack_limit >= __cy_heap_limit), region RAM overflowed with stack)
                0x00000000                cy_checksum_exclude_size = (CY_APPL_LOADABLE == 0x1)?SIZEOF (.cy_checksum_exclude):0x0
                0x00000001                ASSERT ((cy_checksum_exclude_size <= CY_CHECKSUM_EXCLUDE_SIZE), CY_BOOT: Section .cy_checksum_exclude size exceedes specified limit.)

.cyloadermeta
 *(.cyloadermeta)

.cyloadablemeta
 *(.cyloadablemeta)

.cyconfigecc    0x80000000     0x1350
 *(.cyconfigecc)
 .cyconfigecc   0x80000000     0x1350 .\CortexM3\ARM_GCC_541\Debug\cymetadata.o
                0x80000000                cy_meta_configecc

.cycustnvl      0x90000000        0x4
 *(.cycustnvl)
 .cycustnvl     0x90000000        0x4 .\CortexM3\ARM_GCC_541\Debug\cymetadata.o
                0x90000000                cy_meta_custnvl

.cywolatch      0x90100000        0x4
 *(.cywolatch)
 .cywolatch     0x90100000        0x4 .\CortexM3\ARM_GCC_541\Debug\cymetadata.o
                0x90100000                cy_meta_wonvl

.cyeeprom       0x90200000        0x0
 *(.cyeeprom)
                0x00000001                ASSERT ((. <= ((0x90200000 + ee_offset) + ee_size)), .cyeeprom data will not fit in EEPROM)

.cyflashprotect
                0x90400000      0x100
 *(.cyflashprotect)
 .cyflashprotect
                0x90400000      0x100 .\CortexM3\ARM_GCC_541\Debug\cymetadata.o
                0x90400000                cy_meta_flashprotect

.cymeta         0x90500000        0xc
 *(.cymeta)
 .cymeta        0x90500000        0xc .\CortexM3\ARM_GCC_541\Debug\cymetadata.o
                0x90500000                cy_metadata

.rel.dyn        0x00004098        0x0 load address 0x9050000c
 .rel.iplt      0x00004098        0x0 c:/program files (x86)/cypress/psoc creator/4.4/psoc creator/import/gnu/arm/5.4.1/bin/../lib/gcc/arm-none-eabi/5.4.1/armv7-m/crtbegin.o

.stab
 *(.stab)

.stabstr
 *(.stabstr)

.debug
 *(.debug)

.line
 *(.line)

.debug_srcinfo
 *(.debug_srcinfo)

.debug_sfnames
 *(.debug_sfnames)

.debug_aranges  0x00000000     0x1130
 *(.debug_aranges)
 .debug_aranges
                0x00000000       0x88 .\CortexM3\ARM_GCC_541\Debug\main.o
 .debug_aranges
                0x00000088       0x58 .\CortexM3\ARM_GCC_541\Debug\cyfitter_cfg.o
 .debug_aranges
                0x000000e0       0x18 .\CortexM3\ARM_GCC_541\Debug\cymetadata.o
 .debug_aranges
                0x000000f8       0x48 .\CortexM3\ARM_GCC_541\Debug\Cm3Start.o
 .debug_aranges
                0x00000140       0x38 .\CortexM3\ARM_GCC_541\Debug\Design01.a(Motor_1_IN_1.o)
 .debug_aranges
                0x00000178       0x38 .\CortexM3\ARM_GCC_541\Debug\Design01.a(Motor_1_IN_2.o)
 .debug_aranges
                0x000001b0      0x2a0 .\CortexM3\ARM_GCC_541\Debug\Design01.a(CyLib.o)
 .debug_aranges
                0x00000450       0x98 .\CortexM3\ARM_GCC_541\Debug\Design01.a(cyPm.o)
 .debug_aranges
                0x000004e8       0x60 .\CortexM3\ARM_GCC_541\Debug\Design01.a(QuadDec_1.o)
 .debug_aranges
                0x00000548       0x98 .\CortexM3\ARM_GCC_541\Debug\Design01.a(QuadDec_1_Cnt16.o)
 .debug_aranges
                0x000005e0       0xf0 .\CortexM3\ARM_GCC_541\Debug\Design01.a(UART_1.o)
 .debug_aranges
                0x000006d0       0x70 .\CortexM3\ARM_GCC_541\Debug\Design01.a(UART_1_IntClock.o)
 .debug_aranges
                0x00000740       0x60 .\CortexM3\ARM_GCC_541\Debug\Design01.a(QuadDec_2.o)
 .debug_aranges
                0x000007a0       0x98 .\CortexM3\ARM_GCC_541\Debug\Design01.a(QuadDec_2_Cnt16.o)
 .debug_aranges
                0x00000838       0x38 .\CortexM3\ARM_GCC_541\Debug\Design01.a(Motor_2_IN_3.o)
 .debug_aranges
                0x00000870       0x38 .\CortexM3\ARM_GCC_541\Debug\Design01.a(Motor_2_IN_4.o)
 .debug_aranges
                0x000008a8       0x78 .\CortexM3\ARM_GCC_541\Debug\Design01.a(PWM_Master.o)
 .debug_aranges
                0x00000920       0x78 .\CortexM3\ARM_GCC_541\Debug\Design01.a(PWM_Slave.o)
 .debug_aranges
                0x00000998       0x90 .\CortexM3\ARM_GCC_541\Debug\Design01.a(Timer_1.o)
 .debug_aranges
                0x00000a28       0x80 .\CortexM3\ARM_GCC_541\Debug\Design01.a(isr_1.o)
 .debug_aranges
                0x00000aa8       0x98 .\CortexM3\ARM_GCC_541\Debug\Design01.a(Timer_2.o)
 .debug_aranges
                0x00000b40       0x80 .\CortexM3\ARM_GCC_541\Debug\Design01.a(isr_2.o)
 .debug_aranges
                0x00000bc0       0x38 .\CortexM3\ARM_GCC_541\Debug\Design01.a(Front_Trigger.o)
 .debug_aranges
                0x00000bf8       0x38 .\CortexM3\ARM_GCC_541\Debug\Design01.a(Front_Echo.o)
 .debug_aranges
                0x00000c30       0x98 .\CortexM3\ARM_GCC_541\Debug\Design01.a(Timer_3.o)
 .debug_aranges
                0x00000cc8       0x38 .\CortexM3\ARM_GCC_541\Debug\Design01.a(Right_Echo.o)
 .debug_aranges
                0x00000d00       0x80 .\CortexM3\ARM_GCC_541\Debug\Design01.a(isr_3.o)
 .debug_aranges
                0x00000d80       0x98 .\CortexM3\ARM_GCC_541\Debug\Design01.a(Timer_4.o)
 .debug_aranges
                0x00000e18       0x80 .\CortexM3\ARM_GCC_541\Debug\Design01.a(isr_4.o)
 .debug_aranges
                0x00000e98       0x98 .\CortexM3\ARM_GCC_541\Debug\Design01.a(Timer_5.o)
 .debug_aranges
                0x00000f30       0x80 .\CortexM3\ARM_GCC_541\Debug\Design01.a(isr_5.o)
 .debug_aranges
                0x00000fb0       0x38 .\CortexM3\ARM_GCC_541\Debug\Design01.a(Right_Trigger.o)
 .debug_aranges
                0x00000fe8       0x20 .\CortexM3\ARM_GCC_541\Debug\Design01.a(CyBootAsmGnu.o)
 .debug_aranges
                0x00001008       0x88 .\CortexM3\ARM_GCC_541\Debug\Design01.a(CyFlash.o)
 .debug_aranges
                0x00001090       0x80 .\CortexM3\ARM_GCC_541\Debug\Design01.a(CySpc.o)
 .debug_aranges
                0x00001110       0x20 .\CortexM3\ARM_GCC_541\Debug\Design01.a(cyutils.o)

.debug_pubnames
 *(.debug_pubnames)

.debug_info     0x00000000     0x82ef
 *(.debug_info .gnu.linkonce.wi.*)
 .debug_info    0x00000000      0xc79 .\CortexM3\ARM_GCC_541\Debug\main.o
 .debug_info    0x00000c79      0x603 .\CortexM3\ARM_GCC_541\Debug\cyfitter_cfg.o
 .debug_info    0x0000127c      0x139 .\CortexM3\ARM_GCC_541\Debug\cymetadata.o
 .debug_info    0x000013b5      0x3bb .\CortexM3\ARM_GCC_541\Debug\Cm3Start.o
 .debug_info    0x00001770      0x11f .\CortexM3\ARM_GCC_541\Debug\Design01.a(Motor_1_IN_1.o)
 .debug_info    0x0000188f      0x11f .\CortexM3\ARM_GCC_541\Debug\Design01.a(Motor_1_IN_2.o)
 .debug_info    0x000019ae     0x1374 .\CortexM3\ARM_GCC_541\Debug\Design01.a(CyLib.o)
 .debug_info    0x00002d22      0xa2a .\CortexM3\ARM_GCC_541\Debug\Design01.a(cyPm.o)
 .debug_info    0x0000374c      0x2d4 .\CortexM3\ARM_GCC_541\Debug\Design01.a(QuadDec_1.o)
 .debug_info    0x00003a20      0x348 .\CortexM3\ARM_GCC_541\Debug\Design01.a(QuadDec_1_Cnt16.o)
 .debug_info    0x00003d68      0x60c .\CortexM3\ARM_GCC_541\Debug\Design01.a(UART_1.o)
 .debug_info    0x00004374      0x283 .\CortexM3\ARM_GCC_541\Debug\Design01.a(UART_1_IntClock.o)
 .debug_info    0x000045f7      0x2d4 .\CortexM3\ARM_GCC_541\Debug\Design01.a(QuadDec_2.o)
 .debug_info    0x000048cb      0x348 .\CortexM3\ARM_GCC_541\Debug\Design01.a(QuadDec_2_Cnt16.o)
 .debug_info    0x00004c13      0x11f .\CortexM3\ARM_GCC_541\Debug\Design01.a(Motor_2_IN_3.o)
 .debug_info    0x00004d32      0x11f .\CortexM3\ARM_GCC_541\Debug\Design01.a(Motor_2_IN_4.o)
 .debug_info    0x00004e51      0x281 .\CortexM3\ARM_GCC_541\Debug\Design01.a(PWM_Master.o)
 .debug_info    0x000050d2      0x281 .\CortexM3\ARM_GCC_541\Debug\Design01.a(PWM_Slave.o)
 .debug_info    0x00005353      0x334 .\CortexM3\ARM_GCC_541\Debug\Design01.a(Timer_1.o)
 .debug_info    0x00005687      0x2d2 .\CortexM3\ARM_GCC_541\Debug\Design01.a(isr_1.o)
 .debug_info    0x00005959      0x328 .\CortexM3\ARM_GCC_541\Debug\Design01.a(Timer_2.o)
 .debug_info    0x00005c81      0x2d2 .\CortexM3\ARM_GCC_541\Debug\Design01.a(isr_2.o)
 .debug_info    0x00005f53      0x11f .\CortexM3\ARM_GCC_541\Debug\Design01.a(Front_Trigger.o)
 .debug_info    0x00006072      0x11f .\CortexM3\ARM_GCC_541\Debug\Design01.a(Front_Echo.o)
 .debug_info    0x00006191      0x328 .\CortexM3\ARM_GCC_541\Debug\Design01.a(Timer_3.o)
 .debug_info    0x000064b9      0x11f .\CortexM3\ARM_GCC_541\Debug\Design01.a(Right_Echo.o)
 .debug_info    0x000065d8      0x2d2 .\CortexM3\ARM_GCC_541\Debug\Design01.a(isr_3.o)
 .debug_info    0x000068aa      0x328 .\CortexM3\ARM_GCC_541\Debug\Design01.a(Timer_4.o)
 .debug_info    0x00006bd2      0x2d2 .\CortexM3\ARM_GCC_541\Debug\Design01.a(isr_4.o)
 .debug_info    0x00006ea4      0x328 .\CortexM3\ARM_GCC_541\Debug\Design01.a(Timer_5.o)
 .debug_info    0x000071cc      0x2d2 .\CortexM3\ARM_GCC_541\Debug\Design01.a(isr_5.o)
 .debug_info    0x0000749e      0x11f .\CortexM3\ARM_GCC_541\Debug\Design01.a(Right_Trigger.o)
 .debug_info    0x000075bd       0xa7 .\CortexM3\ARM_GCC_541\Debug\Design01.a(CyBootAsmGnu.o)
 .debug_info    0x00007664      0x64d .\CortexM3\ARM_GCC_541\Debug\Design01.a(CyFlash.o)
 .debug_info    0x00007cb1      0x550 .\CortexM3\ARM_GCC_541\Debug\Design01.a(CySpc.o)
 .debug_info    0x00008201       0xee .\CortexM3\ARM_GCC_541\Debug\Design01.a(cyutils.o)

.debug_abbrev   0x00000000     0x29d4
 *(.debug_abbrev)
 .debug_abbrev  0x00000000      0x1c2 .\CortexM3\ARM_GCC_541\Debug\main.o
 .debug_abbrev  0x000001c2      0x20d .\CortexM3\ARM_GCC_541\Debug\cyfitter_cfg.o
 .debug_abbrev  0x000003cf       0x77 .\CortexM3\ARM_GCC_541\Debug\cymetadata.o
 .debug_abbrev  0x00000446      0x1e8 .\CortexM3\ARM_GCC_541\Debug\Cm3Start.o
 .debug_abbrev  0x0000062e       0x90 .\CortexM3\ARM_GCC_541\Debug\Design01.a(Motor_1_IN_1.o)
 .debug_abbrev  0x000006be       0x90 .\CortexM3\ARM_GCC_541\Debug\Design01.a(Motor_1_IN_2.o)
 .debug_abbrev  0x0000074e      0x254 .\CortexM3\ARM_GCC_541\Debug\Design01.a(CyLib.o)
 .debug_abbrev  0x000009a2      0x1ab .\CortexM3\ARM_GCC_541\Debug\Design01.a(cyPm.o)
 .debug_abbrev  0x00000b4d      0x151 .\CortexM3\ARM_GCC_541\Debug\Design01.a(QuadDec_1.o)
 .debug_abbrev  0x00000c9e      0x117 .\CortexM3\ARM_GCC_541\Debug\Design01.a(QuadDec_1_Cnt16.o)
 .debug_abbrev  0x00000db5      0x175 .\CortexM3\ARM_GCC_541\Debug\Design01.a(UART_1.o)
 .debug_abbrev  0x00000f2a      0x139 .\CortexM3\ARM_GCC_541\Debug\Design01.a(UART_1_IntClock.o)
 .debug_abbrev  0x00001063      0x151 .\CortexM3\ARM_GCC_541\Debug\Design01.a(QuadDec_2.o)
 .debug_abbrev  0x000011b4      0x117 .\CortexM3\ARM_GCC_541\Debug\Design01.a(QuadDec_2_Cnt16.o)
 .debug_abbrev  0x000012cb       0x90 .\CortexM3\ARM_GCC_541\Debug\Design01.a(Motor_2_IN_3.o)
 .debug_abbrev  0x0000135b       0x90 .\CortexM3\ARM_GCC_541\Debug\Design01.a(Motor_2_IN_4.o)
 .debug_abbrev  0x000013eb      0x12d .\CortexM3\ARM_GCC_541\Debug\Design01.a(PWM_Master.o)
 .debug_abbrev  0x00001518      0x12d .\CortexM3\ARM_GCC_541\Debug\Design01.a(PWM_Slave.o)
 .debug_abbrev  0x00001645      0x14b .\CortexM3\ARM_GCC_541\Debug\Design01.a(Timer_1.o)
 .debug_abbrev  0x00001790      0x173 .\CortexM3\ARM_GCC_541\Debug\Design01.a(isr_1.o)
 .debug_abbrev  0x00001903      0x13a .\CortexM3\ARM_GCC_541\Debug\Design01.a(Timer_2.o)
 .debug_abbrev  0x00001a3d      0x173 .\CortexM3\ARM_GCC_541\Debug\Design01.a(isr_2.o)
 .debug_abbrev  0x00001bb0       0x90 .\CortexM3\ARM_GCC_541\Debug\Design01.a(Front_Trigger.o)
 .debug_abbrev  0x00001c40       0x90 .\CortexM3\ARM_GCC_541\Debug\Design01.a(Front_Echo.o)
 .debug_abbrev  0x00001cd0      0x13a .\CortexM3\ARM_GCC_541\Debug\Design01.a(Timer_3.o)
 .debug_abbrev  0x00001e0a       0x90 .\CortexM3\ARM_GCC_541\Debug\Design01.a(Right_Echo.o)
 .debug_abbrev  0x00001e9a      0x173 .\CortexM3\ARM_GCC_541\Debug\Design01.a(isr_3.o)
 .debug_abbrev  0x0000200d      0x13a .\CortexM3\ARM_GCC_541\Debug\Design01.a(Timer_4.o)
 .debug_abbrev  0x00002147      0x173 .\CortexM3\ARM_GCC_541\Debug\Design01.a(isr_4.o)
 .debug_abbrev  0x000022ba      0x13a .\CortexM3\ARM_GCC_541\Debug\Design01.a(Timer_5.o)
 .debug_abbrev  0x000023f4      0x173 .\CortexM3\ARM_GCC_541\Debug\Design01.a(isr_5.o)
 .debug_abbrev  0x00002567       0x90 .\CortexM3\ARM_GCC_541\Debug\Design01.a(Right_Trigger.o)
 .debug_abbrev  0x000025f7       0x14 .\CortexM3\ARM_GCC_541\Debug\Design01.a(CyBootAsmGnu.o)
 .debug_abbrev  0x0000260b      0x1a7 .\CortexM3\ARM_GCC_541\Debug\Design01.a(CyFlash.o)
 .debug_abbrev  0x000027b2      0x194 .\CortexM3\ARM_GCC_541\Debug\Design01.a(CySpc.o)
 .debug_abbrev  0x00002946       0x8e .\CortexM3\ARM_GCC_541\Debug\Design01.a(cyutils.o)

.debug_line     0x00000000     0x38e5
 *(.debug_line)
 .debug_line    0x00000000      0x464 .\CortexM3\ARM_GCC_541\Debug\main.o
 .debug_line    0x00000464      0x206 .\CortexM3\ARM_GCC_541\Debug\cyfitter_cfg.o
 .debug_line    0x0000066a      0x141 .\CortexM3\ARM_GCC_541\Debug\cymetadata.o
 .debug_line    0x000007ab      0x234 .\CortexM3\ARM_GCC_541\Debug\Cm3Start.o
 .debug_line    0x000009df       0x99 .\CortexM3\ARM_GCC_541\Debug\Design01.a(Motor_1_IN_1.o)
 .debug_line    0x00000a78       0x99 .\CortexM3\ARM_GCC_541\Debug\Design01.a(Motor_1_IN_2.o)
 .debug_line    0x00000b11      0x816 .\CortexM3\ARM_GCC_541\Debug\Design01.a(CyLib.o)
 .debug_line    0x00001327      0x367 .\CortexM3\ARM_GCC_541\Debug\Design01.a(cyPm.o)
 .debug_line    0x0000168e      0x11e .\CortexM3\ARM_GCC_541\Debug\Design01.a(QuadDec_1.o)
 .debug_line    0x000017ac      0x18f .\CortexM3\ARM_GCC_541\Debug\Design01.a(QuadDec_1_Cnt16.o)
 .debug_line    0x0000193b      0x2c0 .\CortexM3\ARM_GCC_541\Debug\Design01.a(UART_1.o)
 .debug_line    0x00001bfb      0x17e .\CortexM3\ARM_GCC_541\Debug\Design01.a(UART_1_IntClock.o)
 .debug_line    0x00001d79      0x11e .\CortexM3\ARM_GCC_541\Debug\Design01.a(QuadDec_2.o)
 .debug_line    0x00001e97      0x18f .\CortexM3\ARM_GCC_541\Debug\Design01.a(QuadDec_2_Cnt16.o)
 .debug_line    0x00002026       0x99 .\CortexM3\ARM_GCC_541\Debug\Design01.a(Motor_2_IN_3.o)
 .debug_line    0x000020bf       0x99 .\CortexM3\ARM_GCC_541\Debug\Design01.a(Motor_2_IN_4.o)
 .debug_line    0x00002158      0x138 .\CortexM3\ARM_GCC_541\Debug\Design01.a(PWM_Master.o)
 .debug_line    0x00002290      0x137 .\CortexM3\ARM_GCC_541\Debug\Design01.a(PWM_Slave.o)
 .debug_line    0x000023c7      0x172 .\CortexM3\ARM_GCC_541\Debug\Design01.a(Timer_1.o)
 .debug_line    0x00002539      0x132 .\CortexM3\ARM_GCC_541\Debug\Design01.a(isr_1.o)
 .debug_line    0x0000266b      0x184 .\CortexM3\ARM_GCC_541\Debug\Design01.a(Timer_2.o)
 .debug_line    0x000027ef      0x132 .\CortexM3\ARM_GCC_541\Debug\Design01.a(isr_2.o)
 .debug_line    0x00002921       0x9a .\CortexM3\ARM_GCC_541\Debug\Design01.a(Front_Trigger.o)
 .debug_line    0x000029bb       0x97 .\CortexM3\ARM_GCC_541\Debug\Design01.a(Front_Echo.o)
 .debug_line    0x00002a52      0x184 .\CortexM3\ARM_GCC_541\Debug\Design01.a(Timer_3.o)
 .debug_line    0x00002bd6       0x97 .\CortexM3\ARM_GCC_541\Debug\Design01.a(Right_Echo.o)
 .debug_line    0x00002c6d      0x132 .\CortexM3\ARM_GCC_541\Debug\Design01.a(isr_3.o)
 .debug_line    0x00002d9f      0x184 .\CortexM3\ARM_GCC_541\Debug\Design01.a(Timer_4.o)
 .debug_line    0x00002f23      0x132 .\CortexM3\ARM_GCC_541\Debug\Design01.a(isr_4.o)
 .debug_line    0x00003055      0x184 .\CortexM3\ARM_GCC_541\Debug\Design01.a(Timer_5.o)
 .debug_line    0x000031d9      0x132 .\CortexM3\ARM_GCC_541\Debug\Design01.a(isr_5.o)
 .debug_line    0x0000330b       0x9a .\CortexM3\ARM_GCC_541\Debug\Design01.a(Right_Trigger.o)
 .debug_line    0x000033a5       0x66 .\CortexM3\ARM_GCC_541\Debug\Design01.a(CyBootAsmGnu.o)
 .debug_line    0x0000340b      0x21a .\CortexM3\ARM_GCC_541\Debug\Design01.a(CyFlash.o)
 .debug_line    0x00003625      0x260 .\CortexM3\ARM_GCC_541\Debug\Design01.a(CySpc.o)
 .debug_line    0x00003885       0x60 .\CortexM3\ARM_GCC_541\Debug\Design01.a(cyutils.o)

.debug_frame    0x00000000     0x2d10
 *(.debug_frame)
 .debug_frame   0x00000000      0x1b0 .\CortexM3\ARM_GCC_541\Debug\main.o
 .debug_frame   0x000001b0       0xe4 .\CortexM3\ARM_GCC_541\Debug\cyfitter_cfg.o
 .debug_frame   0x00000294       0xb8 .\CortexM3\ARM_GCC_541\Debug\Cm3Start.o
 .debug_frame   0x0000034c       0x50 .\CortexM3\ARM_GCC_541\Debug\Design01.a(Motor_1_IN_1.o)
 .debug_frame   0x0000039c       0x50 .\CortexM3\ARM_GCC_541\Debug\Design01.a(Motor_1_IN_2.o)
 .debug_frame   0x000003ec      0x738 .\CortexM3\ARM_GCC_541\Debug\Design01.a(CyLib.o)
 .debug_frame   0x00000b24      0x1f8 .\CortexM3\ARM_GCC_541\Debug\Design01.a(cyPm.o)
 .debug_frame   0x00000d1c       0xdc .\CortexM3\ARM_GCC_541\Debug\Design01.a(QuadDec_1.o)
 .debug_frame   0x00000df8      0x134 .\CortexM3\ARM_GCC_541\Debug\Design01.a(QuadDec_1_Cnt16.o)
 .debug_frame   0x00000f2c      0x250 .\CortexM3\ARM_GCC_541\Debug\Design01.a(UART_1.o)
 .debug_frame   0x0000117c       0xe0 .\CortexM3\ARM_GCC_541\Debug\Design01.a(UART_1_IntClock.o)
 .debug_frame   0x0000125c       0xdc .\CortexM3\ARM_GCC_541\Debug\Design01.a(QuadDec_2.o)
 .debug_frame   0x00001338      0x134 .\CortexM3\ARM_GCC_541\Debug\Design01.a(QuadDec_2_Cnt16.o)
 .debug_frame   0x0000146c       0x50 .\CortexM3\ARM_GCC_541\Debug\Design01.a(Motor_2_IN_3.o)
 .debug_frame   0x000014bc       0x50 .\CortexM3\ARM_GCC_541\Debug\Design01.a(Motor_2_IN_4.o)
 .debug_frame   0x0000150c       0xe8 .\CortexM3\ARM_GCC_541\Debug\Design01.a(PWM_Master.o)
 .debug_frame   0x000015f4       0xe8 .\CortexM3\ARM_GCC_541\Debug\Design01.a(PWM_Slave.o)
 .debug_frame   0x000016dc      0x13c .\CortexM3\ARM_GCC_541\Debug\Design01.a(Timer_1.o)
 .debug_frame   0x00001818      0x104 .\CortexM3\ARM_GCC_541\Debug\Design01.a(isr_1.o)
 .debug_frame   0x0000191c      0x134 .\CortexM3\ARM_GCC_541\Debug\Design01.a(Timer_2.o)
 .debug_frame   0x00001a50      0x104 .\CortexM3\ARM_GCC_541\Debug\Design01.a(isr_2.o)
 .debug_frame   0x00001b54       0x50 .\CortexM3\ARM_GCC_541\Debug\Design01.a(Front_Trigger.o)
 .debug_frame   0x00001ba4       0x50 .\CortexM3\ARM_GCC_541\Debug\Design01.a(Front_Echo.o)
 .debug_frame   0x00001bf4      0x134 .\CortexM3\ARM_GCC_541\Debug\Design01.a(Timer_3.o)
 .debug_frame   0x00001d28       0x50 .\CortexM3\ARM_GCC_541\Debug\Design01.a(Right_Echo.o)
 .debug_frame   0x00001d78      0x104 .\CortexM3\ARM_GCC_541\Debug\Design01.a(isr_3.o)
 .debug_frame   0x00001e7c      0x134 .\CortexM3\ARM_GCC_541\Debug\Design01.a(Timer_4.o)
 .debug_frame   0x00001fb0      0x104 .\CortexM3\ARM_GCC_541\Debug\Design01.a(isr_4.o)
 .debug_frame   0x000020b4      0x134 .\CortexM3\ARM_GCC_541\Debug\Design01.a(Timer_5.o)
 .debug_frame   0x000021e8      0x104 .\CortexM3\ARM_GCC_541\Debug\Design01.a(isr_5.o)
 .debug_frame   0x000022ec       0x50 .\CortexM3\ARM_GCC_541\Debug\Design01.a(Right_Trigger.o)
 .debug_frame   0x0000233c      0x194 .\CortexM3\ARM_GCC_541\Debug\Design01.a(CyFlash.o)
 .debug_frame   0x000024d0      0x180 .\CortexM3\ARM_GCC_541\Debug\Design01.a(CySpc.o)
 .debug_frame   0x00002650       0x20 .\CortexM3\ARM_GCC_541\Debug\Design01.a(cyutils.o)
 .debug_frame   0x00002670       0x20 c:/program files (x86)/cypress/psoc creator/4.4/psoc creator/import/gnu/arm/5.4.1/bin/../lib/gcc/arm-none-eabi/5.4.1/../../../../arm-none-eabi/lib/armv7-m\libg_nano.a(lib_a-errno.o)
 .debug_frame   0x00002690       0x28 c:/program files (x86)/cypress/psoc creator/4.4/psoc creator/import/gnu/arm/5.4.1/bin/../lib/gcc/arm-none-eabi/5.4.1/../../../../arm-none-eabi/lib/armv7-m\libg_nano.a(lib_a-exit.o)
 .debug_frame   0x000026b8       0x2c c:/program files (x86)/cypress/psoc creator/4.4/psoc creator/import/gnu/arm/5.4.1/bin/../lib/gcc/arm-none-eabi/5.4.1/../../../../arm-none-eabi/lib/armv7-m\libg_nano.a(lib_a-init.o)
 .debug_frame   0x000026e4       0x28 c:/program files (x86)/cypress/psoc creator/4.4/psoc creator/import/gnu/arm/5.4.1/bin/../lib/gcc/arm-none-eabi/5.4.1/../../../../arm-none-eabi/lib/armv7-m\libg_nano.a(lib_a-memcpy-stub.o)
 .debug_frame   0x0000270c       0x20 c:/program files (x86)/cypress/psoc creator/4.4/psoc creator/import/gnu/arm/5.4.1/bin/../lib/gcc/arm-none-eabi/5.4.1/../../../../arm-none-eabi/lib/armv7-m\libg_nano.a(lib_a-memset.o)
 .debug_frame   0x0000272c       0x8c c:/program files (x86)/cypress/psoc creator/4.4/psoc creator/import/gnu/arm/5.4.1/bin/../lib/gcc/arm-none-eabi/5.4.1/../../../../arm-none-eabi/lib/armv7-m\libg_nano.a(lib_a-nano-vfprintf_float.o)
 .debug_frame   0x000027b8       0x60 c:/program files (x86)/cypress/psoc creator/4.4/psoc creator/import/gnu/arm/5.4.1/bin/../lib/gcc/arm-none-eabi/5.4.1/../../../../arm-none-eabi/lib/armv7-m\libg_nano.a(lib_a-nano-vfprintf_i.o)
 .debug_frame   0x00002818       0x6c c:/program files (x86)/cypress/psoc creator/4.4/psoc creator/import/gnu/arm/5.4.1/bin/../lib/gcc/arm-none-eabi/5.4.1/../../../../arm-none-eabi/lib/armv7-m\libg_nano.a(lib_a-dtoa.o)
 .debug_frame   0x00002884       0x98 c:/program files (x86)/cypress/psoc creator/4.4/psoc creator/import/gnu/arm/5.4.1/bin/../lib/gcc/arm-none-eabi/5.4.1/../../../../arm-none-eabi/lib/armv7-m\libg_nano.a(lib_a-locale.o)
 .debug_frame   0x0000291c       0x30 c:/program files (x86)/cypress/psoc creator/4.4/psoc creator/import/gnu/arm/5.4.1/bin/../lib/gcc/arm-none-eabi/5.4.1/../../../../arm-none-eabi/lib/armv7-m\libg_nano.a(lib_a-malloc.o)
 .debug_frame   0x0000294c       0x28 c:/program files (x86)/cypress/psoc creator/4.4/psoc creator/import/gnu/arm/5.4.1/bin/../lib/gcc/arm-none-eabi/5.4.1/../../../../arm-none-eabi/lib/armv7-m\libg_nano.a(lib_a-memchr-stub.o)
 .debug_frame   0x00002974      0x234 c:/program files (x86)/cypress/psoc creator/4.4/psoc creator/import/gnu/arm/5.4.1/bin/../lib/gcc/arm-none-eabi/5.4.1/../../../../arm-none-eabi/lib/armv7-m\libg_nano.a(lib_a-mprec.o)
 .debug_frame   0x00002ba8       0x2c c:/program files (x86)/cypress/psoc creator/4.4/psoc creator/import/gnu/arm/5.4.1/bin/../lib/gcc/arm-none-eabi/5.4.1/../../../../arm-none-eabi/lib/armv7-m\libg_nano.a(lib_a-nano-callocr.o)
 .debug_frame   0x00002bd4       0x38 c:/program files (x86)/cypress/psoc creator/4.4/psoc creator/import/gnu/arm/5.4.1/bin/../lib/gcc/arm-none-eabi/5.4.1/../../../../arm-none-eabi/lib/armv7-m\libg_nano.a(lib_a-nano-freer.o)
 .debug_frame   0x00002c0c       0x2c c:/program files (x86)/cypress/psoc creator/4.4/psoc creator/import/gnu/arm/5.4.1/bin/../lib/gcc/arm-none-eabi/5.4.1/../../../../arm-none-eabi/lib/armv7-m\libg_nano.a(lib_a-nano-mallocr.o)
 .debug_frame   0x00002c38       0x2c c:/program files (x86)/cypress/psoc creator/4.4/psoc creator/import/gnu/arm/5.4.1/bin/../lib/gcc/arm-none-eabi/5.4.1/../../../../arm-none-eabi/lib/armv7-m\libg_nano.a(lib_a-sbrkr.o)
 .debug_frame   0x00002c64       0x20 c:/program files (x86)/cypress/psoc creator/4.4/psoc creator/import/gnu/arm/5.4.1/bin/../lib/gcc/arm-none-eabi/5.4.1/../../../../arm-none-eabi/lib/armv7-m\libg_nano.a(lib_a-strcmp.o)
 .debug_frame   0x00002c84       0x30 c:/program files (x86)/cypress/psoc creator/4.4/psoc creator/import/gnu/arm/5.4.1/bin/../lib/gcc/arm-none-eabi/5.4.1/../../../../arm-none-eabi/lib/armv7-m\libg_nano.a(lib_a-mlock.o)
 .debug_frame   0x00002cb4       0x5c c:/program files (x86)/cypress/psoc creator/4.4/psoc creator/import/gnu/arm/5.4.1/bin/../lib/gcc/arm-none-eabi/5.4.1/../../../../arm-none-eabi/lib/armv7-m\libg_nano.a(lib_a-reent.o)

.debug_str      0x00000000     0x336c
 *(.debug_str)
 .debug_str     0x00000000      0x638 .\CortexM3\ARM_GCC_541\Debug\main.o
                                0x68b (size before relaxing)
 .debug_str     0x00000638      0x1b5 .\CortexM3\ARM_GCC_541\Debug\cyfitter_cfg.o
                                0x361 (size before relaxing)
 .debug_str     0x000007ed       0x7f .\CortexM3\ARM_GCC_541\Debug\cymetadata.o
                                0x1fb (size before relaxing)
 .debug_str     0x0000086c      0x13e .\CortexM3\ARM_GCC_541\Debug\Cm3Start.o
                                0x321 (size before relaxing)
 .debug_str     0x000009aa       0x7b .\CortexM3\ARM_GCC_541\Debug\Design01.a(Motor_1_IN_1.o)
                                0x21c (size before relaxing)
 .debug_str     0x00000a25       0x6b .\CortexM3\ARM_GCC_541\Debug\Design01.a(Motor_1_IN_2.o)
                                0x21c (size before relaxing)
 .debug_str     0x00000a90      0x82e .\CortexM3\ARM_GCC_541\Debug\Design01.a(CyLib.o)
                                0xa5e (size before relaxing)
 .debug_str     0x000012be      0x365 .\CortexM3\ARM_GCC_541\Debug\Design01.a(cyPm.o)
                                0x74a (size before relaxing)
 .debug_str     0x00001623      0x12a .\CortexM3\ARM_GCC_541\Debug\Design01.a(QuadDec_1.o)
                                0x352 (size before relaxing)
 .debug_str     0x0000174d      0x1eb .\CortexM3\ARM_GCC_541\Debug\Design01.a(QuadDec_1_Cnt16.o)
                                0x42d (size before relaxing)
 .debug_str     0x00001938      0x2bf .\CortexM3\ARM_GCC_541\Debug\Design01.a(UART_1.o)
                                0x4ca (size before relaxing)
 .debug_str     0x00001bf7      0x197 .\CortexM3\ARM_GCC_541\Debug\Design01.a(UART_1_IntClock.o)
                                0x365 (size before relaxing)
 .debug_str     0x00001d8e      0x112 .\CortexM3\ARM_GCC_541\Debug\Design01.a(QuadDec_2.o)
                                0x352 (size before relaxing)
 .debug_str     0x00001ea0      0x1bf .\CortexM3\ARM_GCC_541\Debug\Design01.a(QuadDec_2_Cnt16.o)
                                0x42d (size before relaxing)
 .debug_str     0x0000205f       0x6b .\CortexM3\ARM_GCC_541\Debug\Design01.a(Motor_2_IN_3.o)
                                0x21c (size before relaxing)
 .debug_str     0x000020ca       0x6b .\CortexM3\ARM_GCC_541\Debug\Design01.a(Motor_2_IN_4.o)
                                0x21c (size before relaxing)
 .debug_str     0x00002135      0x13b .\CortexM3\ARM_GCC_541\Debug\Design01.a(PWM_Master.o)
                                0x32a (size before relaxing)
 .debug_str     0x00002270      0x11a .\CortexM3\ARM_GCC_541\Debug\Design01.a(PWM_Slave.o)
                                0x31c (size before relaxing)
 .debug_str     0x0000238a      0x177 .\CortexM3\ARM_GCC_541\Debug\Design01.a(Timer_1.o)
                                0x381 (size before relaxing)
 .debug_str     0x00002501       0xd8 .\CortexM3\ARM_GCC_541\Debug\Design01.a(isr_1.o)
                                0x2bd (size before relaxing)
 .debug_str     0x000025d9      0x166 .\CortexM3\ARM_GCC_541\Debug\Design01.a(Timer_2.o)
                                0x39f (size before relaxing)
 .debug_str     0x0000273f       0xd8 .\CortexM3\ARM_GCC_541\Debug\Design01.a(isr_2.o)
                                0x2bd (size before relaxing)
 .debug_str     0x00002817       0x6f .\CortexM3\ARM_GCC_541\Debug\Design01.a(Front_Trigger.o)
                                0x221 (size before relaxing)
 .debug_str     0x00002886       0x64 .\CortexM3\ARM_GCC_541\Debug\Design01.a(Front_Echo.o)
                                0x212 (size before relaxing)
 .debug_str     0x000028ea      0x186 .\CortexM3\ARM_GCC_541\Debug\Design01.a(Timer_3.o)
                                0x39f (size before relaxing)
 .debug_str     0x00002a70       0x64 .\CortexM3\ARM_GCC_541\Debug\Design01.a(Right_Echo.o)
                                0x212 (size before relaxing)
 .debug_str     0x00002ad4       0xd8 .\CortexM3\ARM_GCC_541\Debug\Design01.a(isr_3.o)
                                0x2bd (size before relaxing)
 .debug_str     0x00002bac      0x186 .\CortexM3\ARM_GCC_541\Debug\Design01.a(Timer_4.o)
                                0x39f (size before relaxing)
 .debug_str     0x00002d32       0xd8 .\CortexM3\ARM_GCC_541\Debug\Design01.a(isr_4.o)
                                0x2bd (size before relaxing)
 .debug_str     0x00002e0a      0x186 .\CortexM3\ARM_GCC_541\Debug\Design01.a(Timer_5.o)
                                0x39f (size before relaxing)
 .debug_str     0x00002f90       0xd8 .\CortexM3\ARM_GCC_541\Debug\Design01.a(isr_5.o)
                                0x2bd (size before relaxing)
 .debug_str     0x00003068       0x6f .\CortexM3\ARM_GCC_541\Debug\Design01.a(Right_Trigger.o)
                                0x221 (size before relaxing)
 .debug_str     0x000030d7      0x1bb .\CortexM3\ARM_GCC_541\Debug\Design01.a(CyFlash.o)
                                0x3d7 (size before relaxing)
 .debug_str     0x00003292       0xac .\CortexM3\ARM_GCC_541\Debug\Design01.a(CySpc.o)
                                0x34f (size before relaxing)
 .debug_str     0x0000333e       0x2e .\CortexM3\ARM_GCC_541\Debug\Design01.a(cyutils.o)
                                0x1c9 (size before relaxing)

.debug_loc      0x00000000     0x272f
 *(.debug_loc)
 .debug_loc     0x00000000      0x298 .\CortexM3\ARM_GCC_541\Debug\main.o
 .debug_loc     0x00000298      0x289 .\CortexM3\ARM_GCC_541\Debug\cyfitter_cfg.o
 .debug_loc     0x00000521      0x144 .\CortexM3\ARM_GCC_541\Debug\Cm3Start.o
 .debug_loc     0x00000665       0x42 .\CortexM3\ARM_GCC_541\Debug\Design01.a(Motor_1_IN_1.o)
 .debug_loc     0x000006a7       0x42 .\CortexM3\ARM_GCC_541\Debug\Design01.a(Motor_1_IN_2.o)
 .debug_loc     0x000006e9      0xa11 .\CortexM3\ARM_GCC_541\Debug\Design01.a(CyLib.o)
 .debug_loc     0x000010fa      0x1e4 .\CortexM3\ARM_GCC_541\Debug\Design01.a(cyPm.o)
 .debug_loc     0x000012de       0x78 .\CortexM3\ARM_GCC_541\Debug\Design01.a(QuadDec_1.o)
 .debug_loc     0x00001356       0x3d .\CortexM3\ARM_GCC_541\Debug\Design01.a(QuadDec_1_Cnt16.o)
 .debug_loc     0x00001393      0x258 .\CortexM3\ARM_GCC_541\Debug\Design01.a(UART_1.o)
 .debug_loc     0x000015eb      0x128 .\CortexM3\ARM_GCC_541\Debug\Design01.a(UART_1_IntClock.o)
 .debug_loc     0x00001713       0x78 .\CortexM3\ARM_GCC_541\Debug\Design01.a(QuadDec_2.o)
 .debug_loc     0x0000178b       0x3d .\CortexM3\ARM_GCC_541\Debug\Design01.a(QuadDec_2_Cnt16.o)
 .debug_loc     0x000017c8       0x42 .\CortexM3\ARM_GCC_541\Debug\Design01.a(Motor_2_IN_3.o)
 .debug_loc     0x0000180a       0x42 .\CortexM3\ARM_GCC_541\Debug\Design01.a(Motor_2_IN_4.o)
 .debug_loc     0x0000184c       0x13 .\CortexM3\ARM_GCC_541\Debug\Design01.a(PWM_Master.o)
 .debug_loc     0x0000185f       0x13 .\CortexM3\ARM_GCC_541\Debug\Design01.a(PWM_Slave.o)
 .debug_loc     0x00001872       0x6b .\CortexM3\ARM_GCC_541\Debug\Design01.a(Timer_1.o)
 .debug_loc     0x000018dd       0x56 .\CortexM3\ARM_GCC_541\Debug\Design01.a(isr_1.o)
 .debug_loc     0x00001933       0x31 .\CortexM3\ARM_GCC_541\Debug\Design01.a(Timer_2.o)
 .debug_loc     0x00001964       0x56 .\CortexM3\ARM_GCC_541\Debug\Design01.a(isr_2.o)
 .debug_loc     0x000019ba       0x42 .\CortexM3\ARM_GCC_541\Debug\Design01.a(Front_Trigger.o)
 .debug_loc     0x000019fc       0x42 .\CortexM3\ARM_GCC_541\Debug\Design01.a(Front_Echo.o)
 .debug_loc     0x00001a3e       0x31 .\CortexM3\ARM_GCC_541\Debug\Design01.a(Timer_3.o)
 .debug_loc     0x00001a6f       0x42 .\CortexM3\ARM_GCC_541\Debug\Design01.a(Right_Echo.o)
 .debug_loc     0x00001ab1       0x56 .\CortexM3\ARM_GCC_541\Debug\Design01.a(isr_3.o)
 .debug_loc     0x00001b07       0x31 .\CortexM3\ARM_GCC_541\Debug\Design01.a(Timer_4.o)
 .debug_loc     0x00001b38       0x56 .\CortexM3\ARM_GCC_541\Debug\Design01.a(isr_4.o)
 .debug_loc     0x00001b8e       0x31 .\CortexM3\ARM_GCC_541\Debug\Design01.a(Timer_5.o)
 .debug_loc     0x00001bbf       0x56 .\CortexM3\ARM_GCC_541\Debug\Design01.a(isr_5.o)
 .debug_loc     0x00001c15       0x42 .\CortexM3\ARM_GCC_541\Debug\Design01.a(Right_Trigger.o)
 .debug_loc     0x00001c57      0x3b2 .\CortexM3\ARM_GCC_541\Debug\Design01.a(CyFlash.o)
 .debug_loc     0x00002009      0x705 .\CortexM3\ARM_GCC_541\Debug\Design01.a(CySpc.o)
 .debug_loc     0x0000270e       0x21 .\CortexM3\ARM_GCC_541\Debug\Design01.a(cyutils.o)

.debug_macinfo
 *(.debug_macinfo)

.debug_ranges   0x00000000      0xed8
 *(.debug_ranges)
 .debug_ranges  0x00000000       0x78 .\CortexM3\ARM_GCC_541\Debug\main.o
 .debug_ranges  0x00000078       0x48 .\CortexM3\ARM_GCC_541\Debug\cyfitter_cfg.o
 .debug_ranges  0x000000c0       0x38 .\CortexM3\ARM_GCC_541\Debug\Cm3Start.o
 .debug_ranges  0x000000f8       0x28 .\CortexM3\ARM_GCC_541\Debug\Design01.a(Motor_1_IN_1.o)
 .debug_ranges  0x00000120       0x28 .\CortexM3\ARM_GCC_541\Debug\Design01.a(Motor_1_IN_2.o)