Archive member included to satisfy reference by file (symbol)

.\CortexM3\ARM_GCC_541\Debug\Design01.a(Motor_1_IN_1.o)
                              .\CortexM3\ARM_GCC_541\Debug\main.o (Motor_1_IN_1_Write)
.\CortexM3\ARM_GCC_541\Debug\Design01.a(Motor_1_IN_2.o)
                              .\CortexM3\ARM_GCC_541\Debug\main.o (Motor_1_IN_2_Write)
.\CortexM3\ARM_GCC_541\Debug\Design01.a(CyLib.o)
                              .\CortexM3\ARM_GCC_541\Debug\Cm3Start.o (CyHalt)
.\CortexM3\ARM_GCC_541\Debug\Design01.a(cyPm.o)
                              .\CortexM3\ARM_GCC_541\Debug\Design01.a(CyLib.o) (CyPmReadStatus)
.\CortexM3\ARM_GCC_541\Debug\Design01.a(QuadDec_1.o)
                              .\CortexM3\ARM_GCC_541\Debug\main.o (QuadDec_1_GetCounter)
.\CortexM3\ARM_GCC_541\Debug\Design01.a(QuadDec_1_Cnt16.o)
                              .\CortexM3\ARM_GCC_541\Debug\Design01.a(QuadDec_1.o) (QuadDec_1_Cnt16_Stop)
.\CortexM3\ARM_GCC_541\Debug\Design01.a(UART_1.o)
                              .\CortexM3\ARM_GCC_541\Debug\main.o (UART_1_Start)
.\CortexM3\ARM_GCC_541\Debug\Design01.a(UART_1_IntClock.o)
                              .\CortexM3\ARM_GCC_541\Debug\Design01.a(UART_1.o) (UART_1_IntClock_Start)
.\CortexM3\ARM_GCC_541\Debug\Design01.a(QuadDec_2.o)
                              .\CortexM3\ARM_GCC_541\Debug\main.o (QuadDec_2_GetCounter)
.\CortexM3\ARM_GCC_541\Debug\Design01.a(QuadDec_2_Cnt16.o)
                              .\CortexM3\ARM_GCC_541\Debug\Design01.a(QuadDec_2.o) (QuadDec_2_Cnt16_Stop)
.\CortexM3\ARM_GCC_541\Debug\Design01.a(Motor_2_IN_3.o)
                              .\CortexM3\ARM_GCC_541\Debug\main.o (Motor_2_IN_3_Write)
.\CortexM3\ARM_GCC_541\Debug\Design01.a(Motor_2_IN_4.o)
                              .\CortexM3\ARM_GCC_541\Debug\main.o (Motor_2_IN_4_Write)
.\CortexM3\ARM_GCC_541\Debug\Design01.a(Timer_1.o)
                              .\CortexM3\ARM_GCC_541\Debug\main.o (Timer_1_Start)
.\CortexM3\ARM_GCC_541\Debug\Design01.a(isr_1.o)
                              .\CortexM3\ARM_GCC_541\Debug\main.o (isr_1_StartEx)
.\CortexM3\ARM_GCC_541\Debug\Design01.a(Timer_2.o)
                              .\CortexM3\ARM_GCC_541\Debug\main.o (Timer_2_ReadStatusRegister)
.\CortexM3\ARM_GCC_541\Debug\Design01.a(Trigger.o)
                              .\CortexM3\ARM_GCC_541\Debug\main.o (Trigger_Write)
.\CortexM3\ARM_GCC_541\Debug\Design01.a(isr_2.o)
                              .\CortexM3\ARM_GCC_541\Debug\main.o (isr_2_StartEx)
.\CortexM3\ARM_GCC_541\Debug\Design01.a(Timer_3.o)
                              .\CortexM3\ARM_GCC_541\Debug\main.o (Timer_3_ReadStatusRegister)
.\CortexM3\ARM_GCC_541\Debug\Design01.a(isr_3.o)
                              .\CortexM3\ARM_GCC_541\Debug\main.o (isr_3_StartEx)
.\CortexM3\ARM_GCC_541\Debug\Design01.a(Left_Echo.o)
                              .\CortexM3\ARM_GCC_541\Debug\main.o (Left_Echo_Read)
.\CortexM3\ARM_GCC_541\Debug\Design01.a(PWM_ColorSensor.o)
                              .\CortexM3\ARM_GCC_541\Debug\main.o (PWM_ColorSensor_ReadStatusRegister)
.\CortexM3\ARM_GCC_541\Debug\Design01.a(Counter_ColorSensor.o)
                              .\CortexM3\ARM_GCC_541\Debug\main.o (Counter_ColorSensor_Stop)
.\CortexM3\ARM_GCC_541\Debug\Design01.a(isr_6.o)
                              .\CortexM3\ARM_GCC_541\Debug\main.o (isr_6_StartEx)
.\CortexM3\ARM_GCC_541\Debug\Design01.a(Control_Reg_1.o)
                              .\CortexM3\ARM_GCC_541\Debug\main.o (Control_Reg_1_Write)
.\CortexM3\ARM_GCC_541\Debug\Design01.a(S1.o)
                              .\CortexM3\ARM_GCC_541\Debug\main.o (S1_Write)
.\CortexM3\ARM_GCC_541\Debug\Design01.a(S2.o)
                              .\CortexM3\ARM_GCC_541\Debug\main.o (S2_Write)
.\CortexM3\ARM_GCC_541\Debug\Design01.a(S0.o)
                              .\CortexM3\ARM_GCC_541\Debug\main.o (S0_Write)
.\CortexM3\ARM_GCC_541\Debug\Design01.a(S3.o)
                              .\CortexM3\ARM_GCC_541\Debug\main.o (S3_Write)
.\CortexM3\ARM_GCC_541\Debug\Design01.a(CS_LED.o)
                              .\CortexM3\ARM_GCC_541\Debug\main.o (CS_LED_Write)
.\CortexM3\ARM_GCC_541\Debug\Design01.a(IR_input.o)
                              .\CortexM3\ARM_GCC_541\Debug\main.o (IR_input_Read)
.\CortexM3\ARM_GCC_541\Debug\Design01.a(led_green.o)
                              .\CortexM3\ARM_GCC_541\Debug\main.o (led_green_Write)
.\CortexM3\ARM_GCC_541\Debug\Design01.a(led_red.o)
                              .\CortexM3\ARM_GCC_541\Debug\main.o (led_red_Write)
.\CortexM3\ARM_GCC_541\Debug\Design01.a(led_blue.o)
                              .\CortexM3\ARM_GCC_541\Debug\main.o (led_blue_Write)
.\CortexM3\ARM_GCC_541\Debug\Design01.a(Front_Echo_2.o)
                              .\CortexM3\ARM_GCC_541\Debug\main.o (Front_Echo_2_Read)
.\CortexM3\ARM_GCC_541\Debug\Design01.a(PWM_SmallServo.o)
                              .\CortexM3\ARM_GCC_541\Debug\main.o (PWM_SmallServo_WriteCompare)
[...]
Memory Configuration

Name             Origin             Length             Attributes
rom              0x00000000         0x00040000         xr
ram              0x1fff8000         0x00010000         xrw
*default*        0x00000000         0xffffffff

Linker script and memory map

LOAD c:/program files (x86)/cypress/psoc creator/4.4/psoc creator/import/gnu/arm/5.4.1/bin/../lib/gcc/arm-none-eabi/5.4.1/armv7-m/crti.o
LOAD c:/program files (x86)/cypress/psoc creator/4.4/psoc creator/import/gnu/arm/5.4.1/bin/../lib/gcc/arm-none-eabi/5.4.1/armv7-m/crtbegin.o
LOAD c:/program files (x86)/cypress/psoc creator/4.4/psoc creator/import/gnu/arm/5.4.1/bin/../lib/gcc/arm-none-eabi/5.4.1/../../../../arm-none-eabi/lib/armv7-m/crt0.o
START GROUP
LOAD .\CortexM3\ARM_GCC_541\Debug\main.o
LOAD .\CortexM3\ARM_GCC_541\Debug\cyfitter_cfg.o
LOAD .\CortexM3\ARM_GCC_541\Debug\cymetadata.o
LOAD .\CortexM3\ARM_GCC_541\Debug\Cm3Start.o
LOAD .\CortexM3\ARM_GCC_541\Debug\Design01.a
LOAD C:\Program Files (x86)\Cypress\PSoC Creator\4.4\PSoC Creator\psoc\content\cycomponentlibrary\CyComponentLibrary.cylib\CortexM3\ARM_GCC_541\Debug\CyComponentLibrary.a
END GROUP
START GROUP
LOAD c:/program files (x86)/cypress/psoc creator/4.4/psoc creator/import/gnu/arm/5.4.1/bin/../lib/gcc/arm-none-eabi/5.4.1/armv7-m\libgcc.a
LOAD c:/program files (x86)/cypress/psoc creator/4.4/psoc creator/import/gnu/arm/5.4.1/bin/../lib/gcc/arm-none-eabi/5.4.1/../../../../arm-none-eabi/lib/armv7-m\libg_nano.a
LOAD c:/program files (x86)/cypress/psoc creator/4.4/psoc creator/import/gnu/arm/5.4.1/bin/../lib/gcc/arm-none-eabi/5.4.1/../../../../arm-none-eabi/lib/armv7-m\libc_nano.a
END GROUP
START GROUP
LOAD c:/program files (x86)/cypress/psoc creator/4.4/psoc creator/import/gnu/arm/5.4.1/bin/../lib/gcc/arm-none-eabi/5.4.1/armv7-m\libgcc.a
LOAD c:/program files (x86)/cypress/psoc creator/4.4/psoc creator/import/gnu/arm/5.4.1/bin/../lib/gcc/arm-none-eabi/5.4.1/../../../../arm-none-eabi/lib/armv7-m\libc_nano.a
END GROUP
LOAD c:/program files (x86)/cypress/psoc creator/4.4/psoc creator/import/gnu/arm/5.4.1/bin/../lib/gcc/arm-none-eabi/5.4.1/armv7-m/crtend.o
LOAD c:/program files (x86)/cypress/psoc creator/4.4/psoc creator/import/gnu/arm/5.4.1/bin/../lib/gcc/arm-none-eabi/5.4.1/armv7-m/crtn.o
START GROUP
LOAD c:/program files (x86)/cypress/psoc creator/4.4/psoc creator/import/gnu/arm/5.4.1/bin/../lib/gcc/arm-none-eabi/5.4.1/armv7-m\libgcc.a
LOAD c:/program files (x86)/cypress/psoc creator/4.4/psoc creator/import/gnu/arm/5.4.1/bin/../lib/gcc/arm-none-eabi/5.4.1/../../../../arm-none-eabi/lib/armv7-m\libc.a
LOAD c:/program files (x86)/cypress/psoc creator/4.4/psoc creator/import/gnu/arm/5.4.1/bin/../lib/gcc/arm-none-eabi/5.4.1/../../../../arm-none-eabi/lib/armv7-m\libnosys.a
END GROUP
                0x00000000                CY_APPL_ORIGIN = 0x0
                0x00000100                CY_FLASH_ROW_SIZE = 0x100
                0x00000020                CY_ECC_ROW_SIZE = 0x20
                0x00000000                CY_EE_IN_BTLDR = 0x0
                0x00000000                CY_APPL_LOADABLE = 0x0
                0x00000800                CY_EE_SIZE = 0x800
                0x00000001                CY_APPL_NUM = 0x1
                0x00000001                CY_APPL_MAX = 0x1
                0x00000040                CY_METADATA_SIZE = 0x40
                0x00000000                CY_APPL_LOADABLE = 0x0
                0x00000000                CY_CHECKSUM_EXCLUDE_SIZE = ALIGN (0x0, CY_FLASH_ROW_SIZE)
                [!provide]                PROVIDE (__cy_heap_start, _end)
                0x00000001                PROVIDE (__cy_region_num, ((__cy_regions_end - __cy_regions) / 0x10))
                0x20008000                PROVIDE (__cy_stack, (ORIGIN (ram) + LENGTH (ram)))
                [!provide]                PROVIDE (__cy_heap_end, (__cy_stack - 0x800))

.cybootloader   0x00000000        0x0
 *(.cybootloader)
                0x00000000                appl1_start = CY_APPL_ORIGIN?CY_APPL_ORIGIN:ALIGN (CY_FLASH_ROW_SIZE)
                0x0001ff00                appl2_start = (appl1_start + ALIGN ((((LENGTH (rom) - appl1_start) - (0x2 * CY_FLASH_ROW_SIZE)) / 0x2), CY_FLASH_ROW_SIZE))
                0x00000000                appl_start = (CY_APPL_NUM == 0x1)?appl1_start:appl2_start
                0x00000000                ecc_offset = ((appl_start / CY_FLASH_ROW_SIZE) * CY_ECC_ROW_SIZE)
                0x00000000                ee_offset = (CY_APPL_LOADABLE && ! (CY_EE_IN_BTLDR))?((CY_EE_SIZE / CY_APPL_MAX) * (CY_APPL_NUM - 0x1)):0x0
                0x00000800                ee_size = (CY_APPL_LOADABLE && ! (CY_EE_IN_BTLDR))?(CY_EE_SIZE / CY_APPL_MAX):CY_EE_SIZE
                [!provide]                PROVIDE (CY_ECC_OFFSET, ecc_offset)

.text           0x00000000     0x52ec
 CREATE_OBJECT_SYMBOLS
                0x00000000                PROVIDE (__cy_interrupt_vector, RomVectors)
 *(.romvectors)
 .romvectors    0x00000000       0x10 .\CortexM3\ARM_GCC_541\Debug\Cm3Start.o
                0x00000000                RomVectors
                0x00000001                ASSERT ((. != __cy_interrupt_vector), No interrupt vector)
                0x00000001                ASSERT (CY_APPL_ORIGIN?(SIZEOF (.cybootloader) <= CY_APPL_ORIGIN):0x1, Wrong image location)
                0x00000010                PROVIDE (__cy_reset, Reset)
 *(.text.Reset)
 .text.Reset    0x00000010       0x18 .\CortexM3\ARM_GCC_541\Debug\Cm3Start.o
                0x00000010                Reset
                0x00000001                ASSERT ((. != __cy_reset), No reset code)
 *(.dma_init)
                0x00000001                ASSERT ((((appl_start + .) <= 0x10000) || 0x1), DMA Init must be within the first 64k of flash)
 *(.text .text.* .gnu.linkonce.t.*)
 .text          0x00000028       0x5c c:/program files (x86)/cypress/psoc creator/4.4/psoc creator/import/gnu/arm/5.4.1/bin/../lib/gcc/arm-none-eabi/5.4.1/armv7-m/crtbegin.o
 *fill*         0x00000084        0x4 
 .text.Speed_Control
                0x00000088       0x78 .\CortexM3\ARM_GCC_541\Debug\main.o
                0x00000088                Speed_Control
 .text.ultrasonic_echo
                0x00000100       0xe4 .\CortexM3\ARM_GCC_541\Debug\main.o
                0x00000100                ultrasonic_echo
 .text.Color_sensing
                0x000001e4       0x14 .\CortexM3\ARM_GCC_541\Debug\main.o
                0x000001e4                Color_sensing
 .text.Bluetooth
                0x000001f8       0x38 .\CortexM3\ARM_GCC_541\Debug\main.o
                0x000001f8                Bluetooth
 .text.Gyroscope
                0x00000230      0x258 .\CortexM3\ARM_GCC_541\Debug\main.o
                0x00000230                Gyroscope
 .text.stop     0x00000488       0x28 .\CortexM3\ARM_GCC_541\Debug\main.o
                0x00000488                stop
 .text.forward  0x000004b0       0x28 .\CortexM3\ARM_GCC_541\Debug\main.o
                0x000004b0                forward
 .text.reverse  0x000004d8       0x28 .\CortexM3\ARM_GCC_541\Debug\main.o
                0x000004d8                reverse
 .text.turn_anticlockwise
                0x00000500       0x28 .\CortexM3\ARM_GCC_541\Debug\main.o
                0x00000500                turn_anticlockwise
 .text.turn_clockwise
                0x00000528       0x28 .\CortexM3\ARM_GCC_541\Debug\main.o
                0x00000528                turn_clockwise
 .text.reset_count
                0x00000550       0x1c .\CortexM3\ARM_GCC_541\Debug\main.o
                0x00000550                reset_count
 *fill*         0x0000056c        0x4 
 .text.move_fixed_dist
                0x00000570      0x114 .\CortexM3\ARM_GCC_541\Debug\main.o
                0x00000570                move_fixed_dist
 *fill*         0x00000684        0x4 
 .text.move2wall
                0x00000688       0xf8 .\CortexM3\ARM_GCC_541\Debug\main.o
                0x00000688                move2wall
 .text.move2slit
                0x00000780      0x128 .\CortexM3\ARM_GCC_541\Debug\main.o
                0x00000780                move2slit
 .text.gyro_cal_1
                0x000008a8       0xa8 .\CortexM3\ARM_GCC_541\Debug\main.o
                0x000008a8                gyro_cal_1
 .text.CW       0x00000950       0x94 .\CortexM3\ARM_GCC_541\Debug\main.o
                0x00000950                CW
 .text.Color_Sensing_Function
                0x000009e4      0x350 .\CortexM3\ARM_GCC_541\Debug\main.o
                0x000009e4                Color_Sensing_Function
 .text.Gyroscope_Function
                0x00000d34       0x60 .\CortexM3\ARM_GCC_541\Debug\main.o
                0x00000d34                Gyroscope_Function
 *fill*         0x00000d94        0x4 
 .text.main     0x00000d98      0x160 .\CortexM3\ARM_GCC_541\Debug\main.o
                0x00000d98                main
 .text.CyClockStartupError
                0x00000ef8        0x4 .\CortexM3\ARM_GCC_541\Debug\cyfitter_cfg.o
 .text.cfg_write_bytes32
                0x00000efc       0x34 .\CortexM3\ARM_GCC_541\Debug\cyfitter_cfg.o
 .text.CYMEMZERO
                0x00000f30        0xc .\CortexM3\ARM_GCC_541\Debug\cyfitter_cfg.o
 .text.AnalogSetDefault
                0x00000f3c       0x78 .\CortexM3\ARM_GCC_541\Debug\cyfitter_cfg.o
 .text.CYCONFIGCPY
                0x00000fb4        0x8 .\CortexM3\ARM_GCC_541\Debug\cyfitter_cfg.o
 .text.ClockSetup
                0x00000fbc      0x130 .\CortexM3\ARM_GCC_541\Debug\cyfitter_cfg.o
 .text.cyfitter_cfg
                0x000010ec      0x17c .\CortexM3\ARM_GCC_541\Debug\cyfitter_cfg.o
                0x000010ec                cyfitter_cfg
 .text.IntDefaultHandler
                0x00001268       0x10 .\CortexM3\ARM_GCC_541\Debug\Cm3Start.o
                0x00001268                IntDefaultHandler
 .text._sbrk    0x00001278       0x30 .\CortexM3\ARM_GCC_541\Debug\Cm3Start.o
                0x00001278                _sbrk
 .text.Start_c  0x000012a8       0x4c .\CortexM3\ARM_GCC_541\Debug\Cm3Start.o
                0x000012a8                Start_c
 .text.initialize_psoc
                0x000012f4       0x68 .\CortexM3\ARM_GCC_541\Debug\Cm3Start.o
                0x000012f4                initialize_psoc
 .text.Motor_1_IN_1_Write
                0x0000135c       0x18 .\CortexM3\ARM_GCC_541\Debug\Design01.a(Motor_1_IN_1.o)
                0x0000135c                Motor_1_IN_1_Write
 .text.Motor_1_IN_2_Write
                0x00001374       0x18 .\CortexM3\ARM_GCC_541\Debug\Design01.a(Motor_1_IN_2.o)
                0x00001374                Motor_1_IN_2_Write
 .text.CyHalt   0x0000138c        0x4 .\CortexM3\ARM_GCC_541\Debug\Design01.a(CyLib.o)
                0x0000138c                CyHalt
 .text.CyDelay  0x00001390       0x2c .\CortexM3\ARM_GCC_541\Debug\Design01.a(CyLib.o)
                0x00001390                CyDelay
 .text.CyDelayUs
                0x000013bc       0x14 .\CortexM3\ARM_GCC_541\Debug\Design01.a(CyLib.o)
                0x000013bc                CyDelayUs
 .text.CyIntSetVector
                0x000013d0       0x28 .\CortexM3\ARM_GCC_541\Debug\Design01.a(CyLib.o)
                0x000013d0                CyIntSetVector
 .text.CyIntSetPriority
                0x000013f8       0x30 .\CortexM3\ARM_GCC_541\Debug\Design01.a(CyLib.o)
                0x000013f8                CyIntSetPriority
 .text.QuadDec_1_GetCounter
                0x00001428       0x10 .\CortexM3\ARM_GCC_541\Debug\Design01.a(QuadDec_1.o)
                0x00001428                QuadDec_1_GetCounter
 .text.QuadDec_1_SetCounter
                0x00001438       0x1c .\CortexM3\ARM_GCC_541\Debug\Design01.a(QuadDec_1.o)
                0x00001438                QuadDec_1_SetCounter
 .text.QuadDec_1_GetEvents
                0x00001454       0x10 .\CortexM3\ARM_GCC_541\Debug\Design01.a(QuadDec_1.o)
                0x00001454                QuadDec_1_GetEvents
 .text.QuadDec_1_SetInterruptMask
                0x00001464        0xc .\CortexM3\ARM_GCC_541\Debug\Design01.a(QuadDec_1.o)
                0x00001464                QuadDec_1_SetInterruptMask
 .text.QuadDec_1_Enable
                0x00001470       0x24 .\CortexM3\ARM_GCC_541\Debug\Design01.a(QuadDec_1.o)
                0x00001470                QuadDec_1_Enable
 .text.QuadDec_1_Start
                0x00001494       0x24 .\CortexM3\ARM_GCC_541\Debug\Design01.a(QuadDec_1.o)
                0x00001494                QuadDec_1_Start
 .text.QuadDec_1_Cnt16_Enable
                0x000014b8       0x10 .\CortexM3\ARM_GCC_541\Debug\Design01.a(QuadDec_1_Cnt16.o)
                0x000014b8                QuadDec_1_Cnt16_Enable
 .text.QuadDec_1_Cnt16_SetInterruptMode
                0x000014c8        0xc .\CortexM3\ARM_GCC_541\Debug\Design01.a(QuadDec_1_Cnt16.o)
                0x000014c8                QuadDec_1_Cnt16_SetInterruptMode
 .text.QuadDec_1_Cnt16_ReadStatusRegister
                0x000014d4        0xc .\CortexM3\ARM_GCC_541\Debug\Design01.a(QuadDec_1_Cnt16.o)
                0x000014d4                QuadDec_1_Cnt16_ReadStatusRegister
 .text.QuadDec_1_Cnt16_WriteCounter
                0x000014e0        0xc .\CortexM3\ARM_GCC_541\Debug\Design01.a(QuadDec_1_Cnt16.o)
                0x000014e0                QuadDec_1_Cnt16_WriteCounter
 .text.QuadDec_1_Cnt16_ReadCounter
                0x000014ec       0x14 .\CortexM3\ARM_GCC_541\Debug\Design01.a(QuadDec_1_Cnt16.o)
                0x000014ec                QuadDec_1_Cnt16_ReadCounter
 .text.QuadDec_1_Cnt16_ReadCapture
                0x00001500        0xc .\CortexM3\ARM_GCC_541\Debug\Design01.a(QuadDec_1_Cnt16.o)
                0x00001500                QuadDec_1_Cnt16_ReadCapture
 .text.QuadDec_1_Cnt16_WritePeriod
                0x0000150c        0xc .\CortexM3\ARM_GCC_541\Debug\Design01.a(QuadDec_1_Cnt16.o)
                0x0000150c                QuadDec_1_Cnt16_WritePeriod
 .text.QuadDec_1_Cnt16_WriteCompare
                0x00001518        0xc .\CortexM3\ARM_GCC_541\Debug\Design01.a(QuadDec_1_Cnt16.o)
                0x00001518                QuadDec_1_Cnt16_WriteCompare
 .text.QuadDec_1_Cnt16_ClearFIFO
                0x00001524       0x14 .\CortexM3\ARM_GCC_541\Debug\Design01.a(QuadDec_1_Cnt16.o)
                0x00001524                QuadDec_1_Cnt16_ClearFIFO
 .text.QuadDec_1_Cnt16_Init
                0x00001538       0x58 .\CortexM3\ARM_GCC_541\Debug\Design01.a(QuadDec_1_Cnt16.o)
                0x00001538                QuadDec_1_Cnt16_Init
 .text.QuadDec_1_Cnt16_Start
                0x00001590       0x1c .\CortexM3\ARM_GCC_541\Debug\Design01.a(QuadDec_1_Cnt16.o)
                0x00001590                QuadDec_1_Cnt16_Start
 .text.UART_1_Init
                0x000015ac       0x24 .\CortexM3\ARM_GCC_541\Debug\Design01.a(UART_1.o)
                0x000015ac                UART_1_Init
 .text.UART_1_Enable
                0x000015d0       0x38 .\CortexM3\ARM_GCC_541\Debug\Design01.a(UART_1.o)
                0x000015d0                UART_1_Enable
 .text.UART_1_Start
                0x00001608       0x1c .\CortexM3\ARM_GCC_541\Debug\Design01.a(UART_1.o)
                0x00001608                UART_1_Start
 .text.UART_1_GetChar
                0x00001624       0x2c .\CortexM3\ARM_GCC_541\Debug\Design01.a(UART_1.o)
                0x00001624                UART_1_GetChar
 .text.UART_1_PutChar
                0x00001650       0x18 .\CortexM3\ARM_GCC_541\Debug\Design01.a(UART_1.o)
                0x00001650                UART_1_PutChar
 .text.UART_1_PutString
                0x00001668       0x24 .\CortexM3\ARM_GCC_541\Debug\Design01.a(UART_1.o)
                0x00001668                UART_1_PutString
 .text.UART_1_IntClock_Start
                0x0000168c       0x1c .\CortexM3\ARM_GCC_541\Debug\Design01.a(UART_1_IntClock.o)
                0x0000168c                UART_1_IntClock_Start
 .text.QuadDec_2_GetCounter
                0x000016a8       0x10 .\CortexM3\ARM_GCC_541\Debug\Design01.a(QuadDec_2.o)
                0x000016a8                QuadDec_2_GetCounter
 .text.QuadDec_2_SetCounter
                0x000016b8       0x1c .\CortexM3\ARM_GCC_541\Debug\Design01.a(QuadDec_2.o)
                0x000016b8                QuadDec_2_SetCounter
 .text.QuadDec_2_GetEvents
                0x000016d4       0x10 .\CortexM3\ARM_GCC_541\Debug\Design01.a(QuadDec_2.o)
                0x000016d4                QuadDec_2_GetEvents
 .text.QuadDec_2_SetInterruptMask
                0x000016e4        0xc .\CortexM3\ARM_GCC_541\Debug\Design01.a(QuadDec_2.o)
                0x000016e4                QuadDec_2_SetInterruptMask
 .text.QuadDec_2_Enable
                0x000016f0       0x24 .\CortexM3\ARM_GCC_541\Debug\Design01.a(QuadDec_2.o)
                0x000016f0                QuadDec_2_Enable
 .text.QuadDec_2_Start
                0x00001714       0x24 .\CortexM3\ARM_GCC_541\Debug\Design01.a(QuadDec_2.o)
                0x00001714                QuadDec_2_Start
 .text.QuadDec_2_Cnt16_Enable
                0x00001738       0x10 .\CortexM3\ARM_GCC_541\Debug\Design01.a(QuadDec_2_Cnt16.o)
                0x00001738                QuadDec_2_Cnt16_Enable
 .text.QuadDec_2_Cnt16_SetInterruptMode
                0x00001748        0xc .\CortexM3\ARM_GCC_541\Debug\Design01.a(QuadDec_2_Cnt16.o)
                0x00001748                QuadDec_2_Cnt16_SetInterruptMode
 .text.QuadDec_2_Cnt16_ReadStatusRegister
                0x00001754        0xc .\CortexM3\ARM_GCC_541\Debug\Design01.a(QuadDec_2_Cnt16.o)
                0x00001754                QuadDec_2_Cnt16_ReadStatusRegister
 .text.QuadDec_2_Cnt16_WriteCounter
                0x00001760        0xc .\CortexM3\ARM_GCC_541\Debug\Design01.a(QuadDec_2_Cnt16.o)
                0x00001760                QuadDec_2_Cnt16_WriteCounter
 .text.QuadDec_2_Cnt16_ReadCounter
                0x0000176c       0x14 .\CortexM3\ARM_GCC_541\Debug\Design01.a(QuadDec_2_Cnt16.o)
                0x0000176c                QuadDec_2_Cnt16_ReadCounter
 .text.QuadDec_2_Cnt16_ReadCapture
                0x00001780        0xc .\CortexM3\ARM_GCC_541\Debug\Design01.a(QuadDec_2_Cnt16.o)
                0x00001780                QuadDec_2_Cnt16_ReadCapture
 .text.QuadDec_2_Cnt16_WritePeriod
                0x0000178c        0xc .\CortexM3\ARM_GCC_541\Debug\Design01.a(QuadDec_2_Cnt16.o)
                0x0000178c                QuadDec_2_Cnt16_WritePeriod
 .text.QuadDec_2_Cnt16_WriteCompare
                0x00001798        0xc .\CortexM3\ARM_GCC_541\Debug\Design01.a(QuadDec_2_Cnt16.o)
                0x00001798                QuadDec_2_Cnt16_WriteCompare
 .text.QuadDec_2_Cnt16_ClearFIFO
                0x000017a4       0x14 .\CortexM3\ARM_GCC_541\Debug\Design01.a(QuadDec_2_Cnt16.o)
                0x000017a4                QuadDec_2_Cnt16_ClearFIFO
 .text.QuadDec_2_Cnt16_Init
                0x000017b8       0x58 .\CortexM3\ARM_GCC_541\Debug\Design01.a(QuadDec_2_Cnt16.o)
                0x000017b8                QuadDec_2_Cnt16_Init
 .text.QuadDec_2_Cnt16_Start
                0x00001810       0x1c .\CortexM3\ARM_GCC_541\Debug\Design01.a(QuadDec_2_Cnt16.o)
                0x00001810                QuadDec_2_Cnt16_Start
 .text.Motor_2_IN_3_Write
                0x0000182c       0x18 .\CortexM3\ARM_GCC_541\Debug\Design01.a(Motor_2_IN_3.o)
                0x0000182c                Motor_2_IN_3_Write
 .text.Motor_2_IN_4_Write
                0x00001844       0x18 .\CortexM3\ARM_GCC_541\Debug\Design01.a(Motor_2_IN_4.o)
                0x00001844                Motor_2_IN_4_Write
 .text.Timer_1_Enable
                0x0000185c       0x10 .\CortexM3\ARM_GCC_541\Debug\Design01.a(Timer_1.o)
                0x0000185c                Timer_1_Enable
 .text.Timer_1_SetInterruptMode
                0x0000186c        0xc .\CortexM3\ARM_GCC_541\Debug\Design01.a(Timer_1.o)
                0x0000186c                Timer_1_SetInterruptMode
 .text.Timer_1_ReadStatusRegister
                0x00001878        0xc .\CortexM3\ARM_GCC_541\Debug\Design01.a(Timer_1.o)
                0x00001878                Timer_1_ReadStatusRegister
 .text.Timer_1_WritePeriod
                0x00001884       0x10 .\CortexM3\ARM_GCC_541\Debug\Design01.a(Timer_1.o)
                0x00001884                Timer_1_WritePeriod
 .text.Timer_1_ReadCapture
                0x00001894       0x10 .\CortexM3\ARM_GCC_541\Debug\Design01.a(Timer_1.o)
                0x00001894                Timer_1_ReadCapture
 .text.Timer_1_WriteCounter
                0x000018a4       0x10 .\CortexM3\ARM_GCC_541\Debug\Design01.a(Timer_1.o)
                0x000018a4                Timer_1_WriteCounter
 .text.Timer_1_ClearFIFO
                0x000018b4       0x14 .\CortexM3\ARM_GCC_541\Debug\Design01.a(Timer_1.o)
                0x000018b4                Timer_1_ClearFIFO
 .text.Timer_1_Init
                0x000018c8       0x34 .\CortexM3\ARM_GCC_541\Debug\Design01.a(Timer_1.o)
                0x000018c8                Timer_1_Init
 .text.Timer_1_Start
                0x000018fc       0x1c .\CortexM3\ARM_GCC_541\Debug\Design01.a(Timer_1.o)
                0x000018fc                Timer_1_Start
 .text.isr_1_SetVector
                0x00001918        0xc .\CortexM3\ARM_GCC_541\Debug\Design01.a(isr_1.o)
                0x00001918                isr_1_SetVector
 .text.isr_1_SetPriority
                0x00001924       0x10 .\CortexM3\ARM_GCC_541\Debug\Design01.a(isr_1.o)
                0x00001924                isr_1_SetPriority
 .text.isr_1_Enable
                0x00001934        0xc .\CortexM3\ARM_GCC_541\Debug\Design01.a(isr_1.o)
                0x00001934                isr_1_Enable
 .text.isr_1_Disable
                0x00001940        0xc .\CortexM3\ARM_GCC_541\Debug\Design01.a(isr_1.o)
                0x00001940                isr_1_Disable
 .text.isr_1_StartEx
                0x0000194c       0x1c .\CortexM3\ARM_GCC_541\Debug\Design01.a(isr_1.o)
                0x0000194c                isr_1_StartEx
 .text.Timer_2_Enable
                0x00001968       0x28 .\CortexM3\ARM_GCC_541\Debug\Design01.a(Timer_2.o)
                0x00001968                Timer_2_Enable
 .text.Timer_2_SetInterruptMode
                0x00001990        0xc .\CortexM3\ARM_GCC_541\Debug\Design01.a(Timer_2.o)
                0x00001990                Timer_2_SetInterruptMode
 .text.Timer_2_ReadStatusRegister
                0x0000199c        0xc .\CortexM3\ARM_GCC_541\Debug\Design01.a(Timer_2.o)
                0x0000199c                Timer_2_ReadStatusRegister
 .text.Timer_2_WritePeriod
                0x000019a8        0xc .\CortexM3\ARM_GCC_541\Debug\Design01.a(Timer_2.o)
                0x000019a8                Timer_2_WritePeriod
 .text.Timer_2_WriteCounter
                0x000019b4        0xc .\CortexM3\ARM_GCC_541\Debug\Design01.a(Timer_2.o)
                0x000019b4                Timer_2_WriteCounter
 .text.Timer_2_Init
                0x000019c0       0x64 .\CortexM3\ARM_GCC_541\Debug\Design01.a(Timer_2.o)
                0x000019c0                Timer_2_Init
 .text.Timer_2_Start
                0x00001a24       0x1c .\CortexM3\ARM_GCC_541\Debug\Design01.a(Timer_2.o)
                0x00001a24                Timer_2_Start
 .text.Trigger_Write
                0x00001a40       0x18 .\CortexM3\ARM_GCC_541\Debug\Design01.a(Trigger.o)
                0x00001a40                Trigger_Write
 .text.isr_2_SetVector
                0x00001a58       0x10 .\CortexM3\ARM_GCC_541\Debug\Design01.a(isr_2.o)
                0x00001a58                isr_2_SetVector
 .text.isr_2_SetPriority
                0x00001a68       0x10 .\CortexM3\ARM_GCC_541\Debug\Design01.a(isr_2.o)
                0x00001a68                isr_2_SetPriority
 .text.isr_2_Enable
                0x00001a78       0x10 .\CortexM3\ARM_GCC_541\Debug\Design01.a(isr_2.o)
                0x00001a78                isr_2_Enable
 .text.isr_2_Disable
                0x00001a88       0x10 .\CortexM3\ARM_GCC_541\Debug\Design01.a(isr_2.o)
                0x00001a88                isr_2_Disable
 .text.isr_2_StartEx
                0x00001a98       0x1c .\CortexM3\ARM_GCC_541\Debug\Design01.a(isr_2.o)
                0x00001a98                isr_2_StartEx
 .text.Timer_3_Enable
                0x00001ab4       0x10 .\CortexM3\ARM_GCC_541\Debug\Design01.a(Timer_3.o)
                0x00001ab4                Timer_3_Enable
 .text.Timer_3_SetInterruptMode
                0x00001ac4        0xc .\CortexM3\ARM_GCC_541\Debug\Design01.a(Timer_3.o)
                0x00001ac4                Timer_3_SetInterruptMode
 .text.Timer_3_ReadStatusRegister
                0x00001ad0        0xc .\CortexM3\ARM_GCC_541\Debug\Design01.a(Timer_3.o)
                0x00001ad0                Timer_3_ReadStatusRegister
 .text.Timer_3_WritePeriod
                0x00001adc        0xc .\CortexM3\ARM_GCC_541\Debug\Design01.a(Timer_3.o)
                0x00001adc                Timer_3_WritePeriod
 .text.Timer_3_ReadCapture
                0x00001ae8        0xc .\CortexM3\ARM_GCC_541\Debug\Design01.a(Timer_3.o)
                0x00001ae8                Timer_3_ReadCapture
 .text.Timer_3_WriteCounter
                0x00001af4        0xc .\CortexM3\ARM_GCC_541\Debug\Design01.a(Timer_3.o)
                0x00001af4                Timer_3_WriteCounter
 .text.Timer_3_ReadCounter
                0x00001b00       0x14 .\CortexM3\ARM_GCC_541\Debug\Design01.a(Timer_3.o)
                0x00001b00                Timer_3_ReadCounter
 .text.Timer_3_SetInterruptCount
                0x00001b14       0x1c .\CortexM3\ARM_GCC_541\Debug\Design01.a(Timer_3.o)
                0x00001b14                Timer_3_SetInterruptCount
 .text.Timer_3_ClearFIFO
                0x00001b30       0x14 .\CortexM3\ARM_GCC_541\Debug\Design01.a(Timer_3.o)
                0x00001b30                Timer_3_ClearFIFO
 .text.Timer_3_Init
                0x00001b44       0x3c .\CortexM3\ARM_GCC_541\Debug\Design01.a(Timer_3.o)
                0x00001b44                Timer_3_Init
 .text.Timer_3_Start
                0x00001b80       0x1c .\CortexM3\ARM_GCC_541\Debug\Design01.a(Timer_3.o)
                0x00001b80                Timer_3_Start
 .text.isr_3_SetVector
                0x00001b9c        0xc .\CortexM3\ARM_GCC_541\Debug\Design01.a(isr_3.o)
                0x00001b9c                isr_3_SetVector
 .text.isr_3_SetPriority
                0x00001ba8       0x10 .\CortexM3\ARM_GCC_541\Debug\Design01.a(isr_3.o)
                0x00001ba8                isr_3_SetPriority
 .text.isr_3_Enable
                0x00001bb8        0xc .\CortexM3\ARM_GCC_541\Debug\Design01.a(isr_3.o)
                0x00001bb8                isr_3_Enable
 .text.isr_3_Disable
                0x00001bc4        0xc .\CortexM3\ARM_GCC_541\Debug\Design01.a(isr_3.o)
                0x00001bc4                isr_3_Disable
 .text.isr_3_StartEx
                0x00001bd0       0x1c .\CortexM3\ARM_GCC_541\Debug\Design01.a(isr_3.o)
                0x00001bd0                isr_3_StartEx
 .text.Left_Echo_Read
                0x00001bec       0x10 .\CortexM3\ARM_GCC_541\Debug\Design01.a(Left_Echo.o)
                0x00001bec                Left_Echo_Read
 .text.PWM_ColorSensor_Enable
                0x00001bfc       0x10 .\CortexM3\ARM_GCC_541\Debug\Design01.a(PWM_ColorSensor.o)
                0x00001bfc                PWM_ColorSensor_Enable
 .text.PWM_ColorSensor_WriteCounter
                0x00001c0c        0xc .\CortexM3\ARM_GCC_541\Debug\Design01.a(PWM_ColorSensor.o)
                0x00001c0c                PWM_ColorSensor_WriteCounter
 .text.PWM_ColorSensor_WritePeriod
                0x00001c18        0xc .\CortexM3\ARM_GCC_541\Debug\Design01.a(PWM_ColorSensor.o)
                0x00001c18                PWM_ColorSensor_WritePeriod
 .text.PWM_ColorSensor_WriteCompare
                0x00001c24        0xc .\CortexM3\ARM_GCC_541\Debug\Design01.a(PWM_ColorSensor.o)
                0x00001c24                PWM_ColorSensor_WriteCompare
 .text.PWM_ColorSensor_SetInterruptMode
                0x00001c30        0xc .\CortexM3\ARM_GCC_541\Debug\Design01.a(PWM_ColorSensor.o)
                0x00001c30                PWM_ColorSensor_SetInterruptMode
 .text.PWM_ColorSensor_ReadStatusRegister
                0x00001c3c        0xc .\CortexM3\ARM_GCC_541\Debug\Design01.a(PWM_ColorSensor.o)
                0x00001c3c                PWM_ColorSensor_ReadStatusRegister
 .text.PWM_ColorSensor_ReadCapture
                0x00001c48        0xc .\CortexM3\ARM_GCC_541\Debug\Design01.a(PWM_ColorSensor.o)
                0x00001c48                PWM_ColorSensor_ReadCapture
 .text.PWM_ColorSensor_ClearFIFO
                0x00001c54       0x14 .\CortexM3\ARM_GCC_541\Debug\Design01.a(PWM_ColorSensor.o)
                0x00001c54                PWM_ColorSensor_ClearFIFO
 .text.PWM_ColorSensor_Init
                0x00001c68       0x64 .\CortexM3\ARM_GCC_541\Debug\Design01.a(PWM_ColorSensor.o)
                0x00001c68                PWM_ColorSensor_Init
 .text.PWM_ColorSensor_Start
                0x00001ccc       0x1c .\CortexM3\ARM_GCC_541\Debug\Design01.a(PWM_ColorSensor.o)
                0x00001ccc                PWM_ColorSensor_Start
 .text.Counter_ColorSensor_Enable
                0x00001ce8       0x10 .\CortexM3\ARM_GCC_541\Debug\Design01.a(Counter_ColorSensor.o)
                0x00001ce8                Counter_ColorSensor_Enable
 .text.Counter_ColorSensor_Stop
                0x00001cf8       0x10 .\CortexM3\ARM_GCC_541\Debug\Design01.a(Counter_ColorSensor.o)
                0x00001cf8                Counter_ColorSensor_Stop
 .text.Counter_ColorSensor_SetInterruptMode
                0x00001d08        0xc .\CortexM3\ARM_GCC_541\Debug\Design01.a(Counter_ColorSensor.o)
                0x00001d08                Counter_ColorSensor_SetInterruptMode
 .text.Counter_ColorSensor_ReadStatusRegister
                0x00001d14        0xc .\CortexM3\ARM_GCC_541\Debug\Design01.a(Counter_ColorSensor.o)
                0x00001d14                Counter_ColorSensor_ReadStatusRegister
 .text.Counter_ColorSensor_WriteCounter
                0x00001d20        0xc .\CortexM3\ARM_GCC_541\Debug\Design01.a(Counter_ColorSensor.o)
                0x00001d20                Counter_ColorSensor_WriteCounter
 .text.Counter_ColorSensor_ReadCapture
                0x00001d2c        0xc .\CortexM3\ARM_GCC_541\Debug\Design01.a(Counter_ColorSensor.o)
                0x00001d2c                Counter_ColorSensor_ReadCapture
 .text.Counter_ColorSensor_WritePeriod
                0x00001d38        0xc .\CortexM3\ARM_GCC_541\Debug\Design01.a(Counter_ColorSensor.o)
                0x00001d38                Counter_ColorSensor_WritePeriod
 .text.Counter_ColorSensor_WriteCompare
                0x00001d44        0xc .\CortexM3\ARM_GCC_541\Debug\Design01.a(Counter_ColorSensor.o)
                0x00001d44                Counter_ColorSensor_WriteCompare
 .text.Counter_ColorSensor_ClearFIFO
                0x00001d50       0x14 .\CortexM3\ARM_GCC_541\Debug\Design01.a(Counter_ColorSensor.o)
                0x00001d50                Counter_ColorSensor_ClearFIFO
 .text.Counter_ColorSensor_Init
                0x00001d64       0x5c .\CortexM3\ARM_GCC_541\Debug\Design01.a(Counter_ColorSensor.o)
                0x00001d64                Counter_ColorSensor_Init
 .text.Counter_ColorSensor_Start
                0x00001dc0       0x1c .\CortexM3\ARM_GCC_541\Debug\Design01.a(Counter_ColorSensor.o)
                0x00001dc0                Counter_ColorSensor_Start
 .text.isr_6_SetVector
                0x00001ddc        0xc .\CortexM3\ARM_GCC_541\Debug\Design01.a(isr_6.o)
                0x00001ddc                isr_6_SetVector
 .text.isr_6_SetPriority
                0x00001de8       0x10 .\CortexM3\ARM_GCC_541\Debug\Design01.a(isr_6.o)
                0x00001de8                isr_6_SetPriority
 .text.isr_6_Enable
                0x00001df8        0xc .\CortexM3\ARM_GCC_541\Debug\Design01.a(isr_6.o)
                0x00001df8                isr_6_Enable
 .text.isr_6_Disable
                0x00001e04        0xc .\CortexM3\ARM_GCC_541\Debug\Design01.a(isr_6.o)
                0x00001e04                isr_6_Disable
 .text.isr_6_StartEx
                0x00001e10       0x1c .\CortexM3\ARM_GCC_541\Debug\Design01.a(isr_6.o)
                0x00001e10                isr_6_StartEx
 .text.Control_Reg_1_Write
                0x00001e2c        0xc .\CortexM3\ARM_GCC_541\Debug\Design01.a(Control_Reg_1.o)
                0x00001e2c                Control_Reg_1_Write
 .text.S1_Write
                0x00001e38       0x18 .\CortexM3\ARM_GCC_541\Debug\Design01.a(S1.o)
                0x00001e38                S1_Write
 .text.S2_Write
                0x00001e50       0x18 .\CortexM3\ARM_GCC_541\Debug\Design01.a(S2.o)
                0x00001e50                S2_Write
 .text.S0_Write
                0x00001e68       0x18 .\CortexM3\ARM_GCC_541\Debug\Design01.a(S0.o)
                0x00001e68                S0_Write
 .text.S3_Write
                0x00001e80       0x18 .\CortexM3\ARM_GCC_541\Debug\Design01.a(S3.o)
                0x00001e80                S3_Write
 .text.CS_LED_Write
                0x00001e98       0x18 .\CortexM3\ARM_GCC_541\Debug\Design01.a(CS_LED.o)
                0x00001e98                CS_LED_Write
 .text.led_green_Write
                0x00001eb0       0x18 .\CortexM3\ARM_GCC_541\Debug\Design01.a(led_green.o)
                0x00001eb0                led_green_Write
 .text.led_red_Write
                0x00001ec8       0x18 .\CortexM3\ARM_GCC_541\Debug\Design01.a(led_red.o)
                0x00001ec8                led_red_Write
 .text.led_blue_Write
                0x00001ee0       0x18 .\CortexM3\ARM_GCC_541\Debug\Design01.a(led_blue.o)
                0x00001ee0                led_blue_Write
 .text.Front_Echo_2_Read
                0x00001ef8       0x10 .\CortexM3\ARM_GCC_541\Debug\Design01.a(Front_Echo_2.o)
                0x00001ef8                Front_Echo_2_Read
 .text.PWM_SmallServo_Enable
                0x00001f08       0x28 .\CortexM3\ARM_GCC_541\Debug\Design01.a(PWM_SmallServo.o)
                0x00001f08                PWM_SmallServo_Enable
 .text.PWM_SmallServo_WritePeriod
                0x00001f30        0xc .\CortexM3\ARM_GCC_541\Debug\Design01.a(PWM_SmallServo.o)
                0x00001f30                PWM_SmallServo_WritePeriod
 .text.PWM_SmallServo_WriteCompare
                0x00001f3c        0xc .\CortexM3\ARM_GCC_541\Debug\Design01.a(PWM_SmallServo.o)
                0x00001f3c                PWM_SmallServo_WriteCompare
 .text.PWM_SmallServo_SetInterruptMode
                0x00001f48        0xc .\CortexM3\ARM_GCC_541\Debug\Design01.a(PWM_SmallServo.o)
                0x00001f48                PWM_SmallServo_SetInterruptMode
 .text.PWM_SmallServo_Init
                0x00001f54       0x78 .\CortexM3\ARM_GCC_541\Debug\Design01.a(PWM_SmallServo.o)
                0x00001f54                PWM_SmallServo_Init
 .text.PWM_SmallServo_Start
                0x00001fcc       0x1c .\CortexM3\ARM_GCC_541\Debug\Design01.a(PWM_SmallServo.o)
                0x00001fcc                PWM_SmallServo_Start
 .text.PWM_BigServo_Enable
                0x00001fe8       0x28 .\CortexM3\ARM_GCC_541\Debug\Design01.a(PWM_BigServo.o)
                0x00001fe8                PWM_BigServo_Enable
 .text.PWM_BigServo_WritePeriod
                0x00002010        0xc .\CortexM3\ARM_GCC_541\Debug\Design01.a(PWM_BigServo.o)
                0x00002010                PWM_BigServo_WritePeriod
 .text.PWM_BigServo_WriteCompare
                0x0000201c        0xc .\CortexM3\ARM_GCC_541\Debug\Design01.a(PWM_BigServo.o)
                0x0000201c                PWM_BigServo_WriteCompare
 .text.PWM_BigServo_SetInterruptMode
                0x00002028        0xc .\CortexM3\ARM_GCC_541\Debug\Design01.a(PWM_BigServo.o)
                0x00002028                PWM_BigServo_SetInterruptMode
 .text.PWM_BigServo_Init
                0x00002034       0x78 .\CortexM3\ARM_GCC_541\Debug\Design01.a(PWM_BigServo.o)
                0x00002034                PWM_BigServo_Init
 .text.PWM_BigServo_Start
                0x000020ac       0x1c .\CortexM3\ARM_GCC_541\Debug\Design01.a(PWM_BigServo.o)
                0x000020ac                PWM_BigServo_Start
 .text.PWM_Wheels_Enable
                0x000020c8       0x10 .\CortexM3\ARM_GCC_541\Debug\Design01.a(PWM_Wheels.o)
                0x000020c8                PWM_Wheels_Enable
 .text.PWM_Wheels_WriteCounter
                0x000020d8        0xc .\CortexM3\ARM_GCC_541\Debug\Design01.a(PWM_Wheels.o)
                0x000020d8                PWM_Wheels_WriteCounter
 .text.PWM_Wheels_WritePeriod
                0x000020e4        0xc .\CortexM3\ARM_GCC_541\Debug\Design01.a(PWM_Wheels.o)
                0x000020e4                PWM_Wheels_WritePeriod
 .text.PWM_Wheels_WriteCompare1
                0x000020f0        0xc .\CortexM3\ARM_GCC_541\Debug\Design01.a(PWM_Wheels.o)
                0x000020f0                PWM_Wheels_WriteCompare1
 .text.PWM_Wheels_WriteCompare2
                0x000020fc        0xc .\CortexM3\ARM_GCC_541\Debug\Design01.a(PWM_Wheels.o)
                0x000020fc                PWM_Wheels_WriteCompare2
 .text.PWM_Wheels_SetInterruptMode
                0x00002108        0xc .\CortexM3\ARM_GCC_541\Debug\Design01.a(PWM_Wheels.o)
                0x00002108                PWM_Wheels_SetInterruptMode
 .text.PWM_Wheels_ReadStatusRegister
                0x00002114        0xc .\CortexM3\ARM_GCC_541\Debug\Design01.a(PWM_Wheels.o)
                0x00002114                PWM_Wheels_ReadStatusRegister
 .text.PWM_Wheels_ReadCapture
                0x00002120        0xc .\CortexM3\ARM_GCC_541\Debug\Design01.a(PWM_Wheels.o)
                0x00002120                PWM_Wheels_ReadCapture
 .text.PWM_Wheels_ClearFIFO
                0x0000212c       0x14 .\CortexM3\ARM_GCC_541\Debug\Design01.a(PWM_Wheels.o)
                0x0000212c                PWM_Wheels_ClearFIFO
 .text.PWM_Wheels_Init
                0x00002140       0x6c .\CortexM3\ARM_GCC_541\Debug\Design01.a(PWM_Wheels.o)
                0x00002140                PWM_Wheels_Init
 .text.PWM_Wheels_Start
                0x000021ac       0x1c .\CortexM3\ARM_GCC_541\Debug\Design01.a(PWM_Wheels.o)
                0x000021ac                PWM_Wheels_Start
 .text.Control_Reg_2_Write
                0x000021c8        0xc .\CortexM3\ARM_GCC_541\Debug\Design01.a(Control_Reg_2.o)
                0x000021c8                Control_Reg_2_Write
 .text.UART_2_Init
                0x000021d4       0x28 .\CortexM3\ARM_GCC_541\Debug\Design01.a(UART_2.o)
                0x000021d4                UART_2_Init
 .text.UART_2_Enable
                0x000021fc       0x38 .\CortexM3\ARM_GCC_541\Debug\Design01.a(UART_2.o)
                0x000021fc                UART_2_Enable
 .text.UART_2_Start
                0x00002234       0x1c .\CortexM3\ARM_GCC_541\Debug\Design01.a(UART_2.o)
                0x00002234                UART_2_Start
 .text.UART_2_PutChar
                0x00002250       0x18 .\CortexM3\ARM_GCC_541\Debug\Design01.a(UART_2.o)
                0x00002250                UART_2_PutChar
 .text.UART_2_PutString
                0x00002268       0x24 .\CortexM3\ARM_GCC_541\Debug\Design01.a(UART_2.o)
                0x00002268                UART_2_PutString
 .text.isr_7_SetVector
                0x0000228c        0xc .\CortexM3\ARM_GCC_541\Debug\Design01.a(isr_7.o)
                0x0000228c                isr_7_SetVector
 .text.isr_7_SetPriority
                0x00002298       0x10 .\CortexM3\ARM_GCC_541\Debug\Design01.a(isr_7.o)
                0x00002298                isr_7_SetPriority
 .text.isr_7_Enable
                0x000022a8        0xc .\CortexM3\ARM_GCC_541\Debug\Design01.a(isr_7.o)
                0x000022a8                isr_7_Enable
 .text.isr_7_Disable
                0x000022b4        0xc .\CortexM3\ARM_GCC_541\Debug\Design01.a(isr_7.o)
                0x000022b4                isr_7_Disable
 .text.isr_7_StartEx
                0x000022c0       0x1c .\CortexM3\ARM_GCC_541\Debug\Design01.a(isr_7.o)
                0x000022c0                isr_7_StartEx
 .text.UART_2_IntClock_Start
                0x000022dc       0x1c .\CortexM3\ARM_GCC_541\Debug\Design01.a(UART_2_IntClock.o)
                0x000022dc                UART_2_IntClock_Start
 .text.I2C_1_Init
                0x000022f8       0x68 .\CortexM3\ARM_GCC_541\Debug\Design01.a(I2C_1.o)
                0x000022f8                I2C_1_Init
 .text.I2C_1_Enable
                0x00002360       0x24 .\CortexM3\ARM_GCC_541\Debug\Design01.a(I2C_1.o)
                0x00002360                I2C_1_Enable
 .text.I2C_1_Start
                0x00002384       0x28 .\CortexM3\ARM_GCC_541\Debug\Design01.a(I2C_1.o)
                0x00002384                I2C_1_Start
 .text.I2C_1_ISR
                0x000023ac      0x2d0 .\CortexM3\ARM_GCC_541\Debug\Design01.a(I2C_1_INT.o)
                0x000023ac                I2C_1_ISR
 .text.I2C_1_MasterSendStart
                0x0000267c       0x80 .\CortexM3\ARM_GCC_541\Debug\Design01.a(I2C_1_MASTER.o)
                0x0000267c                I2C_1_MasterSendStart
 .text.I2C_1_MasterSendStop
                0x000026fc       0x38 .\CortexM3\ARM_GCC_541\Debug\Design01.a(I2C_1_MASTER.o)
                0x000026fc                I2C_1_MasterSendStop
 .text.I2C_1_MasterWriteByte
                0x00002734       0x58 .\CortexM3\ARM_GCC_541\Debug\Design01.a(I2C_1_MASTER.o)
                0x00002734                I2C_1_MasterWriteByte
 .text.I2C_1_MasterReadByte
                0x0000278c       0x58 .\CortexM3\ARM_GCC_541\Debug\Design01.a(I2C_1_MASTER.o)
                0x0000278c                I2C_1_MasterReadByte
 .text.Flicker_Write
                0x000027e4       0x18 .\CortexM3\ARM_GCC_541\Debug\Design01.a(Flicker.o)
                0x000027e4                Flicker_Write
 .text.SW2_Read
                0x000027fc       0x10 .\CortexM3\ARM_GCC_541\Debug\Design01.a(SW2.o)
                0x000027fc                SW2_Read
 *fill*         0x0000280c        0x4 
 .text          0x00002810       0x20 .\CortexM3\ARM_GCC_541\Debug\Design01.a(CyBootAsmGnu.o)
                0x00002810                CyDelayCycles
                0x00002820                CyEnterCriticalSection
                0x00002828                CyExitCriticalSection
 .text.CySetReg24
                0x00002830       0x14 .\CortexM3\ARM_GCC_541\Debug\Design01.a(cyutils.o)
                0x00002830                CySetReg24
 .text          0x00002844      0x370 c:/program files (x86)/cypress/psoc creator/4.4/psoc creator/import/gnu/arm/5.4.1/bin/../lib/gcc/arm-none-eabi/5.4.1/armv7-m\libgcc.a(_arm_addsubdf3.o)
                0x00002844                __aeabi_drsub
                0x0000284c                __aeabi_dsub
                0x0000284c                __subdf3
                0x00002850                __aeabi_dadd
                0x00002850                __adddf3
                0x00002ac8                __floatunsidf
                0x00002ac8                __aeabi_ui2d
                0x00002ae8                __floatsidf
                0x00002ae8                __aeabi_i2d
                0x00002b0c                __aeabi_f2d
                0x00002b0c                __extendsfdf2
                0x00002b48                __floatundidf
                0x00002b48                __aeabi_ul2d
                0x00002b58                __floatdidf
                0x00002b58                __aeabi_l2d
 .text          0x00002bb4      0x424 c:/program files (x86)/cypress/psoc creator/4.4/psoc creator/import/gnu/arm/5.4.1/bin/../lib/gcc/arm-none-eabi/5.4.1/armv7-m\libgcc.a(_arm_muldivdf3.o)
                0x00002bb4                __aeabi_dmul
                0x00002bb4                __muldf3
                0x00002e08                __divdf3
                0x00002e08                __aeabi_ddiv
 .text          0x00002fd8      0x110 c:/program files (x86)/cypress/psoc creator/4.4/psoc creator/import/gnu/arm/5.4.1/bin/../lib/gcc/arm-none-eabi/5.4.1/armv7-m\libgcc.a(_arm_cmpdf2.o)
                0x00002fd8                __gtdf2
                0x00002fd8                __gedf2
                0x00002fe0                __ltdf2
                0x00002fe0                __ledf2
                0x00002fe8                __nedf2
                0x00002fe8                __eqdf2
                0x00002fe8                __cmpdf2
                0x00003064                __aeabi_cdrcmple
                0x00003074                __aeabi_cdcmpeq
                0x00003074                __aeabi_cdcmple
                0x00003084                __aeabi_dcmpeq
                0x00003098                __aeabi_dcmplt
                0x000030ac                __aeabi_dcmple
                0x000030c0                __aeabi_dcmpge
                0x000030d4                __aeabi_dcmpgt
 .text          0x000030e8       0x50 c:/program files (x86)/cypress/psoc creator/4.4/psoc creator/import/gnu/arm/5.4.1/bin/../lib/gcc/arm-none-eabi/5.4.1/armv7-m\libgcc.a(_arm_fixdfsi.o)
                0x000030e8                __aeabi_d2iz
                0x000030e8                __fixdfsi
 .text          0x00003138       0xa0 c:/program files (x86)/cypress/psoc creator/4.4/psoc creator/import/gnu/arm/5.4.1/bin/../lib/gcc/arm-none-eabi/5.4.1/armv7-m\libgcc.a(_arm_truncdfsf2.o)
                0x00003138                __truncdfsf2
                0x00003138                __aeabi_d2f
 .text          0x000031d8       0x40 c:/program files (x86)/cypress/psoc creator/4.4/psoc creator/import/gnu/arm/5.4.1/bin/../lib/gcc/arm-none-eabi/5.4.1/armv7-m\libgcc.a(_arm_fixunssfsi.o)
                0x000031d8                __fixunssfsi
                0x000031d8                __aeabi_f2uiz
 .text.__errno  0x00003218        0xc c:/program files (x86)/cypress/psoc creator/4.4/psoc creator/import/gnu/arm/5.4.1/bin/../lib/gcc/arm-none-eabi/5.4.1/../../../../arm-none-eabi/lib/armv7-m\libg_nano.a(lib_a-errno.o)
                0x00003218                __errno
 .text.__libc_init_array
                0x00003224       0x4c c:/program files (x86)/cypress/psoc creator/4.4/psoc creator/import/gnu/arm/5.4.1/bin/../lib/gcc/arm-none-eabi/5.4.1/../../../../arm-none-eabi/lib/armv7-m\libg_nano.a(lib_a-init.o)
                0x00003224                __libc_init_array
 .text.memcpy   0x00003270       0x16 c:/program files (x86)/cypress/psoc creator/4.4/psoc creator/import/gnu/arm/5.4.1/bin/../lib/gcc/arm-none-eabi/5.4.1/../../../../arm-none-eabi/lib/armv7-m\libg_nano.a(lib_a-memcpy-stub.o)
                0x00003270                memcpy
 .text.memset   0x00003286       0x10 c:/program files (x86)/cypress/psoc creator/4.4/psoc creator/import/gnu/arm/5.4.1/bin/../lib/gcc/arm-none-eabi/5.4.1/../../../../arm-none-eabi/lib/armv7-m\libg_nano.a(lib_a-memset.o)
                0x00003286                memset
 .text.__cvt    0x00003296       0xc0 c:/program files (x86)/cypress/psoc creator/4.4/psoc creator/import/gnu/arm/5.4.1/bin/../lib/gcc/arm-none-eabi/5.4.1/../../../../arm-none-eabi/lib/armv7-m\libg_nano.a(lib_a-nano-vfprintf_float.o)
                0x00003296                __cvt
 .text.__exponent
                0x00003356       0x62 c:/program files (x86)/cypress/psoc creator/4.4/psoc creator/import/gnu/arm/5.4.1/bin/../lib/gcc/arm-none-eabi/5.4.1/../../../../arm-none-eabi/lib/armv7-m\libg_nano.a(lib_a-nano-vfprintf_float.o)
                0x00003356                __exponent
 .text._printf_float
                0x000033b8      0x488 c:/program files (x86)/cypress/psoc creator/4.4/psoc creator/import/gnu/arm/5.4.1/bin/../lib/gcc/arm-none-eabi/5.4.1/../../../../arm-none-eabi/lib/armv7-m\libg_nano.a(lib_a-nano-vfprintf_float.o)
                0x000033b8                _printf_float
 .text._printf_common
                0x00003840       0xec c:/program files (x86)/cypress/psoc creator/4.4/psoc creator/import/gnu/arm/5.4.1/bin/../lib/gcc/arm-none-eabi/5.4.1/../../../../arm-none-eabi/lib/armv7-m\libg_nano.a(lib_a-nano-vfprintf_i.o)
                0x00003840                _printf_common
 .text._printf_i
                0x0000392c      0x24c c:/program files (x86)/cypress/psoc creator/4.4/psoc creator/import/gnu/arm/5.4.1/bin/../lib/gcc/arm-none-eabi/5.4.1/../../../../arm-none-eabi/lib/armv7-m\libg_nano.a(lib_a-nano-vfprintf_i.o)
                0x0000392c                _printf_i
 .text.sprintf  0x00003b78       0x48 c:/program files (x86)/cypress/psoc creator/4.4/psoc creator/import/gnu/arm/5.4.1/bin/../lib/gcc/arm-none-eabi/5.4.1/../../../../arm-none-eabi/lib/armv7-m\libg_nano.a(lib_a-sprintf.o)
                0x00003b78                siprintf
                0x00003b78                sprintf
 .text          0x00003bc0       0x10 c:/program files (x86)/cypress/psoc creator/4.4/psoc creator/import/gnu/arm/5.4.1/bin/../lib/gcc/arm-none-eabi/5.4.1/../../../../arm-none-eabi/lib/armv7-m\libg_nano.a(lib_a-strlen.o)
                0x00003bc0                strlen
 .text.quorem   0x00003bd0      0x116 c:/program files (x86)/cypress/psoc creator/4.4/psoc creator/import/gnu/arm/5.4.1/bin/../lib/gcc/arm-none-eabi/5.4.1/../../../../arm-none-eabi/lib/armv7-m\libg_nano.a(lib_a-dtoa.o)
 *fill*         0x00003ce6        0x2 
 .text._dtoa_r  0x00003ce8      0xb30 c:/program files (x86)/cypress/psoc creator/4.4/psoc creator/import/gnu/arm/5.4.1/bin/../lib/gcc/arm-none-eabi/5.4.1/../../../../arm-none-eabi/lib/armv7-m\libg_nano.a(lib_a-dtoa.o)
                0x00003ce8                _dtoa_r
 .text._localeconv_r
                0x00004818        0x8 c:/program files (x86)/cypress/psoc creator/4.4/psoc creator/import/gnu/arm/5.4.1/bin/../lib/gcc/arm-none-eabi/5.4.1/../../../../arm-none-eabi/lib/armv7-m\libg_nano.a(lib_a-locale.o)
                0x00004818                _localeconv_r
 .text.malloc   0x00004820       0x10 c:/program files (x86)/cypress/psoc creator/4.4/psoc creator/import/gnu/arm/5.4.1/bin/../lib/gcc/arm-none-eabi/5.4.1/../../../../arm-none-eabi/lib/armv7-m\libg_nano.a(lib_a-malloc.o)
                0x00004820                malloc
 .text.memchr   0x00004830       0x1c c:/program files (x86)/cypress/psoc creator/4.4/psoc creator/import/gnu/arm/5.4.1/bin/../lib/gcc/arm-none-eabi/5.4.1/../../../../arm-none-eabi/lib/armv7-m\libg_nano.a(lib_a-memchr-stub.o)
                0x00004830                memchr
 .text._Balloc  0x0000484c       0x6a c:/program files (x86)/cypress/psoc creator/4.4/psoc creator/import/gnu/arm/5.4.1/bin/../lib/gcc/arm-none-eabi/5.4.1/../../../../arm-none-eabi/lib/armv7-m\libg_nano.a(lib_a-mprec.o)
                0x0000484c                _Balloc
 .text._Bfree   0x000048b6       0x2e c:/program files (x86)/cypress/psoc creator/4.4/psoc creator/import/gnu/arm/5.4.1/bin/../lib/gcc/arm-none-eabi/5.4.1/../../../../arm-none-eabi/lib/armv7-m\libg_nano.a(lib_a-mprec.o)
                0x000048b6                _Bfree
 .text.__multadd
                0x000048e4       0x76 c:/program files (x86)/cypress/psoc creator/4.4/psoc creator/import/gnu/arm/5.4.1/bin/../lib/gcc/arm-none-eabi/5.4.1/../../../../arm-none-eabi/lib/armv7-m\libg_nano.a(lib_a-mprec.o)
                0x000048e4                __multadd
 .text.__hi0bits
                0x0000495a       0x40 c:/program files (x86)/cypress/psoc creator/4.4/psoc creator/import/gnu/arm/5.4.1/bin/../lib/gcc/arm-none-eabi/5.4.1/../../../../arm-none-eabi/lib/armv7-m\libg_nano.a(lib_a-mprec.o)
                0x0000495a                __hi0bits
 .text.__lo0bits
                0x0000499a       0x5a c:/program files (x86)/cypress/psoc creator/4.4/psoc creator/import/gnu/arm/5.4.1/bin/../lib/gcc/arm-none-eabi/5.4.1/../../../../arm-none-eabi/lib/armv7-m\libg_nano.a(lib_a-mprec.o)
                0x0000499a                __lo0bits
 .text.__i2b    0x000049f4       0x12 c:/program files (x86)/cypress/psoc creator/4.4/psoc creator/import/gnu/arm/5.4.1/bin/../lib/gcc/arm-none-eabi/5.4.1/../../../../arm-none-eabi/lib/armv7-m\libg_nano.a(lib_a-mprec.o)
                0x000049f4                __i2b
 .text.__multiply
                0x00004a06      0x120 c:/program files (x86)/cypress/psoc creator/4.4/psoc creator/import/gnu/arm/5.4.1/bin/../lib/gcc/arm-none-eabi/5.4.1/../../../../arm-none-eabi/lib/armv7-m\libg_nano.a(lib_a-mprec.o)
                0x00004a06                __multiply
 *fill*         0x00004b26        0x2 
 .text.__pow5mult
                0x00004b28       0x9c c:/program files (x86)/cypress/psoc creator/4.4/psoc creator/import/gnu/arm/5.4.1/bin/../lib/gcc/arm-none-eabi/5.4.1/../../../../arm-none-eabi/lib/armv7-m\libg_nano.a(lib_a-mprec.o)
                0x00004b28                __pow5mult
 .text.__lshift
                0x00004bc4       0xa2 c:/program files (x86)/cypress/psoc creator/4.4/psoc creator/import/gnu/arm/5.4.1/bin/../lib/gcc/arm-none-eabi/5.4.1/../../../../arm-none-eabi/lib/armv7-m\libg_nano.a(lib_a-mprec.o)
                0x00004bc4                __lshift
 .text.__mcmp   0x00004c66       0x38 c:/program files (x86)/cypress/psoc creator/4.4/psoc creator/import/gnu/arm/5.4.1/bin/../lib/gcc/arm-none-eabi/5.4.1/../../../../arm-none-eabi/lib/armv7-m\libg_nano.a(lib_a-mprec.o)
                0x00004c66                __mcmp
 .text.__mdiff  0x00004c9e       0xbe c:/program files (x86)/cypress/psoc creator/4.4/psoc creator/import/gnu/arm/5.4.1/bin/../lib/gcc/arm-none-eabi/5.4.1/../../../../arm-none-eabi/lib/armv7-m\libg_nano.a(lib_a-mprec.o)
                0x00004c9e                __mdiff
 .text.__d2b    0x00004d5c       0x9c c:/program files (x86)/cypress/psoc creator/4.4/psoc creator/import/gnu/arm/5.4.1/bin/../lib/gcc/arm-none-eabi/5.4.1/../../../../arm-none-eabi/lib/armv7-m\libg_nano.a(lib_a-mprec.o)
                0x00004d5c                __d2b
 .text._calloc_r
                0x00004df8       0x1c c:/program files (x86)/cypress/psoc creator/4.4/psoc creator/import/gnu/arm/5.4.1/bin/../lib/gcc/arm-none-eabi/5.4.1/../../../../arm-none-eabi/lib/armv7-m\libg_nano.a(lib_a-nano-callocr.o)
                0x00004df8                _calloc_r
 .text._free_r  0x00004e14       0x98 c:/program files (x86)/cypress/psoc creator/4.4/psoc creator/import/gnu/arm/5.4.1/bin/../lib/gcc/arm-none-eabi/5.4.1/../../../../arm-none-eabi/lib/armv7-m\libg_nano.a(lib_a-nano-freer.o)
                0x00004e14                _free_r
 .text._malloc_r
                0x00004eac       0xbc c:/program files (x86)/cypress/psoc creator/4.4/psoc creator/import/gnu/arm/5.4.1/bin/../lib/gcc/arm-none-eabi/5.4.1/../../../../arm-none-eabi/lib/armv7-m\libg_nano.a(lib_a-nano-mallocr.o)
                0x00004eac                _malloc_r
 .text.__ssputs_r
                0x00004f68       0xb2 c:/program files (x86)/cypress/psoc creator/4.4/psoc creator/import/gnu/arm/5.4.1/bin/../lib/gcc/arm-none-eabi/5.4.1/../../../../arm-none-eabi/lib/armv7-m\libg_nano.a(lib_a-nano-svfprintf.o)
                0x00004f68                __ssputs_r
 *fill*         0x0000501a        0x2 
 .text._svfprintf_r
                0x0000501c      0x1e8 c:/program files (x86)/cypress/psoc creator/4.4/psoc creator/import/gnu/arm/5.4.1/bin/../lib/gcc/arm-none-eabi/5.4.1/../../../../arm-none-eabi/lib/armv7-m\libg_nano.a(lib_a-nano-svfprintf.o)
                0x0000501c                _svfiprintf_r
                0x0000501c                _svfprintf_r
 .text._sbrk_r  0x00005204       0x20 c:/program files (x86)/cypress/psoc creator/4.4/psoc creator/import/gnu/arm/5.4.1/bin/../lib/gcc/arm-none-eabi/5.4.1/../../../../arm-none-eabi/lib/armv7-m\libg_nano.a(lib_a-sbrkr.o)
                0x00005204                _sbrk_r
 .text.memmove  0x00005224       0x36 c:/program files (x86)/cypress/psoc creator/4.4/psoc creator/import/gnu/arm/5.4.1/bin/../lib/gcc/arm-none-eabi/5.4.1/../../../../arm-none-eabi/lib/armv7-m\libg_nano.a(lib_a-memmove.o)
                0x00005224                memmove
 .text.__malloc_lock
                0x0000525a        0x2 c:/program files (x86)/cypress/psoc creator/4.4/psoc creator/import/gnu/arm/5.4.1/bin/../lib/gcc/arm-none-eabi/5.4.1/../../../../arm-none-eabi/lib/armv7-m\libg_nano.a(lib_a-mlock.o)
                0x0000525a                __malloc_lock
 .text.__malloc_unlock
                0x0000525c        0x2 c:/program files (x86)/cypress/psoc creator/4.4/psoc creator/import/gnu/arm/5.4.1/bin/../lib/gcc/arm-none-eabi/5.4.1/../../../../arm-none-eabi/lib/armv7-m\libg_nano.a(lib_a-mlock.o)
                0x0000525c                __malloc_unlock
 .text._realloc_r
                0x0000525e       0x4c c:/program files (x86)/cypress/psoc creator/4.4/psoc creator/import/gnu/arm/5.4.1/bin/../lib/gcc/arm-none-eabi/5.4.1/../../../../arm-none-eabi/lib/armv7-m\libg_nano.a(lib_a-nano-reallocr.o)
                0x0000525e                _realloc_r
 .text._malloc_usable_size_r
                0x000052aa       0x14 c:/program files (x86)/cypress/psoc creator/4.4/psoc creator/import/gnu/arm/5.4.1/bin/../lib/gcc/arm-none-eabi/5.4.1/../../../../arm-none-eabi/lib/armv7-m\libg_nano.a(lib_a-nano-msizer.o)
                0x000052aa                _malloc_usable_size_r
 *fill*         0x000052be        0x2 
 .text          0x000052c0       0x2c c:/program files (x86)/cypress/psoc creator/4.4/psoc creator/import/gnu/arm/5.4.1/bin/../lib/gcc/arm-none-eabi/5.4.1/armv7-m\libgcc.a(_arm_unorddf2.o)
                0x000052c0                __unorddf2
                0x000052c0                __aeabi_dcmpun
 *(.plt)
 *(.gnu.warning)
 *(.glue_7t)
 .glue_7t       0x000052ec        0x0 linker stubs
 *(.glue_7)
 .glue_7        0x000052ec        0x0 linker stubs
 *(.vfp11_veneer)
 .vfp11_veneer  0x000052ec        0x0 linker stubs
 *(.bootloader)
 *(.ARM.extab* .gnu.linkonce.armextab.*)
 *(.gcc_except_table)

.v4_bx          0x000052ec        0x0
 .v4_bx         0x000052ec        0x0 linker stubs

.iplt           0x000052ec        0x0
 .iplt          0x000052ec        0x0 c:/program files (x86)/cypress/psoc creator/4.4/psoc creator/import/gnu/arm/5.4.1/bin/../lib/gcc/arm-none-eabi/5.4.1/armv7-m/crtbegin.o

.eh_frame_hdr
 *(.eh_frame_hdr)

.eh_frame       0x000052ec        0x4
 *(.eh_frame)
 .eh_frame      0x000052ec        0x0 c:/program files (x86)/cypress/psoc creator/4.4/psoc creator/import/gnu/arm/5.4.1/bin/../lib/gcc/arm-none-eabi/5.4.1/armv7-m/crtbegin.o
 .eh_frame      0x000052ec        0x4 c:/program files (x86)/cypress/psoc creator/4.4/psoc creator/import/gnu/arm/5.4.1/bin/../lib/gcc/arm-none-eabi/5.4.1/armv7-m/crtend.o
                [!provide]                PROVIDE (__exidx_start, .)

.ARM.exidx
 *(.ARM.exidx* .gnu.linkonce.armexidx.*)
                0x000052f0                __exidx_end = .

.rodata         0x000052f0      0x288
 *(.rodata .rodata.* .gnu.linkonce.r.*)
 .rodata.str1.4
                0x000052f0       0xb8 .\CortexM3\ARM_GCC_541\Debug\main.o
 .rodata        0x000053a8       0x3a .\CortexM3\ARM_GCC_541\Debug\cyfitter_cfg.o
 .rodata.str1.1
                0x000053e2        0x2 c:/program files (x86)/cypress/psoc creator/4.4/psoc creator/import/gnu/arm/5.4.1/bin/../lib/gcc/arm-none-eabi/5.4.1/../../../../arm-none-eabi/lib/armv7-m\libg_nano.a(lib_a-impure.o)
 .rodata.str1.1
                0x000053e4       0x12 c:/program files (x86)/cypress/psoc creator/4.4/psoc creator/import/gnu/arm/5.4.1/bin/../lib/gcc/arm-none-eabi/5.4.1/../../../../arm-none-eabi/lib/armv7-m\libg_nano.a(lib_a-nano-vfprintf_float.o)
 .rodata.str1.1
                0x000053f6       0x22 c:/program files (x86)/cypress/psoc creator/4.4/psoc creator/import/gnu/arm/5.4.1/bin/../lib/gcc/arm-none-eabi/5.4.1/../../../../arm-none-eabi/lib/armv7-m\libg_nano.a(lib_a-nano-vfprintf_i.o)
 .rodata.str1.1
                0x00005418        0xd c:/program files (x86)/cypress/psoc creator/4.4/psoc creator/import/gnu/arm/5.4.1/bin/../lib/gcc/arm-none-eabi/5.4.1/../../../../arm-none-eabi/lib/armv7-m\libg_nano.a(lib_a-dtoa.o)
                                  0xf (size before relaxing)
 .rodata.str1.1
                0x00005425        0x8 c:/program files (x86)/cypress/psoc creator/4.4/psoc creator/import/gnu/arm/5.4.1/bin/../lib/gcc/arm-none-eabi/5.4.1/../../../../arm-none-eabi/lib/armv7-m\libg_nano.a(lib_a-locale.o)
                                  0xb (size before relaxing)
 *fill*         0x0000542d        0x3 
 .rodata.__mprec_tens
                0x00005430       0xc8 c:/program files (x86)/cypress/psoc creator/4.4/psoc creator/import/gnu/arm/5.4.1/bin/../lib/gcc/arm-none-eabi/5.4.1/../../../../arm-none-eabi/lib/armv7-m\libg_nano.a(lib_a-mprec.o)
                0x00005430                __mprec_tens
 .rodata.p05.5408
                0x000054f8        0xc c:/program files (x86)/cypress/psoc creator/4.4/psoc creator/import/gnu/arm/5.4.1/bin/../lib/gcc/arm-none-eabi/5.4.1/../../../../arm-none-eabi/lib/armv7-m\libg_nano.a(lib_a-mprec.o)
 *fill*         0x00005504        0x4 
 .rodata.__mprec_bigtens
                0x00005508       0x28 c:/program files (x86)/cypress/psoc creator/4.4/psoc creator/import/gnu/arm/5.4.1/bin/../lib/gcc/arm-none-eabi/5.4.1/../../../../arm-none-eabi/lib/armv7-m\libg_nano.a(lib_a-mprec.o)
                0x00005508                __mprec_bigtens
 .rodata.str1.1
                0x00005530       0x11 c:/program files (x86)/cypress/psoc creator/4.4/psoc creator/import/gnu/arm/5.4.1/bin/../lib/gcc/arm-none-eabi/5.4.1/../../../../arm-none-eabi/lib/armv7-m\libg_nano.a(lib_a-nano-svfprintf.o)
                0x00005544                . = ALIGN (0x4)
 *fill*         0x00005541        0x3 
 *(.init)
 .init          0x00005544        0x4 c:/program files (x86)/cypress/psoc creator/4.4/psoc creator/import/gnu/arm/5.4.1/bin/../lib/gcc/arm-none-eabi/5.4.1/armv7-m/crti.o
                0x00005544                _init
 .init          0x00005548        0x8 c:/program files (x86)/cypress/psoc creator/4.4/psoc creator/import/gnu/arm/5.4.1/bin/../lib/gcc/arm-none-eabi/5.4.1/armv7-m/crtn.o
                0x00005550                . = ALIGN (0x4)
                0x00005550                __preinit_array_start = .
 *(.preinit_array)
                0x00005550                __preinit_array_end = .
                0x00005550                . = ALIGN (0x4)
                0x00005550                __init_array_start = .
 *(SORT(.init_array.*))
 *(.init_array)
 .init_array    0x00005550        0x4 c:/program files (x86)/cypress/psoc creator/4.4/psoc creator/import/gnu/arm/5.4.1/bin/../lib/gcc/arm-none-eabi/5.4.1/armv7-m/crtbegin.o
 .init_array    0x00005554        0x4 .\CortexM3\ARM_GCC_541\Debug\Cm3Start.o
                0x00005558                __init_array_end = .
                0x00005558                . = ALIGN (0x4)
 *(.fini)
 .fini          0x00005558        0x4 c:/program files (x86)/cypress/psoc creator/4.4/psoc creator/import/gnu/arm/5.4.1/bin/../lib/gcc/arm-none-eabi/5.4.1/armv7-m/crti.o
                0x00005558                _fini
 .fini          0x0000555c        0x8 c:/program files (x86)/cypress/psoc creator/4.4/psoc creator/import/gnu/arm/5.4.1/bin/../lib/gcc/arm-none-eabi/5.4.1/armv7-m/crtn.o
                0x00005564                . = ALIGN (0x4)
                0x00005564                __fini_array_start = .
 *(.fini_array)
 .fini_array    0x00005564        0x4 c:/program files (x86)/cypress/psoc creator/4.4/psoc creator/import/gnu/arm/5.4.1/bin/../lib/gcc/arm-none-eabi/5.4.1/armv7-m/crtbegin.o
 *(SORT(.fini_array.*))
                0x00005568                __fini_array_end = .
                0x00005568                . = ALIGN (0x4)
 *crtbegin.o(.ctors)
 *(EXCLUDE_FILE(*crtend.o) .ctors)
 *(SORT(.ctors.*))
 *crtend.o(.ctors)
                0x00005568                . = ALIGN (0x4)
 *crtbegin.o(.dtors)
 *(EXCLUDE_FILE(*crtend.o) .dtors)
 *(SORT(.dtors.*))
 *crtend.o(.dtors)
                0x00005568                . = ALIGN (0x4)
                0x00005568                __cy_regions = .
                0x00005568        0x4 LONG 0x5578 __cy_region_init_ram
                0x0000556c        0x4 LONG 0x1fff80c8 __cy_region_start_data
                0x00005570        0x4 LONG 0x120 __cy_region_init_size_ram
                0x00005574        0x4 LONG 0x5b0 __cy_region_zero_size_ram
                0x00005578                __cy_regions_end = .
                0x00005578                . = ALIGN (0x8)
                0x00005578                _etext = .

.cy_checksum_exclude
                0x00005578        0x0
 *(.cy_checksum_exclude)

.ramvectors     0x1fff8000       0xc0
                0x1fff8000                __cy_region_start_ram = .
 *(.ramvectors)
 .ramvectors    0x1fff8000       0xc0 .\CortexM3\ARM_GCC_541\Debug\Cm3Start.o
                0x1fff8000                CyRamVectors

.noinit         0x1fff80c0        0x1
 *(.noinit)
 .noinit        0x1fff80c0        0x1 .\CortexM3\ARM_GCC_541\Debug\Design01.a(CyLib.o)
                0x1fff80c0                CyResetStatus

.data           0x1fff80c8      0x120 load address 0x00005578
                0x1fff80c8                __cy_region_start_data = .
 *(.jcr)
 .jcr           0x1fff80c8        0x0 c:/program files (x86)/cypress/psoc creator/4.4/psoc creator/import/gnu/arm/5.4.1/bin/../lib/gcc/arm-none-eabi/5.4.1/armv7-m/crtbegin.o
 .jcr           0x1fff80c8        0x4 c:/program files (x86)/cypress/psoc creator/4.4/psoc creator/import/gnu/arm/5.4.1/bin/../lib/gcc/arm-none-eabi/5.4.1/armv7-m/crtend.o
 *(.got.plt)
 *(.got)
 *(.shdata)
 *(.data .data.* .gnu.linkonce.d.*)
 *fill*         0x1fff80cc        0x4 
 .data          0x1fff80d0       0x68 .\CortexM3\ARM_GCC_541\Debug\main.o
                0x1fff80d0                K_p
                0x1fff80d8                PWM_Master
                0x1fff80dc                PWM_Slave
                0x1fff80e0                cal
                0x1fff80e8                threshold
                0x1fff80f0                WHEEL_DIAMETER
                0x1fff80f8                PWM_Cal
                0x1fff80fc                down_big
                0x1fff8100                close_small
                0x1fff8104                up_big
                0x1fff8108                open_small
                0x1fff8110                DISTANCE_BETW_WHEEL
                0x1fff8118                COUNT_WHEEL
                0x1fff8120                step
                0x1fff8124                PWM_Slave_puck
                0x1fff8128                PWM_Master_puck
                0x1fff8130                timer_period
 .data          0x1fff8138        0x4 .\CortexM3\ARM_GCC_541\Debug\Cm3Start.o
 .data          0x1fff813c       0x10 .\CortexM3\ARM_GCC_541\Debug\Design01.a(CyLib.o)
                0x1fff813c                cydelay_32k_ms
                0x1fff8140                cydelay_freq_khz
                0x1fff8144                cydelay_freq_mhz
                0x1fff8148                cydelay_freq_hz
 .data.impure_data
                0x1fff814c       0x60 c:/program files (x86)/cypress/psoc creator/4.4/psoc creator/import/gnu/arm/5.4.1/bin/../lib/gcc/arm-none-eabi/5.4.1/../../../../arm-none-eabi/lib/armv7-m\libg_nano.a(lib_a-impure.o)
 .data._impure_ptr
                0x1fff81ac        0x4 c:/program files (x86)/cypress/psoc creator/4.4/psoc creator/import/gnu/arm/5.4.1/bin/../lib/gcc/arm-none-eabi/5.4.1/../../../../arm-none-eabi/lib/armv7-m\libg_nano.a(lib_a-impure.o)
                0x1fff81ac                _impure_ptr
 .data.lconv    0x1fff81b0       0x38 c:/program files (x86)/cypress/psoc creator/4.4/psoc creator/import/gnu/arm/5.4.1/bin/../lib/gcc/arm-none-eabi/5.4.1/../../../../arm-none-eabi/lib/armv7-m\libg_nano.a(lib_a-locale.o)
                0x1fff81e8                . = ALIGN (0x8)
 *(.ram)
                0x1fff81e8                _edata = .

.igot.plt       0x1fff81e8        0x0 load address 0x00005698
 .igot.plt      0x1fff81e8        0x0 c:/program files (x86)/cypress/psoc creator/4.4/psoc creator/import/gnu/arm/5.4.1/bin/../lib/gcc/arm-none-eabi/5.4.1/armv7-m/crtbegin.o

.bss            0x1fff81e8      0x5b0 load address 0x00005698
                0x1fff81e8                PROVIDE (__bss_start__, .)
 *(.shbss)
 *(.bss .bss.* .gnu.linkonce.b.*)
 .bss           0x1fff81e8       0x1c c:/program files (x86)/cypress/psoc creator/4.4/psoc creator/import/gnu/arm/5.4.1/bin/../lib/gcc/arm-none-eabi/5.4.1/armv7-m/crtbegin.o
 *fill*         0x1fff8204        0x4 
 .bss           0x1fff8208      0x1d4 .\CortexM3\ARM_GCC_541\Debug\main.o
                0x1fff8208                is_moving
                0x1fff820c                Count_Master
                0x1fff8210                Count_Slave
                0x1fff8218                error
                0x1fff8220                last_error
                0x1fff8228                ultrasonic_count
                0x1fff8230                ultrasonic_measure
                0x1fff8238                echo_select
                0x1fff8240                left_measured
                0x1fff8248                wall_detected_10
                0x1fff824c                slit_detected
                0x1fff8250                compare_ready
                0x1fff8254                i
                0x1fff8258                stop_bt
                0x1fff825c                array_1
                0x1fff8262                temp
                0x1fff8264                count
                0x1fff8268                error_gyro
                0x1fff826a                error_gyro_avg
                0x1fff8270                yaw_rate
                0x1fff8278                current_reading
                0x1fff8280                previous_reading
                0x1fff8288                yaw_angle
                0x1fff8290                cycles
                0x1fff8298                heading
                0x1fff82a0                string_gyro
                0x1fff8368                CM_COUNT_CONV
                0x1fff8370                direction
                0x1fff8378                y_coord
                0x1fff8380                x_coord
                0x1fff8388                CS_count_Red
                0x1fff838c                CS_count_Green
                0x1fff8390                CS_count_Blue
                0x1fff8394                color_detected
                0x1fff8398                PT_TURN_COUNT
                0x1fff83a0                WHEEL_CIRCUMFERENCE
                0x1fff83a8                DISTANCE_PT_TURN
                0x1fff83b0                j
                0x1fff83b8                K_d
                0x1fff83c0                K_i
                0x1fff83c8                derivative_error
                0x1fff83d0                accumulated_error
                0x1fff83d8                initial
 .bss           0x1fff83dc        0x1 .\CortexM3\ARM_GCC_541\Debug\Design01.a(QuadDec_1.o)
                0x1fff83dc                QuadDec_1_initVar
 .bss           0x1fff83dd        0x1 .\CortexM3\ARM_GCC_541\Debug\Design01.a(QuadDec_1_Cnt16.o)
                0x1fff83dd                QuadDec_1_Cnt16_initVar
 .bss           0x1fff83de        0x2 .\CortexM3\ARM_GCC_541\Debug\Design01.a(UART_1.o)
                0x1fff83de                UART_1_initVar
 .bss           0x1fff83e0        0x1 .\CortexM3\ARM_GCC_541\Debug\Design01.a(QuadDec_2.o)
                0x1fff83e0                QuadDec_2_initVar
 .bss           0x1fff83e1        0x1 .\CortexM3\ARM_GCC_541\Debug\Design01.a(QuadDec_2_Cnt16.o)
                0x1fff83e1                QuadDec_2_Cnt16_initVar
 .bss           0x1fff83e2        0x1 .\CortexM3\ARM_GCC_541\Debug\Design01.a(Timer_1.o)
                0x1fff83e2                Timer_1_initVar
 .bss           0x1fff83e3        0x1 .\CortexM3\ARM_GCC_541\Debug\Design01.a(Timer_2.o)
                0x1fff83e3                Timer_2_initVar
 .bss           0x1fff83e4        0x1 .\CortexM3\ARM_GCC_541\Debug\Design01.a(Timer_3.o)
                0x1fff83e4                Timer_3_initVar
 .bss           0x1fff83e5        0x1 .\CortexM3\ARM_GCC_541\Debug\Design01.a(PWM_ColorSensor.o)
                0x1fff83e5                PWM_ColorSensor_initVar
 .bss           0x1fff83e6        0x1 .\CortexM3\ARM_GCC_541\Debug\Design01.a(Counter_ColorSensor.o)
                0x1fff83e6                Counter_ColorSensor_initVar
 .bss           0x1fff83e7        0x1 .\CortexM3\ARM_GCC_541\Debug\Design01.a(PWM_SmallServo.o)
                0x1fff83e7                PWM_SmallServo_initVar
 .bss           0x1fff83e8        0x1 .\CortexM3\ARM_GCC_541\Debug\Design01.a(PWM_BigServo.o)
                0x1fff83e8                PWM_BigServo_initVar
 .bss           0x1fff83e9        0x1 .\CortexM3\ARM_GCC_541\Debug\Design01.a(PWM_Wheels.o)
                0x1fff83e9                PWM_Wheels_initVar
 .bss           0x1fff83ea        0x2 .\CortexM3\ARM_GCC_541\Debug\Design01.a(UART_2.o)
                0x1fff83ea                UART_2_initVar
 .bss           0x1fff83ec        0x1 .\CortexM3\ARM_GCC_541\Debug\Design01.a(I2C_1.o)
                0x1fff83ec                I2C_1_initVar
 *fill*         0x1fff83ed        0x3 
 .bss.__malloc_sbrk_start
                0x1fff83f0        0x4 c:/program files (x86)/cypress/psoc creator/4.4/psoc creator/import/gnu/arm/5.4.1/bin/../lib/gcc/arm-none-eabi/5.4.1/../../../../arm-none-eabi/lib/armv7-m\libg_nano.a(lib_a-nano-mallocr.o)
                0x1fff83f0                __malloc_sbrk_start
 .bss.__malloc_free_list
                0x1fff83f4        0x4 c:/program files (x86)/cypress/psoc creator/4.4/psoc creator/import/gnu/arm/5.4.1/bin/../lib/gcc/arm-none-eabi/5.4.1/../../../../arm-none-eabi/lib/armv7-m\libg_nano.a(lib_a-nano-mallocr.o)
                0x1fff83f4                __malloc_free_list
 *(COMMON)
 COMMON         0x1fff83f8      0x380 .\CortexM3\ARM_GCC_541\Debug\main.o
                0x1fff83f8                front_measured_2
                0x1fff8400                string_bt
                0x1fff84c8                Rx
                0x1fff84cc                string_3
                0x1fff8594                string_1
                0x1fff8660                right_measured
                0x1fff8668                front_measured_1
                0x1fff8670                string_2
                0x1fff8738                tokenPtr
                0x1fff873c                task_info
 COMMON         0x1fff8778        0x1 .\CortexM3\ARM_GCC_541\Debug\Design01.a(I2C_1.o)
                0x1fff8778                I2C_1_state
 *fill*         0x1fff8779        0x3 
 COMMON         0x1fff877c       0x11 .\CortexM3\ARM_GCC_541\Debug\Design01.a(I2C_1_MASTER.o)
                0x1fff877c                I2C_1_mstrWrBufIndex
                0x1fff877d                I2C_1_mstrControl
                0x1fff877e                I2C_1_mstrStatus
                0x1fff877f                I2C_1_mstrWrBufSize
                0x1fff8780                I2C_1_mstrRdBufIndex
                0x1fff8784                I2C_1_mstrWrBufPtr
                0x1fff8788                I2C_1_mstrRdBufPtr
                0x1fff878c                I2C_1_mstrRdBufSize
 *fill*         0x1fff878d        0x3 
 COMMON         0x1fff8790        0x4 c:/program files (x86)/cypress/psoc creator/4.4/psoc creator/import/gnu/arm/5.4.1/bin/../lib/gcc/arm-none-eabi/5.4.1/../../../../arm-none-eabi/lib/armv7-m\libg_nano.a(lib_a-reent.o)
                0x1fff8790                errno
                0x1fff8798                . = ALIGN (0x8)
 *fill*         0x1fff8794        0x4 
 *(.ram.b)
                0x1fff8798                _end = .
                0x1fff8798                __end = .
                0x1fff8798                PROVIDE (end, .)
                0x1fff8798                PROVIDE (__bss_end__, .)
                0x00005578                __cy_region_init_ram = LOADADDR (.data)
                0x00000120                __cy_region_init_size_ram = (_edata - ADDR (.data))
                0x000005b0                __cy_region_zero_size_ram = (_end - _edata)

.heap           0x1fff8798      0x200 load address 0x00005698
                0x1fff8798                . = _end
                0x1fff8998                . = (. + 0x200)
 *fill*         0x1fff8798      0x200 
                0x1fff8998                __cy_heap_limit = .

.stack          0x20007800      0x800
                0x20007800                __cy_stack_limit = .
                0x20008000                . = (. + 0x800)
 *fill*         0x20007800      0x800 
                0x00000001                ASSERT ((__cy_stack_limit >= __cy_heap_limit), region RAM overflowed with stack)
                0x00000000                cy_checksum_exclude_size = (CY_APPL_LOADABLE == 0x1)?SIZEOF (.cy_checksum_exclude):0x0
                0x00000001                ASSERT ((cy_checksum_exclude_size <= CY_CHECKSUM_EXCLUDE_SIZE), CY_BOOT: Section .cy_checksum_exclude size exceedes specified limit.)

.cyloadermeta
 *(.cyloadermeta)

.cyloadablemeta
 *(.cyloadablemeta)

.cyconfigecc    0x80000000     0x1398
 *(.cyconfigecc)
 .cyconfigecc   0x80000000     0x1398 .\CortexM3\ARM_GCC_541\Debug\cymetadata.o
                0x80000000                cy_meta_configecc

.cycustnvl      0x90000000        0x4
 *(.cycustnvl)
 .cycustnvl     0x90000000        0x4 .\CortexM3\ARM_GCC_541\Debug\cymetadata.o
                0x90000000                cy_meta_custnvl

.cywolatch      0x90100000        0x4
 *(.cywolatch)
 .cywolatch     0x90100000        0x4 .\CortexM3\ARM_GCC_541\Debug\cymetadata.o
                0x90100000                cy_meta_wonvl

.cyeeprom       0x90200000        0x0
 *(.cyeeprom)
                0x00000001                ASSERT ((. <= ((0x90200000 + ee_offset) + ee_size)), .cyeeprom data will not fit in EEPROM)

.cyflashprotect
                0x90400000      0x100
 *(.cyflashprotect)
 .cyflashprotect
                0x90400000      0x100 .\CortexM3\ARM_GCC_541\Debug\cymetadata.o
                0x90400000                cy_meta_flashprotect

.cymeta         0x90500000        0xc
 *(.cymeta)
 .cymeta        0x90500000        0xc .\CortexM3\ARM_GCC_541\Debug\cymetadata.o
                0x90500000                cy_metadata

.rel.dyn        0x00005698        0x0 load address 0x9050000c
 .rel.iplt      0x00005698        0x0 c:/program files (x86)/cypress/psoc creator/4.4/psoc creator/import/gnu/arm/5.4.1/bin/../lib/gcc/arm-none-eabi/5.4.1/armv7-m/crtbegin.o

.stab
 *(.stab)

.stabstr
 *(.stabstr)

.debug
 *(.debug)

.line
 *(.line)

.debug_srcinfo
 *(.debug_srcinfo)

.debug_sfnames
 *(.debug_sfnames)

.debug_aranges  0x00000000     0x1860
 *(.debug_aranges)
 .debug_aranges
                0x00000000       0xe8 .\CortexM3\ARM_GCC_541\Debug\main.o
 .debug_aranges
                0x000000e8       0x58 .\CortexM3\ARM_GCC_541\Debug\cyfitter_cfg.o
 .debug_aranges
                0x00000140       0x18 .\CortexM3\ARM_GCC_541\Debug\cymetadata.o
 .debug_aranges
                0x00000158       0x48 .\CortexM3\ARM_GCC_541\Debug\Cm3Start.o
 .debug_aranges
                0x000001a0       0x38 .\CortexM3\ARM_GCC_541\Debug\Design01.a(Motor_1_IN_1.o)
 .debug_aranges
                0x000001d8       0x38 .\CortexM3\ARM_GCC_541\Debug\Design01.a(Motor_1_IN_2.o)
 .debug_aranges
                0x00000210      0x2a0 .\CortexM3\ARM_GCC_541\Debug\Design01.a(CyLib.o)
 .debug_aranges
                0x000004b0       0x98 .\CortexM3\ARM_GCC_541\Debug\Design01.a(cyPm.o)
 .debug_aranges
                0x00000548       0x60 .\CortexM3\ARM_GCC_541\Debug\Design01.a(QuadDec_1.o)
 .debug_aranges
                0x000005a8       0x98 .\CortexM3\ARM_GCC_541\Debug\Design01.a(QuadDec_1_Cnt16.o)
 .debug_aranges
                0x00000640       0xf0 .\CortexM3\ARM_GCC_541\Debug\Design01.a(UART_1.o)
 .debug_aranges
                0x00000730       0x70 .\CortexM3\ARM_GCC_541\Debug\Design01.a(UART_1_IntClock.o)
 .debug_aranges
                0x000007a0       0x60 .\CortexM3\ARM_GCC_541\Debug\Design01.a(QuadDec_2.o)
 .debug_aranges
                0x00000800       0x98 .\CortexM3\ARM_GCC_541\Debug\Design01.a(QuadDec_2_Cnt16.o)
 .debug_aranges
                0x00000898       0x38 .\CortexM3\ARM_GCC_541\Debug\Design01.a(Motor_2_IN_3.o)
 .debug_aranges
                0x000008d0       0x38 .\CortexM3\ARM_GCC_541\Debug\Design01.a(Motor_2_IN_4.o)
 .debug_aranges
                0x00000908       0x90 .\CortexM3\ARM_GCC_541\Debug\Design01.a(Timer_1.o)
 .debug_aranges
                0x00000998       0x80 .\CortexM3\ARM_GCC_541\Debug\Design01.a(isr_1.o)
 .debug_aranges
                0x00000a18       0x88 .\CortexM3\ARM_GCC_541\Debug\Design01.a(Timer_2.o)
 .debug_aranges
                0x00000aa0       0x38 .\CortexM3\ARM_GCC_541\Debug\Design01.a(Trigger.o)
 .debug_aranges
                0x00000ad8       0x80 .\CortexM3\ARM_GCC_541\Debug\Design01.a(isr_2.o)
 .debug_aranges
                0x00000b58       0x98 .\CortexM3\ARM_GCC_541\Debug\Design01.a(Timer_3.o)
 .debug_aranges
                0x00000bf0       0x80 .\CortexM3\ARM_GCC_541\Debug\Design01.a(isr_3.o)
 .debug_aranges
                0x00000c70       0x38 .\CortexM3\ARM_GCC_541\Debug\Design01.a(Left_Echo.o)
 .debug_aranges
                0x00000ca8       0x98 .\CortexM3\ARM_GCC_541\Debug\Design01.a(PWM_ColorSensor.o)
 .debug_aranges
                0x00000d40       0x98 .\CortexM3\ARM_GCC_541\Debug\Design01.a(Counter_ColorSensor.o)
 .debug_aranges
                0x00000dd8       0x80 .\CortexM3\ARM_GCC_541\Debug\Design01.a(isr_6.o)
 .debug_aranges
                0x00000e58       0x28 .\CortexM3\ARM_GCC_541\Debug\Design01.a(Control_Reg_1.o)
 .debug_aranges
                0x00000e80       0x38 .\CortexM3\ARM_GCC_541\Debug\Design01.a(S1.o)
 .debug_aranges
                0x00000eb8       0x38 .\CortexM3\ARM_GCC_541\Debug\Design01.a(S2.o)
 .debug_aranges
                0x00000ef0       0x38 .\CortexM3\ARM_GCC_541\Debug\Design01.a(S0.o)
 .debug_aranges
                0x00000f28       0x38 .\CortexM3\ARM_GCC_541\Debug\Design01.a(S3.o)
 .debug_aranges
                0x00000f60       0x38 .\CortexM3\ARM_GCC_541\Debug\Design01.a(CS_LED.o)
 .debug_aranges
                0x00000f98       0x38 .\CortexM3\ARM_GCC_541\Debug\Design01.a(IR_input.o)
 .debug_aranges
                0x00000fd0       0x38 .\CortexM3\ARM_GCC_541\Debug\Design01.a(led_green.o)
 .debug_aranges
                0x00001008       0x38 .\CortexM3\ARM_GCC_541\Debug\Design01.a(led_red.o)
 .debug_aranges
                0x00001040       0x38 .\CortexM3\ARM_GCC_541\Debug\Design01.a(led_blue.o)
 .debug_aranges
                0x00001078       0x38 .\CortexM3\ARM_GCC_541\Debug\Design01.a(Front_Echo_2.o)
 .debug_aranges
                0x000010b0       0x78 .\CortexM3\ARM_GCC_541\Debug\Design01.a(PWM_SmallServo.o)
 .debug_aranges
                0x00001128       0x78 .\CortexM3\ARM_GCC_541\Debug\Design01.a(PWM_BigServo.o)
 .debug_aranges
                0x000011a0       0xa8 .\CortexM3\ARM_GCC_541\Debug\Design01.a(PWM_Wheels.o)
 .debug_aranges
                0x00001248       0x28 .\CortexM3\ARM_GCC_541\Debug\Design01.a(Control_Reg_2.o)
 .debug_aranges
                0x00001270       0xf0 .\CortexM3\ARM_GCC_541\Debug\Design01.a(UART_2.o)
 .debug_aranges
                0x00001360       0x80 .\CortexM3\ARM_GCC_541\Debug\Design01.a(isr_7.o)
 .debug_aranges
                0x000013e0       0x70 .\CortexM3\ARM_GCC_541\Debug\Design01.a(UART_2_IntClock.o)
 .debug_aranges
                0x00001450       0x38 .\CortexM3\ARM_GCC_541\Debug\Design01.a(I2C_1.o)
 .debug_aranges
                0x00001488       0x20 .\CortexM3\ARM_GCC_541\Debug\Design01.a(I2C_1_INT.o)
 .debug_aranges
                0x000014a8       0x38 .\CortexM3\ARM_GCC_541\Debug\Design01.a(I2C_1_PM.o)
 .debug_aranges
                0x000014e0       0x80 .\CortexM3\ARM_GCC_541\Debug\Design01.a(I2C_1_MASTER.o)
 .debug_aranges
                0x00001560       0xa8 .\CortexM3\ARM_GCC_541\Debug\Design01.a(ADC_SAR_1.o)
 .debug_aranges
                0x00001608       0x20 .\CortexM3\ARM_GCC_541\Debug\Design01.a(ADC_SAR_1_INT.o)
 .debug_aranges
                0x00001628       0x80 .\CortexM3\ARM_GCC_541\Debug\Design01.a(ADC_SAR_1_theACLK.o)
 .debug_aranges
                0x000016a8       0x38 .\CortexM3\ARM_GCC_541\Debug\Design01.a(Flicker.o)
 .debug_aranges
                0x000016e0       0x38 .\CortexM3\ARM_GCC_541\Debug\Design01.a(SW2.o)
 .debug_aranges
                0x00001718       0x20 .\CortexM3\ARM_GCC_541\Debug\Design01.a(CyBootAsmGnu.o)
 .debug_aranges
                0x00001738       0x88 .\CortexM3\ARM_GCC_541\Debug\Design01.a(CyFlash.o)
 .debug_aranges
                0x000017c0       0x80 .\CortexM3\ARM_GCC_541\Debug\Design01.a(CySpc.o)
 .debug_aranges
                0x00001840       0x20 .\CortexM3\ARM_GCC_541\Debug\Design01.a(cyutils.o)

.debug_pubnames
 *(.debug_pubnames)

.debug_info     0x00000000     0xc290
 *(.debug_info .gnu.linkonce.wi.*)
 .debug_info    0x00000000     0x1f9b .\CortexM3\ARM_GCC_541\Debug\main.o
 .debug_info    0x00001f9b      0x673 .\CortexM3\ARM_GCC_541\Debug\cyfitter_cfg.o
 .debug_info    0x0000260e      0x139 .\CortexM3\ARM_GCC_541\Debug\cymetadata.o
 .debug_info    0x00002747      0x3bb .\CortexM3\ARM_GCC_541\Debug\Cm3Start.o
 .debug_info    0x00002b02      0x11f .\CortexM3\ARM_GCC_541\Debug\Design01.a(Motor_1_IN_1.o)
 .debug_info    0x00002c21      0x11f .\CortexM3\ARM_GCC_541\Debug\Design01.a(Motor_1_IN_2.o)
 .debug_info    0x00002d40     0x1374 .\CortexM3\ARM_GCC_541\Debug\Design01.a(CyLib.o)
 .debug_info    0x000040b4      0xa2a .\CortexM3\ARM_GCC_541\Debug\Design01.a(cyPm.o)
 .debug_info    0x00004ade      0x2d4 .\CortexM3\ARM_GCC_541\Debug\Design01.a(QuadDec_1.o)
 .debug_info    0x00004db2      0x348 .\CortexM3\ARM_GCC_541\Debug\Design01.a(QuadDec_1_Cnt16.o)
 .debug_info    0x000050fa      0x60c .\CortexM3\ARM_GCC_541\Debug\Design01.a(UART_1.o)
 .debug_info    0x00005706      0x283 .\CortexM3\ARM_GCC_541\Debug\Design01.a(UART_1_IntClock.o)
 .debug_info    0x00005989      0x2d4 .\CortexM3\ARM_GCC_541\Debug\Design01.a(QuadDec_2.o)
 .debug_info    0x00005c5d      0x348 .\CortexM3\ARM_GCC_541\Debug\Design01.a(QuadDec_2_Cnt16.o)
 .debug_info    0x00005fa5      0x11f .\CortexM3\ARM_GCC_541\Debug\Design01.a(Motor_2_IN_3.o)
 .debug_info    0x000060c4      0x11f .\CortexM3\ARM_GCC_541\Debug\Design01.a(Motor_2_IN_4.o)
 .debug_info    0x000061e3      0x334 .\CortexM3\ARM_GCC_541\Debug\Design01.a(Timer_1.o)
 .debug_info    0x00006517      0x2d2 .\CortexM3\ARM_GCC_541\Debug\Design01.a(isr_1.o)
 .debug_info    0x000067e9      0x291 .\CortexM3\ARM_GCC_541\Debug\Design01.a(Timer_2.o)
 .debug_info    0x00006a7a      0x11f .\CortexM3\ARM_GCC_541\Debug\Design01.a(Trigger.o)
 .debug_info    0x00006b99      0x2d2 .\CortexM3\ARM_GCC_541\Debug\Design01.a(isr_2.o)
 .debug_info    0x00006e6b      0x328 .\CortexM3\ARM_GCC_541\Debug\Design01.a(Timer_3.o)
 .debug_info    0x00007193      0x2d2 .\CortexM3\ARM_GCC_541\Debug\Design01.a(isr_3.o)
 .debug_info    0x00007465      0x11f .\CortexM3\ARM_GCC_541\Debug\Design01.a(Left_Echo.o)
 .debug_info    0x00007584      0x354 .\CortexM3\ARM_GCC_541\Debug\Design01.a(PWM_ColorSensor.o)
 .debug_info    0x000078d8      0x344 .\CortexM3\ARM_GCC_541\Debug\Design01.a(Counter_ColorSensor.o)
 .debug_info    0x00007c1c      0x2d2 .\CortexM3\ARM_GCC_541\Debug\Design01.a(isr_6.o)
 .debug_info    0x00007eee       0xd6 .\CortexM3\ARM_GCC_541\Debug\Design01.a(Control_Reg_1.o)
 .debug_info    0x00007fc4      0x11f .\CortexM3\ARM_GCC_541\Debug\Design01.a(S1.o)
 .debug_info    0x000080e3      0x11f .\CortexM3\ARM_GCC_541\Debug\Design01.a(S2.o)
 .debug_info    0x00008202      0x11f .\CortexM3\ARM_GCC_541\Debug\Design01.a(S0.o)
 .debug_info    0x00008321      0x11f .\CortexM3\ARM_GCC_541\Debug\Design01.a(S3.o)
 .debug_info    0x00008440      0x11f .\CortexM3\ARM_GCC_541\Debug\Design01.a(CS_LED.o)
 .debug_info    0x0000855f      0x11f .\CortexM3\ARM_GCC_541\Debug\Design01.a(IR_input.o)
 .debug_info    0x0000867e      0x11f .\CortexM3\ARM_GCC_541\Debug\Design01.a(led_green.o)
 .debug_info    0x0000879d      0x11f .\CortexM3\ARM_GCC_541\Debug\Design01.a(led_red.o)
 .debug_info    0x000088bc      0x11f .\CortexM3\ARM_GCC_541\Debug\Design01.a(led_blue.o)
 .debug_info    0x000089db      0x11f .\CortexM3\ARM_GCC_541\Debug\Design01.a(Front_Echo_2.o)
 .debug_info    0x00008afa      0x281 .\CortexM3\ARM_GCC_541\Debug\Design01.a(PWM_SmallServo.o)
 .debug_info    0x00008d7b      0x281 .\CortexM3\ARM_GCC_541\Debug\Design01.a(PWM_BigServo.o)
 .debug_info    0x00008ffc      0x3a4 .\CortexM3\ARM_GCC_541\Debug\Design01.a(PWM_Wheels.o)
 .debug_info    0x000093a0       0xd6 .\CortexM3\ARM_GCC_541\Debug\Design01.a(Control_Reg_2.o)
 .debug_info    0x00009476      0x60c .\CortexM3\ARM_GCC_541\Debug\Design01.a(UART_2.o)
 .debug_info    0x00009a82      0x2d2 .\CortexM3\ARM_GCC_541\Debug\Design01.a(isr_7.o)
 .debug_info    0x00009d54      0x283 .\CortexM3\ARM_GCC_541\Debug\Design01.a(UART_2_IntClock.o)
 .debug_info    0x00009fd7      0x2ad .\CortexM3\ARM_GCC_541\Debug\Design01.a(I2C_1.o)
 .debug_info    0x0000a284      0x184 .\CortexM3\ARM_GCC_541\Debug\Design01.a(I2C_1_INT.o)
 .debug_info    0x0000a408      0x207 .\CortexM3\ARM_GCC_541\Debug\Design01.a(I2C_1_PM.o)
 .debug_info    0x0000a60f      0x407 .\CortexM3\ARM_GCC_541\Debug\Design01.a(I2C_1_MASTER.o)
 .debug_info    0x0000aa16      0x5c0 .\CortexM3\ARM_GCC_541\Debug\Design01.a(ADC_SAR_1.o)
 .debug_info    0x0000afd6       0x92 .\CortexM3\ARM_GCC_541\Debug\Design01.a(ADC_SAR_1_INT.o)
 .debug_info    0x0000b068      0x2c4 .\CortexM3\ARM_GCC_541\Debug\Design01.a(ADC_SAR_1_theACLK.o)
 .debug_info    0x0000b32c      0x11f .\CortexM3\ARM_GCC_541\Debug\Design01.a(Flicker.o)
 .debug_info    0x0000b44b      0x11f .\CortexM3\ARM_GCC_541\Debug\Design01.a(SW2.o)
 .debug_info    0x0000b56a       0x9b .\CortexM3\ARM_GCC_541\Debug\Design01.a(CyBootAsmGnu.o)
 .debug_info    0x0000b605      0x64d .\CortexM3\ARM_GCC_541\Debug\Design01.a(CyFlash.o)
 .debug_info    0x0000bc52      0x550 .\CortexM3\ARM_GCC_541\Debug\Design01.a(CySpc.o)
 .debug_info    0x0000c1a2       0xee .\CortexM3\ARM_GCC_541\Debug\Design01.a(cyutils.o)

.debug_abbrev   0x00000000     0x3b91
 *(.debug_abbrev)
 .debug_abbrev  0x00000000      0x23d .\CortexM3\ARM_GCC_541\Debug\main.o
 .debug_abbrev  0x0000023d      0x20d .\CortexM3\ARM_GCC_541\Debug\cyfitter_cfg.o
 .debug_abbrev  0x0000044a       0x77 .\CortexM3\ARM_GCC_541\Debug\cymetadata.o
 .debug_abbrev  0x000004c1      0x1e8 .\CortexM3\ARM_GCC_541\Debug\Cm3Start.o
 .debug_abbrev  0x000006a9       0x90 .\CortexM3\ARM_GCC_541\Debug\Design01.a(Motor_1_IN_1.o)
 .debug_abbrev  0x00000739       0x90 .\CortexM3\ARM_GCC_541\Debug\Design01.a(Motor_1_IN_2.o)
 .debug_abbrev  0x000007c9      0x254 .\CortexM3\ARM_GCC_541\Debug\Design01.a(CyLib.o)
 .debug_abbrev  0x00000a1d      0x1ab .\CortexM3\ARM_GCC_541\Debug\Design01.a(cyPm.o)
 .debug_abbrev  0x00000bc8      0x151 .\CortexM3\ARM_GCC_541\Debug\Design01.a(QuadDec_1.o)
 .debug_abbrev  0x00000d19      0x117 .\CortexM3\ARM_GCC_541\Debug\Design01.a(QuadDec_1_Cnt16.o)
 .debug_abbrev  0x00000e30      0x175 .\CortexM3\ARM_GCC_541\Debug\Design01.a(UART_1.o)
 .debug_abbrev  0x00000fa5      0x139 .\CortexM3\ARM_GCC_541\Debug\Design01.a(UART_1_IntClock.o)
 .debug_abbrev  0x000010de      0x151 .\CortexM3\ARM_GCC_541\Debug\Design01.a(QuadDec_2.o)
 .debug_abbrev  0x0000122f      0x117 .\CortexM3\ARM_GCC_541\Debug\Design01.a(QuadDec_2_Cnt16.o)
 .debug_abbrev  0x00001346       0x90 .\CortexM3\ARM_GCC_541\Debug\Design01.a(Motor_2_IN_3.o)
 .debug_abbrev  0x000013d6       0x90 .\CortexM3\ARM_GCC_541\Debug\Design01.a(Motor_2_IN_4.o)
 .debug_abbrev  0x00001466      0x14b .\CortexM3\ARM_GCC_541\Debug\Design01.a(Timer_1.o)
 .debug_abbrev  0x000015b1      0x173 .\CortexM3\ARM_GCC_541\Debug\Design01.a(isr_1.o)
 .debug_abbrev  0x00001724      0x11a .\CortexM3\ARM_GCC_541\Debug\Design01.a(Timer_2.o)
 .debug_abbrev  0x0000183e       0x90 .\CortexM3\ARM_GCC_541\Debug\Design01.a(Trigger.o)
 .debug_abbrev  0x000018ce      0x173 .\CortexM3\ARM_GCC_541\Debug\Design01.a(isr_2.o)
 .debug_abbrev  0x00001a41      0x13a .\CortexM3\ARM_GCC_541\Debug\Design01.a(Timer_3.o)
 .debug_abbrev  0x00001b7b      0x173 .\CortexM3\ARM_GCC_541\Debug\Design01.a(isr_3.o)
 .debug_abbrev  0x00001cee       0x90 .\CortexM3\ARM_GCC_541\Debug\Design01.a(Left_Echo.o)
 .debug_abbrev  0x00001d7e      0x133 .\CortexM3\ARM_GCC_541\Debug\Design01.a(PWM_ColorSensor.o)
 .debug_abbrev  0x00001eb1      0x117 .\CortexM3\ARM_GCC_541\Debug\Design01.a(Counter_ColorSensor.o)
 .debug_abbrev  0x00001fc8      0x173 .\CortexM3\ARM_GCC_541\Debug\Design01.a(isr_6.o)
 .debug_abbrev  0x0000213b       0x81 .\CortexM3\ARM_GCC_541\Debug\Design01.a(Control_Reg_1.o)
 .debug_abbrev  0x000021bc       0x90 .\CortexM3\ARM_GCC_541\Debug\Design01.a(S1.o)
 .debug_abbrev  0x0000224c       0x90 .\CortexM3\ARM_GCC_541\Debug\Design01.a(S2.o)
 .debug_abbrev  0x000022dc       0x90 .\CortexM3\ARM_GCC_541\Debug\Design01.a(S0.o)
 .debug_abbrev  0x0000236c       0x90 .\CortexM3\ARM_GCC_541\Debug\Design01.a(S3.o)
 .debug_abbrev  0x000023fc       0x90 .\CortexM3\ARM_GCC_541\Debug\Design01.a(CS_LED.o)
 .debug_abbrev  0x0000248c       0x90 .\CortexM3\ARM_GCC_541\Debug\Design01.a(IR_input.o)
 .debug_abbrev  0x0000251c       0x90 .\CortexM3\ARM_GCC_541\Debug\Design01.a(led_green.o)
 .debug_abbrev  0x000025ac       0x90 .\CortexM3\ARM_GCC_541\Debug\Design01.a(led_red.o)
 .debug_abbrev  0x0000263c       0x90 .\CortexM3\ARM_GCC_541\Debug\Design01.a(led_blue.o)
 .debug_abbrev  0x000026cc       0x90 .\CortexM3\ARM_GCC_541\Debug\Design01.a(Front_Echo_2.o)
 .debug_abbrev  0x0000275c      0x12d .\CortexM3\ARM_GCC_541\Debug\Design01.a(PWM_SmallServo.o)
 .debug_abbrev  0x00002889      0x12d .\CortexM3\ARM_GCC_541\Debug\Design01.a(PWM_BigServo.o)
 .debug_abbrev  0x000029b6      0x133 .\CortexM3\ARM_GCC_541\Debug\Design01.a(PWM_Wheels.o)
 .debug_abbrev  0x00002ae9       0x81 .\CortexM3\ARM_GCC_541\Debug\Design01.a(Control_Reg_2.o)
 .debug_abbrev  0x00002b6a      0x175 .\CortexM3\ARM_GCC_541\Debug\Design01.a(UART_2.o)
 .debug_abbrev  0x00002cdf      0x173 .\CortexM3\ARM_GCC_541\Debug\Design01.a(isr_7.o)
 .debug_abbrev  0x00002e52      0x139 .\CortexM3\ARM_GCC_541\Debug\Design01.a(UART_2_IntClock.o)
 .debug_abbrev  0x00002f8b      0x10a .\CortexM3\ARM_GCC_541\Debug\Design01.a(I2C_1.o)
 .debug_abbrev  0x00003095       0xb6 .\CortexM3\ARM_GCC_541\Debug\Design01.a(I2C_1_INT.o)
 .debug_abbrev  0x0000314b       0xfe .\CortexM3\ARM_GCC_541\Debug\Design01.a(I2C_1_PM.o)
 .debug_abbrev  0x00003249      0x13c .\CortexM3\ARM_GCC_541\Debug\Design01.a(I2C_1_MASTER.o)
 .debug_abbrev  0x00003385      0x1ac .\CortexM3\ARM_GCC_541\Debug\Design01.a(ADC_SAR_1.o)
 .debug_abbrev  0x00003531       0x42 .\CortexM3\ARM_GCC_541\Debug\Design01.a(ADC_SAR_1_INT.o)
 .debug_abbrev  0x00003573      0x121 .\CortexM3\ARM_GCC_541\Debug\Design01.a(ADC_SAR_1_theACLK.o)
 .debug_abbrev  0x00003694       0x90 .\CortexM3\ARM_GCC_541\Debug\Design01.a(Flicker.o)
 .debug_abbrev  0x00003724       0x90 .\CortexM3\ARM_GCC_541\Debug\Design01.a(SW2.o)
 .debug_abbrev  0x000037b4       0x14 .\CortexM3\ARM_GCC_541\Debug\Design01.a(CyBootAsmGnu.o)