Archive member included to satisfy reference by file (symbol)

.\CortexM3\ARM_GCC_541\Debug\Design01.a(Motor_1_IN_1.o)
                              .\CortexM3\ARM_GCC_541\Debug\main.o (Motor_1_IN_1_Write)
.\CortexM3\ARM_GCC_541\Debug\Design01.a(Motor_1_IN_2.o)
                              .\CortexM3\ARM_GCC_541\Debug\main.o (Motor_1_IN_2_Write)
.\CortexM3\ARM_GCC_541\Debug\Design01.a(CyLib.o)
                              .\CortexM3\ARM_GCC_541\Debug\Cm3Start.o (CyHalt)
.\CortexM3\ARM_GCC_541\Debug\Design01.a(cyPm.o)
                              .\CortexM3\ARM_GCC_541\Debug\Design01.a(CyLib.o) (CyPmReadStatus)
.\CortexM3\ARM_GCC_541\Debug\Design01.a(QuadDec_1.o)
                              .\CortexM3\ARM_GCC_541\Debug\main.o (QuadDec_1_GetCounter)
.\CortexM3\ARM_GCC_541\Debug\Design01.a(QuadDec_1_Cnt16.o)
                              .\CortexM3\ARM_GCC_541\Debug\Design01.a(QuadDec_1.o) (QuadDec_1_Cnt16_Stop)
.\CortexM3\ARM_GCC_541\Debug\Design01.a(UART_1.o)
                              .\CortexM3\ARM_GCC_541\Debug\main.o (UART_1_Start)
.\CortexM3\ARM_GCC_541\Debug\Design01.a(UART_1_IntClock.o)
                              .\CortexM3\ARM_GCC_541\Debug\Design01.a(UART_1.o) (UART_1_IntClock_Start)
.\CortexM3\ARM_GCC_541\Debug\Design01.a(QuadDec_2.o)
                              .\CortexM3\ARM_GCC_541\Debug\main.o (QuadDec_2_GetCounter)
.\CortexM3\ARM_GCC_541\Debug\Design01.a(QuadDec_2_Cnt16.o)
                              .\CortexM3\ARM_GCC_541\Debug\Design01.a(QuadDec_2.o) (QuadDec_2_Cnt16_Stop)
.\CortexM3\ARM_GCC_541\Debug\Design01.a(Motor_2_IN_3.o)
                              .\CortexM3\ARM_GCC_541\Debug\main.o (Motor_2_IN_3_Write)
.\CortexM3\ARM_GCC_541\Debug\Design01.a(Motor_2_IN_4.o)
                              .\CortexM3\ARM_GCC_541\Debug\main.o (Motor_2_IN_4_Write)
.\CortexM3\ARM_GCC_541\Debug\Design01.a(PWM_Master.o)
                              .\CortexM3\ARM_GCC_541\Debug\main.o (PWM_Master_WriteCompare)
.\CortexM3\ARM_GCC_541\Debug\Design01.a(PWM_Slave.o)
                              .\CortexM3\ARM_GCC_541\Debug\main.o (PWM_Slave_WriteCompare)
.\CortexM3\ARM_GCC_541\Debug\Design01.a(Timer_1.o)
                              .\CortexM3\ARM_GCC_541\Debug\main.o (Timer_1_Start)
.\CortexM3\ARM_GCC_541\Debug\Design01.a(isr_1.o)
                              .\CortexM3\ARM_GCC_541\Debug\main.o (isr_1_StartEx)
.\CortexM3\ARM_GCC_541\Debug\Design01.a(Timer_2.o)
                              .\CortexM3\ARM_GCC_541\Debug\main.o (Timer_2_ReadStatusRegister)
.\CortexM3\ARM_GCC_541\Debug\Design01.a(isr_2.o)
                              .\CortexM3\ARM_GCC_541\Debug\main.o (isr_2_StartEx)
.\CortexM3\ARM_GCC_541\Debug\Design01.a(Front_Trigger.o)
                              .\CortexM3\ARM_GCC_541\Debug\main.o (Front_Trigger_Write)
.\CortexM3\ARM_GCC_541\Debug\Design01.a(Front_Echo.o)
                              .\CortexM3\ARM_GCC_541\Debug\main.o (Front_Echo_Read)
.\CortexM3\ARM_GCC_541\Debug\Design01.a(Right_Echo.o)
                              .\CortexM3\ARM_GCC_541\Debug\main.o (Right_Echo_Read)
.\CortexM3\ARM_GCC_541\Debug\Design01.a(CyBootAsmGnu.o)
                              .\CortexM3\ARM_GCC_541\Debug\cyfitter_cfg.o (CyDelayCycles)
.\CortexM3\ARM_GCC_541\Debug\Design01.a(CyFlash.o)
                              .\CortexM3\ARM_GCC_541\Debug\Design01.a(cyPm.o) (CyFlash_SetWaitCycles)
.\CortexM3\ARM_GCC_541\Debug\Design01.a(CySpc.o)
                              .\CortexM3\ARM_GCC_541\Debug\Design01.a(CyFlash.o) (CySpcStart)
.\CortexM3\ARM_GCC_541\Debug\Design01.a(cyutils.o)
                              .\CortexM3\ARM_GCC_541\Debug\Design01.a(Timer_1.o) (CySetReg24)
c:/program files (x86)/cypress/psoc creator/4.4/psoc creator/import/gnu/arm/5.4.1/bin/../lib/gcc/arm-none-eabi/5.4.1/armv7-m\libgcc.a(_arm_addsubdf3.o)
                              .\CortexM3\ARM_GCC_541\Debug\main.o (__aeabi_dsub)
c:/program files (x86)/cypress/psoc creator/4.4/psoc creator/import/gnu/arm/5.4.1/bin/../lib/gcc/arm-none-eabi/5.4.1/armv7-m\libgcc.a(_arm_muldivdf3.o)
                              .\CortexM3\ARM_GCC_541\Debug\main.o (__aeabi_dmul)
c:/program files (x86)/cypress/psoc creator/4.4/psoc creator/import/gnu/arm/5.4.1/bin/../lib/gcc/arm-none-eabi/5.4.1/armv7-m\libgcc.a(_arm_truncdfsf2.o)
                              .\CortexM3\ARM_GCC_541\Debug\main.o (__aeabi_d2f)
c:/program files (x86)/cypress/psoc creator/4.4/psoc creator/import/gnu/arm/5.4.1/bin/../lib/gcc/arm-none-eabi/5.4.1/armv7-m\libgcc.a(_arm_addsubsf3.o)
                              .\CortexM3\ARM_GCC_541\Debug\main.o (__aeabi_i2f)
c:/program files (x86)/cypress/psoc creator/4.4/psoc creator/import/gnu/arm/5.4.1/bin/../lib/gcc/arm-none-eabi/5.4.1/armv7-m\libgcc.a(_arm_cmpsf2.o)
                              .\CortexM3\ARM_GCC_541\Debug\main.o (__aeabi_fcmplt)
c:/program files (x86)/cypress/psoc creator/4.4/psoc creator/import/gnu/arm/5.4.1/bin/../lib/gcc/arm-none-eabi/5.4.1/armv7-m\libgcc.a(_arm_fixunssfsi.o)
[...]
Memory Configuration

Name             Origin             Length             Attributes
rom              0x00000000         0x00040000         xr
ram              0x1fff8000         0x00010000         xrw
*default*        0x00000000         0xffffffff

Linker script and memory map

LOAD c:/program files (x86)/cypress/psoc creator/4.4/psoc creator/import/gnu/arm/5.4.1/bin/../lib/gcc/arm-none-eabi/5.4.1/armv7-m/crti.o
LOAD c:/program files (x86)/cypress/psoc creator/4.4/psoc creator/import/gnu/arm/5.4.1/bin/../lib/gcc/arm-none-eabi/5.4.1/armv7-m/crtbegin.o
LOAD c:/program files (x86)/cypress/psoc creator/4.4/psoc creator/import/gnu/arm/5.4.1/bin/../lib/gcc/arm-none-eabi/5.4.1/../../../../arm-none-eabi/lib/armv7-m/crt0.o
START GROUP
LOAD .\CortexM3\ARM_GCC_541\Debug\main.o
LOAD .\CortexM3\ARM_GCC_541\Debug\cyfitter_cfg.o
LOAD .\CortexM3\ARM_GCC_541\Debug\cymetadata.o
LOAD .\CortexM3\ARM_GCC_541\Debug\Cm3Start.o
LOAD .\CortexM3\ARM_GCC_541\Debug\Design01.a
LOAD C:\Program Files (x86)\Cypress\PSoC Creator\4.4\PSoC Creator\psoc\content\cycomponentlibrary\CyComponentLibrary.cylib\CortexM3\ARM_GCC_541\Debug\CyComponentLibrary.a
END GROUP
START GROUP
LOAD c:/program files (x86)/cypress/psoc creator/4.4/psoc creator/import/gnu/arm/5.4.1/bin/../lib/gcc/arm-none-eabi/5.4.1/armv7-m\libgcc.a
LOAD c:/program files (x86)/cypress/psoc creator/4.4/psoc creator/import/gnu/arm/5.4.1/bin/../lib/gcc/arm-none-eabi/5.4.1/../../../../arm-none-eabi/lib/armv7-m\libg_nano.a
LOAD c:/program files (x86)/cypress/psoc creator/4.4/psoc creator/import/gnu/arm/5.4.1/bin/../lib/gcc/arm-none-eabi/5.4.1/../../../../arm-none-eabi/lib/armv7-m\libc_nano.a
END GROUP
START GROUP
LOAD c:/program files (x86)/cypress/psoc creator/4.4/psoc creator/import/gnu/arm/5.4.1/bin/../lib/gcc/arm-none-eabi/5.4.1/armv7-m\libgcc.a
LOAD c:/program files (x86)/cypress/psoc creator/4.4/psoc creator/import/gnu/arm/5.4.1/bin/../lib/gcc/arm-none-eabi/5.4.1/../../../../arm-none-eabi/lib/armv7-m\libc_nano.a
END GROUP
LOAD c:/program files (x86)/cypress/psoc creator/4.4/psoc creator/import/gnu/arm/5.4.1/bin/../lib/gcc/arm-none-eabi/5.4.1/armv7-m/crtend.o
LOAD c:/program files (x86)/cypress/psoc creator/4.4/psoc creator/import/gnu/arm/5.4.1/bin/../lib/gcc/arm-none-eabi/5.4.1/armv7-m/crtn.o
START GROUP
LOAD c:/program files (x86)/cypress/psoc creator/4.4/psoc creator/import/gnu/arm/5.4.1/bin/../lib/gcc/arm-none-eabi/5.4.1/armv7-m\libgcc.a
LOAD c:/program files (x86)/cypress/psoc creator/4.4/psoc creator/import/gnu/arm/5.4.1/bin/../lib/gcc/arm-none-eabi/5.4.1/../../../../arm-none-eabi/lib/armv7-m\libc.a
LOAD c:/program files (x86)/cypress/psoc creator/4.4/psoc creator/import/gnu/arm/5.4.1/bin/../lib/gcc/arm-none-eabi/5.4.1/../../../../arm-none-eabi/lib/armv7-m\libnosys.a
END GROUP
                0x00000000                CY_APPL_ORIGIN = 0x0
                0x00000100                CY_FLASH_ROW_SIZE = 0x100
                0x00000020                CY_ECC_ROW_SIZE = 0x20
                0x00000000                CY_EE_IN_BTLDR = 0x0
                0x00000000                CY_APPL_LOADABLE = 0x0
                0x00000800                CY_EE_SIZE = 0x800
                0x00000001                CY_APPL_NUM = 0x1
                0x00000001                CY_APPL_MAX = 0x1
                0x00000040                CY_METADATA_SIZE = 0x40
                0x00000000                CY_APPL_LOADABLE = 0x0
                0x00000000                CY_CHECKSUM_EXCLUDE_SIZE = ALIGN (0x0, CY_FLASH_ROW_SIZE)
                [!provide]                PROVIDE (__cy_heap_start, _end)
                0x00000001                PROVIDE (__cy_region_num, ((__cy_regions_end - __cy_regions) / 0x10))
                0x20008000                PROVIDE (__cy_stack, (ORIGIN (ram) + LENGTH (ram)))
                [!provide]                PROVIDE (__cy_heap_end, (__cy_stack - 0x800))

.cybootloader   0x00000000        0x0
 *(.cybootloader)
                0x00000000                appl1_start = CY_APPL_ORIGIN?CY_APPL_ORIGIN:ALIGN (CY_FLASH_ROW_SIZE)
                0x0001ff00                appl2_start = (appl1_start + ALIGN ((((LENGTH (rom) - appl1_start) - (0x2 * CY_FLASH_ROW_SIZE)) / 0x2), CY_FLASH_ROW_SIZE))
                0x00000000                appl_start = (CY_APPL_NUM == 0x1)?appl1_start:appl2_start
                0x00000000                ecc_offset = ((appl_start / CY_FLASH_ROW_SIZE) * CY_ECC_ROW_SIZE)
                0x00000000                ee_offset = (CY_APPL_LOADABLE && ! (CY_EE_IN_BTLDR))?((CY_EE_SIZE / CY_APPL_MAX) * (CY_APPL_NUM - 0x1)):0x0
                0x00000800                ee_size = (CY_APPL_LOADABLE && ! (CY_EE_IN_BTLDR))?(CY_EE_SIZE / CY_APPL_MAX):CY_EE_SIZE
                [!provide]                PROVIDE (CY_ECC_OFFSET, ecc_offset)

.text           0x00000000     0x400c
 CREATE_OBJECT_SYMBOLS
                0x00000000                PROVIDE (__cy_interrupt_vector, RomVectors)
 *(.romvectors)
 .romvectors    0x00000000       0x10 .\CortexM3\ARM_GCC_541\Debug\Cm3Start.o
                0x00000000                RomVectors
                0x00000001                ASSERT ((. != __cy_interrupt_vector), No interrupt vector)
                0x00000001                ASSERT (CY_APPL_ORIGIN?(SIZEOF (.cybootloader) <= CY_APPL_ORIGIN):0x1, Wrong image location)
                0x00000010                PROVIDE (__cy_reset, Reset)
 *(.text.Reset)
 .text.Reset    0x00000010       0x18 .\CortexM3\ARM_GCC_541\Debug\Cm3Start.o
                0x00000010                Reset
                0x00000001                ASSERT ((. != __cy_reset), No reset code)
 *(.dma_init)
                0x00000001                ASSERT ((((appl_start + .) <= 0x10000) || 0x1), DMA Init must be within the first 64k of flash)
 *(.text .text.* .gnu.linkonce.t.*)
 .text          0x00000028       0x5c c:/program files (x86)/cypress/psoc creator/4.4/psoc creator/import/gnu/arm/5.4.1/bin/../lib/gcc/arm-none-eabi/5.4.1/armv7-m/crtbegin.o
 .text.Speed_Control
                0x00000084       0x64 .\CortexM3\ARM_GCC_541\Debug\main.o
                0x00000084                Speed_Control
 .text.dist_front_detection_1
                0x000000e8       0x58 .\CortexM3\ARM_GCC_541\Debug\main.o
                0x000000e8                dist_front_detection_1
 .text.stop     0x00000140       0x28 .\CortexM3\ARM_GCC_541\Debug\main.o
                0x00000140                stop
 .text.forward  0x00000168       0x28 .\CortexM3\ARM_GCC_541\Debug\main.o
                0x00000168                forward
 .text.reverse  0x00000190       0x28 .\CortexM3\ARM_GCC_541\Debug\main.o
                0x00000190                reverse
 .text.turn_anticlockwise
                0x000001b8       0x28 .\CortexM3\ARM_GCC_541\Debug\main.o
                0x000001b8                turn_anticlockwise
 .text.turn_clockwise
                0x000001e0       0x28 .\CortexM3\ARM_GCC_541\Debug\main.o
                0x000001e0                turn_clockwise
 .text.F_or_R_1
                0x00000208      0x10c .\CortexM3\ARM_GCC_541\Debug\main.o
                0x00000208                F_or_R_1
 *fill*         0x00000314        0x4 
 .text.F_or_R_2
                0x00000318      0x108 .\CortexM3\ARM_GCC_541\Debug\main.o
                0x00000318                F_or_R_2
 .text.CW       0x00000420       0x84 .\CortexM3\ARM_GCC_541\Debug\main.o
                0x00000420                CW
 .text.main     0x000004a4       0xfc .\CortexM3\ARM_GCC_541\Debug\main.o
                0x000004a4                main
 .text.CyClockStartupError
                0x000005a0        0x4 .\CortexM3\ARM_GCC_541\Debug\cyfitter_cfg.o
 .text.cfg_write_bytes32
                0x000005a4       0x34 .\CortexM3\ARM_GCC_541\Debug\cyfitter_cfg.o
 .text.AnalogSetDefault
                0x000005d8       0x28 .\CortexM3\ARM_GCC_541\Debug\cyfitter_cfg.o
 .text.CYMEMZERO
                0x00000600        0xc .\CortexM3\ARM_GCC_541\Debug\cyfitter_cfg.o
 .text.ClockSetup
                0x0000060c       0xf4 .\CortexM3\ARM_GCC_541\Debug\cyfitter_cfg.o
 .text.CYCONFIGCPY
                0x00000700        0x8 .\CortexM3\ARM_GCC_541\Debug\cyfitter_cfg.o
 .text.cyfitter_cfg
                0x00000708      0x170 .\CortexM3\ARM_GCC_541\Debug\cyfitter_cfg.o
                0x00000708                cyfitter_cfg
 .text.IntDefaultHandler
                0x00000878       0x10 .\CortexM3\ARM_GCC_541\Debug\Cm3Start.o
                0x00000878                IntDefaultHandler
 .text._sbrk    0x00000888       0x30 .\CortexM3\ARM_GCC_541\Debug\Cm3Start.o
                0x00000888                _sbrk
 .text.Start_c  0x000008b8       0x4c .\CortexM3\ARM_GCC_541\Debug\Cm3Start.o
                0x000008b8                Start_c
 .text.initialize_psoc
                0x00000904       0x68 .\CortexM3\ARM_GCC_541\Debug\Cm3Start.o
                0x00000904                initialize_psoc
 .text.Motor_1_IN_1_Write
                0x0000096c       0x18 .\CortexM3\ARM_GCC_541\Debug\Design01.a(Motor_1_IN_1.o)
                0x0000096c                Motor_1_IN_1_Write
 .text.Motor_1_IN_2_Write
                0x00000984       0x18 .\CortexM3\ARM_GCC_541\Debug\Design01.a(Motor_1_IN_2.o)
                0x00000984                Motor_1_IN_2_Write
 .text.CyDelay  0x0000099c       0x2c .\CortexM3\ARM_GCC_541\Debug\Design01.a(CyLib.o)
                0x0000099c                CyDelay
 .text.CyDelayUs
                0x000009c8       0x14 .\CortexM3\ARM_GCC_541\Debug\Design01.a(CyLib.o)
                0x000009c8                CyDelayUs
 .text.QuadDec_1_GetCounter
                0x000009dc       0x10 .\CortexM3\ARM_GCC_541\Debug\Design01.a(QuadDec_1.o)
                0x000009dc                QuadDec_1_GetCounter
 .text.QuadDec_1_SetCounter
                0x000009ec       0x1c .\CortexM3\ARM_GCC_541\Debug\Design01.a(QuadDec_1.o)
                0x000009ec                QuadDec_1_SetCounter
 .text.QuadDec_1_GetEvents
                0x00000a08       0x10 .\CortexM3\ARM_GCC_541\Debug\Design01.a(QuadDec_1.o)
                0x00000a08                QuadDec_1_GetEvents
 .text.QuadDec_1_SetInterruptMask
                0x00000a18        0xc .\CortexM3\ARM_GCC_541\Debug\Design01.a(QuadDec_1.o)
                0x00000a18                QuadDec_1_SetInterruptMask
 .text.QuadDec_1_Enable
                0x00000a24       0x24 .\CortexM3\ARM_GCC_541\Debug\Design01.a(QuadDec_1.o)
                0x00000a24                QuadDec_1_Enable
 .text.QuadDec_1_Start
                0x00000a48       0x24 .\CortexM3\ARM_GCC_541\Debug\Design01.a(QuadDec_1.o)
                0x00000a48                QuadDec_1_Start
 .text.QuadDec_1_Cnt16_Enable
                0x00000a6c       0x10 .\CortexM3\ARM_GCC_541\Debug\Design01.a(QuadDec_1_Cnt16.o)
                0x00000a6c                QuadDec_1_Cnt16_Enable
 .text.QuadDec_1_Cnt16_SetInterruptMode
                0x00000a7c        0xc .\CortexM3\ARM_GCC_541\Debug\Design01.a(QuadDec_1_Cnt16.o)
                0x00000a7c                QuadDec_1_Cnt16_SetInterruptMode
 .text.QuadDec_1_Cnt16_ReadStatusRegister
                0x00000a88        0xc .\CortexM3\ARM_GCC_541\Debug\Design01.a(QuadDec_1_Cnt16.o)
                0x00000a88                QuadDec_1_Cnt16_ReadStatusRegister
 .text.QuadDec_1_Cnt16_WriteCounter
                0x00000a94        0xc .\CortexM3\ARM_GCC_541\Debug\Design01.a(QuadDec_1_Cnt16.o)
                0x00000a94                QuadDec_1_Cnt16_WriteCounter
 .text.QuadDec_1_Cnt16_ReadCounter
                0x00000aa0       0x14 .\CortexM3\ARM_GCC_541\Debug\Design01.a(QuadDec_1_Cnt16.o)
                0x00000aa0                QuadDec_1_Cnt16_ReadCounter
 .text.QuadDec_1_Cnt16_ReadCapture
                0x00000ab4        0xc .\CortexM3\ARM_GCC_541\Debug\Design01.a(QuadDec_1_Cnt16.o)
                0x00000ab4                QuadDec_1_Cnt16_ReadCapture
 .text.QuadDec_1_Cnt16_WritePeriod
                0x00000ac0        0xc .\CortexM3\ARM_GCC_541\Debug\Design01.a(QuadDec_1_Cnt16.o)
                0x00000ac0                QuadDec_1_Cnt16_WritePeriod
 .text.QuadDec_1_Cnt16_WriteCompare
                0x00000acc        0xc .\CortexM3\ARM_GCC_541\Debug\Design01.a(QuadDec_1_Cnt16.o)
                0x00000acc                QuadDec_1_Cnt16_WriteCompare
 .text.QuadDec_1_Cnt16_ClearFIFO
                0x00000ad8       0x14 .\CortexM3\ARM_GCC_541\Debug\Design01.a(QuadDec_1_Cnt16.o)
                0x00000ad8                QuadDec_1_Cnt16_ClearFIFO
 .text.QuadDec_1_Cnt16_Init
                0x00000aec       0x58 .\CortexM3\ARM_GCC_541\Debug\Design01.a(QuadDec_1_Cnt16.o)
                0x00000aec                QuadDec_1_Cnt16_Init
 .text.QuadDec_1_Cnt16_Start
                0x00000b44       0x1c .\CortexM3\ARM_GCC_541\Debug\Design01.a(QuadDec_1_Cnt16.o)
                0x00000b44                QuadDec_1_Cnt16_Start
 .text.UART_1_Init
                0x00000b60       0x28 .\CortexM3\ARM_GCC_541\Debug\Design01.a(UART_1.o)
                0x00000b60                UART_1_Init
 .text.UART_1_Enable
                0x00000b88       0x38 .\CortexM3\ARM_GCC_541\Debug\Design01.a(UART_1.o)
                0x00000b88                UART_1_Enable
 .text.UART_1_Start
                0x00000bc0       0x1c .\CortexM3\ARM_GCC_541\Debug\Design01.a(UART_1.o)
                0x00000bc0                UART_1_Start
 .text.UART_1_PutChar
                0x00000bdc       0x18 .\CortexM3\ARM_GCC_541\Debug\Design01.a(UART_1.o)
                0x00000bdc                UART_1_PutChar
 .text.UART_1_PutString
                0x00000bf4       0x24 .\CortexM3\ARM_GCC_541\Debug\Design01.a(UART_1.o)
                0x00000bf4                UART_1_PutString
 .text.UART_1_IntClock_Start
                0x00000c18       0x1c .\CortexM3\ARM_GCC_541\Debug\Design01.a(UART_1_IntClock.o)
                0x00000c18                UART_1_IntClock_Start
 .text.QuadDec_2_GetCounter
                0x00000c34       0x10 .\CortexM3\ARM_GCC_541\Debug\Design01.a(QuadDec_2.o)
                0x00000c34                QuadDec_2_GetCounter
 .text.QuadDec_2_SetCounter
                0x00000c44       0x1c .\CortexM3\ARM_GCC_541\Debug\Design01.a(QuadDec_2.o)
                0x00000c44                QuadDec_2_SetCounter
 .text.QuadDec_2_GetEvents
                0x00000c60       0x10 .\CortexM3\ARM_GCC_541\Debug\Design01.a(QuadDec_2.o)
                0x00000c60                QuadDec_2_GetEvents
 .text.QuadDec_2_SetInterruptMask
                0x00000c70        0xc .\CortexM3\ARM_GCC_541\Debug\Design01.a(QuadDec_2.o)
                0x00000c70                QuadDec_2_SetInterruptMask
 .text.QuadDec_2_Enable
                0x00000c7c       0x24 .\CortexM3\ARM_GCC_541\Debug\Design01.a(QuadDec_2.o)
                0x00000c7c                QuadDec_2_Enable
 .text.QuadDec_2_Start
                0x00000ca0       0x24 .\CortexM3\ARM_GCC_541\Debug\Design01.a(QuadDec_2.o)
                0x00000ca0                QuadDec_2_Start
 .text.QuadDec_2_Cnt16_Enable
                0x00000cc4       0x10 .\CortexM3\ARM_GCC_541\Debug\Design01.a(QuadDec_2_Cnt16.o)
                0x00000cc4                QuadDec_2_Cnt16_Enable
 .text.QuadDec_2_Cnt16_SetInterruptMode
                0x00000cd4        0xc .\CortexM3\ARM_GCC_541\Debug\Design01.a(QuadDec_2_Cnt16.o)
                0x00000cd4                QuadDec_2_Cnt16_SetInterruptMode
 .text.QuadDec_2_Cnt16_ReadStatusRegister
                0x00000ce0        0xc .\CortexM3\ARM_GCC_541\Debug\Design01.a(QuadDec_2_Cnt16.o)
                0x00000ce0                QuadDec_2_Cnt16_ReadStatusRegister
 .text.QuadDec_2_Cnt16_WriteCounter
                0x00000cec        0xc .\CortexM3\ARM_GCC_541\Debug\Design01.a(QuadDec_2_Cnt16.o)
                0x00000cec                QuadDec_2_Cnt16_WriteCounter
 .text.QuadDec_2_Cnt16_ReadCounter
                0x00000cf8       0x14 .\CortexM3\ARM_GCC_541\Debug\Design01.a(QuadDec_2_Cnt16.o)
                0x00000cf8                QuadDec_2_Cnt16_ReadCounter
 .text.QuadDec_2_Cnt16_ReadCapture
                0x00000d0c        0xc .\CortexM3\ARM_GCC_541\Debug\Design01.a(QuadDec_2_Cnt16.o)
                0x00000d0c                QuadDec_2_Cnt16_ReadCapture
 .text.QuadDec_2_Cnt16_WritePeriod
                0x00000d18        0xc .\CortexM3\ARM_GCC_541\Debug\Design01.a(QuadDec_2_Cnt16.o)
                0x00000d18                QuadDec_2_Cnt16_WritePeriod
 .text.QuadDec_2_Cnt16_WriteCompare
                0x00000d24        0xc .\CortexM3\ARM_GCC_541\Debug\Design01.a(QuadDec_2_Cnt16.o)
                0x00000d24                QuadDec_2_Cnt16_WriteCompare
 .text.QuadDec_2_Cnt16_ClearFIFO
                0x00000d30       0x14 .\CortexM3\ARM_GCC_541\Debug\Design01.a(QuadDec_2_Cnt16.o)
                0x00000d30                QuadDec_2_Cnt16_ClearFIFO
 .text.QuadDec_2_Cnt16_Init
                0x00000d44       0x58 .\CortexM3\ARM_GCC_541\Debug\Design01.a(QuadDec_2_Cnt16.o)
                0x00000d44                QuadDec_2_Cnt16_Init
 .text.QuadDec_2_Cnt16_Start
                0x00000d9c       0x1c .\CortexM3\ARM_GCC_541\Debug\Design01.a(QuadDec_2_Cnt16.o)
                0x00000d9c                QuadDec_2_Cnt16_Start
 .text.Motor_2_IN_3_Write
                0x00000db8       0x18 .\CortexM3\ARM_GCC_541\Debug\Design01.a(Motor_2_IN_3.o)
                0x00000db8                Motor_2_IN_3_Write
 .text.Motor_2_IN_4_Write
                0x00000dd0       0x18 .\CortexM3\ARM_GCC_541\Debug\Design01.a(Motor_2_IN_4.o)
                0x00000dd0                Motor_2_IN_4_Write
 .text.PWM_Master_Enable
                0x00000de8       0x28 .\CortexM3\ARM_GCC_541\Debug\Design01.a(PWM_Master.o)
                0x00000de8                PWM_Master_Enable
 .text.PWM_Master_WritePeriod
                0x00000e10        0xc .\CortexM3\ARM_GCC_541\Debug\Design01.a(PWM_Master.o)
                0x00000e10                PWM_Master_WritePeriod
 .text.PWM_Master_WriteCompare
                0x00000e1c        0xc .\CortexM3\ARM_GCC_541\Debug\Design01.a(PWM_Master.o)
                0x00000e1c                PWM_Master_WriteCompare
 .text.PWM_Master_SetInterruptMode
                0x00000e28        0xc .\CortexM3\ARM_GCC_541\Debug\Design01.a(PWM_Master.o)
                0x00000e28                PWM_Master_SetInterruptMode
 .text.PWM_Master_Init
                0x00000e34       0x78 .\CortexM3\ARM_GCC_541\Debug\Design01.a(PWM_Master.o)
                0x00000e34                PWM_Master_Init
 .text.PWM_Master_Start
                0x00000eac       0x1c .\CortexM3\ARM_GCC_541\Debug\Design01.a(PWM_Master.o)
                0x00000eac                PWM_Master_Start
 .text.PWM_Slave_Enable
                0x00000ec8       0x28 .\CortexM3\ARM_GCC_541\Debug\Design01.a(PWM_Slave.o)
                0x00000ec8                PWM_Slave_Enable
 .text.PWM_Slave_WritePeriod
                0x00000ef0        0xc .\CortexM3\ARM_GCC_541\Debug\Design01.a(PWM_Slave.o)
                0x00000ef0                PWM_Slave_WritePeriod
 .text.PWM_Slave_WriteCompare
                0x00000efc        0xc .\CortexM3\ARM_GCC_541\Debug\Design01.a(PWM_Slave.o)
                0x00000efc                PWM_Slave_WriteCompare
 .text.PWM_Slave_SetInterruptMode
                0x00000f08        0xc .\CortexM3\ARM_GCC_541\Debug\Design01.a(PWM_Slave.o)
                0x00000f08                PWM_Slave_SetInterruptMode
 .text.PWM_Slave_Init
                0x00000f14       0x78 .\CortexM3\ARM_GCC_541\Debug\Design01.a(PWM_Slave.o)
                0x00000f14                PWM_Slave_Init
 .text.PWM_Slave_Start
                0x00000f8c       0x1c .\CortexM3\ARM_GCC_541\Debug\Design01.a(PWM_Slave.o)
                0x00000f8c                PWM_Slave_Start
 .text.Timer_1_Enable
                0x00000fa8       0x10 .\CortexM3\ARM_GCC_541\Debug\Design01.a(Timer_1.o)
                0x00000fa8                Timer_1_Enable
 .text.Timer_1_SetInterruptMode
                0x00000fb8        0xc .\CortexM3\ARM_GCC_541\Debug\Design01.a(Timer_1.o)
                0x00000fb8                Timer_1_SetInterruptMode
 .text.Timer_1_ReadStatusRegister
                0x00000fc4        0xc .\CortexM3\ARM_GCC_541\Debug\Design01.a(Timer_1.o)
                0x00000fc4                Timer_1_ReadStatusRegister
 .text.Timer_1_WritePeriod
                0x00000fd0       0x10 .\CortexM3\ARM_GCC_541\Debug\Design01.a(Timer_1.o)
                0x00000fd0                Timer_1_WritePeriod
 .text.Timer_1_ReadCapture
                0x00000fe0       0x10 .\CortexM3\ARM_GCC_541\Debug\Design01.a(Timer_1.o)
                0x00000fe0                Timer_1_ReadCapture
 .text.Timer_1_WriteCounter
                0x00000ff0       0x10 .\CortexM3\ARM_GCC_541\Debug\Design01.a(Timer_1.o)
                0x00000ff0                Timer_1_WriteCounter
 .text.Timer_1_ClearFIFO
                0x00001000       0x14 .\CortexM3\ARM_GCC_541\Debug\Design01.a(Timer_1.o)
                0x00001000                Timer_1_ClearFIFO
 .text.Timer_1_Init
                0x00001014       0x34 .\CortexM3\ARM_GCC_541\Debug\Design01.a(Timer_1.o)
                0x00001014                Timer_1_Init
 .text.Timer_1_Start
                0x00001048       0x1c .\CortexM3\ARM_GCC_541\Debug\Design01.a(Timer_1.o)
                0x00001048                Timer_1_Start
 .text.isr_1_SetVector
                0x00001064        0xc .\CortexM3\ARM_GCC_541\Debug\Design01.a(isr_1.o)
                0x00001064                isr_1_SetVector
 .text.isr_1_SetPriority
                0x00001070       0x10 .\CortexM3\ARM_GCC_541\Debug\Design01.a(isr_1.o)
                0x00001070                isr_1_SetPriority
 .text.isr_1_Enable
                0x00001080        0xc .\CortexM3\ARM_GCC_541\Debug\Design01.a(isr_1.o)
                0x00001080                isr_1_Enable
 .text.isr_1_Disable
                0x0000108c        0xc .\CortexM3\ARM_GCC_541\Debug\Design01.a(isr_1.o)
                0x0000108c                isr_1_Disable
 .text.isr_1_StartEx
                0x00001098       0x1c .\CortexM3\ARM_GCC_541\Debug\Design01.a(isr_1.o)
                0x00001098                isr_1_StartEx
 .text.Timer_2_Enable
                0x000010b4       0x10 .\CortexM3\ARM_GCC_541\Debug\Design01.a(Timer_2.o)
                0x000010b4                Timer_2_Enable
 .text.Timer_2_SetInterruptMode
                0x000010c4        0xc .\CortexM3\ARM_GCC_541\Debug\Design01.a(Timer_2.o)
                0x000010c4                Timer_2_SetInterruptMode
 .text.Timer_2_ReadStatusRegister
                0x000010d0        0xc .\CortexM3\ARM_GCC_541\Debug\Design01.a(Timer_2.o)
                0x000010d0                Timer_2_ReadStatusRegister
 .text.Timer_2_WritePeriod
                0x000010dc        0xc .\CortexM3\ARM_GCC_541\Debug\Design01.a(Timer_2.o)
                0x000010dc                Timer_2_WritePeriod
 .text.Timer_2_ReadCapture
                0x000010e8        0xc .\CortexM3\ARM_GCC_541\Debug\Design01.a(Timer_2.o)
                0x000010e8                Timer_2_ReadCapture
 .text.Timer_2_WriteCounter
                0x000010f4        0xc .\CortexM3\ARM_GCC_541\Debug\Design01.a(Timer_2.o)
                0x000010f4                Timer_2_WriteCounter
 .text.Timer_2_ReadCounter
                0x00001100       0x14 .\CortexM3\ARM_GCC_541\Debug\Design01.a(Timer_2.o)
                0x00001100                Timer_2_ReadCounter
 .text.Timer_2_SetInterruptCount
                0x00001114       0x1c .\CortexM3\ARM_GCC_541\Debug\Design01.a(Timer_2.o)
                0x00001114                Timer_2_SetInterruptCount
 .text.Timer_2_ClearFIFO
                0x00001130       0x14 .\CortexM3\ARM_GCC_541\Debug\Design01.a(Timer_2.o)
                0x00001130                Timer_2_ClearFIFO
 .text.Timer_2_Init
                0x00001144       0x3c .\CortexM3\ARM_GCC_541\Debug\Design01.a(Timer_2.o)
                0x00001144                Timer_2_Init
 .text.Timer_2_Start
                0x00001180       0x1c .\CortexM3\ARM_GCC_541\Debug\Design01.a(Timer_2.o)
                0x00001180                Timer_2_Start
 .text.isr_2_SetVector
                0x0000119c        0xc .\CortexM3\ARM_GCC_541\Debug\Design01.a(isr_2.o)
                0x0000119c                isr_2_SetVector
 .text.isr_2_SetPriority
                0x000011a8       0x10 .\CortexM3\ARM_GCC_541\Debug\Design01.a(isr_2.o)
                0x000011a8                isr_2_SetPriority
 .text.isr_2_Enable
                0x000011b8        0xc .\CortexM3\ARM_GCC_541\Debug\Design01.a(isr_2.o)
                0x000011b8                isr_2_Enable
 .text.isr_2_Disable
                0x000011c4        0xc .\CortexM3\ARM_GCC_541\Debug\Design01.a(isr_2.o)
                0x000011c4                isr_2_Disable
 .text.isr_2_StartEx
                0x000011d0       0x1c .\CortexM3\ARM_GCC_541\Debug\Design01.a(isr_2.o)
                0x000011d0                isr_2_StartEx
 .text.Front_Trigger_Write
                0x000011ec       0x18 .\CortexM3\ARM_GCC_541\Debug\Design01.a(Front_Trigger.o)
                0x000011ec                Front_Trigger_Write
 .text.Front_Echo_Read
                0x00001204       0x10 .\CortexM3\ARM_GCC_541\Debug\Design01.a(Front_Echo.o)
                0x00001204                Front_Echo_Read
 .text.Right_Echo_Read
                0x00001214       0x10 .\CortexM3\ARM_GCC_541\Debug\Design01.a(Right_Echo.o)
                0x00001214                Right_Echo_Read
 *fill*         0x00001224        0x4 
 .text          0x00001228       0x20 .\CortexM3\ARM_GCC_541\Debug\Design01.a(CyBootAsmGnu.o)
                0x00001228                CyDelayCycles
                0x00001238                CyEnterCriticalSection
                0x00001240                CyExitCriticalSection
 .text.CySetReg24
                0x00001248       0x14 .\CortexM3\ARM_GCC_541\Debug\Design01.a(cyutils.o)
                0x00001248                CySetReg24
 .text          0x0000125c      0x370 c:/program files (x86)/cypress/psoc creator/4.4/psoc creator/import/gnu/arm/5.4.1/bin/../lib/gcc/arm-none-eabi/5.4.1/armv7-m\libgcc.a(_arm_addsubdf3.o)
                0x0000125c                __aeabi_drsub
                0x00001264                __aeabi_dsub
                0x00001264                __subdf3
                0x00001268                __aeabi_dadd
                0x00001268                __adddf3
                0x000014e0                __floatunsidf
                0x000014e0                __aeabi_ui2d
                0x00001500                __floatsidf
                0x00001500                __aeabi_i2d
                0x00001524                __aeabi_f2d
                0x00001524                __extendsfdf2
                0x00001560                __floatundidf
                0x00001560                __aeabi_ul2d
                0x00001570                __floatdidf
                0x00001570                __aeabi_l2d
 .text          0x000015cc      0x424 c:/program files (x86)/cypress/psoc creator/4.4/psoc creator/import/gnu/arm/5.4.1/bin/../lib/gcc/arm-none-eabi/5.4.1/armv7-m\libgcc.a(_arm_muldivdf3.o)
                0x000015cc                __aeabi_dmul
                0x000015cc                __muldf3
                0x00001820                __divdf3
                0x00001820                __aeabi_ddiv
 .text          0x000019f0       0xa0 c:/program files (x86)/cypress/psoc creator/4.4/psoc creator/import/gnu/arm/5.4.1/bin/../lib/gcc/arm-none-eabi/5.4.1/armv7-m\libgcc.a(_arm_truncdfsf2.o)
                0x000019f0                __truncdfsf2
                0x000019f0                __aeabi_d2f
 .text          0x00001a90      0x21c c:/program files (x86)/cypress/psoc creator/4.4/psoc creator/import/gnu/arm/5.4.1/bin/../lib/gcc/arm-none-eabi/5.4.1/armv7-m\libgcc.a(_arm_addsubsf3.o)
                0x00001a90                __aeabi_frsub
                0x00001a98                __subsf3
                0x00001a98                __aeabi_fsub
                0x00001a9c                __aeabi_fadd
                0x00001a9c                __addsf3
                0x00001bfc                __aeabi_ui2f
                0x00001bfc                __floatunsisf
                0x00001c04                __aeabi_i2f
                0x00001c04                __floatsisf
                0x00001c20                __aeabi_ul2f
                0x00001c20                __floatundisf
                0x00001c30                __aeabi_l2f
                0x00001c30                __floatdisf
 .text          0x00001cac       0xec c:/program files (x86)/cypress/psoc creator/4.4/psoc creator/import/gnu/arm/5.4.1/bin/../lib/gcc/arm-none-eabi/5.4.1/armv7-m\libgcc.a(_arm_cmpsf2.o)
                0x00001cac                __gesf2
                0x00001cac                __gtsf2
                0x00001cb4                __lesf2
                0x00001cb4                __ltsf2
                0x00001cbc                __nesf2
                0x00001cbc                __eqsf2
                0x00001cbc                __cmpsf2
                0x00001d1c                __aeabi_cfrcmple
                0x00001d24                __aeabi_cfcmpeq
                0x00001d24                __aeabi_cfcmple
                0x00001d34                __aeabi_fcmpeq
                0x00001d48                __aeabi_fcmplt
                0x00001d5c                __aeabi_fcmple
                0x00001d70                __aeabi_fcmpge
                0x00001d84                __aeabi_fcmpgt
 .text          0x00001d98       0x40 c:/program files (x86)/cypress/psoc creator/4.4/psoc creator/import/gnu/arm/5.4.1/bin/../lib/gcc/arm-none-eabi/5.4.1/armv7-m\libgcc.a(_arm_fixunssfsi.o)
                0x00001d98                __fixunssfsi
                0x00001d98                __aeabi_f2uiz
 .text.__errno  0x00001dd8        0xc c:/program files (x86)/cypress/psoc creator/4.4/psoc creator/import/gnu/arm/5.4.1/bin/../lib/gcc/arm-none-eabi/5.4.1/../../../../arm-none-eabi/lib/armv7-m\libg_nano.a(lib_a-errno.o)
                0x00001dd8                __errno
 .text.__libc_init_array
                0x00001de4       0x4c c:/program files (x86)/cypress/psoc creator/4.4/psoc creator/import/gnu/arm/5.4.1/bin/../lib/gcc/arm-none-eabi/5.4.1/../../../../arm-none-eabi/lib/armv7-m\libg_nano.a(lib_a-init.o)
                0x00001de4                __libc_init_array
 .text.memcpy   0x00001e30       0x16 c:/program files (x86)/cypress/psoc creator/4.4/psoc creator/import/gnu/arm/5.4.1/bin/../lib/gcc/arm-none-eabi/5.4.1/../../../../arm-none-eabi/lib/armv7-m\libg_nano.a(lib_a-memcpy-stub.o)
                0x00001e30                memcpy
 .text.memset   0x00001e46       0x10 c:/program files (x86)/cypress/psoc creator/4.4/psoc creator/import/gnu/arm/5.4.1/bin/../lib/gcc/arm-none-eabi/5.4.1/../../../../arm-none-eabi/lib/armv7-m\libg_nano.a(lib_a-memset.o)
                0x00001e46                memset
 .text.__cvt    0x00001e56       0xc0 c:/program files (x86)/cypress/psoc creator/4.4/psoc creator/import/gnu/arm/5.4.1/bin/../lib/gcc/arm-none-eabi/5.4.1/../../../../arm-none-eabi/lib/armv7-m\libg_nano.a(lib_a-nano-vfprintf_float.o)
                0x00001e56                __cvt
 .text.__exponent
                0x00001f16       0x62 c:/program files (x86)/cypress/psoc creator/4.4/psoc creator/import/gnu/arm/5.4.1/bin/../lib/gcc/arm-none-eabi/5.4.1/../../../../arm-none-eabi/lib/armv7-m\libg_nano.a(lib_a-nano-vfprintf_float.o)
                0x00001f16                __exponent
 .text._printf_float
                0x00001f78      0x488 c:/program files (x86)/cypress/psoc creator/4.4/psoc creator/import/gnu/arm/5.4.1/bin/../lib/gcc/arm-none-eabi/5.4.1/../../../../arm-none-eabi/lib/armv7-m\libg_nano.a(lib_a-nano-vfprintf_float.o)
                0x00001f78                _printf_float
 .text._printf_common
                0x00002400       0xec c:/program files (x86)/cypress/psoc creator/4.4/psoc creator/import/gnu/arm/5.4.1/bin/../lib/gcc/arm-none-eabi/5.4.1/../../../../arm-none-eabi/lib/armv7-m\libg_nano.a(lib_a-nano-vfprintf_i.o)
                0x00002400                _printf_common
 .text._printf_i
                0x000024ec      0x24c c:/program files (x86)/cypress/psoc creator/4.4/psoc creator/import/gnu/arm/5.4.1/bin/../lib/gcc/arm-none-eabi/5.4.1/../../../../arm-none-eabi/lib/armv7-m\libg_nano.a(lib_a-nano-vfprintf_i.o)
                0x000024ec                _printf_i
 .text.sprintf  0x00002738       0x48 c:/program files (x86)/cypress/psoc creator/4.4/psoc creator/import/gnu/arm/5.4.1/bin/../lib/gcc/arm-none-eabi/5.4.1/../../../../arm-none-eabi/lib/armv7-m\libg_nano.a(lib_a-sprintf.o)
                0x00002738                siprintf
                0x00002738                sprintf
 .text          0x00002780       0x10 c:/program files (x86)/cypress/psoc creator/4.4/psoc creator/import/gnu/arm/5.4.1/bin/../lib/gcc/arm-none-eabi/5.4.1/../../../../arm-none-eabi/lib/armv7-m\libg_nano.a(lib_a-strlen.o)
                0x00002780                strlen
 .text.quorem   0x00002790      0x116 c:/program files (x86)/cypress/psoc creator/4.4/psoc creator/import/gnu/arm/5.4.1/bin/../lib/gcc/arm-none-eabi/5.4.1/../../../../arm-none-eabi/lib/armv7-m\libg_nano.a(lib_a-dtoa.o)
 *fill*         0x000028a6        0x2 
 .text._dtoa_r  0x000028a8      0xb30 c:/program files (x86)/cypress/psoc creator/4.4/psoc creator/import/gnu/arm/5.4.1/bin/../lib/gcc/arm-none-eabi/5.4.1/../../../../arm-none-eabi/lib/armv7-m\libg_nano.a(lib_a-dtoa.o)
                0x000028a8                _dtoa_r
 .text._localeconv_r
                0x000033d8        0x8 c:/program files (x86)/cypress/psoc creator/4.4/psoc creator/import/gnu/arm/5.4.1/bin/../lib/gcc/arm-none-eabi/5.4.1/../../../../arm-none-eabi/lib/armv7-m\libg_nano.a(lib_a-locale.o)
                0x000033d8                _localeconv_r
 .text.malloc   0x000033e0       0x10 c:/program files (x86)/cypress/psoc creator/4.4/psoc creator/import/gnu/arm/5.4.1/bin/../lib/gcc/arm-none-eabi/5.4.1/../../../../arm-none-eabi/lib/armv7-m\libg_nano.a(lib_a-malloc.o)
                0x000033e0                malloc
 .text.memchr   0x000033f0       0x1c c:/program files (x86)/cypress/psoc creator/4.4/psoc creator/import/gnu/arm/5.4.1/bin/../lib/gcc/arm-none-eabi/5.4.1/../../../../arm-none-eabi/lib/armv7-m\libg_nano.a(lib_a-memchr-stub.o)
                0x000033f0                memchr
 .text._Balloc  0x0000340c       0x6a c:/program files (x86)/cypress/psoc creator/4.4/psoc creator/import/gnu/arm/5.4.1/bin/../lib/gcc/arm-none-eabi/5.4.1/../../../../arm-none-eabi/lib/armv7-m\libg_nano.a(lib_a-mprec.o)
                0x0000340c                _Balloc
 .text._Bfree   0x00003476       0x2e c:/program files (x86)/cypress/psoc creator/4.4/psoc creator/import/gnu/arm/5.4.1/bin/../lib/gcc/arm-none-eabi/5.4.1/../../../../arm-none-eabi/lib/armv7-m\libg_nano.a(lib_a-mprec.o)
                0x00003476                _Bfree
 .text.__multadd
                0x000034a4       0x76 c:/program files (x86)/cypress/psoc creator/4.4/psoc creator/import/gnu/arm/5.4.1/bin/../lib/gcc/arm-none-eabi/5.4.1/../../../../arm-none-eabi/lib/armv7-m\libg_nano.a(lib_a-mprec.o)
                0x000034a4                __multadd
 .text.__hi0bits
                0x0000351a       0x40 c:/program files (x86)/cypress/psoc creator/4.4/psoc creator/import/gnu/arm/5.4.1/bin/../lib/gcc/arm-none-eabi/5.4.1/../../../../arm-none-eabi/lib/armv7-m\libg_nano.a(lib_a-mprec.o)
                0x0000351a                __hi0bits
 .text.__lo0bits
                0x0000355a       0x5a c:/program files (x86)/cypress/psoc creator/4.4/psoc creator/import/gnu/arm/5.4.1/bin/../lib/gcc/arm-none-eabi/5.4.1/../../../../arm-none-eabi/lib/armv7-m\libg_nano.a(lib_a-mprec.o)
                0x0000355a                __lo0bits
 .text.__i2b    0x000035b4       0x12 c:/program files (x86)/cypress/psoc creator/4.4/psoc creator/import/gnu/arm/5.4.1/bin/../lib/gcc/arm-none-eabi/5.4.1/../../../../arm-none-eabi/lib/armv7-m\libg_nano.a(lib_a-mprec.o)
                0x000035b4                __i2b
 .text.__multiply
                0x000035c6      0x120 c:/program files (x86)/cypress/psoc creator/4.4/psoc creator/import/gnu/arm/5.4.1/bin/../lib/gcc/arm-none-eabi/5.4.1/../../../../arm-none-eabi/lib/armv7-m\libg_nano.a(lib_a-mprec.o)
                0x000035c6                __multiply
 *fill*         0x000036e6        0x2 
 .text.__pow5mult
                0x000036e8       0x9c c:/program files (x86)/cypress/psoc creator/4.4/psoc creator/import/gnu/arm/5.4.1/bin/../lib/gcc/arm-none-eabi/5.4.1/../../../../arm-none-eabi/lib/armv7-m\libg_nano.a(lib_a-mprec.o)
                0x000036e8                __pow5mult
 .text.__lshift
                0x00003784       0xa2 c:/program files (x86)/cypress/psoc creator/4.4/psoc creator/import/gnu/arm/5.4.1/bin/../lib/gcc/arm-none-eabi/5.4.1/../../../../arm-none-eabi/lib/armv7-m\libg_nano.a(lib_a-mprec.o)
                0x00003784                __lshift
 .text.__mcmp   0x00003826       0x38 c:/program files (x86)/cypress/psoc creator/4.4/psoc creator/import/gnu/arm/5.4.1/bin/../lib/gcc/arm-none-eabi/5.4.1/../../../../arm-none-eabi/lib/armv7-m\libg_nano.a(lib_a-mprec.o)
                0x00003826                __mcmp
 .text.__mdiff  0x0000385e       0xbe c:/program files (x86)/cypress/psoc creator/4.4/psoc creator/import/gnu/arm/5.4.1/bin/../lib/gcc/arm-none-eabi/5.4.1/../../../../arm-none-eabi/lib/armv7-m\libg_nano.a(lib_a-mprec.o)
                0x0000385e                __mdiff
 .text.__d2b    0x0000391c       0x9c c:/program files (x86)/cypress/psoc creator/4.4/psoc creator/import/gnu/arm/5.4.1/bin/../lib/gcc/arm-none-eabi/5.4.1/../../../../arm-none-eabi/lib/armv7-m\libg_nano.a(lib_a-mprec.o)
                0x0000391c                __d2b
 .text._calloc_r
                0x000039b8       0x1c c:/program files (x86)/cypress/psoc creator/4.4/psoc creator/import/gnu/arm/5.4.1/bin/../lib/gcc/arm-none-eabi/5.4.1/../../../../arm-none-eabi/lib/armv7-m\libg_nano.a(lib_a-nano-callocr.o)
                0x000039b8                _calloc_r
 .text._free_r  0x000039d4       0x98 c:/program files (x86)/cypress/psoc creator/4.4/psoc creator/import/gnu/arm/5.4.1/bin/../lib/gcc/arm-none-eabi/5.4.1/../../../../arm-none-eabi/lib/armv7-m\libg_nano.a(lib_a-nano-freer.o)
                0x000039d4                _free_r
 .text._malloc_r
                0x00003a6c       0xbc c:/program files (x86)/cypress/psoc creator/4.4/psoc creator/import/gnu/arm/5.4.1/bin/../lib/gcc/arm-none-eabi/5.4.1/../../../../arm-none-eabi/lib/armv7-m\libg_nano.a(lib_a-nano-mallocr.o)
                0x00003a6c                _malloc_r
 .text.__ssputs_r
                0x00003b28       0xb2 c:/program files (x86)/cypress/psoc creator/4.4/psoc creator/import/gnu/arm/5.4.1/bin/../lib/gcc/arm-none-eabi/5.4.1/../../../../arm-none-eabi/lib/armv7-m\libg_nano.a(lib_a-nano-svfprintf.o)
                0x00003b28                __ssputs_r
 *fill*         0x00003bda        0x2 
 .text._svfprintf_r
                0x00003bdc      0x1e8 c:/program files (x86)/cypress/psoc creator/4.4/psoc creator/import/gnu/arm/5.4.1/bin/../lib/gcc/arm-none-eabi/5.4.1/../../../../arm-none-eabi/lib/armv7-m\libg_nano.a(lib_a-nano-svfprintf.o)
                0x00003bdc                _svfiprintf_r
                0x00003bdc                _svfprintf_r
 .text._sbrk_r  0x00003dc4       0x20 c:/program files (x86)/cypress/psoc creator/4.4/psoc creator/import/gnu/arm/5.4.1/bin/../lib/gcc/arm-none-eabi/5.4.1/../../../../arm-none-eabi/lib/armv7-m\libg_nano.a(lib_a-sbrkr.o)
                0x00003dc4                _sbrk_r
 .text.memmove  0x00003de4       0x36 c:/program files (x86)/cypress/psoc creator/4.4/psoc creator/import/gnu/arm/5.4.1/bin/../lib/gcc/arm-none-eabi/5.4.1/../../../../arm-none-eabi/lib/armv7-m\libg_nano.a(lib_a-memmove.o)
                0x00003de4                memmove
 .text.__malloc_lock
                0x00003e1a        0x2 c:/program files (x86)/cypress/psoc creator/4.4/psoc creator/import/gnu/arm/5.4.1/bin/../lib/gcc/arm-none-eabi/5.4.1/../../../../arm-none-eabi/lib/armv7-m\libg_nano.a(lib_a-mlock.o)
                0x00003e1a                __malloc_lock
 .text.__malloc_unlock
                0x00003e1c        0x2 c:/program files (x86)/cypress/psoc creator/4.4/psoc creator/import/gnu/arm/5.4.1/bin/../lib/gcc/arm-none-eabi/5.4.1/../../../../arm-none-eabi/lib/armv7-m\libg_nano.a(lib_a-mlock.o)
                0x00003e1c                __malloc_unlock
 .text._realloc_r
                0x00003e1e       0x4c c:/program files (x86)/cypress/psoc creator/4.4/psoc creator/import/gnu/arm/5.4.1/bin/../lib/gcc/arm-none-eabi/5.4.1/../../../../arm-none-eabi/lib/armv7-m\libg_nano.a(lib_a-nano-reallocr.o)
                0x00003e1e                _realloc_r
 .text._malloc_usable_size_r
                0x00003e6a       0x14 c:/program files (x86)/cypress/psoc creator/4.4/psoc creator/import/gnu/arm/5.4.1/bin/../lib/gcc/arm-none-eabi/5.4.1/../../../../arm-none-eabi/lib/armv7-m\libg_nano.a(lib_a-nano-msizer.o)
                0x00003e6a                _malloc_usable_size_r
 *fill*         0x00003e7e        0x2 
 .text          0x00003e80      0x110 c:/program files (x86)/cypress/psoc creator/4.4/psoc creator/import/gnu/arm/5.4.1/bin/../lib/gcc/arm-none-eabi/5.4.1/armv7-m\libgcc.a(_arm_cmpdf2.o)
                0x00003e80                __gtdf2
                0x00003e80                __gedf2
                0x00003e88                __ltdf2
                0x00003e88                __ledf2
                0x00003e90                __nedf2
                0x00003e90                __eqdf2
                0x00003e90                __cmpdf2
                0x00003f0c                __aeabi_cdrcmple
                0x00003f1c                __aeabi_cdcmpeq
                0x00003f1c                __aeabi_cdcmple
                0x00003f2c                __aeabi_dcmpeq
                0x00003f40                __aeabi_dcmplt
                0x00003f54                __aeabi_dcmple
                0x00003f68                __aeabi_dcmpge
                0x00003f7c                __aeabi_dcmpgt
 .text          0x00003f90       0x2c c:/program files (x86)/cypress/psoc creator/4.4/psoc creator/import/gnu/arm/5.4.1/bin/../lib/gcc/arm-none-eabi/5.4.1/armv7-m\libgcc.a(_arm_unorddf2.o)
                0x00003f90                __unorddf2
                0x00003f90                __aeabi_dcmpun
 .text          0x00003fbc       0x50 c:/program files (x86)/cypress/psoc creator/4.4/psoc creator/import/gnu/arm/5.4.1/bin/../lib/gcc/arm-none-eabi/5.4.1/armv7-m\libgcc.a(_arm_fixdfsi.o)
                0x00003fbc                __aeabi_d2iz
                0x00003fbc                __fixdfsi
 *(.plt)
 *(.gnu.warning)
 *(.glue_7t)
 .glue_7t       0x0000400c        0x0 linker stubs
 *(.glue_7)
 .glue_7        0x0000400c        0x0 linker stubs
 *(.vfp11_veneer)
 .vfp11_veneer  0x0000400c        0x0 linker stubs
 *(.bootloader)
 *(.ARM.extab* .gnu.linkonce.armextab.*)
 *(.gcc_except_table)

.v4_bx          0x0000400c        0x0
 .v4_bx         0x0000400c        0x0 linker stubs

.iplt           0x0000400c        0x0
 .iplt          0x0000400c        0x0 c:/program files (x86)/cypress/psoc creator/4.4/psoc creator/import/gnu/arm/5.4.1/bin/../lib/gcc/arm-none-eabi/5.4.1/armv7-m/crtbegin.o

.eh_frame_hdr
 *(.eh_frame_hdr)

.eh_frame       0x0000400c        0x4
 *(.eh_frame)
 .eh_frame      0x0000400c        0x0 c:/program files (x86)/cypress/psoc creator/4.4/psoc creator/import/gnu/arm/5.4.1/bin/../lib/gcc/arm-none-eabi/5.4.1/armv7-m/crtbegin.o
 .eh_frame      0x0000400c        0x4 c:/program files (x86)/cypress/psoc creator/4.4/psoc creator/import/gnu/arm/5.4.1/bin/../lib/gcc/arm-none-eabi/5.4.1/armv7-m/crtend.o
                [!provide]                PROVIDE (__exidx_start, .)

.ARM.exidx
 *(.ARM.exidx* .gnu.linkonce.armexidx.*)
                0x00004010                __exidx_end = .

.rodata         0x00004010      0x1f8
 *(.rodata .rodata.* .gnu.linkonce.r.*)
 .rodata.str1.4
                0x00004010       0x14 .\CortexM3\ARM_GCC_541\Debug\main.o
                                 0x11 (size before relaxing)
 .rodata        0x00004024       0x50 .\CortexM3\ARM_GCC_541\Debug\cyfitter_cfg.o
 .rodata.str1.1
                0x00004074        0x2 c:/program files (x86)/cypress/psoc creator/4.4/psoc creator/import/gnu/arm/5.4.1/bin/../lib/gcc/arm-none-eabi/5.4.1/../../../../arm-none-eabi/lib/armv7-m\libg_nano.a(lib_a-impure.o)
 .rodata.str1.1
                0x00004076       0x12 c:/program files (x86)/cypress/psoc creator/4.4/psoc creator/import/gnu/arm/5.4.1/bin/../lib/gcc/arm-none-eabi/5.4.1/../../../../arm-none-eabi/lib/armv7-m\libg_nano.a(lib_a-nano-vfprintf_float.o)
 .rodata.str1.1
                0x00004088       0x22 c:/program files (x86)/cypress/psoc creator/4.4/psoc creator/import/gnu/arm/5.4.1/bin/../lib/gcc/arm-none-eabi/5.4.1/../../../../arm-none-eabi/lib/armv7-m\libg_nano.a(lib_a-nano-vfprintf_i.o)
 .rodata.str1.1
                0x000040aa        0xd c:/program files (x86)/cypress/psoc creator/4.4/psoc creator/import/gnu/arm/5.4.1/bin/../lib/gcc/arm-none-eabi/5.4.1/../../../../arm-none-eabi/lib/armv7-m\libg_nano.a(lib_a-dtoa.o)
                                  0xf (size before relaxing)
 .rodata.str1.1
                0x000040b7        0x8 c:/program files (x86)/cypress/psoc creator/4.4/psoc creator/import/gnu/arm/5.4.1/bin/../lib/gcc/arm-none-eabi/5.4.1/../../../../arm-none-eabi/lib/armv7-m\libg_nano.a(lib_a-locale.o)
                                  0xb (size before relaxing)
 *fill*         0x000040bf        0x1 
 .rodata.__mprec_tens
                0x000040c0       0xc8 c:/program files (x86)/cypress/psoc creator/4.4/psoc creator/import/gnu/arm/5.4.1/bin/../lib/gcc/arm-none-eabi/5.4.1/../../../../arm-none-eabi/lib/armv7-m\libg_nano.a(lib_a-mprec.o)
                0x000040c0                __mprec_tens
 .rodata.p05.5408
                0x00004188        0xc c:/program files (x86)/cypress/psoc creator/4.4/psoc creator/import/gnu/arm/5.4.1/bin/../lib/gcc/arm-none-eabi/5.4.1/../../../../arm-none-eabi/lib/armv7-m\libg_nano.a(lib_a-mprec.o)
 *fill*         0x00004194        0x4 
 .rodata.__mprec_bigtens
                0x00004198       0x28 c:/program files (x86)/cypress/psoc creator/4.4/psoc creator/import/gnu/arm/5.4.1/bin/../lib/gcc/arm-none-eabi/5.4.1/../../../../arm-none-eabi/lib/armv7-m\libg_nano.a(lib_a-mprec.o)
                0x00004198                __mprec_bigtens
 .rodata.str1.1
                0x000041c0       0x11 c:/program files (x86)/cypress/psoc creator/4.4/psoc creator/import/gnu/arm/5.4.1/bin/../lib/gcc/arm-none-eabi/5.4.1/../../../../arm-none-eabi/lib/armv7-m\libg_nano.a(lib_a-nano-svfprintf.o)
                0x000041d4                . = ALIGN (0x4)
 *fill*         0x000041d1        0x3 
 *(.init)
 .init          0x000041d4        0x4 c:/program files (x86)/cypress/psoc creator/4.4/psoc creator/import/gnu/arm/5.4.1/bin/../lib/gcc/arm-none-eabi/5.4.1/armv7-m/crti.o
                0x000041d4                _init
 .init          0x000041d8        0x8 c:/program files (x86)/cypress/psoc creator/4.4/psoc creator/import/gnu/arm/5.4.1/bin/../lib/gcc/arm-none-eabi/5.4.1/armv7-m/crtn.o
                0x000041e0                . = ALIGN (0x4)
                0x000041e0                __preinit_array_start = .
 *(.preinit_array)
                0x000041e0                __preinit_array_end = .
                0x000041e0                . = ALIGN (0x4)
                0x000041e0                __init_array_start = .
 *(SORT(.init_array.*))
 *(.init_array)
 .init_array    0x000041e0        0x4 c:/program files (x86)/cypress/psoc creator/4.4/psoc creator/import/gnu/arm/5.4.1/bin/../lib/gcc/arm-none-eabi/5.4.1/armv7-m/crtbegin.o
 .init_array    0x000041e4        0x4 .\CortexM3\ARM_GCC_541\Debug\Cm3Start.o
                0x000041e8                __init_array_end = .
                0x000041e8                . = ALIGN (0x4)
 *(.fini)
 .fini          0x000041e8        0x4 c:/program files (x86)/cypress/psoc creator/4.4/psoc creator/import/gnu/arm/5.4.1/bin/../lib/gcc/arm-none-eabi/5.4.1/armv7-m/crti.o
                0x000041e8                _fini
 .fini          0x000041ec        0x8 c:/program files (x86)/cypress/psoc creator/4.4/psoc creator/import/gnu/arm/5.4.1/bin/../lib/gcc/arm-none-eabi/5.4.1/armv7-m/crtn.o
                0x000041f4                . = ALIGN (0x4)
                0x000041f4                __fini_array_start = .
 *(.fini_array)
 .fini_array    0x000041f4        0x4 c:/program files (x86)/cypress/psoc creator/4.4/psoc creator/import/gnu/arm/5.4.1/bin/../lib/gcc/arm-none-eabi/5.4.1/armv7-m/crtbegin.o
 *(SORT(.fini_array.*))
                0x000041f8                __fini_array_end = .
                0x000041f8                . = ALIGN (0x4)
 *crtbegin.o(.ctors)
 *(EXCLUDE_FILE(*crtend.o) .ctors)
 *(SORT(.ctors.*))
 *crtend.o(.ctors)
                0x000041f8                . = ALIGN (0x4)
 *crtbegin.o(.dtors)
 *(EXCLUDE_FILE(*crtend.o) .dtors)
 *(SORT(.dtors.*))
 *crtend.o(.dtors)
                0x000041f8                . = ALIGN (0x4)
                0x000041f8                __cy_regions = .
                0x000041f8        0x4 LONG 0x4208 __cy_region_init_ram
                0x000041fc        0x4 LONG 0x1fff80c8 __cy_region_start_data
                0x00004200        0x4 LONG 0xd0 __cy_region_init_size_ram
                0x00004204        0x4 LONG 0xd8 __cy_region_zero_size_ram
                0x00004208                __cy_regions_end = .
                0x00004208                . = ALIGN (0x8)
                0x00004208                _etext = .

.cy_checksum_exclude
                0x00004208        0x0
 *(.cy_checksum_exclude)

.ramvectors     0x1fff8000       0xc0
                0x1fff8000                __cy_region_start_ram = .
 *(.ramvectors)
 .ramvectors    0x1fff8000       0xc0 .\CortexM3\ARM_GCC_541\Debug\Cm3Start.o
                0x1fff8000                CyRamVectors

.noinit         0x1fff80c0        0x1
 *(.noinit)
 .noinit        0x1fff80c0        0x1 .\CortexM3\ARM_GCC_541\Debug\Design01.a(CyLib.o)
                0x1fff80c0                CyResetStatus

.data           0x1fff80c8       0xd0 load address 0x00004208
                0x1fff80c8                __cy_region_start_data = .
 *(.jcr)
 .jcr           0x1fff80c8        0x0 c:/program files (x86)/cypress/psoc creator/4.4/psoc creator/import/gnu/arm/5.4.1/bin/../lib/gcc/arm-none-eabi/5.4.1/armv7-m/crtbegin.o
 .jcr           0x1fff80c8        0x4 c:/program files (x86)/cypress/psoc creator/4.4/psoc creator/import/gnu/arm/5.4.1/bin/../lib/gcc/arm-none-eabi/5.4.1/armv7-m/crtend.o
 *(.got.plt)
 *(.got)
 *(.shdata)
 *(.data .data.* .gnu.linkonce.d.*)
 *fill*         0x1fff80cc        0x4 
 .data          0x1fff80d0       0x18 .\CortexM3\ARM_GCC_541\Debug\main.o
                0x1fff80d0                K_p
                0x1fff80d8                PWM_Master
                0x1fff80dc                PWM_Slave
                0x1fff80e0                timer_period
 .data          0x1fff80e8        0x4 .\CortexM3\ARM_GCC_541\Debug\Cm3Start.o
 .data          0x1fff80ec       0x10 .\CortexM3\ARM_GCC_541\Debug\Design01.a(CyLib.o)
                0x1fff80ec                cydelay_32k_ms
                0x1fff80f0                cydelay_freq_khz
                0x1fff80f4                cydelay_freq_mhz
                0x1fff80f8                cydelay_freq_hz
 .data.impure_data
                0x1fff80fc       0x60 c:/program files (x86)/cypress/psoc creator/4.4/psoc creator/import/gnu/arm/5.4.1/bin/../lib/gcc/arm-none-eabi/5.4.1/../../../../arm-none-eabi/lib/armv7-m\libg_nano.a(lib_a-impure.o)
 .data._impure_ptr
                0x1fff815c        0x4 c:/program files (x86)/cypress/psoc creator/4.4/psoc creator/import/gnu/arm/5.4.1/bin/../lib/gcc/arm-none-eabi/5.4.1/../../../../arm-none-eabi/lib/armv7-m\libg_nano.a(lib_a-impure.o)
                0x1fff815c                _impure_ptr
 .data.lconv    0x1fff8160       0x38 c:/program files (x86)/cypress/psoc creator/4.4/psoc creator/import/gnu/arm/5.4.1/bin/../lib/gcc/arm-none-eabi/5.4.1/../../../../arm-none-eabi/lib/armv7-m\libg_nano.a(lib_a-locale.o)
                0x1fff8198                . = ALIGN (0x8)
 *(.ram)
                0x1fff8198                _edata = .

.igot.plt       0x1fff8198        0x0 load address 0x000042d8
 .igot.plt      0x1fff8198        0x0 c:/program files (x86)/cypress/psoc creator/4.4/psoc creator/import/gnu/arm/5.4.1/bin/../lib/gcc/arm-none-eabi/5.4.1/armv7-m/crtbegin.o

.bss            0x1fff8198       0xd8 load address 0x000042d8
                0x1fff8198                PROVIDE (__bss_start__, .)
 *(.shbss)
 *(.bss .bss.* .gnu.linkonce.b.*)
 .bss           0x1fff8198       0x1c c:/program files (x86)/cypress/psoc creator/4.4/psoc creator/import/gnu/arm/5.4.1/bin/../lib/gcc/arm-none-eabi/5.4.1/armv7-m/crtbegin.o
 *fill*         0x1fff81b4        0x4 
 .bss           0x1fff81b8       0x60 .\CortexM3\ARM_GCC_541\Debug\main.o
                0x1fff81b8                is_moving
                0x1fff81bc                Count_Master
                0x1fff81c0                Count_Slave
                0x1fff81c8                error
                0x1fff81d0                last_error
                0x1fff81d8                front_det_count
                0x1fff81dc                direction
                0x1fff81e0                y_coord
                0x1fff81e8                x_coord
                0x1fff81f0                step
                0x1fff81f4                right_measured
                0x1fff81f8                K_d
                0x1fff8200                K_i
                0x1fff8208                derivative_error
                0x1fff8210                accumulated_error
 .bss           0x1fff8218        0x1 .\CortexM3\ARM_GCC_541\Debug\Design01.a(QuadDec_1.o)
                0x1fff8218                QuadDec_1_initVar
 .bss           0x1fff8219        0x1 .\CortexM3\ARM_GCC_541\Debug\Design01.a(QuadDec_1_Cnt16.o)
                0x1fff8219                QuadDec_1_Cnt16_initVar
 .bss           0x1fff821a        0x2 .\CortexM3\ARM_GCC_541\Debug\Design01.a(UART_1.o)
                0x1fff821a                UART_1_initVar
 .bss           0x1fff821c        0x1 .\CortexM3\ARM_GCC_541\Debug\Design01.a(QuadDec_2.o)
                0x1fff821c                QuadDec_2_initVar
 .bss           0x1fff821d        0x1 .\CortexM3\ARM_GCC_541\Debug\Design01.a(QuadDec_2_Cnt16.o)
                0x1fff821d                QuadDec_2_Cnt16_initVar
 .bss           0x1fff821e        0x1 .\CortexM3\ARM_GCC_541\Debug\Design01.a(PWM_Master.o)
                0x1fff821e                PWM_Master_initVar
 .bss           0x1fff821f        0x1 .\CortexM3\ARM_GCC_541\Debug\Design01.a(PWM_Slave.o)
                0x1fff821f                PWM_Slave_initVar
 .bss           0x1fff8220        0x1 .\CortexM3\ARM_GCC_541\Debug\Design01.a(Timer_1.o)
                0x1fff8220                Timer_1_initVar
 .bss           0x1fff8221        0x1 .\CortexM3\ARM_GCC_541\Debug\Design01.a(Timer_2.o)
                0x1fff8221                Timer_2_initVar
 *fill*         0x1fff8222        0x2 
 .bss.__malloc_sbrk_start
                0x1fff8224        0x4 c:/program files (x86)/cypress/psoc creator/4.4/psoc creator/import/gnu/arm/5.4.1/bin/../lib/gcc/arm-none-eabi/5.4.1/../../../../arm-none-eabi/lib/armv7-m\libg_nano.a(lib_a-nano-mallocr.o)
                0x1fff8224                __malloc_sbrk_start
 .bss.__malloc_free_list
                0x1fff8228        0x4 c:/program files (x86)/cypress/psoc creator/4.4/psoc creator/import/gnu/arm/5.4.1/bin/../lib/gcc/arm-none-eabi/5.4.1/../../../../arm-none-eabi/lib/armv7-m\libg_nano.a(lib_a-nano-mallocr.o)
                0x1fff8228                __malloc_free_list
 *(COMMON)
 COMMON         0x1fff822c       0x40 .\CortexM3\ARM_GCC_541\Debug\main.o
                0x1fff822c                string_3
                0x1fff8240                string_1
                0x1fff8254                front_measured_1
                0x1fff8258                string_2
 COMMON         0x1fff826c        0x4 c:/program files (x86)/cypress/psoc creator/4.4/psoc creator/import/gnu/arm/5.4.1/bin/../lib/gcc/arm-none-eabi/5.4.1/../../../../arm-none-eabi/lib/armv7-m\libg_nano.a(lib_a-reent.o)
                0x1fff826c                errno
                0x1fff8270                . = ALIGN (0x8)
 *(.ram.b)
                0x1fff8270                _end = .
                0x1fff8270                __end = .
                0x1fff8270                PROVIDE (end, .)
                0x1fff8270                PROVIDE (__bss_end__, .)
                0x00004208                __cy_region_init_ram = LOADADDR (.data)
                0x000000d0                __cy_region_init_size_ram = (_edata - ADDR (.data))
                0x000000d8                __cy_region_zero_size_ram = (_end - _edata)

.heap           0x1fff8270      0x200 load address 0x000042d8
                0x1fff8270                . = _end
                0x1fff8470                . = (. + 0x200)
 *fill*         0x1fff8270      0x200 
                0x1fff8470                __cy_heap_limit = .

.stack          0x20007800      0x800
                0x20007800                __cy_stack_limit = .
                0x20008000                . = (. + 0x800)
 *fill*         0x20007800      0x800 
                0x00000001                ASSERT ((__cy_stack_limit >= __cy_heap_limit), region RAM overflowed with stack)
                0x00000000                cy_checksum_exclude_size = (CY_APPL_LOADABLE == 0x1)?SIZEOF (.cy_checksum_exclude):0x0
                0x00000001                ASSERT ((cy_checksum_exclude_size <= CY_CHECKSUM_EXCLUDE_SIZE), CY_BOOT: Section .cy_checksum_exclude size exceedes specified limit.)

.cyloadermeta
 *(.cyloadermeta)

.cyloadablemeta
 *(.cyloadablemeta)

.cyconfigecc    0x80000000     0x1198
 *(.cyconfigecc)
 .cyconfigecc   0x80000000     0x1198 .\CortexM3\ARM_GCC_541\Debug\cymetadata.o
                0x80000000                cy_meta_configecc

.cycustnvl      0x90000000        0x4
 *(.cycustnvl)
 .cycustnvl     0x90000000        0x4 .\CortexM3\ARM_GCC_541\Debug\cymetadata.o
                0x90000000                cy_meta_custnvl

.cywolatch      0x90100000        0x4
 *(.cywolatch)
 .cywolatch     0x90100000        0x4 .\CortexM3\ARM_GCC_541\Debug\cymetadata.o
                0x90100000                cy_meta_wonvl

.cyeeprom       0x90200000        0x0
 *(.cyeeprom)
                0x00000001                ASSERT ((. <= ((0x90200000 + ee_offset) + ee_size)), .cyeeprom data will not fit in EEPROM)

.cyflashprotect
                0x90400000      0x100
 *(.cyflashprotect)
 .cyflashprotect
                0x90400000      0x100 .\CortexM3\ARM_GCC_541\Debug\cymetadata.o
                0x90400000                cy_meta_flashprotect

.cymeta         0x90500000        0xc
 *(.cymeta)
 .cymeta        0x90500000        0xc .\CortexM3\ARM_GCC_541\Debug\cymetadata.o
                0x90500000                cy_metadata

.rel.dyn        0x000042d8        0x0 load address 0x9050000c
 .rel.iplt      0x000042d8        0x0 c:/program files (x86)/cypress/psoc creator/4.4/psoc creator/import/gnu/arm/5.4.1/bin/../lib/gcc/arm-none-eabi/5.4.1/armv7-m/crtbegin.o

.stab
 *(.stab)

.stabstr
 *(.stabstr)

.debug
 *(.debug)

.line
 *(.line)

.debug_srcinfo
 *(.debug_srcinfo)

.debug_sfnames
 *(.debug_sfnames)

.debug_aranges  0x00000000      0xd98
 *(.debug_aranges)
 .debug_aranges
                0x00000000       0x70 .\CortexM3\ARM_GCC_541\Debug\main.o
 .debug_aranges
                0x00000070       0x58 .\CortexM3\ARM_GCC_541\Debug\cyfitter_cfg.o
 .debug_aranges
                0x000000c8       0x18 .\CortexM3\ARM_GCC_541\Debug\cymetadata.o
 .debug_aranges
                0x000000e0       0x48 .\CortexM3\ARM_GCC_541\Debug\Cm3Start.o
 .debug_aranges
                0x00000128       0x38 .\CortexM3\ARM_GCC_541\Debug\Design01.a(Motor_1_IN_1.o)
 .debug_aranges
                0x00000160       0x38 .\CortexM3\ARM_GCC_541\Debug\Design01.a(Motor_1_IN_2.o)
 .debug_aranges
                0x00000198      0x2a0 .\CortexM3\ARM_GCC_541\Debug\Design01.a(CyLib.o)
 .debug_aranges
                0x00000438       0x98 .\CortexM3\ARM_GCC_541\Debug\Design01.a(cyPm.o)
 .debug_aranges
                0x000004d0       0x60 .\CortexM3\ARM_GCC_541\Debug\Design01.a(QuadDec_1.o)
 .debug_aranges
                0x00000530       0x98 .\CortexM3\ARM_GCC_541\Debug\Design01.a(QuadDec_1_Cnt16.o)
 .debug_aranges
                0x000005c8       0xf0 .\CortexM3\ARM_GCC_541\Debug\Design01.a(UART_1.o)
 .debug_aranges
                0x000006b8       0x70 .\CortexM3\ARM_GCC_541\Debug\Design01.a(UART_1_IntClock.o)
 .debug_aranges
                0x00000728       0x60 .\CortexM3\ARM_GCC_541\Debug\Design01.a(QuadDec_2.o)
 .debug_aranges
                0x00000788       0x98 .\CortexM3\ARM_GCC_541\Debug\Design01.a(QuadDec_2_Cnt16.o)
 .debug_aranges
                0x00000820       0x38 .\CortexM3\ARM_GCC_541\Debug\Design01.a(Motor_2_IN_3.o)
 .debug_aranges
                0x00000858       0x38 .\CortexM3\ARM_GCC_541\Debug\Design01.a(Motor_2_IN_4.o)
 .debug_aranges
                0x00000890       0x78 .\CortexM3\ARM_GCC_541\Debug\Design01.a(PWM_Master.o)
 .debug_aranges
                0x00000908       0x78 .\CortexM3\ARM_GCC_541\Debug\Design01.a(PWM_Slave.o)
 .debug_aranges
                0x00000980       0x90 .\CortexM3\ARM_GCC_541\Debug\Design01.a(Timer_1.o)
 .debug_aranges
                0x00000a10       0x80 .\CortexM3\ARM_GCC_541\Debug\Design01.a(isr_1.o)
 .debug_aranges
                0x00000a90       0x98 .\CortexM3\ARM_GCC_541\Debug\Design01.a(Timer_2.o)
 .debug_aranges
                0x00000b28       0x80 .\CortexM3\ARM_GCC_541\Debug\Design01.a(isr_2.o)
 .debug_aranges
                0x00000ba8       0x38 .\CortexM3\ARM_GCC_541\Debug\Design01.a(Front_Trigger.o)
 .debug_aranges
                0x00000be0       0x38 .\CortexM3\ARM_GCC_541\Debug\Design01.a(Front_Echo.o)
 .debug_aranges
                0x00000c18       0x38 .\CortexM3\ARM_GCC_541\Debug\Design01.a(Right_Echo.o)
 .debug_aranges
                0x00000c50       0x20 .\CortexM3\ARM_GCC_541\Debug\Design01.a(CyBootAsmGnu.o)
 .debug_aranges
                0x00000c70       0x88 .\CortexM3\ARM_GCC_541\Debug\Design01.a(CyFlash.o)
 .debug_aranges
                0x00000cf8       0x80 .\CortexM3\ARM_GCC_541\Debug\Design01.a(CySpc.o)
 .debug_aranges
                0x00000d78       0x20 .\CortexM3\ARM_GCC_541\Debug\Design01.a(cyutils.o)

.debug_pubnames
 *(.debug_pubnames)

.debug_info     0x00000000     0x6e5b
 *(.debug_info .gnu.linkonce.wi.*)
 .debug_info    0x00000000      0xaf2 .\CortexM3\ARM_GCC_541\Debug\main.o
 .debug_info    0x00000af2      0x603 .\CortexM3\ARM_GCC_541\Debug\cyfitter_cfg.o
 .debug_info    0x000010f5      0x139 .\CortexM3\ARM_GCC_541\Debug\cymetadata.o
 .debug_info    0x0000122e      0x3bb .\CortexM3\ARM_GCC_541\Debug\Cm3Start.o
 .debug_info    0x000015e9      0x11f .\CortexM3\ARM_GCC_541\Debug\Design01.a(Motor_1_IN_1.o)
 .debug_info    0x00001708      0x11f .\CortexM3\ARM_GCC_541\Debug\Design01.a(Motor_1_IN_2.o)
 .debug_info    0x00001827     0x1374 .\CortexM3\ARM_GCC_541\Debug\Design01.a(CyLib.o)
 .debug_info    0x00002b9b      0xa2a .\CortexM3\ARM_GCC_541\Debug\Design01.a(cyPm.o)
 .debug_info    0x000035c5      0x2d4 .\CortexM3\ARM_GCC_541\Debug\Design01.a(QuadDec_1.o)
 .debug_info    0x00003899      0x348 .\CortexM3\ARM_GCC_541\Debug\Design01.a(QuadDec_1_Cnt16.o)
 .debug_info    0x00003be1      0x60c .\CortexM3\ARM_GCC_541\Debug\Design01.a(UART_1.o)
 .debug_info    0x000041ed      0x283 .\CortexM3\ARM_GCC_541\Debug\Design01.a(UART_1_IntClock.o)
 .debug_info    0x00004470      0x2d4 .\CortexM3\ARM_GCC_541\Debug\Design01.a(QuadDec_2.o)
 .debug_info    0x00004744      0x348 .\CortexM3\ARM_GCC_541\Debug\Design01.a(QuadDec_2_Cnt16.o)
 .debug_info    0x00004a8c      0x11f .\CortexM3\ARM_GCC_541\Debug\Design01.a(Motor_2_IN_3.o)
 .debug_info    0x00004bab      0x11f .\CortexM3\ARM_GCC_541\Debug\Design01.a(Motor_2_IN_4.o)
 .debug_info    0x00004cca      0x281 .\CortexM3\ARM_GCC_541\Debug\Design01.a(PWM_Master.o)
 .debug_info    0x00004f4b      0x281 .\CortexM3\ARM_GCC_541\Debug\Design01.a(PWM_Slave.o)
 .debug_info    0x000051cc      0x334 .\CortexM3\ARM_GCC_541\Debug\Design01.a(Timer_1.o)
 .debug_info    0x00005500      0x2d2 .\CortexM3\ARM_GCC_541\Debug\Design01.a(isr_1.o)
 .debug_info    0x000057d2      0x328 .\CortexM3\ARM_GCC_541\Debug\Design01.a(Timer_2.o)
 .debug_info    0x00005afa      0x2d2 .\CortexM3\ARM_GCC_541\Debug\Design01.a(isr_2.o)
 .debug_info    0x00005dcc      0x11f .\CortexM3\ARM_GCC_541\Debug\Design01.a(Front_Trigger.o)
 .debug_info    0x00005eeb      0x11f .\CortexM3\ARM_GCC_541\Debug\Design01.a(Front_Echo.o)
 .debug_info    0x0000600a      0x11f .\CortexM3\ARM_GCC_541\Debug\Design01.a(Right_Echo.o)
 .debug_info    0x00006129       0xa7 .\CortexM3\ARM_GCC_541\Debug\Design01.a(CyBootAsmGnu.o)
 .debug_info    0x000061d0      0x64d .\CortexM3\ARM_GCC_541\Debug\Design01.a(CyFlash.o)
 .debug_info    0x0000681d      0x550 .\CortexM3\ARM_GCC_541\Debug\Design01.a(CySpc.o)
 .debug_info    0x00006d6d       0xee .\CortexM3\ARM_GCC_541\Debug\Design01.a(cyutils.o)

.debug_abbrev   0x00000000     0x2157
 *(.debug_abbrev)
 .debug_abbrev  0x00000000      0x1dc .\CortexM3\ARM_GCC_541\Debug\main.o
 .debug_abbrev  0x000001dc      0x20d .\CortexM3\ARM_GCC_541\Debug\cyfitter_cfg.o
 .debug_abbrev  0x000003e9       0x77 .\CortexM3\ARM_GCC_541\Debug\cymetadata.o
 .debug_abbrev  0x00000460      0x1e8 .\CortexM3\ARM_GCC_541\Debug\Cm3Start.o
 .debug_abbrev  0x00000648       0x90 .\CortexM3\ARM_GCC_541\Debug\Design01.a(Motor_1_IN_1.o)
 .debug_abbrev  0x000006d8       0x90 .\CortexM3\ARM_GCC_541\Debug\Design01.a(Motor_1_IN_2.o)
 .debug_abbrev  0x00000768      0x254 .\CortexM3\ARM_GCC_541\Debug\Design01.a(CyLib.o)
 .debug_abbrev  0x000009bc      0x1ab .\CortexM3\ARM_GCC_541\Debug\Design01.a(cyPm.o)
 .debug_abbrev  0x00000b67      0x151 .\CortexM3\ARM_GCC_541\Debug\Design01.a(QuadDec_1.o)
 .debug_abbrev  0x00000cb8      0x117 .\CortexM3\ARM_GCC_541\Debug\Design01.a(QuadDec_1_Cnt16.o)
 .debug_abbrev  0x00000dcf      0x175 .\CortexM3\ARM_GCC_541\Debug\Design01.a(UART_1.o)
 .debug_abbrev  0x00000f44      0x139 .\CortexM3\ARM_GCC_541\Debug\Design01.a(UART_1_IntClock.o)
 .debug_abbrev  0x0000107d      0x151 .\CortexM3\ARM_GCC_541\Debug\Design01.a(QuadDec_2.o)
 .debug_abbrev  0x000011ce      0x117 .\CortexM3\ARM_GCC_541\Debug\Design01.a(QuadDec_2_Cnt16.o)
 .debug_abbrev  0x000012e5       0x90 .\CortexM3\ARM_GCC_541\Debug\Design01.a(Motor_2_IN_3.o)
 .debug_abbrev  0x00001375       0x90 .\CortexM3\ARM_GCC_541\Debug\Design01.a(Motor_2_IN_4.o)
 .debug_abbrev  0x00001405      0x12d .\CortexM3\ARM_GCC_541\Debug\Design01.a(PWM_Master.o)
 .debug_abbrev  0x00001532      0x12d .\CortexM3\ARM_GCC_541\Debug\Design01.a(PWM_Slave.o)
 .debug_abbrev  0x0000165f      0x14b .\CortexM3\ARM_GCC_541\Debug\Design01.a(Timer_1.o)
 .debug_abbrev  0x000017aa      0x173 .\CortexM3\ARM_GCC_541\Debug\Design01.a(isr_1.o)
 .debug_abbrev  0x0000191d      0x13a .\CortexM3\ARM_GCC_541\Debug\Design01.a(Timer_2.o)
 .debug_abbrev  0x00001a57      0x173 .\CortexM3\ARM_GCC_541\Debug\Design01.a(isr_2.o)
 .debug_abbrev  0x00001bca       0x90 .\CortexM3\ARM_GCC_541\Debug\Design01.a(Front_Trigger.o)
 .debug_abbrev  0x00001c5a       0x90 .\CortexM3\ARM_GCC_541\Debug\Design01.a(Front_Echo.o)
 .debug_abbrev  0x00001cea       0x90 .\CortexM3\ARM_GCC_541\Debug\Design01.a(Right_Echo.o)
 .debug_abbrev  0x00001d7a       0x14 .\CortexM3\ARM_GCC_541\Debug\Design01.a(CyBootAsmGnu.o)
 .debug_abbrev  0x00001d8e      0x1a7 .\CortexM3\ARM_GCC_541\Debug\Design01.a(CyFlash.o)
 .debug_abbrev  0x00001f35      0x194 .\CortexM3\ARM_GCC_541\Debug\Design01.a(CySpc.o)
 .debug_abbrev  0x000020c9       0x8e .\CortexM3\ARM_GCC_541\Debug\Design01.a(cyutils.o)

.debug_line     0x00000000     0x2ff9
 *(.debug_line)
 .debug_line    0x00000000      0x434 .\CortexM3\ARM_GCC_541\Debug\main.o
 .debug_line    0x00000434      0x206 .\CortexM3\ARM_GCC_541\Debug\cyfitter_cfg.o
 .debug_line    0x0000063a      0x141 .\CortexM3\ARM_GCC_541\Debug\cymetadata.o
 .debug_line    0x0000077b      0x234 .\CortexM3\ARM_GCC_541\Debug\Cm3Start.o
 .debug_line    0x000009af       0x99 .\CortexM3\ARM_GCC_541\Debug\Design01.a(Motor_1_IN_1.o)
 .debug_line    0x00000a48       0x99 .\CortexM3\ARM_GCC_541\Debug\Design01.a(Motor_1_IN_2.o)
 .debug_line    0x00000ae1      0x816 .\CortexM3\ARM_GCC_541\Debug\Design01.a(CyLib.o)
 .debug_line    0x000012f7      0x367 .\CortexM3\ARM_GCC_541\Debug\Design01.a(cyPm.o)
 .debug_line    0x0000165e      0x11e .\CortexM3\ARM_GCC_541\Debug\Design01.a(QuadDec_1.o)
 .debug_line    0x0000177c      0x18f .\CortexM3\ARM_GCC_541\Debug\Design01.a(QuadDec_1_Cnt16.o)
 .debug_line    0x0000190b      0x2c0 .\CortexM3\ARM_GCC_541\Debug\Design01.a(UART_1.o)
 .debug_line    0x00001bcb      0x17e .\CortexM3\ARM_GCC_541\Debug\Design01.a(UART_1_IntClock.o)
 .debug_line    0x00001d49      0x11e .\CortexM3\ARM_GCC_541\Debug\Design01.a(QuadDec_2.o)
 .debug_line    0x00001e67      0x18f .\CortexM3\ARM_GCC_541\Debug\Design01.a(QuadDec_2_Cnt16.o)
 .debug_line    0x00001ff6       0x99 .\CortexM3\ARM_GCC_541\Debug\Design01.a(Motor_2_IN_3.o)
 .debug_line    0x0000208f       0x99 .\CortexM3\ARM_GCC_541\Debug\Design01.a(Motor_2_IN_4.o)
 .debug_line    0x00002128      0x138 .\CortexM3\ARM_GCC_541\Debug\Design01.a(PWM_Master.o)
 .debug_line    0x00002260      0x137 .\CortexM3\ARM_GCC_541\Debug\Design01.a(PWM_Slave.o)
 .debug_line    0x00002397      0x172 .\CortexM3\ARM_GCC_541\Debug\Design01.a(Timer_1.o)
 .debug_line    0x00002509      0x132 .\CortexM3\ARM_GCC_541\Debug\Design01.a(isr_1.o)
 .debug_line    0x0000263b      0x184 .\CortexM3\ARM_GCC_541\Debug\Design01.a(Timer_2.o)
 .debug_line    0x000027bf      0x132 .\CortexM3\ARM_GCC_541\Debug\Design01.a(isr_2.o)
 .debug_line    0x000028f1       0x9a .\CortexM3\ARM_GCC_541\Debug\Design01.a(Front_Trigger.o)
 .debug_line    0x0000298b       0x97 .\CortexM3\ARM_GCC_541\Debug\Design01.a(Front_Echo.o)
 .debug_line    0x00002a22       0x97 .\CortexM3\ARM_GCC_541\Debug\Design01.a(Right_Echo.o)
 .debug_line    0x00002ab9       0x66 .\CortexM3\ARM_GCC_541\Debug\Design01.a(CyBootAsmGnu.o)
 .debug_line    0x00002b1f      0x21a .\CortexM3\ARM_GCC_541\Debug\Design01.a(CyFlash.o)
 .debug_line    0x00002d39      0x260 .\CortexM3\ARM_GCC_541\Debug\Design01.a(CySpc.o)
 .debug_line    0x00002f99       0x60 .\CortexM3\ARM_GCC_541\Debug\Design01.a(cyutils.o)

.debug_frame    0x00000000     0x2748
 *(.debug_frame)
 .debug_frame   0x00000000      0x15c .\CortexM3\ARM_GCC_541\Debug\main.o
 .debug_frame   0x0000015c       0xe4 .\CortexM3\ARM_GCC_541\Debug\cyfitter_cfg.o
 .debug_frame   0x00000240       0xb8 .\CortexM3\ARM_GCC_541\Debug\Cm3Start.o
 .debug_frame   0x000002f8       0x50 .\CortexM3\ARM_GCC_541\Debug\Design01.a(Motor_1_IN_1.o)
 .debug_frame   0x00000348       0x50 .\CortexM3\ARM_GCC_541\Debug\Design01.a(Motor_1_IN_2.o)
 .debug_frame   0x00000398      0x738 .\CortexM3\ARM_GCC_541\Debug\Design01.a(CyLib.o)
 .debug_frame   0x00000ad0      0x1f8 .\CortexM3\ARM_GCC_541\Debug\Design01.a(cyPm.o)
 .debug_frame   0x00000cc8       0xdc .\CortexM3\ARM_GCC_541\Debug\Design01.a(QuadDec_1.o)
 .debug_frame   0x00000da4      0x134 .\CortexM3\ARM_GCC_541\Debug\Design01.a(QuadDec_1_Cnt16.o)
 .debug_frame   0x00000ed8      0x250 .\CortexM3\ARM_GCC_541\Debug\Design01.a(UART_1.o)
 .debug_frame   0x00001128       0xe0 .\CortexM3\ARM_GCC_541\Debug\Design01.a(UART_1_IntClock.o)
 .debug_frame   0x00001208       0xdc .\CortexM3\ARM_GCC_541\Debug\Design01.a(QuadDec_2.o)
 .debug_frame   0x000012e4      0x134 .\CortexM3\ARM_GCC_541\Debug\Design01.a(QuadDec_2_Cnt16.o)
 .debug_frame   0x00001418       0x50 .\CortexM3\ARM_GCC_541\Debug\Design01.a(Motor_2_IN_3.o)
 .debug_frame   0x00001468       0x50 .\CortexM3\ARM_GCC_541\Debug\Design01.a(Motor_2_IN_4.o)
 .debug_frame   0x000014b8       0xe8 .\CortexM3\ARM_GCC_541\Debug\Design01.a(PWM_Master.o)
 .debug_frame   0x000015a0       0xe8 .\CortexM3\ARM_GCC_541\Debug\Design01.a(PWM_Slave.o)
 .debug_frame   0x00001688      0x13c .\CortexM3\ARM_GCC_541\Debug\Design01.a(Timer_1.o)
 .debug_frame   0x000017c4      0x104 .\CortexM3\ARM_GCC_541\Debug\Design01.a(isr_1.o)
 .debug_frame   0x000018c8      0x134 .\CortexM3\ARM_GCC_541\Debug\Design01.a(Timer_2.o)
 .debug_frame   0x000019fc      0x104 .\CortexM3\ARM_GCC_541\Debug\Design01.a(isr_2.o)
 .debug_frame   0x00001b00       0x50 .\CortexM3\ARM_GCC_541\Debug\Design01.a(Front_Trigger.o)
 .debug_frame   0x00001b50       0x50 .\CortexM3\ARM_GCC_541\Debug\Design01.a(Front_Echo.o)
 .debug_frame   0x00001ba0       0x50 .\CortexM3\ARM_GCC_541\Debug\Design01.a(Right_Echo.o)
 .debug_frame   0x00001bf0      0x194 .\CortexM3\ARM_GCC_541\Debug\Design01.a(CyFlash.o)
 .debug_frame   0x00001d84      0x180 .\CortexM3\ARM_GCC_541\Debug\Design01.a(CySpc.o)
 .debug_frame   0x00001f04       0x20 .\CortexM3\ARM_GCC_541\Debug\Design01.a(cyutils.o)
 .debug_frame   0x00001f24       0x20 c:/program files (x86)/cypress/psoc creator/4.4/psoc creator/import/gnu/arm/5.4.1/bin/../lib/gcc/arm-none-eabi/5.4.1/../../../../arm-none-eabi/lib/armv7-m\libg_nano.a(lib_a-errno.o)
 .debug_frame   0x00001f44       0x28 c:/program files (x86)/cypress/psoc creator/4.4/psoc creator/import/gnu/arm/5.4.1/bin/../lib/gcc/arm-none-eabi/5.4.1/../../../../arm-none-eabi/lib/armv7-m\libg_nano.a(lib_a-exit.o)
 .debug_frame   0x00001f6c       0x2c c:/program files (x86)/cypress/psoc creator/4.4/psoc creator/import/gnu/arm/5.4.1/bin/../lib/gcc/arm-none-eabi/5.4.1/../../../../arm-none-eabi/lib/armv7-m\libg_nano.a(lib_a-init.o)
 .debug_frame   0x00001f98       0x28 c:/program files (x86)/cypress/psoc creator/4.4/psoc creator/import/gnu/arm/5.4.1/bin/../lib/gcc/arm-none-eabi/5.4.1/../../../../arm-none-eabi/lib/armv7-m\libg_nano.a(lib_a-memcpy-stub.o)
 .debug_frame   0x00001fc0       0x20 c:/program files (x86)/cypress/psoc creator/4.4/psoc creator/import/gnu/arm/5.4.1/bin/../lib/gcc/arm-none-eabi/5.4.1/../../../../arm-none-eabi/lib/armv7-m\libg_nano.a(lib_a-memset.o)
 .debug_frame   0x00001fe0       0x8c c:/program files (x86)/cypress/psoc creator/4.4/psoc creator/import/gnu/arm/5.4.1/bin/../lib/gcc/arm-none-eabi/5.4.1/../../../../arm-none-eabi/lib/armv7-m\libg_nano.a(lib_a-nano-vfprintf_float.o)
 .debug_frame   0x0000206c       0x60 c:/program files (x86)/cypress/psoc creator/4.4/psoc creator/import/gnu/arm/5.4.1/bin/../lib/gcc/arm-none-eabi/5.4.1/../../../../arm-none-eabi/lib/armv7-m\libg_nano.a(lib_a-nano-vfprintf_i.o)
 .debug_frame   0x000020cc       0x70 c:/program files (x86)/cypress/psoc creator/4.4/psoc creator/import/gnu/arm/5.4.1/bin/../lib/gcc/arm-none-eabi/5.4.1/../../../../arm-none-eabi/lib/armv7-m\libg_nano.a(lib_a-sprintf.o)
 .debug_frame   0x0000213c       0x6c c:/program files (x86)/cypress/psoc creator/4.4/psoc creator/import/gnu/arm/5.4.1/bin/../lib/gcc/arm-none-eabi/5.4.1/../../../../arm-none-eabi/lib/armv7-m\libg_nano.a(lib_a-dtoa.o)
 .debug_frame   0x000021a8       0x98 c:/program files (x86)/cypress/psoc creator/4.4/psoc creator/import/gnu/arm/5.4.1/bin/../lib/gcc/arm-none-eabi/5.4.1/../../../../arm-none-eabi/lib/armv7-m\libg_nano.a(lib_a-locale.o)
 .debug_frame   0x00002240       0x30 c:/program files (x86)/cypress/psoc creator/4.4/psoc creator/import/gnu/arm/5.4.1/bin/../lib/gcc/arm-none-eabi/5.4.1/../../../../arm-none-eabi/lib/armv7-m\libg_nano.a(lib_a-malloc.o)
 .debug_frame   0x00002270       0x28 c:/program files (x86)/cypress/psoc creator/4.4/psoc creator/import/gnu/arm/5.4.1/bin/../lib/gcc/arm-none-eabi/5.4.1/../../../../arm-none-eabi/lib/armv7-m\libg_nano.a(lib_a-memchr-stub.o)
 .debug_frame   0x00002298      0x234 c:/program files (x86)/cypress/psoc creator/4.4/psoc creator/import/gnu/arm/5.4.1/bin/../lib/gcc/arm-none-eabi/5.4.1/../../../../arm-none-eabi/lib/armv7-m\libg_nano.a(lib_a-mprec.o)
 .debug_frame   0x000024cc       0x2c c:/program files (x86)/cypress/psoc creator/4.4/psoc creator/import/gnu/arm/5.4.1/bin/../lib/gcc/arm-none-eabi/5.4.1/../../../../arm-none-eabi/lib/armv7-m\libg_nano.a(lib_a-nano-callocr.o)
 .debug_frame   0x000024f8       0x38 c:/program files (x86)/cypress/psoc creator/4.4/psoc creator/import/gnu/arm/5.4.1/bin/../lib/gcc/arm-none-eabi/5.4.1/../../../../arm-none-eabi/lib/armv7-m\libg_nano.a(lib_a-nano-freer.o)
 .debug_frame   0x00002530       0x2c c:/program files (x86)/cypress/psoc creator/4.4/psoc creator/import/gnu/arm/5.4.1/bin/../lib/gcc/arm-none-eabi/5.4.1/../../../../arm-none-eabi/lib/armv7-m\libg_nano.a(lib_a-nano-mallocr.o)
 .debug_frame   0x0000255c       0x90 c:/program files (x86)/cypress/psoc creator/4.4/psoc creator/import/gnu/arm/5.4.1/bin/../lib/gcc/arm-none-eabi/5.4.1/../../../../arm-none-eabi/lib/armv7-m\libg_nano.a(lib_a-nano-svfprintf.o)
 .debug_frame   0x000025ec       0x2c c:/program files (x86)/cypress/psoc creator/4.4/psoc creator/import/gnu/arm/5.4.1/bin/../lib/gcc/arm-none-eabi/5.4.1/../../../../arm-none-eabi/lib/armv7-m\libg_nano.a(lib_a-sbrkr.o)
 .debug_frame   0x00002618       0x20 c:/program files (x86)/cypress/psoc creator/4.4/psoc creator/import/gnu/arm/5.4.1/bin/../lib/gcc/arm-none-eabi/5.4.1/../../../../arm-none-eabi/lib/armv7-m\libg_nano.a(lib_a-strcmp.o)
 .debug_frame   0x00002638       0x28 c:/program files (x86)/cypress/psoc creator/4.4/psoc creator/import/gnu/arm/5.4.1/bin/../lib/gcc/arm-none-eabi/5.4.1/../../../../arm-none-eabi/lib/armv7-m\libg_nano.a(lib_a-memmove.o)
 .debug_frame   0x00002660       0x30 c:/program files (x86)/cypress/psoc creator/4.4/psoc creator/import/gnu/arm/5.4.1/bin/../lib/gcc/arm-none-eabi/5.4.1/../../../../arm-none-eabi/lib/armv7-m\libg_nano.a(lib_a-mlock.o)
 .debug_frame   0x00002690       0x3c c:/program files (x86)/cypress/psoc creator/4.4/psoc creator/import/gnu/arm/5.4.1/bin/../lib/gcc/arm-none-eabi/5.4.1/../../../../arm-none-eabi/lib/armv7-m\libg_nano.a(lib_a-nano-reallocr.o)
 .debug_frame   0x000026cc       0x5c c:/program files (x86)/cypress/psoc creator/4.4/psoc creator/import/gnu/arm/5.4.1/bin/../lib/gcc/arm-none-eabi/5.4.1/../../../../arm-none-eabi/lib/armv7-m\libg_nano.a(lib_a-reent.o)
 .debug_frame   0x00002728       0x20 c:/program files (x86)/cypress/psoc creator/4.4/psoc creator/import/gnu/arm/5.4.1/bin/../lib/gcc/arm-none-eabi/5.4.1/../../../../arm-none-eabi/lib/armv7-m\libg_nano.a(lib_a-nano-msizer.o)

.debug_str      0x00000000     0x2b05
 *(.debug_str)
 .debug_str     0x00000000      0x56b .\CortexM3\ARM_GCC_541\Debug\main.o
                                0x5be (size before relaxing)
 .debug_str     0x0000056b      0x1b5 .\CortexM3\ARM_GCC_541\Debug\cyfitter_cfg.o
                                0x361 (size before relaxing)
 .debug_str     0x00000720       0x7f .\CortexM3\ARM_GCC_541\Debug\cymetadata.o
                                0x1fb (size before relaxing)
 .debug_str     0x0000079f      0x13e .\CortexM3\ARM_GCC_541\Debug\Cm3Start.o
                                0x321 (size before relaxing)
 .debug_str     0x000008dd       0x7b .\CortexM3\ARM_GCC_541\Debug\Design01.a(Motor_1_IN_1.o)
                                0x21c (size before relaxing)
 .debug_str     0x00000958       0x6b .\CortexM3\ARM_GCC_541\Debug\Design01.a(Motor_1_IN_2.o)
                                0x21c (size before relaxing)
 .debug_str     0x000009c3      0x82e .\CortexM3\ARM_GCC_541\Debug\Design01.a(CyLib.o)
                                0xa5e (size before relaxing)
 .debug_str     0x000011f1      0x365 .\CortexM3\ARM_GCC_541\Debug\Design01.a(cyPm.o)
                                0x74a (size before relaxing)
 .debug_str     0x00001556      0x12a .\CortexM3\ARM_GCC_541\Debug\Design01.a(QuadDec_1.o)
                                0x352 (size before relaxing)
 .debug_str     0x00001680      0x1eb .\CortexM3\ARM_GCC_541\Debug\Design01.a(QuadDec_1_Cnt16.o)
                                0x42d (size before relaxing)
 .debug_str     0x0000186b      0x2ae .\CortexM3\ARM_GCC_541\Debug\Design01.a(UART_1.o)
                                0x4ca (size before relaxing)
 .debug_str     0x00001b19      0x197 .\CortexM3\ARM_GCC_541\Debug\Design01.a(UART_1_IntClock.o)
                                0x365 (size before relaxing)
 .debug_str     0x00001cb0      0x112 .\CortexM3\ARM_GCC_541\Debug\Design01.a(QuadDec_2.o)
                                0x352 (size before relaxing)
 .debug_str     0x00001dc2      0x1bf .\CortexM3\ARM_GCC_541\Debug\Design01.a(QuadDec_2_Cnt16.o)
                                0x42d (size before relaxing)
 .debug_str     0x00001f81       0x6b .\CortexM3\ARM_GCC_541\Debug\Design01.a(Motor_2_IN_3.o)
                                0x21c (size before relaxing)
 .debug_str     0x00001fec       0x6b .\CortexM3\ARM_GCC_541\Debug\Design01.a(Motor_2_IN_4.o)
                                0x21c (size before relaxing)
 .debug_str     0x00002057      0x13b .\CortexM3\ARM_GCC_541\Debug\Design01.a(PWM_Master.o)
                                0x32a (size before relaxing)
 .debug_str     0x00002192      0x11a .\CortexM3\ARM_GCC_541\Debug\Design01.a(PWM_Slave.o)
                                0x31c (size before relaxing)
 .debug_str     0x000022ac      0x177 .\CortexM3\ARM_GCC_541\Debug\Design01.a(Timer_1.o)
                                0x381 (size before relaxing)
 .debug_str     0x00002423       0xd8 .\CortexM3\ARM_GCC_541\Debug\Design01.a(isr_1.o)
                                0x2bd (size before relaxing)
 .debug_str     0x000024fb      0x166 .\CortexM3\ARM_GCC_541\Debug\Design01.a(Timer_2.o)
                                0x39f (size before relaxing)
 .debug_str     0x00002661       0xd8 .\CortexM3\ARM_GCC_541\Debug\Design01.a(isr_2.o)
                                0x2bd (size before relaxing)
 .debug_str     0x00002739       0x6f .\CortexM3\ARM_GCC_541\Debug\Design01.a(Front_Trigger.o)
                                0x221 (size before relaxing)
 .debug_str     0x000027a8       0x64 .\CortexM3\ARM_GCC_541\Debug\Design01.a(Front_Echo.o)
                                0x212 (size before relaxing)
 .debug_str     0x0000280c       0x64 .\CortexM3\ARM_GCC_541\Debug\Design01.a(Right_Echo.o)
                                0x212 (size before relaxing)
 .debug_str     0x00002870      0x1bb .\CortexM3\ARM_GCC_541\Debug\Design01.a(CyFlash.o)
                                0x3d7 (size before relaxing)
 .debug_str     0x00002a2b       0xac .\CortexM3\ARM_GCC_541\Debug\Design01.a(CySpc.o)
                                0x34f (size before relaxing)
 .debug_str     0x00002ad7       0x2e .\CortexM3\ARM_GCC_541\Debug\Design01.a(cyutils.o)
                                0x1c9 (size before relaxing)

.debug_loc      0x00000000     0x2510
 *(.debug_loc)
 .debug_loc     0x00000000      0x250 .\CortexM3\ARM_GCC_541\Debug\main.o
 .debug_loc     0x00000250      0x289 .\CortexM3\ARM_GCC_541\Debug\cyfitter_cfg.o
 .debug_loc     0x000004d9      0x144 .\CortexM3\ARM_GCC_541\Debug\Cm3Start.o
 .debug_loc     0x0000061d       0x42 .\CortexM3\ARM_GCC_541\Debug\Design01.a(Motor_1_IN_1.o)
 .debug_loc     0x0000065f       0x42 .\CortexM3\ARM_GCC_541\Debug\Design01.a(Motor_1_IN_2.o)
 .debug_loc     0x000006a1      0xa11 .\CortexM3\ARM_GCC_541\Debug\Design01.a(CyLib.o)
 .debug_loc     0x000010b2      0x1e4 .\CortexM3\ARM_GCC_541\Debug\Design01.a(cyPm.o)
 .debug_loc     0x00001296       0x78 .\CortexM3\ARM_GCC_541\Debug\Design01.a(QuadDec_1.o)
 .debug_loc     0x0000130e       0x3d .\CortexM3\ARM_GCC_541\Debug\Design01.a(QuadDec_1_Cnt16.o)
 .debug_loc     0x0000134b      0x258 .\CortexM3\ARM_GCC_541\Debug\Design01.a(UART_1.o)
 .debug_loc     0x000015a3      0x128 .\CortexM3\ARM_GCC_541\Debug\Design01.a(UART_1_IntClock.o)
 .debug_loc     0x000016cb       0x78 .\CortexM3\ARM_GCC_541\Debug\Design01.a(QuadDec_2.o)
 .debug_loc     0x00001743       0x3d .\CortexM3\ARM_GCC_541\Debug\Design01.a(QuadDec_2_Cnt16.o)
 .debug_loc     0x00001780       0x42 .\CortexM3\ARM_GCC_541\Debug\Design01.a(Motor_2_IN_3.o)
 .debug_loc     0x000017c2       0x42 .\CortexM3\ARM_GCC_541\Debug\Design01.a(Motor_2_IN_4.o)
 .debug_loc     0x00001804       0x13 .\CortexM3\ARM_GCC_541\Debug\Design01.a(PWM_Master.o)
 .debug_loc     0x00001817       0x13 .\CortexM3\ARM_GCC_541\Debug\Design01.a(PWM_Slave.o)
 .debug_loc     0x0000182a       0x6b .\CortexM3\ARM_GCC_541\Debug\Design01.a(Timer_1.o)
 .debug_loc     0x00001895       0x56 .\CortexM3\ARM_GCC_541\Debug\Design01.a(isr_1.o)
 .debug_loc     0x000018eb       0x31 .\CortexM3\ARM_GCC_541\Debug\Design01.a(Timer_2.o)
 .debug_loc     0x0000191c       0x56 .\CortexM3\ARM_GCC_541\Debug\Design01.a(isr_2.o)
 .debug_loc     0x00001972       0x42 .\CortexM3\ARM_GCC_541\Debug\Design01.a(Front_Trigger.o)
 .debug_loc     0x000019b4       0x42 .\CortexM3\ARM_GCC_541\Debug\Design01.a(Front_Echo.o)
 .debug_loc     0x000019f6       0x42 .\CortexM3\ARM_GCC_541\Debug\Design01.a(Right_Echo.o)
 .debug_loc     0x00001a38      0x3b2 .\CortexM3\ARM_GCC_541\Debug\Design01.a(CyFlash.o)
 .debug_loc     0x00001dea      0x705 .\CortexM3\ARM_GCC_541\Debug\Design01.a(CySpc.o)
 .debug_loc     0x000024ef       0x21 .\CortexM3\ARM_GCC_541\Debug\Design01.a(cyutils.o)

.debug_macinfo
 *(.debug_macinfo)

.debug_ranges   0x00000000      0xbb0
 *(.debug_ranges)
 .debug_ranges  0x00000000       0x60 .\CortexM3\ARM_GCC_541\Debug\main.o
 .debug_ranges  0x00000060       0x48 .\CortexM3\ARM_GCC_541\Debug\cyfitter_cfg.o
 .debug_ranges  0x000000a8       0x38 .\CortexM3\ARM_GCC_541\Debug\Cm3Start.o
 .debug_ranges  0x000000e0       0x28 .\CortexM3\ARM_GCC_541\Debug\Design01.a(Motor_1_IN_1.o)
 .debug_ranges  0x00000108       0x28 .\CortexM3\ARM_GCC_541\Debug\Design01.a(Motor_1_IN_2.o)
 .debug_ranges  0x00000130      0x290 .\CortexM3\ARM_GCC_541\Debug\Design01.a(CyLib.o)
 .debug_ranges  0x000003c0       0x88 .\CortexM3\ARM_GCC_541\Debug\Design01.a(cyPm.o)
 .debug_ranges  0x00000448       0x50 .\CortexM3\ARM_GCC_541\Debug\Design01.a(QuadDec_1.o)
 .debug_ranges  0x00000498       0x88 .\CortexM3\ARM_GCC_541\Debug\Design01.a(QuadDec_1_Cnt16.o)
 .debug_ranges  0x00000520       0xe0 .\CortexM3\ARM_GCC_541\Debug\Design01.a(UART_1.o)
 .debug_ranges  0x00000600       0x60 .\CortexM3\ARM_GCC_541\Debug\Design01.a(UART_1_IntClock.o)
 .debug_ranges  0x00000660       0x50 .\CortexM3\ARM_GCC_541\Debug\Design01.a(QuadDec_2.o)
 .debug_ranges  0x000006b0       0x88 .\CortexM3\ARM_GCC_541\Debug\Design01.a(QuadDec_2_Cnt16.o)
 .debug_ranges  0x00000738       0x28 .\CortexM3\ARM_GCC_541\Debug\Design01.a(Motor_2_IN_3.o)
 .debug_ranges  0x00000760       0x28 .\CortexM3\ARM_GCC_541\Debug\Design01.a(Motor_2_IN_4.o)
 .debug_ranges  0x00000788       0x68 .\CortexM3\ARM_GCC_541\Debug\Design01.a(PWM_Master.o)
 .debug_ranges  0x000007f0       0x68 .\CortexM3\ARM_GCC_541\Debug\Design01.a(PWM_Slave.o)
 .debug_ranges  0x00000858       0x80 .\CortexM3\ARM_GCC_541\Debug\Design01.a(Timer_1.o)
 .debug_ranges  0x000008d8       0x70 .\CortexM3\ARM_GCC_541\Debug\Design01.a(isr_1.o)
 .debug_ranges  0x00000948       0x88 .\CortexM3\ARM_GCC_541\Debug\Design01.a(Timer_2.o)
 .debug_ranges  0x000009d0       0x70 .\CortexM3\ARM_GCC_541\Debug\Design01.a(isr_2.o)
 .debug_ranges  0x00000a40       0x28 .\CortexM3\ARM_GCC_541\Debug\Design01.a(Front_Trigger.o)
 .debug_ranges  0x00000a68       0x28 .\CortexM3\ARM_GCC_541\Debug\Design01.a(Front_Echo.o)
 .debug_ranges  0x00000a90       0x28 .\CortexM3\ARM_GCC_541\Debug\Design01.a(Right_Echo.o)
 .debug_ranges  0x00000ab8       0x78 .\CortexM3\ARM_GCC_541\Debug\Design01.a(CyFlash.o)
 .debug_ranges  0x00000b30       0x70 .\CortexM3\ARM_GCC_541\Debug\Design01.a(CySpc.o)
 .debug_ranges  0x00000ba0       0x10 .\CortexM3\ARM_GCC_541\Debug\Design01.a(cyutils.o)

.comment        0x00000000       0x6e
 .comment       0x00000000       0x6e .\CortexM3\ARM_GCC_541\Debug\main.o
                                 0x6f (size before relaxing)
 .comment       0x0000006e       0x6f .\CortexM3\ARM_GCC_541\Debug\cyfitter_cfg.o
 .comment       0x0000006e       0x6f .\CortexM3\ARM_GCC_541\Debug\cymetadata.o
 .comment       0x0000006e       0x6f .\CortexM3\ARM_GCC_541\Debug\Cm3Start.o
 .comment       0x0000006e       0x6f .\CortexM3\ARM_GCC_541\Debug\Design01.a(Motor_1_IN_1.o)
 .comment       0x0000006e       0x6f .\CortexM3\ARM_GCC_541\Debug\Design01.a(Motor_1_IN_2.o)
 .comment       0x0000006e       0x6f .\CortexM3\ARM_GCC_541\Debug\Design01.a(CyLib.o)
 .comment       0x0000006e       0x6f .\CortexM3\ARM_GCC_541\Debug\Design01.a(cyPm.o)
 .comment       0x0000006e       0x6f .\CortexM3\ARM_GCC_541\Debug\Design01.a(QuadDec_1.o)
 .comment       0x0000006e       0x6f .\CortexM3\ARM_GCC_541\Debug\Design01.a(QuadDec_1_Cnt16.o)
 .comment       0x0000006e       0x6f .\CortexM3\ARM_GCC_541\Debug\Design01.a(UART_1.o)
 .comment       0x0000006e       0x6f .\CortexM3\ARM_GCC_541\Debug\Design01.a(UART_1_IntClock.o)
 .comment       0x0000006e       0x6f .\CortexM3\ARM_GCC_541\Debug\Design01.a(QuadDec_2.o)
 .comment       0x0000006e       0x6f .\CortexM3\ARM_GCC_541\Debug\Design01.a(QuadDec_2_Cnt16.o)
 .comment       0x0000006e       0x6f .\CortexM3\ARM_GCC_541\Debug\Design01.a(Motor_2_IN_3.o)
 .comment       0x0000006e       0x6f .\CortexM3\ARM_GCC_541\Debug\Design01.a(Motor_2_IN_4.o)
 .comment       0x0000006e       0x6f .\CortexM3\ARM_GCC_541\Debug\Design01.a(PWM_Master.o)
 .comment       0x0000006e       0x6f .\CortexM3\ARM_GCC_541\Debug\Design01.a(PWM_Slave.o)
 .comment       0x0000006e       0x6f .\CortexM3\ARM_GCC_541\Debug\Design01.a(Timer_1.o)
 .comment       0x0000006e       0x6f .\CortexM3\ARM_GCC_541\Debug\Design01.a(isr_1.o)
 .comment       0x0000006e       0x6f .\CortexM3\ARM_GCC_541\Debug\Design01.a(Timer_2.o)
 .comment       0x0000006e       0x6f .\CortexM3\ARM_GCC_541\Debug\Design01.a(isr_2.o)
 .comment       0x0000006e       0x6f .\CortexM3\ARM_GCC_541\Debug\Design01.a(Front_Trigger.o)
 .comment       0x0000006e       0x6f .\CortexM3\ARM_GCC_541\Debug\Design01.a(Front_Echo.o)
 .comment       0x0000006e       0x6f .\CortexM3\ARM_GCC_541\Debug\Design01.a(Right_Echo.o)
 .comment       0x0000006e       0x6f .\CortexM3\ARM_GCC_541\Debug\Design01.a(CyFlash.o)
 .comment       0x0000006e       0x6f .\CortexM3\ARM_GCC_541\Debug\Design01.a(CySpc.o)
 .comment       0x0000006e       0x6f .\CortexM3\ARM_GCC_541\Debug\Design01.a(cyutils.o)

.debug_weaknames
 *(.debug_weaknames)

.debug_funcnames
 *(.debug_funcnames)

.debug_typenames
 *(.debug_typenames)

.debug_varnames
 *(.debug_varnames)

.note.gnu.arm.ident
 *(.note.gnu.arm.ident)

.ARM.attributes
                0x00000000       0x29
 *(.ARM.attributes)
 .ARM.attributes
                0x00000000       0x1d c:/program files (x86)/cypress/psoc creator/4.4/psoc creator/import/gnu/arm/5.4.1/bin/../lib/gcc/arm-none-eabi/5.4.1/armv7-m/crti.o
 .ARM.attributes
                0x0000001d       0x2d c:/program files (x86)/cypress/psoc creator/4.4/psoc creator/import/gnu/arm/5.4.1/bin/../lib/gcc/arm-none-eabi/5.4.1/armv7-m/crtbegin.o
 .ARM.attributes
                0x0000004a       0x1b c:/program files (x86)/cypress/psoc creator/4.4/psoc creator/import/gnu/arm/5.4.1/bin/../lib/gcc/arm-none-eabi/5.4.1/../../../../arm-none-eabi/lib/armv7-m/crt0.o
 .ARM.attributes
                0x00000065       0x33 .\CortexM3\ARM_GCC_541\Debug\main.o
 .ARM.attributes
                0x00000098       0x33 .\CortexM3\ARM_GCC_541\Debug\cyfitter_cfg.o
 .ARM.attributes
                0x000000cb       0x33 .\CortexM3\ARM_GCC_541\Debug\cymetadata.o
 .ARM.attributes
                0x000000fe       0x33 .\CortexM3\ARM_GCC_541\Debug\Cm3Start.o
 .ARM.attributes
                0x00000131       0x33 .\CortexM3\ARM_GCC_541\Debug\Design01.a(Motor_1_IN_1.o)
 .ARM.attributes
                0x00000164       0x33 .\CortexM3\ARM_GCC_541\Debug\Design01.a(Motor_1_IN_2.o)
 .ARM.attributes
                0x00000197       0x33 .\CortexM3\ARM_GCC_541\Debug\Design01.a(CyLib.o)
 .ARM.attributes
                0x000001ca       0x33 .\CortexM3\ARM_GCC_541\Debug\Design01.a(cyPm.o)
 .ARM.attributes
                0x000001fd       0x33 .\CortexM3\ARM_GCC_541\Debug\Design01.a(QuadDec_1.o)
 .ARM.attributes
                0x00000230       0x33 .\CortexM3\ARM_GCC_541\Debug\Design01.a(QuadDec_1_Cnt16.o)
 .ARM.attributes
                0x00000263       0x33 .\CortexM3\ARM_GCC_541\Debug\Design01.a(UART_1.o)
 .ARM.attributes
                0x00000296       0x33 .\CortexM3\ARM_GCC_541\Debug\Design01.a(UART_1_IntClock.o)
 .ARM.attributes
                0x000002c9       0x33 .\CortexM3\ARM_GCC_541\Debug\Design01.a(QuadDec_2.o)
 .ARM.attributes
                0x000002fc       0x33 .\CortexM3\ARM_GCC_541\Debug\Design01.a(QuadDec_2_Cnt16.o)
 .ARM.attributes
                0x0000032f       0x33 .\CortexM3\ARM_GCC_541\Debug\Design01.a(Motor_2_IN_3.o)
 .ARM.attributes
                0x00000362       0x33 .\CortexM3\ARM_GCC_541\Debug\Design01.a(Motor_2_IN_4.o)
 .ARM.attributes
                0x00000395       0x33 .\CortexM3\ARM_GCC_541\Debug\Design01.a(PWM_Master.o)
 .ARM.attributes
                0x000003c8       0x33 .\CortexM3\ARM_GCC_541\Debug\Design01.a(PWM_Slave.o)
 .ARM.attributes
                0x000003fb       0x33 .\CortexM3\ARM_GCC_541\Debug\Design01.a(Timer_1.o)
 .ARM.attributes
                0x0000042e       0x33 .\CortexM3\ARM_GCC_541\Debug\Design01.a(isr_1.o)
 .ARM.attributes
                0x00000461       0x33 .\CortexM3\ARM_GCC_541\Debug\Design01.a(Timer_2.o)
 .ARM.attributes
                0x00000494       0x33 .\CortexM3\ARM_GCC_541\Debug\Design01.a(isr_2.o)
 .ARM.attributes
                0x000004c7       0x33 .\CortexM3\ARM_GCC_541\Debug\Design01.a(Front_Trigger.o)
 .ARM.attributes
                0x000004fa       0x33 .\CortexM3\ARM_GCC_541\Debug\Design01.a(Front_Echo.o)
 .ARM.attributes
                0x0000052d       0x33 .\CortexM3\ARM_GCC_541\Debug\Design01.a(Right_Echo.o)
 .ARM.attributes
                0x00000560       0x21 .\CortexM3\ARM_GCC_541\Debug\Design01.a(CyBootAsmGnu.o)
 .ARM.attributes
                0x00000581       0x33 .\CortexM3\ARM_GCC_541\Debug\Design01.a(CyFlash.o)
 .ARM.attributes
                0x000005b4       0x33 .\CortexM3\ARM_GCC_541\Debug\Design01.a(CySpc.o)
 .ARM.attributes
                0x000005e7       0x33 .\CortexM3\ARM_GCC_541\Debug\Design01.a(cyutils.o)
 .ARM.attributes
                0x0000061a       0x1d c:/program files (x86)/cypress/psoc creator/4.4/psoc creator/import/gnu/arm/5.4.1/bin/../lib/gcc/arm-none-eabi/5.4.1/armv7-m\libgcc.a(_arm_addsubdf3.o)
 .ARM.attributes
                0x00000637       0x1d c:/program files (x86)/cypress/psoc creator/4.4/psoc creator/import/gnu/arm/5.4.1/bin/../lib/gcc/arm-none-eabi/5.4.1/armv7-m\libgcc.a(_arm_muldivdf3.o)
 .ARM.attributes
                0x00000654       0x1d c:/program files (x86)/cypress/psoc creator/4.4/psoc creator/import/gnu/arm/5.4.1/bin/../lib/gcc/arm-none-eabi/5.4.1/armv7-m\libgcc.a(_arm_truncdfsf2.o)
 .ARM.attributes